

================================================================
== Vitis HLS Report for 'axis_bram_writer_Pipeline_VITIS_LOOP_15_1'
================================================================
* Date:           Wed Jun 24 16:57:21 2026

* Version:        2025.2 (Build 6295257 on Nov 14 2025)
* Project:        vdif_chain
* Solution:       hls (Vivado IP Flow Target)
* Product family: artix7
* Target device:  xc7a12t-cpg238-1


================================================================
== Performance Estimates
================================================================
+ Timing: 
    * Summary: 
    +--------+----------+----------+------------+
    |  Clock |  Target  | Estimated| Uncertainty|
    +--------+----------+----------+------------+
    |ap_clk  |  10.00 ns|  5.366 ns|     2.70 ns|
    +--------+----------+----------+------------+

+ Latency: 
    * Summary: 
    +---------+---------+-----------+----------+-----+-----+-------------------+
    |  Latency (cycles) |  Latency (absolute)  |  Interval |      Pipeline     |
    |   min   |   max   |    min    |    max   | min | max |        Type       |
    +---------+---------+-----------+----------+-----+-----+-------------------+
    |        2|    65537|  20.000 ns|  0.655 ms|    0|    0|  loop pipeline stp|
    +---------+---------+-----------+----------+-----+-----+-------------------+

    + Detail: 
        * Instance: 
        N/A

        * Loop: 
        +-------------------+---------+---------+----------+-----------+-----------+-----------+----------+
        |                   |  Latency (cycles) | Iteration|  Initiation Interval  |    Trip   |          |
        |     Loop Name     |   min   |   max   |  Latency |  achieved |   target  |   Count   | Pipelined|
        +-------------------+---------+---------+----------+-----------+-----------+-----------+----------+
        |- VITIS_LOOP_15_1  |        0|    65535|         2|          1|          1|  0 ~ 65535|       yes|
        +-------------------+---------+---------+----------+-----------+-----------+-----------+----------+

============================================================
+ Verbose Summary: Synthesis Manager
============================================================
InlineROM: 1
ExposeGlobal: 0
============================================================
+ Verbose Summary: CDFG Model
============================================================
IsTopModel: 0
ResetActiveHigh: 1
IsCombinational: 0
IsDatapathOnly: 0
HasWiredReturn: 1
HasMFsm: 2
HasVarLatency: 1
IsPipeline: 0
IsRtlPipelined: 0
IsInstanceOverlapped: 0
IsDontTouch: 0
HasImplIP: 0
IsGatedGlobalClock: 0

+ Individual pipeline summary: 
  * Pipeline-0: initiation interval (II) = 1, depth = 2


============================================================
+ Verbose Summary: Schedule
============================================================
* Number of FSM states : 2
* Pipeline : 1
  Pipeline-0 : II = 1, D = 2, States = { 1 2 }
* Dataflow Pipeline: 0

* FSM state transitions: 
1 --> 2 
2 --> 

* FSM state operations: 

State 1 <SV = 0> <Delay = 5.36>
ST_1 : Operation 5 [1/1] (0.00ns)   --->   "%i = alloca i32 1" [axis_bram_writer.cpp:15->../src/vdif_chain.cpp:113]   --->   Operation 5 'alloca' 'i' <Predicate = true> <Delay = 0.00>
ST_1 : Operation 6 [1/1] (0.00ns)   --->   "%specinterface_ln0 = specinterface void @_ssdm_op_SpecInterface, i32 %bram_stream, void @empty_8, i32 0, i32 0, void @empty_11, i32 0, i32 0, void @empty_11, void @empty_11, void @empty_11, i32 0, i32 0, i32 0, i32 0, void @empty_11, void @empty_11, i32 4294967295, i32 0, i32 0, i32 0"   --->   Operation 6 'specinterface' 'specinterface_ln0' <Predicate = true> <Delay = 0.00>
ST_1 : Operation 7 [1/1] (0.00ns)   --->   "%payload_words_read = read i16 @_ssdm_op_Read.ap_auto.i16, i16 %payload_words"   --->   Operation 7 'read' 'payload_words_read' <Predicate = true> <Delay = 0.00>
ST_1 : Operation 8 [1/1] (1.61ns)   --->   "%store_ln15 = store i16 0, i16 %i" [axis_bram_writer.cpp:15->../src/vdif_chain.cpp:113]   --->   Operation 8 'store' 'store_ln15' <Predicate = true> <Delay = 1.61>
ST_1 : Operation 9 [1/1] (0.00ns)   --->   "%br_ln15 = br void %for.inc.i" [axis_bram_writer.cpp:15->../src/vdif_chain.cpp:113]   --->   Operation 9 'br' 'br_ln15' <Predicate = true> <Delay = 0.00>
ST_1 : Operation 10 [1/1] (0.00ns)   --->   "%i_10 = load i16 %i" [axis_bram_writer.cpp:15->../src/vdif_chain.cpp:113]   --->   Operation 10 'load' 'i_10' <Predicate = true> <Delay = 0.00>
ST_1 : Operation 11 [1/1] (2.14ns)   --->   "%icmp_ln15 = icmp_eq  i16 %i_10, i16 %payload_words_read" [axis_bram_writer.cpp:15->../src/vdif_chain.cpp:113]   --->   Operation 11 'icmp' 'icmp_ln15' <Predicate = true> <Delay = 2.14> <CoreInst = "Cmp">   --->   Core 9 'Cmp' <Latency = 0> <II = 1> <Delay = 2.14> <FuncUnit> <Opcode : 'seteq' 'setne' 'setle' 'setge' 'setlt' 'setgt'> <InPorts = 2> <OutPorts = 1>
ST_1 : Operation 12 [1/1] (0.00ns)   --->   "%br_ln15 = br i1 %icmp_ln15, void %for.inc.i.split, void %_Z16axis_bram_writerRN3hls6streamI7ap_uintILi32EELi0EEEPS2_S1_ILi16EE.135.exit.exitStub" [axis_bram_writer.cpp:15->../src/vdif_chain.cpp:113]   --->   Operation 12 'br' 'br_ln15' <Predicate = true> <Delay = 0.00>
ST_1 : Operation 13 [1/1] (2.14ns)   --->   "%add_ln15 = add i16 %i_10, i16 1" [axis_bram_writer.cpp:15->../src/vdif_chain.cpp:113]   --->   Operation 13 'add' 'add_ln15' <Predicate = (!icmp_ln15)> <Delay = 2.14> <CoreInst = "Adder">   --->   Core 1 'Adder' <Latency = 0> <II = 1> <Delay = 2.14> <FuncUnit> <Opcode : 'add' 'sub'> <InPorts = 2> <OutPorts = 1>
ST_1 : Operation 14 [1/1] (1.61ns)   --->   "%store_ln15 = store i16 %add_ln15, i16 %i" [axis_bram_writer.cpp:15->../src/vdif_chain.cpp:113]   --->   Operation 14 'store' 'store_ln15' <Predicate = (!icmp_ln15)> <Delay = 1.61>
ST_1 : Operation 20 [1/1] (1.61ns)   --->   "%ret_ln0 = ret"   --->   Operation 20 'ret' 'ret_ln0' <Predicate = (icmp_ln15)> <Delay = 1.61>

State 2 <SV = 1> <Delay = 3.50>
ST_2 : Operation 15 [1/1] (0.00ns)   --->   "%specpipeline_ln17 = specpipeline void @_ssdm_op_SpecPipeline, i32 1, i32 0, i32 0, i32 0, i32 4294967295, void @empty_11" [axis_bram_writer.cpp:17->../src/vdif_chain.cpp:113]   --->   Operation 15 'specpipeline' 'specpipeline_ln17' <Predicate = true> <Delay = 0.00>
ST_2 : Operation 16 [1/1] (0.00ns)   --->   "%speclooptripcount_ln15 = speclooptripcount void @_ssdm_op_SpecLoopTripCount, i64 0, i64 65535, i64 32767" [axis_bram_writer.cpp:15->../src/vdif_chain.cpp:113]   --->   Operation 16 'speclooptripcount' 'speclooptripcount_ln15' <Predicate = true> <Delay = 0.00>
ST_2 : Operation 17 [1/1] (0.00ns)   --->   "%specloopname_ln15 = specloopname void @_ssdm_op_SpecLoopName, void @empty_2" [axis_bram_writer.cpp:15->../src/vdif_chain.cpp:113]   --->   Operation 17 'specloopname' 'specloopname_ln15' <Predicate = true> <Delay = 0.00>
ST_2 : Operation 18 [1/1] ( I:3.50ns O:3.50ns )   --->   "%p_0 = read i32 @_ssdm_op_Read.ap_fifo.volatile.i32P0A, i32 %bram_stream" [axis_bram_writer.cpp:19->../src/vdif_chain.cpp:113]   --->   Operation 18 'read' 'p_0' <Predicate = true> <Delay = 3.50> <CoreInst = "FIFO">   --->   Core 77 'FIFO' <Latency = 0> <II = 1> <Delay = 3.50> <Storage> <Opcode : 'read' 'write' 'nbread' 'nbwrite'> <Ports = 0> <Width = 32> <Depth = 2048> <FIFO>
ST_2 : Operation 19 [1/1] (0.00ns)   --->   "%br_ln15 = br void %for.inc.i" [axis_bram_writer.cpp:15->../src/vdif_chain.cpp:113]   --->   Operation 19 'br' 'br_ln15' <Predicate = true> <Delay = 0.00>


============================================================
+ Verbose Summary: Timing violations
============================================================
Target clock period: 10.000ns, clock uncertainty: 2.700ns.

 <State 1>: 5.366ns
The critical path consists of the following:
	'store' operation ('store_ln15', axis_bram_writer.cpp:15->../src/vdif_chain.cpp:113) of constant 0 16 bit on local variable 'i', axis_bram_writer.cpp:15->../src/vdif_chain.cpp:113 [6]  (1.610 ns)
	'load' operation 16 bit ('i', axis_bram_writer.cpp:15->../src/vdif_chain.cpp:113) on local variable 'i', axis_bram_writer.cpp:15->../src/vdif_chain.cpp:113 [9]  (0.000 ns)
	'icmp' operation 1 bit ('icmp_ln15', axis_bram_writer.cpp:15->../src/vdif_chain.cpp:113) [10]  (2.146 ns)
	'store' operation ('store_ln15', axis_bram_writer.cpp:15->../src/vdif_chain.cpp:113) of variable 'add_ln15', axis_bram_writer.cpp:15->../src/vdif_chain.cpp:113 16 bit on local variable 'i', axis_bram_writer.cpp:15->../src/vdif_chain.cpp:113 [18]  (1.610 ns)

 <State 2>: 3.504ns
The critical path consists of the following:
	fifo read operation ('p_0', axis_bram_writer.cpp:19->../src/vdif_chain.cpp:113) on port 'bram_stream' (axis_bram_writer.cpp:19->../src/vdif_chain.cpp:113) [17]  (3.504 ns)


============================================================
+ Verbose Summary: Binding
============================================================
N/A
* FSMD analyzer results:
  - Output states:
 - Input state : 
  - Chain level:
	State 1
	State 2


============================================================
+ Verbose Summary: Datapath Resource usage 
============================================================
N/A
