

================================================================
== Vitis HLS Report for 'axis_bram_writer'
================================================================
* Date:           Wed Jun 24 16:57:21 2026

* Version:        2025.2 (Build 6295257 on Nov 14 2025)
* Project:        vdif_chain
* Solution:       hls (Vivado IP Flow Target)
* Product family: artix7
* Target device:  xc7a12t-cpg238-1


================================================================
== Performance Estimates
================================================================
+ Timing: 
    * Summary: 
    +--------+----------+----------+------------+
    |  Clock |  Target  | Estimated| Uncertainty|
    +--------+----------+----------+------------+
    |ap_clk  |  10.00 ns|  5.366 ns|     2.70 ns|
    +--------+----------+----------+------------+

+ Latency: 
    * Summary: 
    +---------+---------+-----------+----------+-----+-------+---------+
    |  Latency (cycles) |  Latency (absolute)  |   Interval  | Pipeline|
    |   min   |   max   |    min    |    max   | min |  max  |   Type  |
    +---------+---------+-----------+----------+-----+-------+---------+
    |        4|    65539|  40.000 ns|  0.655 ms|    4|  65539|       no|
    +---------+---------+-----------+----------+-----+-------+---------+

    + Detail: 
        * Instance: 
        N/A

        * Loop: 
        N/A

============================================================
+ Verbose Summary: Synthesis Manager
============================================================
InlineROM: 1
ExposeGlobal: 0
============================================================
+ Verbose Summary: CDFG Model
============================================================
IsTopModel: 0
ResetActiveHigh: 1
IsCombinational: 2
IsDatapathOnly: 0
HasWiredReturn: 1
HasMFsm: 0
HasVarLatency: 1
IsPipeline: 0
IsRtlPipelined: 0
IsInstanceOverlapped: 0
IsDontTouch: 0
HasImplIP: 0
IsGatedGlobalClock: 0


============================================================
+ Verbose Summary: Schedule
============================================================
* Number of FSM states : 3
* Pipeline : 0
* Dataflow Pipeline: 0

* FSM state transitions: 
1 --> 2 
2 --> 3 
3 --> 

* FSM state operations: 

State 1 <SV = 0> <Delay = 3.65>
ST_1 : Operation 4 [1/1] ( I:3.65ns O:3.65ns )   --->   "%payload_words = read i16 @_ssdm_op_Read.ap_fifo.i16P0A, i16 %payload_words_0_0_0"   --->   Operation 4 'read' 'payload_words' <Predicate = true> <Delay = 3.65> <CoreInst = "FIFO_SRL">   --->   Core 80 'FIFO_SRL' <Latency = 0> <II = 1> <Delay = 3.90> <Storage> <Opcode : 'read' 'write' 'nbread' 'nbwrite'> <Ports = 0> <Width = 16> <Depth = 2> <FIFO>

State 2 <SV = 1> <Delay = 3.75>
ST_2 : Operation 5 [2/2] (3.75ns)   --->   "%call_ln0 = call void @axis_bram_writer_Pipeline_VITIS_LOOP_15_1, i16 %payload_words, i32 %bram_stream"   --->   Operation 5 'call' 'call_ln0' <Predicate = true> <Delay = 3.75> <CoreType = "Generic">   --->   Generic Core

State 3 <SV = 2> <Delay = 5.36>
ST_3 : Operation 6 [1/1] (0.00ns)   --->   "%specinterface_ln0 = specinterface void @_ssdm_op_SpecInterface, i16 %payload_words_0_0_0, void @ap_fifo_str, i32 0, i32 0, void @p_str, i32 0, i32 0, void @p_str, void @p_str, void @p_str, i32 2, i32 2, i32 16, i32 16, void @p_str, void @ScalarProp_str, i32 4294967295, i32 0, i32 0, i32 0"   --->   Operation 6 'specinterface' 'specinterface_ln0' <Predicate = true> <Delay = 0.00>
ST_3 : Operation 7 [1/1] (0.00ns)   --->   "%specinterface_ln0 = specinterface void @_ssdm_op_SpecInterface, i32 %bram_stream, void @empty_8, i32 0, i32 0, void @empty_11, i32 0, i32 0, void @empty_11, void @empty_11, void @empty_11, i32 0, i32 0, i32 0, i32 0, void @empty_11, void @empty_11, i32 4294967295, i32 0, i32 0, i32 0"   --->   Operation 7 'specinterface' 'specinterface_ln0' <Predicate = true> <Delay = 0.00>
ST_3 : Operation 8 [1/1] (0.00ns)   --->   "%specinterface_ln0 = specinterface void @_ssdm_op_SpecInterface, i32 0, void @empty_1, i32 0, i32 0, void @empty_11, i32 0, i32 0, void @empty_11, void @empty_11, void @empty_11, i32 0, i32 0, i32 0, i32 0, void @empty_11, void @empty_11, i32 4294967295, i32 0, i32 0, i32 0"   --->   Operation 8 'specinterface' 'specinterface_ln0' <Predicate = true> <Delay = 0.00>
ST_3 : Operation 9 [1/2] (5.36ns)   --->   "%call_ln0 = call void @axis_bram_writer_Pipeline_VITIS_LOOP_15_1, i16 %payload_words, i32 %bram_stream"   --->   Operation 9 'call' 'call_ln0' <Predicate = true> <Delay = 5.36> <CoreType = "Generic">   --->   Generic Core
ST_3 : Operation 10 [1/1] (0.00ns)   --->   "%ret_ln0 = ret"   --->   Operation 10 'ret' 'ret_ln0' <Predicate = true> <Delay = 0.00>


============================================================
+ Verbose Summary: Timing violations
============================================================
Target clock period: 10.000ns, clock uncertainty: 2.700ns.

 <State 1>: 3.650ns
The critical path consists of the following:
	fifo read operation ('payload_words') on port 'payload_words_0_0_0' [4]  (3.650 ns)

 <State 2>: 3.756ns
The critical path consists of the following:
	'call' operation ('call_ln0') to 'axis_bram_writer_Pipeline_VITIS_LOOP_15_1' [7]  (3.756 ns)

 <State 3>: 5.366ns
The critical path consists of the following:
	'call' operation ('call_ln0') to 'axis_bram_writer_Pipeline_VITIS_LOOP_15_1' [7]  (5.366 ns)


============================================================
+ Verbose Summary: Binding
============================================================
N/A
* FSMD analyzer results:
  - Output states:
 - Input state : 
  - Chain level:
	State 1
	State 2
	State 3


============================================================
+ Verbose Summary: Datapath Resource usage 
============================================================
N/A
