

================================================================
== Vitis HLS Report for 'entry_proc'
================================================================
* Date:           Wed Jun 24 16:57:25 2026

* Version:        2025.2 (Build 6295257 on Nov 14 2025)
* Project:        vdif_chain
* Solution:       hls (Vivado IP Flow Target)
* Product family: artix7
* Target device:  xc7a12t-cpg238-1


================================================================
== Performance Estimates
================================================================
+ Timing: 
    * Summary: 
    +--------+----------+----------+------------+
    |  Clock |  Target  | Estimated| Uncertainty|
    +--------+----------+----------+------------+
    |ap_clk  |  10.00 ns|  7.300 ns|     2.70 ns|
    +--------+----------+----------+------------+

+ Latency: 
    * Summary: 
    +---------+---------+----------+----------+-----+-----+---------+
    |  Latency (cycles) |  Latency (absolute) |  Interval | Pipeline|
    |   min   |   max   |    min   |    max   | min | max |   Type  |
    +---------+---------+----------+----------+-----+-----+---------+
    |        0|        0|      0 ns|      0 ns|    0|    0|       no|
    +---------+---------+----------+----------+-----+-----+---------+

    + Detail: 
        * Instance: 
        N/A

        * Loop: 
        N/A



================================================================
== Utilization Estimates
================================================================
* Summary: 
+-----------------+---------+----+-------+------+-----+
|       Name      | BRAM_18K| DSP|   FF  |  LUT | URAM|
+-----------------+---------+----+-------+------+-----+
|DSP              |        -|   -|      -|     -|    -|
|Expression       |        -|   -|      0|     2|    -|
|FIFO             |        -|   -|      -|     -|    -|
|Instance         |        -|   -|      -|     -|    -|
|Memory           |        -|   -|      -|     -|    -|
|Multiplexer      |        -|   -|      0|   126|    -|
|Register         |        -|   -|     18|     -|    -|
+-----------------+---------+----+-------+------+-----+
|Total            |        0|   0|     18|   128|    0|
+-----------------+---------+----+-------+------+-----+
|Available        |       40|  40|  16000|  8000|    0|
+-----------------+---------+----+-------+------+-----+
|Utilization (%)  |        0|   0|     ~0|     1|    0|
+-----------------+---------+----+-------+------+-----+

+ Detail: 
    * Instance: 
    N/A

    * DSP: 
    N/A

    * Memory: 
    N/A

    * FIFO: 
    N/A

    * Expression: 
    +-----------------+----------+----+---+----+------------+------------+
    |  Variable Name  | Operation| DSP| FF| LUT| Bitwidth P0| Bitwidth P1|
    +-----------------+----------+----+---+----+------------+------------+
    |ap_block_state1  |        or|   0|  0|   2|           1|           1|
    +-----------------+----------+----+---+----+------------+------------+
    |Total            |          |   0|  0|   2|           1|           1|
    +-----------------+----------+----+---+----+------------+------------+

    * Multiplexer: 
    +-------------------------+----+-----------+-----+-----------+
    |           Name          | LUT| Input Size| Bits| Total Bits|
    +-------------------------+----+-----------+-----+-----------+
    |ap_done                  |   9|          2|    1|          2|
    |bits_per_sample_blk_n    |   9|          2|    1|          2|
    |bits_per_sample_c_blk_n  |   9|          2|    1|          2|
    |complex_data_blk_n       |   9|          2|    1|          2|
    |complex_data_c_blk_n     |   9|          2|    1|          2|
    |epoch_blk_n              |   9|          2|    1|          2|
    |epoch_c_blk_n            |   9|          2|    1|          2|
    |payload_words_blk_n      |   9|          2|    1|          2|
    |payload_words_c1_blk_n   |   9|          2|    1|          2|
    |return_r                 |   9|          2|   16|         32|
    |station_id_blk_n         |   9|          2|    1|          2|
    |station_id_c_blk_n       |   9|          2|    1|          2|
    |thread_id_blk_n          |   9|          2|    1|          2|
    |thread_id_c_blk_n        |   9|          2|    1|          2|
    +-------------------------+----+-----------+-----+-----------+
    |Total                    | 126|         28|   29|         58|
    +-------------------------+----+-----------+-----+-----------+

    * Register: 
    +---------------+----+----+-----+-----------+
    |      Name     | FF | LUT| Bits| Const Bits|
    +---------------+----+----+-----+-----------+
    |ap_CS_fsm      |   1|   0|    1|          0|
    |ap_done_reg    |   1|   0|    1|          0|
    |return_r_preg  |  16|   0|   16|          0|
    +---------------+----+----+-----+-----------+
    |Total          |  18|   0|   18|          0|
    +---------------+----+----+-----+-----------+



================================================================
== Interface
================================================================
* Summary: 
+----------------------------------+-----+-----+------------+-------------------+--------------+
|             RTL Ports            | Dir | Bits|  Protocol  |   Source Object   |    C Type    |
+----------------------------------+-----+-----+------------+-------------------+--------------+
|ap_clk                            |   in|    1|  ap_ctrl_hs|         entry_proc|  return value|
|ap_rst                            |   in|    1|  ap_ctrl_hs|         entry_proc|  return value|
|ap_start                          |   in|    1|  ap_ctrl_hs|         entry_proc|  return value|
|ap_done                           |  out|    1|  ap_ctrl_hs|         entry_proc|  return value|
|ap_continue                       |   in|    1|  ap_ctrl_hs|         entry_proc|  return value|
|ap_idle                           |  out|    1|  ap_ctrl_hs|         entry_proc|  return value|
|ap_ready                          |  out|    1|  ap_ctrl_hs|         entry_proc|  return value|
|return_r                          |  out|   16|     ap_none|           return_r|       pointer|
|epoch_dout                        |   in|    6|     ap_fifo|              epoch|       pointer|
|epoch_empty_n                     |   in|    1|     ap_fifo|              epoch|       pointer|
|epoch_read                        |  out|    1|     ap_fifo|              epoch|       pointer|
|epoch_num_data_valid              |   in|    3|     ap_fifo|              epoch|       pointer|
|epoch_fifo_cap                    |   in|    3|     ap_fifo|              epoch|       pointer|
|epoch_c_din                       |  out|    6|     ap_fifo|            epoch_c|       pointer|
|epoch_c_full_n                    |   in|    1|     ap_fifo|            epoch_c|       pointer|
|epoch_c_write                     |  out|    1|     ap_fifo|            epoch_c|       pointer|
|epoch_c_num_data_valid            |   in|    3|     ap_fifo|            epoch_c|       pointer|
|epoch_c_fifo_cap                  |   in|    3|     ap_fifo|            epoch_c|       pointer|
|station_id_dout                   |   in|   16|     ap_fifo|         station_id|       pointer|
|station_id_empty_n                |   in|    1|     ap_fifo|         station_id|       pointer|
|station_id_read                   |  out|    1|     ap_fifo|         station_id|       pointer|
|station_id_num_data_valid         |   in|    3|     ap_fifo|         station_id|       pointer|
|station_id_fifo_cap               |   in|    3|     ap_fifo|         station_id|       pointer|
|station_id_c_din                  |  out|   16|     ap_fifo|       station_id_c|       pointer|
|station_id_c_full_n               |   in|    1|     ap_fifo|       station_id_c|       pointer|
|station_id_c_write                |  out|    1|     ap_fifo|       station_id_c|       pointer|
|station_id_c_num_data_valid       |   in|    3|     ap_fifo|       station_id_c|       pointer|
|station_id_c_fifo_cap             |   in|    3|     ap_fifo|       station_id_c|       pointer|
|thread_id_dout                    |   in|   10|     ap_fifo|          thread_id|       pointer|
|thread_id_empty_n                 |   in|    1|     ap_fifo|          thread_id|       pointer|
|thread_id_read                    |  out|    1|     ap_fifo|          thread_id|       pointer|
|thread_id_num_data_valid          |   in|    3|     ap_fifo|          thread_id|       pointer|
|thread_id_fifo_cap                |   in|    3|     ap_fifo|          thread_id|       pointer|
|thread_id_c_din                   |  out|   10|     ap_fifo|        thread_id_c|       pointer|
|thread_id_c_full_n                |   in|    1|     ap_fifo|        thread_id_c|       pointer|
|thread_id_c_write                 |  out|    1|     ap_fifo|        thread_id_c|       pointer|
|thread_id_c_num_data_valid        |   in|    3|     ap_fifo|        thread_id_c|       pointer|
|thread_id_c_fifo_cap              |   in|    3|     ap_fifo|        thread_id_c|       pointer|
|bits_per_sample_dout              |   in|    5|     ap_fifo|    bits_per_sample|       pointer|
|bits_per_sample_empty_n           |   in|    1|     ap_fifo|    bits_per_sample|       pointer|
|bits_per_sample_read              |  out|    1|     ap_fifo|    bits_per_sample|       pointer|
|bits_per_sample_num_data_valid    |   in|    3|     ap_fifo|    bits_per_sample|       pointer|
|bits_per_sample_fifo_cap          |   in|    3|     ap_fifo|    bits_per_sample|       pointer|
|bits_per_sample_c_din             |  out|    5|     ap_fifo|  bits_per_sample_c|       pointer|
|bits_per_sample_c_full_n          |   in|    1|     ap_fifo|  bits_per_sample_c|       pointer|
|bits_per_sample_c_write           |  out|    1|     ap_fifo|  bits_per_sample_c|       pointer|
|bits_per_sample_c_num_data_valid  |   in|    3|     ap_fifo|  bits_per_sample_c|       pointer|
|bits_per_sample_c_fifo_cap        |   in|    3|     ap_fifo|  bits_per_sample_c|       pointer|
|complex_data_dout                 |   in|    1|     ap_fifo|       complex_data|       pointer|
|complex_data_empty_n              |   in|    1|     ap_fifo|       complex_data|       pointer|
|complex_data_read                 |  out|    1|     ap_fifo|       complex_data|       pointer|
|complex_data_num_data_valid       |   in|    3|     ap_fifo|       complex_data|       pointer|
|complex_data_fifo_cap             |   in|    3|     ap_fifo|       complex_data|       pointer|
|complex_data_c_din                |  out|    1|     ap_fifo|     complex_data_c|       pointer|
|complex_data_c_full_n             |   in|    1|     ap_fifo|     complex_data_c|       pointer|
|complex_data_c_write              |  out|    1|     ap_fifo|     complex_data_c|       pointer|
|complex_data_c_num_data_valid     |   in|    3|     ap_fifo|     complex_data_c|       pointer|
|complex_data_c_fifo_cap           |   in|    3|     ap_fifo|     complex_data_c|       pointer|
|payload_words_dout                |   in|   16|     ap_fifo|      payload_words|       pointer|
|payload_words_empty_n             |   in|    1|     ap_fifo|      payload_words|       pointer|
|payload_words_read                |  out|    1|     ap_fifo|      payload_words|       pointer|
|payload_words_num_data_valid      |   in|    3|     ap_fifo|      payload_words|       pointer|
|payload_words_fifo_cap            |   in|    3|     ap_fifo|      payload_words|       pointer|
|payload_words_c1_din              |  out|   16|     ap_fifo|   payload_words_c1|       pointer|
|payload_words_c1_full_n           |   in|    1|     ap_fifo|   payload_words_c1|       pointer|
|payload_words_c1_write            |  out|    1|     ap_fifo|   payload_words_c1|       pointer|
|payload_words_c1_num_data_valid   |   in|    3|     ap_fifo|   payload_words_c1|       pointer|
|payload_words_c1_fifo_cap         |   in|    3|     ap_fifo|   payload_words_c1|       pointer|
+----------------------------------+-----+-----+------------+-------------------+--------------+

============================================================
+ Verbose Summary: Synthesis Manager
============================================================
InlineROM: 1
ExposeGlobal: 0
============================================================
+ Verbose Summary: CDFG Model
============================================================
IsTopModel: 0
ResetActiveHigh: 1
IsCombinational: 2
IsDatapathOnly: 0
HasWiredReturn: 1
HasMFsm: 0
HasVarLatency: 0
IsPipeline: 0
IsRtlPipelined: 0
IsInstanceOverlapped: 0
IsDontTouch: 0
HasImplIP: 0
IsGatedGlobalClock: 0


============================================================
+ Verbose Summary: Schedule
============================================================
* Number of FSM states : 1
* Pipeline : 0
* Dataflow Pipeline: 0

* FSM state transitions: 
1 --> 

* FSM state operations: 

State 1 <SV = 0> <Delay = 7.30>
ST_1 : Operation 2 [1/1] (0.00ns)   --->   "%specinterface_ln0 = specinterface void @_ssdm_op_SpecInterface, i16 %payload_words, void @ap_fifo_str, i32 0, i32 0, void @p_str, i32 0, i32 0, void @p_str, void @p_str, void @p_str, i32 2, i32 2, i32 16, i32 16, void @p_str, void @ScalarProp_str, i32 4294967295, i32 0, i32 0, i32 0"   --->   Operation 2 'specinterface' 'specinterface_ln0' <Predicate = true> <Delay = 0.00>
ST_1 : Operation 3 [1/1] ( I:3.65ns O:3.65ns )   --->   "%payload_words_read = read i16 @_ssdm_op_Read.ap_fifo.i16P0A, i16 %payload_words"   --->   Operation 3 'read' 'payload_words_read' <Predicate = true> <Delay = 3.65> <CoreInst = "FIFO_SRL">   --->   Core 80 'FIFO_SRL' <Latency = 0> <II = 1> <Delay = 3.90> <Storage> <Opcode : 'read' 'write' 'nbread' 'nbwrite'> <Ports = 0> <Width = 16> <Depth = 2> <FIFO>
ST_1 : Operation 4 [1/1] (0.00ns)   --->   "%specinterface_ln0 = specinterface void @_ssdm_op_SpecInterface, i16 %payload_words, void @ap_fifo_str, i32 0, i32 0, void @p_str, i32 0, i32 0, void @p_str, void @p_str, void @p_str, i32 2, i32 2, i32 16, i32 16, void @p_str, void @ScalarProp_str, i32 4294967295, i32 0, i32 0, i32 0"   --->   Operation 4 'specinterface' 'specinterface_ln0' <Predicate = true> <Delay = 0.00>
ST_1 : Operation 5 [1/1] (0.00ns)   --->   "%specinterface_ln0 = specinterface void @_ssdm_op_SpecInterface, i1 %complex_data, void @ap_fifo_str, i32 0, i32 0, void @p_str, i32 0, i32 0, void @p_str, void @p_str, void @p_str, i32 2, i32 2, i32 16, i32 16, void @p_str, void @ScalarProp_str, i32 4294967295, i32 0, i32 0, i32 0"   --->   Operation 5 'specinterface' 'specinterface_ln0' <Predicate = true> <Delay = 0.00>
ST_1 : Operation 6 [1/1] ( I:3.65ns O:3.65ns )   --->   "%complex_data_read = read i1 @_ssdm_op_Read.ap_fifo.i1P0A, i1 %complex_data"   --->   Operation 6 'read' 'complex_data_read' <Predicate = true> <Delay = 3.65> <CoreInst = "FIFO_SRL">   --->   Core 80 'FIFO_SRL' <Latency = 0> <II = 1> <Delay = 3.90> <Storage> <Opcode : 'read' 'write' 'nbread' 'nbwrite'> <Ports = 0> <Width = 1> <Depth = 3> <FIFO>
ST_1 : Operation 7 [1/1] (0.00ns)   --->   "%specinterface_ln0 = specinterface void @_ssdm_op_SpecInterface, i5 %bits_per_sample, void @ap_fifo_str, i32 0, i32 0, void @p_str, i32 0, i32 0, void @p_str, void @p_str, void @p_str, i32 2, i32 2, i32 16, i32 16, void @p_str, void @ScalarProp_str, i32 4294967295, i32 0, i32 0, i32 0"   --->   Operation 7 'specinterface' 'specinterface_ln0' <Predicate = true> <Delay = 0.00>
ST_1 : Operation 8 [1/1] ( I:3.65ns O:3.65ns )   --->   "%bits_per_sample_read = read i5 @_ssdm_op_Read.ap_fifo.i5P0A, i5 %bits_per_sample"   --->   Operation 8 'read' 'bits_per_sample_read' <Predicate = true> <Delay = 3.65> <CoreInst = "FIFO_SRL">   --->   Core 80 'FIFO_SRL' <Latency = 0> <II = 1> <Delay = 3.90> <Storage> <Opcode : 'read' 'write' 'nbread' 'nbwrite'> <Ports = 0> <Width = 5> <Depth = 2> <FIFO>
ST_1 : Operation 9 [1/1] (0.00ns)   --->   "%specinterface_ln0 = specinterface void @_ssdm_op_SpecInterface, i10 %thread_id, void @ap_fifo_str, i32 0, i32 0, void @p_str, i32 0, i32 0, void @p_str, void @p_str, void @p_str, i32 2, i32 2, i32 16, i32 16, void @p_str, void @ScalarProp_str, i32 4294967295, i32 0, i32 0, i32 0"   --->   Operation 9 'specinterface' 'specinterface_ln0' <Predicate = true> <Delay = 0.00>
ST_1 : Operation 10 [1/1] ( I:3.65ns O:3.65ns )   --->   "%thread_id_read = read i10 @_ssdm_op_Read.ap_fifo.i10P0A, i10 %thread_id"   --->   Operation 10 'read' 'thread_id_read' <Predicate = true> <Delay = 3.65> <CoreInst = "FIFO_SRL">   --->   Core 80 'FIFO_SRL' <Latency = 0> <II = 1> <Delay = 3.90> <Storage> <Opcode : 'read' 'write' 'nbread' 'nbwrite'> <Ports = 0> <Width = 10> <Depth = 3> <FIFO>
ST_1 : Operation 11 [1/1] (0.00ns)   --->   "%specinterface_ln0 = specinterface void @_ssdm_op_SpecInterface, i16 %station_id, void @ap_fifo_str, i32 0, i32 0, void @p_str, i32 0, i32 0, void @p_str, void @p_str, void @p_str, i32 2, i32 2, i32 16, i32 16, void @p_str, void @ScalarProp_str, i32 4294967295, i32 0, i32 0, i32 0"   --->   Operation 11 'specinterface' 'specinterface_ln0' <Predicate = true> <Delay = 0.00>
ST_1 : Operation 12 [1/1] ( I:3.65ns O:3.65ns )   --->   "%station_id_read = read i16 @_ssdm_op_Read.ap_fifo.i16P0A, i16 %station_id"   --->   Operation 12 'read' 'station_id_read' <Predicate = true> <Delay = 3.65> <CoreInst = "FIFO_SRL">   --->   Core 80 'FIFO_SRL' <Latency = 0> <II = 1> <Delay = 3.90> <Storage> <Opcode : 'read' 'write' 'nbread' 'nbwrite'> <Ports = 0> <Width = 16> <Depth = 3> <FIFO>
ST_1 : Operation 13 [1/1] (0.00ns)   --->   "%specinterface_ln0 = specinterface void @_ssdm_op_SpecInterface, i6 %epoch, void @ap_fifo_str, i32 0, i32 0, void @p_str, i32 0, i32 0, void @p_str, void @p_str, void @p_str, i32 2, i32 2, i32 16, i32 16, void @p_str, void @ScalarProp_str, i32 4294967295, i32 0, i32 0, i32 0"   --->   Operation 13 'specinterface' 'specinterface_ln0' <Predicate = true> <Delay = 0.00>
ST_1 : Operation 14 [1/1] ( I:3.65ns O:3.65ns )   --->   "%epoch_read = read i6 @_ssdm_op_Read.ap_fifo.i6P0A, i6 %epoch"   --->   Operation 14 'read' 'epoch_read' <Predicate = true> <Delay = 3.65> <CoreInst = "FIFO_SRL">   --->   Core 80 'FIFO_SRL' <Latency = 0> <II = 1> <Delay = 3.90> <Storage> <Opcode : 'read' 'write' 'nbread' 'nbwrite'> <Ports = 0> <Width = 6> <Depth = 3> <FIFO>
ST_1 : Operation 15 [1/1] (0.00ns)   --->   "%specinterface_ln0 = specinterface void @_ssdm_op_SpecInterface, i16 %payload_words_c1, void @ap_fifo_str, i32 0, i32 0, void @p_str, i32 0, i32 0, void @p_str, void @p_str, void @p_str, i32 2, i32 2, i32 16, i32 16, void @p_str, void @ScalarProp_str, i32 4294967295, i32 0, i32 0, i32 0"   --->   Operation 15 'specinterface' 'specinterface_ln0' <Predicate = true> <Delay = 0.00>
ST_1 : Operation 16 [1/1] ( I:3.65ns O:3.65ns )   --->   "%write_ln0 = write void @_ssdm_op_Write.ap_fifo.i16P0A, i16 %payload_words_c1, i16 %payload_words_read"   --->   Operation 16 'write' 'write_ln0' <Predicate = true> <Delay = 3.65> <CoreInst = "FIFO_SRL">   --->   Core 80 'FIFO_SRL' <Latency = 0> <II = 1> <Delay = 3.90> <Storage> <Opcode : 'read' 'write' 'nbread' 'nbwrite'> <Ports = 0> <Width = 16> <Depth = 3> <FIFO>
ST_1 : Operation 17 [1/1] (0.00ns)   --->   "%specinterface_ln0 = specinterface void @_ssdm_op_SpecInterface, i1 %complex_data_c, void @ap_fifo_str, i32 0, i32 0, void @p_str, i32 0, i32 0, void @p_str, void @p_str, void @p_str, i32 2, i32 2, i32 16, i32 16, void @p_str, void @ScalarProp_str, i32 4294967295, i32 0, i32 0, i32 0"   --->   Operation 17 'specinterface' 'specinterface_ln0' <Predicate = true> <Delay = 0.00>
ST_1 : Operation 18 [1/1] ( I:3.65ns O:3.65ns )   --->   "%write_ln0 = write void @_ssdm_op_Write.ap_fifo.i1P0A, i1 %complex_data_c, i1 %complex_data_read"   --->   Operation 18 'write' 'write_ln0' <Predicate = true> <Delay = 3.65> <CoreInst = "FIFO_SRL">   --->   Core 80 'FIFO_SRL' <Latency = 0> <II = 1> <Delay = 3.90> <Storage> <Opcode : 'read' 'write' 'nbread' 'nbwrite'> <Ports = 0> <Width = 1> <Depth = 3> <FIFO>
ST_1 : Operation 19 [1/1] (0.00ns)   --->   "%specinterface_ln0 = specinterface void @_ssdm_op_SpecInterface, i5 %bits_per_sample_c, void @ap_fifo_str, i32 0, i32 0, void @p_str, i32 0, i32 0, void @p_str, void @p_str, void @p_str, i32 2, i32 2, i32 16, i32 16, void @p_str, void @ScalarProp_str, i32 4294967295, i32 0, i32 0, i32 0"   --->   Operation 19 'specinterface' 'specinterface_ln0' <Predicate = true> <Delay = 0.00>
ST_1 : Operation 20 [1/1] ( I:3.65ns O:3.65ns )   --->   "%write_ln0 = write void @_ssdm_op_Write.ap_fifo.i5P0A, i5 %bits_per_sample_c, i5 %bits_per_sample_read"   --->   Operation 20 'write' 'write_ln0' <Predicate = true> <Delay = 3.65> <CoreInst = "FIFO_SRL">   --->   Core 80 'FIFO_SRL' <Latency = 0> <II = 1> <Delay = 3.90> <Storage> <Opcode : 'read' 'write' 'nbread' 'nbwrite'> <Ports = 0> <Width = 5> <Depth = 3> <FIFO>
ST_1 : Operation 21 [1/1] (0.00ns)   --->   "%specinterface_ln0 = specinterface void @_ssdm_op_SpecInterface, i10 %thread_id_c, void @ap_fifo_str, i32 0, i32 0, void @p_str, i32 0, i32 0, void @p_str, void @p_str, void @p_str, i32 2, i32 2, i32 16, i32 16, void @p_str, void @ScalarProp_str, i32 4294967295, i32 0, i32 0, i32 0"   --->   Operation 21 'specinterface' 'specinterface_ln0' <Predicate = true> <Delay = 0.00>
ST_1 : Operation 22 [1/1] ( I:3.65ns O:3.65ns )   --->   "%write_ln0 = write void @_ssdm_op_Write.ap_fifo.i10P0A, i10 %thread_id_c, i10 %thread_id_read"   --->   Operation 22 'write' 'write_ln0' <Predicate = true> <Delay = 3.65> <CoreInst = "FIFO_SRL">   --->   Core 80 'FIFO_SRL' <Latency = 0> <II = 1> <Delay = 3.90> <Storage> <Opcode : 'read' 'write' 'nbread' 'nbwrite'> <Ports = 0> <Width = 10> <Depth = 3> <FIFO>
ST_1 : Operation 23 [1/1] (0.00ns)   --->   "%specinterface_ln0 = specinterface void @_ssdm_op_SpecInterface, i16 %station_id_c, void @ap_fifo_str, i32 0, i32 0, void @p_str, i32 0, i32 0, void @p_str, void @p_str, void @p_str, i32 2, i32 2, i32 16, i32 16, void @p_str, void @ScalarProp_str, i32 4294967295, i32 0, i32 0, i32 0"   --->   Operation 23 'specinterface' 'specinterface_ln0' <Predicate = true> <Delay = 0.00>
ST_1 : Operation 24 [1/1] ( I:3.65ns O:3.65ns )   --->   "%write_ln0 = write void @_ssdm_op_Write.ap_fifo.i16P0A, i16 %station_id_c, i16 %station_id_read"   --->   Operation 24 'write' 'write_ln0' <Predicate = true> <Delay = 3.65> <CoreInst = "FIFO_SRL">   --->   Core 80 'FIFO_SRL' <Latency = 0> <II = 1> <Delay = 3.90> <Storage> <Opcode : 'read' 'write' 'nbread' 'nbwrite'> <Ports = 0> <Width = 16> <Depth = 3> <FIFO>
ST_1 : Operation 25 [1/1] (0.00ns)   --->   "%specinterface_ln0 = specinterface void @_ssdm_op_SpecInterface, i6 %epoch_c, void @ap_fifo_str, i32 0, i32 0, void @p_str, i32 0, i32 0, void @p_str, void @p_str, void @p_str, i32 2, i32 2, i32 16, i32 16, void @p_str, void @ScalarProp_str, i32 4294967295, i32 0, i32 0, i32 0"   --->   Operation 25 'specinterface' 'specinterface_ln0' <Predicate = true> <Delay = 0.00>
ST_1 : Operation 26 [1/1] ( I:3.65ns O:3.65ns )   --->   "%write_ln0 = write void @_ssdm_op_Write.ap_fifo.i6P0A, i6 %epoch_c, i6 %epoch_read"   --->   Operation 26 'write' 'write_ln0' <Predicate = true> <Delay = 3.65> <CoreInst = "FIFO_SRL">   --->   Core 80 'FIFO_SRL' <Latency = 0> <II = 1> <Delay = 3.90> <Storage> <Opcode : 'read' 'write' 'nbread' 'nbwrite'> <Ports = 0> <Width = 6> <Depth = 3> <FIFO>
ST_1 : Operation 27 [1/1] (3.65ns)   --->   "%write_ln0 = write void @_ssdm_op_Write.ap_auto.volatile.i16P0A, i16 %return_r, i16 %payload_words_read"   --->   Operation 27 'write' 'write_ln0' <Predicate = true> <Delay = 3.65> <CoreInst = "FIFO_SRL">   --->   Core 80 'FIFO_SRL' <Latency = 0> <II = 1> <Delay = 3.90> <Storage> <Opcode : 'read' 'write' 'nbread' 'nbwrite'> <Ports = 0> <Width = 16> <Depth = 2> <FIFO>
ST_1 : Operation 28 [1/1] (0.00ns)   --->   "%ret_ln0 = ret"   --->   Operation 28 'ret' 'ret_ln0' <Predicate = true> <Delay = 0.00>


============================================================
+ Verbose Summary: Binding
============================================================
STG Binding: 
---------------- STG Properties BEGIN ----------------
- Is combinational: 0
- Is one-state seq: 1
- Is datapath-only: 0
- Is pipelined: 0
- Is top level: 0
Port [ Return ] is wired: 1; IO mode=ap_ctrl_hs:ce=0
Port [ return_r]:  wired=1; compound=0; hidden=0; nouse=0; global=0; static=0; extern=0; dir=1; type=0; pingpong=0; private_global=0; IO mode=ap_none:ce=0
Port [ epoch]:  wired=1; compound=1; hidden=0; nouse=0; global=0; static=0; extern=0; dir=0; type=3; pingpong=0; private_global=0; IO mode=ap_fifo:ce=0
Port [ epoch_c]:  wired=1; compound=1; hidden=0; nouse=0; global=0; static=0; extern=0; dir=1; type=3; pingpong=0; private_global=0; IO mode=ap_fifo:ce=0
Port [ station_id]:  wired=1; compound=1; hidden=0; nouse=0; global=0; static=0; extern=0; dir=0; type=3; pingpong=0; private_global=0; IO mode=ap_fifo:ce=0
Port [ station_id_c]:  wired=1; compound=1; hidden=0; nouse=0; global=0; static=0; extern=0; dir=1; type=3; pingpong=0; private_global=0; IO mode=ap_fifo:ce=0
Port [ thread_id]:  wired=1; compound=1; hidden=0; nouse=0; global=0; static=0; extern=0; dir=0; type=3; pingpong=0; private_global=0; IO mode=ap_fifo:ce=0
Port [ thread_id_c]:  wired=1; compound=1; hidden=0; nouse=0; global=0; static=0; extern=0; dir=1; type=3; pingpong=0; private_global=0; IO mode=ap_fifo:ce=0
Port [ bits_per_sample]:  wired=1; compound=1; hidden=0; nouse=0; global=0; static=0; extern=0; dir=0; type=3; pingpong=0; private_global=0; IO mode=ap_fifo:ce=0
Port [ bits_per_sample_c]:  wired=1; compound=1; hidden=0; nouse=0; global=0; static=0; extern=0; dir=1; type=3; pingpong=0; private_global=0; IO mode=ap_fifo:ce=0
Port [ complex_data]:  wired=1; compound=1; hidden=0; nouse=0; global=0; static=0; extern=0; dir=0; type=3; pingpong=0; private_global=0; IO mode=ap_fifo:ce=0
Port [ complex_data_c]:  wired=1; compound=1; hidden=0; nouse=0; global=0; static=0; extern=0; dir=1; type=3; pingpong=0; private_global=0; IO mode=ap_fifo:ce=0
Port [ payload_words]:  wired=1; compound=1; hidden=0; nouse=0; global=0; static=0; extern=0; dir=0; type=3; pingpong=0; private_global=0; IO mode=ap_fifo:ce=0
Port [ payload_words_c1]:  wired=1; compound=1; hidden=0; nouse=0; global=0; static=0; extern=0; dir=1; type=3; pingpong=0; private_global=0; IO mode=ap_fifo:ce=0
---------------- STG Properties END ------------------

---------------- Datapath Model BEGIN ----------------

<LifeTime>
<method=bitvector/>
specinterface_ln0    (specinterface) [ 00]
payload_words_read   (read         ) [ 00]
specinterface_ln0    (specinterface) [ 00]
specinterface_ln0    (specinterface) [ 00]
complex_data_read    (read         ) [ 00]
specinterface_ln0    (specinterface) [ 00]
bits_per_sample_read (read         ) [ 00]
specinterface_ln0    (specinterface) [ 00]
thread_id_read       (read         ) [ 00]
specinterface_ln0    (specinterface) [ 00]
station_id_read      (read         ) [ 00]
specinterface_ln0    (specinterface) [ 00]
epoch_read           (read         ) [ 00]
specinterface_ln0    (specinterface) [ 00]
write_ln0            (write        ) [ 00]
specinterface_ln0    (specinterface) [ 00]
write_ln0            (write        ) [ 00]
specinterface_ln0    (specinterface) [ 00]
write_ln0            (write        ) [ 00]
specinterface_ln0    (specinterface) [ 00]
write_ln0            (write        ) [ 00]
specinterface_ln0    (specinterface) [ 00]
write_ln0            (write        ) [ 00]
specinterface_ln0    (specinterface) [ 00]
write_ln0            (write        ) [ 00]
write_ln0            (write        ) [ 00]
ret_ln0              (ret          ) [ 00]
</LifeTime>

<model>

<comp_list>
<comp id="0" class="1000" name="return_r">
<pin_list>
<pin id="1" dir="1" index="0" bw="1" slack="0"/>
</pin_list>
<bind>
<StgValue><ssdm name="return_r"/></StgValue>
</bind>
</comp>

<comp id="2" class="1000" name="epoch">
<pin_list>
<pin id="3" dir="1" index="0" bw="1" slack="0"/>
</pin_list>
<bind>
<StgValue><ssdm name="epoch"/></StgValue>
</bind>
</comp>

<comp id="4" class="1000" name="epoch_c">
<pin_list>
<pin id="5" dir="1" index="0" bw="1" slack="0"/>
</pin_list>
<bind>
<StgValue><ssdm name="epoch_c"/></StgValue>
</bind>
</comp>

<comp id="6" class="1000" name="station_id">
<pin_list>
<pin id="7" dir="1" index="0" bw="1" slack="0"/>
</pin_list>
<bind>
<StgValue><ssdm name="station_id"/></StgValue>
</bind>
</comp>

<comp id="8" class="1000" name="station_id_c">
<pin_list>
<pin id="9" dir="1" index="0" bw="1" slack="0"/>
</pin_list>
<bind>
<StgValue><ssdm name="station_id_c"/></StgValue>
</bind>
</comp>

<comp id="10" class="1000" name="thread_id">
<pin_list>
<pin id="11" dir="1" index="0" bw="1" slack="0"/>
</pin_list>
<bind>
<StgValue><ssdm name="thread_id"/></StgValue>
</bind>
</comp>

<comp id="12" class="1000" name="thread_id_c">
<pin_list>
<pin id="13" dir="1" index="0" bw="1" slack="0"/>
</pin_list>
<bind>
<StgValue><ssdm name="thread_id_c"/></StgValue>
</bind>
</comp>

<comp id="14" class="1000" name="bits_per_sample">
<pin_list>
<pin id="15" dir="1" index="0" bw="1" slack="0"/>
</pin_list>
<bind>
<StgValue><ssdm name="bits_per_sample"/></StgValue>
</bind>
</comp>

<comp id="16" class="1000" name="bits_per_sample_c">
<pin_list>
<pin id="17" dir="1" index="0" bw="1" slack="0"/>
</pin_list>
<bind>
<StgValue><ssdm name="bits_per_sample_c"/></StgValue>
</bind>
</comp>

<comp id="18" class="1000" name="complex_data">
<pin_list>
<pin id="19" dir="1" index="0" bw="1" slack="0"/>
</pin_list>
<bind>
<StgValue><ssdm name="complex_data"/></StgValue>
</bind>
</comp>

<comp id="20" class="1000" name="complex_data_c">
<pin_list>
<pin id="21" dir="1" index="0" bw="1" slack="0"/>
</pin_list>
<bind>
<StgValue><ssdm name="complex_data_c"/></StgValue>
</bind>
</comp>

<comp id="22" class="1000" name="payload_words">
<pin_list>
<pin id="23" dir="1" index="0" bw="1" slack="0"/>
</pin_list>
<bind>
<StgValue><ssdm name="payload_words"/></StgValue>
</bind>
</comp>

<comp id="24" class="1000" name="payload_words_c1">
<pin_list>
<pin id="25" dir="1" index="0" bw="1" slack="0"/>
</pin_list>
<bind>
<StgValue><ssdm name="payload_words_c1"/></StgValue>
</bind>
</comp>

<comp id="26" class="1001" name="const_26">
<pin_list>
<pin id="27" dir="1" index="0" bw="1" slack="2147483647"/>
</pin_list>
<bind>
<StgValue><ssdm name="_ssdm_op_SpecInterface"/></StgValue>
</bind>
</comp>

<comp id="28" class="1001" name="const_28">
<pin_list>
<pin id="29" dir="1" index="0" bw="1" slack="2147483647"/>
</pin_list>
<bind>
<StgValue><ssdm name="ap_fifo_str"/></StgValue>
</bind>
</comp>

<comp id="30" class="1001" name="const_30">
<pin_list>
<pin id="31" dir="1" index="0" bw="1" slack="2147483647"/>
</pin_list>
<bind>
<StgValue><ssdm name=""/></StgValue>
</bind>
</comp>

<comp id="32" class="1001" name="const_32">
<pin_list>
<pin id="33" dir="1" index="0" bw="1" slack="2147483647"/>
</pin_list>
<bind>
<StgValue><ssdm name="p_str"/></StgValue>
</bind>
</comp>

<comp id="34" class="1001" name="const_34">
<pin_list>
<pin id="35" dir="1" index="0" bw="1" slack="2147483647"/>
</pin_list>
<bind>
<StgValue><ssdm name=""/></StgValue>
</bind>
</comp>

<comp id="36" class="1001" name="const_36">
<pin_list>
<pin id="37" dir="1" index="0" bw="1" slack="2147483647"/>
</pin_list>
<bind>
<StgValue><ssdm name=""/></StgValue>
</bind>
</comp>

<comp id="38" class="1001" name="const_38">
<pin_list>
<pin id="39" dir="1" index="0" bw="1" slack="2147483647"/>
</pin_list>
<bind>
<StgValue><ssdm name="ScalarProp_str"/></StgValue>
</bind>
</comp>

<comp id="40" class="1001" name="const_40">
<pin_list>
<pin id="41" dir="1" index="0" bw="1" slack="2147483647"/>
</pin_list>
<bind>
<StgValue><ssdm name=""/></StgValue>
</bind>
</comp>

<comp id="42" class="1001" name="const_42">
<pin_list>
<pin id="43" dir="1" index="0" bw="1" slack="0"/>
</pin_list>
<bind>
<StgValue><ssdm name="_ssdm_op_Read.ap_fifo.i16P0A"/></StgValue>
</bind>
</comp>

<comp id="44" class="1001" name="const_44">
<pin_list>
<pin id="45" dir="1" index="0" bw="1" slack="0"/>
</pin_list>
<bind>
<StgValue><ssdm name="_ssdm_op_Read.ap_fifo.i1P0A"/></StgValue>
</bind>
</comp>

<comp id="46" class="1001" name="const_46">
<pin_list>
<pin id="47" dir="1" index="0" bw="1" slack="0"/>
</pin_list>
<bind>
<StgValue><ssdm name="_ssdm_op_Read.ap_fifo.i5P0A"/></StgValue>
</bind>
</comp>

<comp id="48" class="1001" name="const_48">
<pin_list>
<pin id="49" dir="1" index="0" bw="1" slack="0"/>
</pin_list>
<bind>
<StgValue><ssdm name="_ssdm_op_Read.ap_fifo.i10P0A"/></StgValue>
</bind>
</comp>

<comp id="50" class="1001" name="const_50">
<pin_list>
<pin id="51" dir="1" index="0" bw="1" slack="0"/>
</pin_list>
<bind>
<StgValue><ssdm name="_ssdm_op_Read.ap_fifo.i6P0A"/></StgValue>
</bind>
</comp>

<comp id="52" class="1001" name="const_52">
<pin_list>
<pin id="53" dir="1" index="0" bw="1" slack="0"/>
</pin_list>
<bind>
<StgValue><ssdm name="_ssdm_op_Write.ap_fifo.i16P0A"/></StgValue>
</bind>
</comp>

<comp id="54" class="1001" name="const_54">
<pin_list>
<pin id="55" dir="1" index="0" bw="1" slack="0"/>
</pin_list>
<bind>
<StgValue><ssdm name="_ssdm_op_Write.ap_fifo.i1P0A"/></StgValue>
</bind>
</comp>

<comp id="56" class="1001" name="const_56">
<pin_list>
<pin id="57" dir="1" index="0" bw="1" slack="0"/>
</pin_list>
<bind>
<StgValue><ssdm name="_ssdm_op_Write.ap_fifo.i5P0A"/></StgValue>
</bind>
</comp>

<comp id="58" class="1001" name="const_58">
<pin_list>
<pin id="59" dir="1" index="0" bw="1" slack="0"/>
</pin_list>
<bind>
<StgValue><ssdm name="_ssdm_op_Write.ap_fifo.i10P0A"/></StgValue>
</bind>
</comp>

<comp id="60" class="1001" name="const_60">
<pin_list>
<pin id="61" dir="1" index="0" bw="1" slack="0"/>
</pin_list>
<bind>
<StgValue><ssdm name="_ssdm_op_Write.ap_fifo.i6P0A"/></StgValue>
</bind>
</comp>

<comp id="62" class="1001" name="const_62">
<pin_list>
<pin id="63" dir="1" index="0" bw="1" slack="0"/>
</pin_list>
<bind>
<StgValue><ssdm name="_ssdm_op_Write.ap_auto.volatile.i16P0A"/></StgValue>
</bind>
</comp>

<comp id="64" class="1004" name="payload_words_read_read_fu_64">
<pin_list>
<pin id="65" dir="0" index="0" bw="16" slack="0"/>
<pin id="66" dir="0" index="1" bw="16" slack="0"/>
<pin id="67" dir="1" index="2" bw="16" slack="0"/>
</pin_list>
<bind>
<opcode="read(1150) " fcode="read"/>
<opset="payload_words_read/1 "/>
</bind>
</comp>

<comp id="70" class="1004" name="complex_data_read_read_fu_70">
<pin_list>
<pin id="71" dir="0" index="0" bw="1" slack="0"/>
<pin id="72" dir="0" index="1" bw="1" slack="0"/>
<pin id="73" dir="1" index="2" bw="1" slack="0"/>
</pin_list>
<bind>
<opcode="read(1150) " fcode="read"/>
<opset="complex_data_read/1 "/>
</bind>
</comp>

<comp id="76" class="1004" name="bits_per_sample_read_read_fu_76">
<pin_list>
<pin id="77" dir="0" index="0" bw="5" slack="0"/>
<pin id="78" dir="0" index="1" bw="5" slack="0"/>
<pin id="79" dir="1" index="2" bw="5" slack="0"/>
</pin_list>
<bind>
<opcode="read(1150) " fcode="read"/>
<opset="bits_per_sample_read/1 "/>
</bind>
</comp>

<comp id="82" class="1004" name="thread_id_read_read_fu_82">
<pin_list>
<pin id="83" dir="0" index="0" bw="10" slack="0"/>
<pin id="84" dir="0" index="1" bw="10" slack="0"/>
<pin id="85" dir="1" index="2" bw="10" slack="0"/>
</pin_list>
<bind>
<opcode="read(1150) " fcode="read"/>
<opset="thread_id_read/1 "/>
</bind>
</comp>

<comp id="88" class="1004" name="station_id_read_read_fu_88">
<pin_list>
<pin id="89" dir="0" index="0" bw="16" slack="0"/>
<pin id="90" dir="0" index="1" bw="16" slack="0"/>
<pin id="91" dir="1" index="2" bw="16" slack="0"/>
</pin_list>
<bind>
<opcode="read(1150) " fcode="read"/>
<opset="station_id_read/1 "/>
</bind>
</comp>

<comp id="94" class="1004" name="epoch_read_read_fu_94">
<pin_list>
<pin id="95" dir="0" index="0" bw="6" slack="0"/>
<pin id="96" dir="0" index="1" bw="6" slack="0"/>
<pin id="97" dir="1" index="2" bw="6" slack="0"/>
</pin_list>
<bind>
<opcode="read(1150) " fcode="read"/>
<opset="epoch_read/1 "/>
</bind>
</comp>

<comp id="100" class="1004" name="write_ln0_write_fu_100">
<pin_list>
<pin id="101" dir="0" index="0" bw="0" slack="0"/>
<pin id="102" dir="0" index="1" bw="16" slack="0"/>
<pin id="103" dir="0" index="2" bw="16" slack="0"/>
<pin id="104" dir="1" index="3" bw="0" slack="2147483647"/>
</pin_list>
<bind>
<opcode="write(1151) " fcode="write"/>
<opset="write_ln0/1 "/>
</bind>
</comp>

<comp id="108" class="1004" name="write_ln0_write_fu_108">
<pin_list>
<pin id="109" dir="0" index="0" bw="0" slack="0"/>
<pin id="110" dir="0" index="1" bw="1" slack="0"/>
<pin id="111" dir="0" index="2" bw="1" slack="0"/>
<pin id="112" dir="1" index="3" bw="0" slack="2147483647"/>
</pin_list>
<bind>
<opcode="write(1151) " fcode="write"/>
<opset="write_ln0/1 "/>
</bind>
</comp>

<comp id="116" class="1004" name="write_ln0_write_fu_116">
<pin_list>
<pin id="117" dir="0" index="0" bw="0" slack="0"/>
<pin id="118" dir="0" index="1" bw="5" slack="0"/>
<pin id="119" dir="0" index="2" bw="5" slack="0"/>
<pin id="120" dir="1" index="3" bw="0" slack="2147483647"/>
</pin_list>
<bind>
<opcode="write(1151) " fcode="write"/>
<opset="write_ln0/1 "/>
</bind>
</comp>

<comp id="124" class="1004" name="write_ln0_write_fu_124">
<pin_list>
<pin id="125" dir="0" index="0" bw="0" slack="0"/>
<pin id="126" dir="0" index="1" bw="10" slack="0"/>
<pin id="127" dir="0" index="2" bw="10" slack="0"/>
<pin id="128" dir="1" index="3" bw="0" slack="2147483647"/>
</pin_list>
<bind>
<opcode="write(1151) " fcode="write"/>
<opset="write_ln0/1 "/>
</bind>
</comp>

<comp id="132" class="1004" name="write_ln0_write_fu_132">
<pin_list>
<pin id="133" dir="0" index="0" bw="0" slack="0"/>
<pin id="134" dir="0" index="1" bw="16" slack="0"/>
<pin id="135" dir="0" index="2" bw="16" slack="0"/>
<pin id="136" dir="1" index="3" bw="0" slack="2147483647"/>
</pin_list>
<bind>
<opcode="write(1151) " fcode="write"/>
<opset="write_ln0/1 "/>
</bind>
</comp>

<comp id="140" class="1004" name="write_ln0_write_fu_140">
<pin_list>
<pin id="141" dir="0" index="0" bw="0" slack="0"/>
<pin id="142" dir="0" index="1" bw="6" slack="0"/>
<pin id="143" dir="0" index="2" bw="6" slack="0"/>
<pin id="144" dir="1" index="3" bw="0" slack="2147483647"/>
</pin_list>
<bind>
<opcode="write(1151) " fcode="write"/>
<opset="write_ln0/1 "/>
</bind>
</comp>

<comp id="148" class="1004" name="write_ln0_write_fu_148">
<pin_list>
<pin id="149" dir="0" index="0" bw="0" slack="0"/>
<pin id="150" dir="0" index="1" bw="16" slack="0"/>
<pin id="151" dir="0" index="2" bw="16" slack="0"/>
<pin id="152" dir="1" index="3" bw="0" slack="2147483647"/>
</pin_list>
<bind>
<opcode="write(1151) " fcode="write"/>
<opset="write_ln0/1 "/>
</bind>
</comp>

</comp_list>

<net_list>
<net id="68"><net_src comp="42" pin="0"/><net_sink comp="64" pin=0"/></net>

<net id="69"><net_src comp="22" pin="0"/><net_sink comp="64" pin=1"/></net>

<net id="74"><net_src comp="44" pin="0"/><net_sink comp="70" pin=0"/></net>

<net id="75"><net_src comp="18" pin="0"/><net_sink comp="70" pin=1"/></net>

<net id="80"><net_src comp="46" pin="0"/><net_sink comp="76" pin=0"/></net>

<net id="81"><net_src comp="14" pin="0"/><net_sink comp="76" pin=1"/></net>

<net id="86"><net_src comp="48" pin="0"/><net_sink comp="82" pin=0"/></net>

<net id="87"><net_src comp="10" pin="0"/><net_sink comp="82" pin=1"/></net>

<net id="92"><net_src comp="42" pin="0"/><net_sink comp="88" pin=0"/></net>

<net id="93"><net_src comp="6" pin="0"/><net_sink comp="88" pin=1"/></net>

<net id="98"><net_src comp="50" pin="0"/><net_sink comp="94" pin=0"/></net>

<net id="99"><net_src comp="2" pin="0"/><net_sink comp="94" pin=1"/></net>

<net id="105"><net_src comp="52" pin="0"/><net_sink comp="100" pin=0"/></net>

<net id="106"><net_src comp="24" pin="0"/><net_sink comp="100" pin=1"/></net>

<net id="107"><net_src comp="64" pin="2"/><net_sink comp="100" pin=2"/></net>

<net id="113"><net_src comp="54" pin="0"/><net_sink comp="108" pin=0"/></net>

<net id="114"><net_src comp="20" pin="0"/><net_sink comp="108" pin=1"/></net>

<net id="115"><net_src comp="70" pin="2"/><net_sink comp="108" pin=2"/></net>

<net id="121"><net_src comp="56" pin="0"/><net_sink comp="116" pin=0"/></net>

<net id="122"><net_src comp="16" pin="0"/><net_sink comp="116" pin=1"/></net>

<net id="123"><net_src comp="76" pin="2"/><net_sink comp="116" pin=2"/></net>

<net id="129"><net_src comp="58" pin="0"/><net_sink comp="124" pin=0"/></net>

<net id="130"><net_src comp="12" pin="0"/><net_sink comp="124" pin=1"/></net>

<net id="131"><net_src comp="82" pin="2"/><net_sink comp="124" pin=2"/></net>

<net id="137"><net_src comp="52" pin="0"/><net_sink comp="132" pin=0"/></net>

<net id="138"><net_src comp="8" pin="0"/><net_sink comp="132" pin=1"/></net>

<net id="139"><net_src comp="88" pin="2"/><net_sink comp="132" pin=2"/></net>

<net id="145"><net_src comp="60" pin="0"/><net_sink comp="140" pin=0"/></net>

<net id="146"><net_src comp="4" pin="0"/><net_sink comp="140" pin=1"/></net>

<net id="147"><net_src comp="94" pin="2"/><net_sink comp="140" pin=2"/></net>

<net id="153"><net_src comp="62" pin="0"/><net_sink comp="148" pin=0"/></net>

<net id="154"><net_src comp="0" pin="0"/><net_sink comp="148" pin=1"/></net>

<net id="155"><net_src comp="64" pin="2"/><net_sink comp="148" pin=2"/></net>

</net_list>

</model> 
---------------- Datapath Model END ------------------

* FSMD analyzer results:
  - Output states:
	Port: return_r | {1 }
	Port: epoch | {}
	Port: epoch_c | {1 }
	Port: station_id | {}
	Port: station_id_c | {1 }
	Port: thread_id | {}
	Port: thread_id_c | {1 }
	Port: bits_per_sample | {}
	Port: bits_per_sample_c | {1 }
	Port: complex_data | {}
	Port: complex_data_c | {1 }
	Port: payload_words | {}
	Port: payload_words_c1 | {1 }
 - Input state : 
	Port: entry_proc : return_r | {}
	Port: entry_proc : epoch | {1 }
	Port: entry_proc : epoch_c | {}
	Port: entry_proc : station_id | {1 }
	Port: entry_proc : station_id_c | {}
	Port: entry_proc : thread_id | {1 }
	Port: entry_proc : thread_id_c | {}
	Port: entry_proc : bits_per_sample | {1 }
	Port: entry_proc : bits_per_sample_c | {}
	Port: entry_proc : complex_data | {1 }
	Port: entry_proc : complex_data_c | {}
	Port: entry_proc : payload_words | {1 }
	Port: entry_proc : payload_words_c1 | {}
  - Chain level:
	State 1


============================================================
+ Verbose Summary: Datapath Resource usage 
============================================================

* Functional unit list:
|----------|---------------------------------|
| Operation|         Functional Unit         |
|----------|---------------------------------|
|          |  payload_words_read_read_fu_64  |
|          |   complex_data_read_read_fu_70  |
|   read   | bits_per_sample_read_read_fu_76 |
|          |    thread_id_read_read_fu_82    |
|          |    station_id_read_read_fu_88   |
|          |      epoch_read_read_fu_94      |
|----------|---------------------------------|
|          |      write_ln0_write_fu_100     |
|          |      write_ln0_write_fu_108     |
|          |      write_ln0_write_fu_116     |
|   write  |      write_ln0_write_fu_124     |
|          |      write_ln0_write_fu_132     |
|          |      write_ln0_write_fu_140     |
|          |      write_ln0_write_fu_148     |
|----------|---------------------------------|
|   Total  |                                 |
|----------|---------------------------------|

Memories:
N/A

* Register list:
N/A

* Multiplexer (MUX) list: 
|--------|------|------|------|--------|
|  Comp  |  Pin | Size |  BW  | S x BW |
|--------|------|------|------|--------|
|  Total |      |      |      |    0   |
|--------|------|------|------|--------|



* Summary:
+-----------+
|           |
+-----------+
|  Function |
|   Memory  |
|Multiplexer|
|  Register |
+-----------+
|   Total   |
+-----------+
