

================================================================
== Vitis HLS Report for 'entry_proc7'
================================================================
* Date:           Wed Jun 24 16:57:23 2026

* Version:        2025.2 (Build 6295257 on Nov 14 2025)
* Project:        vdif_chain
* Solution:       hls (Vivado IP Flow Target)
* Product family: artix7
* Target device:  xc7a12t-cpg238-1


================================================================
== Performance Estimates
================================================================
+ Timing: 
    * Summary: 
    +--------+----------+----------+------------+
    |  Clock |  Target  | Estimated| Uncertainty|
    +--------+----------+----------+------------+
    |ap_clk  |  10.00 ns|  3.650 ns|     2.70 ns|
    +--------+----------+----------+------------+

+ Latency: 
    * Summary: 
    +---------+---------+----------+----------+-----+-----+---------+
    |  Latency (cycles) |  Latency (absolute) |  Interval | Pipeline|
    |   min   |   max   |    min   |    max   | min | max |   Type  |
    +---------+---------+----------+----------+-----+-----+---------+
    |        0|        0|      0 ns|      0 ns|    0|    0|       no|
    +---------+---------+----------+----------+-----+-----+---------+

    + Detail: 
        * Instance: 
        N/A

        * Loop: 
        N/A



================================================================
== Utilization Estimates
================================================================
* Summary: 
+-----------------+---------+----+-------+------+-----+
|       Name      | BRAM_18K| DSP|   FF  |  LUT | URAM|
+-----------------+---------+----+-------+------+-----+
|DSP              |        -|   -|      -|     -|    -|
|Expression       |        -|   -|      0|     2|    -|
|FIFO             |        -|   -|      -|     -|    -|
|Instance         |        -|   -|      -|     -|    -|
|Memory           |        -|   -|      -|     -|    -|
|Multiplexer      |        -|   -|      0|    63|    -|
|Register         |        -|   -|      3|     -|    -|
+-----------------+---------+----+-------+------+-----+
|Total            |        0|   0|      3|    65|    0|
+-----------------+---------+----+-------+------+-----+
|Available        |       40|  40|  16000|  8000|    0|
+-----------------+---------+----+-------+------+-----+
|Utilization (%)  |        0|   0|     ~0|    ~0|    0|
+-----------------+---------+----+-------+------+-----+

+ Detail: 
    * Instance: 
    N/A

    * DSP: 
    N/A

    * Memory: 
    N/A

    * FIFO: 
    N/A

    * Expression: 
    +-----------------+----------+----+---+----+------------+------------+
    |  Variable Name  | Operation| DSP| FF| LUT| Bitwidth P0| Bitwidth P1|
    +-----------------+----------+----+---+----+------------+------------+
    |ap_block_state1  |        or|   0|  0|   2|           1|           1|
    +-----------------+----------+----+---+----+------------+------------+
    |Total            |          |   0|  0|   2|           1|           1|
    +-----------------+----------+----+---+----+------------+------------+

    * Multiplexer: 
    +----------------------+----+-----------+-----+-----------+
    |         Name         | LUT| Input Size| Bits| Total Bits|
    +----------------------+----+-----------+-----+-----------+
    |ap_done               |   9|          2|    1|          2|
    |complex_data_c_blk_n  |   9|          2|    1|          2|
    |epoch_c_blk_n         |   9|          2|    1|          2|
    |pps_c_blk_n           |   9|          2|    1|          2|
    |real_start            |   9|          2|    1|          2|
    |station_id_c_blk_n    |   9|          2|    1|          2|
    |thread_id_c_blk_n     |   9|          2|    1|          2|
    +----------------------+----+-----------+-----+-----------+
    |Total                 |  63|         14|    7|         14|
    +----------------------+----+-----------+-----+-----------+

    * Register: 
    +----------------+---+----+-----+-----------+
    |      Name      | FF| LUT| Bits| Const Bits|
    +----------------+---+----+-----+-----------+
    |ap_CS_fsm       |  1|   0|    1|          0|
    |ap_done_reg     |  1|   0|    1|          0|
    |start_once_reg  |  1|   0|    1|          0|
    +----------------+---+----+-----+-----------+
    |Total           |  3|   0|    3|          0|
    +----------------+---+----+-----+-----------+



================================================================
== Interface
================================================================
* Summary: 
+-------------------------------+-----+-----+------------+----------------+--------------+
|           RTL Ports           | Dir | Bits|  Protocol  |  Source Object |    C Type    |
+-------------------------------+-----+-----+------------+----------------+--------------+
|ap_clk                         |   in|    1|  ap_ctrl_hs|     entry_proc7|  return value|
|ap_rst                         |   in|    1|  ap_ctrl_hs|     entry_proc7|  return value|
|ap_start                       |   in|    1|  ap_ctrl_hs|     entry_proc7|  return value|
|start_full_n                   |   in|    1|  ap_ctrl_hs|     entry_proc7|  return value|
|ap_done                        |  out|    1|  ap_ctrl_hs|     entry_proc7|  return value|
|ap_continue                    |   in|    1|  ap_ctrl_hs|     entry_proc7|  return value|
|ap_idle                        |  out|    1|  ap_ctrl_hs|     entry_proc7|  return value|
|ap_ready                       |  out|    1|  ap_ctrl_hs|     entry_proc7|  return value|
|start_out                      |  out|    1|  ap_ctrl_hs|     entry_proc7|  return value|
|start_write                    |  out|    1|  ap_ctrl_hs|     entry_proc7|  return value|
|epoch                          |   in|    6|     ap_none|           epoch|        scalar|
|epoch_c_din                    |  out|    6|     ap_fifo|         epoch_c|       pointer|
|epoch_c_full_n                 |   in|    1|     ap_fifo|         epoch_c|       pointer|
|epoch_c_write                  |  out|    1|     ap_fifo|         epoch_c|       pointer|
|epoch_c_num_data_valid         |   in|    3|     ap_fifo|         epoch_c|       pointer|
|epoch_c_fifo_cap               |   in|    3|     ap_fifo|         epoch_c|       pointer|
|station_id                     |   in|   16|     ap_none|      station_id|        scalar|
|station_id_c_din               |  out|   16|     ap_fifo|    station_id_c|       pointer|
|station_id_c_full_n            |   in|    1|     ap_fifo|    station_id_c|       pointer|
|station_id_c_write             |  out|    1|     ap_fifo|    station_id_c|       pointer|
|station_id_c_num_data_valid    |   in|    3|     ap_fifo|    station_id_c|       pointer|
|station_id_c_fifo_cap          |   in|    3|     ap_fifo|    station_id_c|       pointer|
|thread_id                      |   in|   10|     ap_none|       thread_id|        scalar|
|thread_id_c_din                |  out|   10|     ap_fifo|     thread_id_c|       pointer|
|thread_id_c_full_n             |   in|    1|     ap_fifo|     thread_id_c|       pointer|
|thread_id_c_write              |  out|    1|     ap_fifo|     thread_id_c|       pointer|
|thread_id_c_num_data_valid     |   in|    3|     ap_fifo|     thread_id_c|       pointer|
|thread_id_c_fifo_cap           |   in|    3|     ap_fifo|     thread_id_c|       pointer|
|complex_data                   |   in|    1|     ap_none|    complex_data|        scalar|
|complex_data_c_din             |  out|    1|     ap_fifo|  complex_data_c|       pointer|
|complex_data_c_full_n          |   in|    1|     ap_fifo|  complex_data_c|       pointer|
|complex_data_c_write           |  out|    1|     ap_fifo|  complex_data_c|       pointer|
|complex_data_c_num_data_valid  |   in|    3|     ap_fifo|  complex_data_c|       pointer|
|complex_data_c_fifo_cap        |   in|    3|     ap_fifo|  complex_data_c|       pointer|
|pps                            |   in|    1|     ap_none|             pps|        scalar|
|pps_c_din                      |  out|    1|     ap_fifo|           pps_c|       pointer|
|pps_c_full_n                   |   in|    1|     ap_fifo|           pps_c|       pointer|
|pps_c_write                    |  out|    1|     ap_fifo|           pps_c|       pointer|
|pps_c_num_data_valid           |   in|    3|     ap_fifo|           pps_c|       pointer|
|pps_c_fifo_cap                 |   in|    3|     ap_fifo|           pps_c|       pointer|
+-------------------------------+-----+-----+------------+----------------+--------------+

============================================================
+ Verbose Summary: Synthesis Manager
============================================================
InlineROM: 1
ExposeGlobal: 0
============================================================
+ Verbose Summary: CDFG Model
============================================================
IsTopModel: 0
ResetActiveHigh: 1
IsCombinational: 2
IsDatapathOnly: 0
HasWiredReturn: 1
HasMFsm: 0
HasVarLatency: 0
IsPipeline: 0
IsRtlPipelined: 0
IsInstanceOverlapped: 0
IsDontTouch: 0
HasImplIP: 0
IsGatedGlobalClock: 0


============================================================
+ Verbose Summary: Schedule
============================================================
* Number of FSM states : 1
* Pipeline : 0
* Dataflow Pipeline: 0

* FSM state transitions: 
1 --> 

* FSM state operations: 

State 1 <SV = 0> <Delay = 3.65>
ST_1 : Operation 2 [1/1] (0.00ns)   --->   "%specinterface_ln0 = specinterface void @_ssdm_op_SpecInterface, i1 %pps_c, void @ap_fifo_str, i32 0, i32 0, void @p_str, i32 0, i32 0, void @p_str, void @p_str, void @p_str, i32 2, i32 2, i32 16, i32 16, void @p_str, void @ScalarProp_str, i32 4294967295, i32 0, i32 0, i32 0"   --->   Operation 2 'specinterface' 'specinterface_ln0' <Predicate = true> <Delay = 0.00>
ST_1 : Operation 3 [1/1] (0.00ns)   --->   "%pps_read = read i1 @_ssdm_op_Read.ap_auto.i1, i1 %pps"   --->   Operation 3 'read' 'pps_read' <Predicate = true> <Delay = 0.00>
ST_1 : Operation 4 [1/1] (0.00ns)   --->   "%complex_data_read = read i1 @_ssdm_op_Read.ap_auto.i1, i1 %complex_data"   --->   Operation 4 'read' 'complex_data_read' <Predicate = true> <Delay = 0.00>
ST_1 : Operation 5 [1/1] (0.00ns)   --->   "%thread_id_read = read i10 @_ssdm_op_Read.ap_auto.i10, i10 %thread_id"   --->   Operation 5 'read' 'thread_id_read' <Predicate = true> <Delay = 0.00>
ST_1 : Operation 6 [1/1] (0.00ns)   --->   "%station_id_read = read i16 @_ssdm_op_Read.ap_auto.i16, i16 %station_id"   --->   Operation 6 'read' 'station_id_read' <Predicate = true> <Delay = 0.00>
ST_1 : Operation 7 [1/1] (0.00ns)   --->   "%epoch_read = read i6 @_ssdm_op_Read.ap_auto.i6, i6 %epoch"   --->   Operation 7 'read' 'epoch_read' <Predicate = true> <Delay = 0.00>
ST_1 : Operation 8 [1/1] ( I:3.65ns O:3.65ns )   --->   "%write_ln0 = write void @_ssdm_op_Write.ap_fifo.i1P0A, i1 %pps_c, i1 %pps_read"   --->   Operation 8 'write' 'write_ln0' <Predicate = true> <Delay = 3.65> <CoreInst = "FIFO_SRL">   --->   Core 80 'FIFO_SRL' <Latency = 0> <II = 1> <Delay = 3.90> <Storage> <Opcode : 'read' 'write' 'nbread' 'nbwrite'> <Ports = 0> <Width = 1> <Depth = 3> <FIFO>
ST_1 : Operation 9 [1/1] (0.00ns)   --->   "%specinterface_ln0 = specinterface void @_ssdm_op_SpecInterface, i1 %complex_data_c, void @ap_fifo_str, i32 0, i32 0, void @p_str, i32 0, i32 0, void @p_str, void @p_str, void @p_str, i32 2, i32 2, i32 16, i32 16, void @p_str, void @ScalarProp_str, i32 4294967295, i32 0, i32 0, i32 0"   --->   Operation 9 'specinterface' 'specinterface_ln0' <Predicate = true> <Delay = 0.00>
ST_1 : Operation 10 [1/1] ( I:3.65ns O:3.65ns )   --->   "%write_ln0 = write void @_ssdm_op_Write.ap_fifo.i1P0A, i1 %complex_data_c, i1 %complex_data_read"   --->   Operation 10 'write' 'write_ln0' <Predicate = true> <Delay = 3.65> <CoreInst = "FIFO_SRL">   --->   Core 80 'FIFO_SRL' <Latency = 0> <II = 1> <Delay = 3.90> <Storage> <Opcode : 'read' 'write' 'nbread' 'nbwrite'> <Ports = 0> <Width = 1> <Depth = 3> <FIFO>
ST_1 : Operation 11 [1/1] (0.00ns)   --->   "%specinterface_ln0 = specinterface void @_ssdm_op_SpecInterface, i10 %thread_id_c, void @ap_fifo_str, i32 0, i32 0, void @p_str, i32 0, i32 0, void @p_str, void @p_str, void @p_str, i32 2, i32 2, i32 16, i32 16, void @p_str, void @ScalarProp_str, i32 4294967295, i32 0, i32 0, i32 0"   --->   Operation 11 'specinterface' 'specinterface_ln0' <Predicate = true> <Delay = 0.00>
ST_1 : Operation 12 [1/1] ( I:3.65ns O:3.65ns )   --->   "%write_ln0 = write void @_ssdm_op_Write.ap_fifo.i10P0A, i10 %thread_id_c, i10 %thread_id_read"   --->   Operation 12 'write' 'write_ln0' <Predicate = true> <Delay = 3.65> <CoreInst = "FIFO_SRL">   --->   Core 80 'FIFO_SRL' <Latency = 0> <II = 1> <Delay = 3.90> <Storage> <Opcode : 'read' 'write' 'nbread' 'nbwrite'> <Ports = 0> <Width = 10> <Depth = 3> <FIFO>
ST_1 : Operation 13 [1/1] (0.00ns)   --->   "%specinterface_ln0 = specinterface void @_ssdm_op_SpecInterface, i16 %station_id_c, void @ap_fifo_str, i32 0, i32 0, void @p_str, i32 0, i32 0, void @p_str, void @p_str, void @p_str, i32 2, i32 2, i32 16, i32 16, void @p_str, void @ScalarProp_str, i32 4294967295, i32 0, i32 0, i32 0"   --->   Operation 13 'specinterface' 'specinterface_ln0' <Predicate = true> <Delay = 0.00>
ST_1 : Operation 14 [1/1] ( I:3.65ns O:3.65ns )   --->   "%write_ln0 = write void @_ssdm_op_Write.ap_fifo.i16P0A, i16 %station_id_c, i16 %station_id_read"   --->   Operation 14 'write' 'write_ln0' <Predicate = true> <Delay = 3.65> <CoreInst = "FIFO_SRL">   --->   Core 80 'FIFO_SRL' <Latency = 0> <II = 1> <Delay = 3.90> <Storage> <Opcode : 'read' 'write' 'nbread' 'nbwrite'> <Ports = 0> <Width = 16> <Depth = 3> <FIFO>
ST_1 : Operation 15 [1/1] (0.00ns)   --->   "%specinterface_ln0 = specinterface void @_ssdm_op_SpecInterface, i6 %epoch_c, void @ap_fifo_str, i32 0, i32 0, void @p_str, i32 0, i32 0, void @p_str, void @p_str, void @p_str, i32 2, i32 2, i32 16, i32 16, void @p_str, void @ScalarProp_str, i32 4294967295, i32 0, i32 0, i32 0"   --->   Operation 15 'specinterface' 'specinterface_ln0' <Predicate = true> <Delay = 0.00>
ST_1 : Operation 16 [1/1] ( I:3.65ns O:3.65ns )   --->   "%write_ln0 = write void @_ssdm_op_Write.ap_fifo.i6P0A, i6 %epoch_c, i6 %epoch_read"   --->   Operation 16 'write' 'write_ln0' <Predicate = true> <Delay = 3.65> <CoreInst = "FIFO_SRL">   --->   Core 80 'FIFO_SRL' <Latency = 0> <II = 1> <Delay = 3.90> <Storage> <Opcode : 'read' 'write' 'nbread' 'nbwrite'> <Ports = 0> <Width = 6> <Depth = 3> <FIFO>
ST_1 : Operation 17 [1/1] (0.00ns)   --->   "%ret_ln0 = ret"   --->   Operation 17 'ret' 'ret_ln0' <Predicate = true> <Delay = 0.00>


============================================================
+ Verbose Summary: Binding
============================================================
STG Binding: 
---------------- STG Properties BEGIN ----------------
- Is combinational: 0
- Is one-state seq: 1
- Is datapath-only: 0
- Is pipelined: 0
- Is top level: 0
Port [ Return ] is wired: 1; IO mode=ap_ctrl_hs:ce=0
Port [ epoch]:  wired=1; compound=0; hidden=0; nouse=0; global=0; static=0; extern=0; dir=0; type=0; pingpong=0; private_global=0; IO mode=ap_none:ce=0
Port [ epoch_c]:  wired=1; compound=1; hidden=0; nouse=0; global=0; static=0; extern=0; dir=1; type=3; pingpong=0; private_global=0; IO mode=ap_fifo:ce=0
Port [ station_id]:  wired=1; compound=0; hidden=0; nouse=0; global=0; static=0; extern=0; dir=0; type=0; pingpong=0; private_global=0; IO mode=ap_none:ce=0
Port [ station_id_c]:  wired=1; compound=1; hidden=0; nouse=0; global=0; static=0; extern=0; dir=1; type=3; pingpong=0; private_global=0; IO mode=ap_fifo:ce=0
Port [ thread_id]:  wired=1; compound=0; hidden=0; nouse=0; global=0; static=0; extern=0; dir=0; type=0; pingpong=0; private_global=0; IO mode=ap_none:ce=0
Port [ thread_id_c]:  wired=1; compound=1; hidden=0; nouse=0; global=0; static=0; extern=0; dir=1; type=3; pingpong=0; private_global=0; IO mode=ap_fifo:ce=0
Port [ complex_data]:  wired=1; compound=0; hidden=0; nouse=0; global=0; static=0; extern=0; dir=0; type=0; pingpong=0; private_global=0; IO mode=ap_none:ce=0
Port [ complex_data_c]:  wired=1; compound=1; hidden=0; nouse=0; global=0; static=0; extern=0; dir=1; type=3; pingpong=0; private_global=0; IO mode=ap_fifo:ce=0
Port [ pps]:  wired=1; compound=0; hidden=0; nouse=0; global=0; static=0; extern=0; dir=0; type=0; pingpong=0; private_global=0; IO mode=ap_none:ce=0
Port [ pps_c]:  wired=1; compound=1; hidden=0; nouse=0; global=0; static=0; extern=0; dir=1; type=3; pingpong=0; private_global=0; IO mode=ap_fifo:ce=0
---------------- STG Properties END ------------------

---------------- Datapath Model BEGIN ----------------

<LifeTime>
<method=bitvector/>
specinterface_ln0 (specinterface) [ 00]
pps_read          (read         ) [ 00]
complex_data_read (read         ) [ 00]
thread_id_read    (read         ) [ 00]
station_id_read   (read         ) [ 00]
epoch_read        (read         ) [ 00]
write_ln0         (write        ) [ 00]
specinterface_ln0 (specinterface) [ 00]
write_ln0         (write        ) [ 00]
specinterface_ln0 (specinterface) [ 00]
write_ln0         (write        ) [ 00]
specinterface_ln0 (specinterface) [ 00]
write_ln0         (write        ) [ 00]
specinterface_ln0 (specinterface) [ 00]
write_ln0         (write        ) [ 00]
ret_ln0           (ret          ) [ 00]
</LifeTime>

<model>

<comp_list>
<comp id="0" class="1000" name="epoch">
<pin_list>
<pin id="1" dir="1" index="0" bw="1" slack="0"/>
</pin_list>
<bind>
<StgValue><ssdm name="epoch"/></StgValue>
</bind>
</comp>

<comp id="2" class="1000" name="epoch_c">
<pin_list>
<pin id="3" dir="1" index="0" bw="1" slack="0"/>
</pin_list>
<bind>
<StgValue><ssdm name="epoch_c"/></StgValue>
</bind>
</comp>

<comp id="4" class="1000" name="station_id">
<pin_list>
<pin id="5" dir="1" index="0" bw="1" slack="0"/>
</pin_list>
<bind>
<StgValue><ssdm name="station_id"/></StgValue>
</bind>
</comp>

<comp id="6" class="1000" name="station_id_c">
<pin_list>
<pin id="7" dir="1" index="0" bw="1" slack="0"/>
</pin_list>
<bind>
<StgValue><ssdm name="station_id_c"/></StgValue>
</bind>
</comp>

<comp id="8" class="1000" name="thread_id">
<pin_list>
<pin id="9" dir="1" index="0" bw="1" slack="0"/>
</pin_list>
<bind>
<StgValue><ssdm name="thread_id"/></StgValue>
</bind>
</comp>

<comp id="10" class="1000" name="thread_id_c">
<pin_list>
<pin id="11" dir="1" index="0" bw="1" slack="0"/>
</pin_list>
<bind>
<StgValue><ssdm name="thread_id_c"/></StgValue>
</bind>
</comp>

<comp id="12" class="1000" name="complex_data">
<pin_list>
<pin id="13" dir="1" index="0" bw="1" slack="0"/>
</pin_list>
<bind>
<StgValue><ssdm name="complex_data"/></StgValue>
</bind>
</comp>

<comp id="14" class="1000" name="complex_data_c">
<pin_list>
<pin id="15" dir="1" index="0" bw="1" slack="0"/>
</pin_list>
<bind>
<StgValue><ssdm name="complex_data_c"/></StgValue>
</bind>
</comp>

<comp id="16" class="1000" name="pps">
<pin_list>
<pin id="17" dir="1" index="0" bw="1" slack="0"/>
</pin_list>
<bind>
<StgValue><ssdm name="pps"/></StgValue>
</bind>
</comp>

<comp id="18" class="1000" name="pps_c">
<pin_list>
<pin id="19" dir="1" index="0" bw="1" slack="0"/>
</pin_list>
<bind>
<StgValue><ssdm name="pps_c"/></StgValue>
</bind>
</comp>

<comp id="20" class="1001" name="const_20">
<pin_list>
<pin id="21" dir="1" index="0" bw="1" slack="2147483647"/>
</pin_list>
<bind>
<StgValue><ssdm name="_ssdm_op_SpecInterface"/></StgValue>
</bind>
</comp>

<comp id="22" class="1001" name="const_22">
<pin_list>
<pin id="23" dir="1" index="0" bw="1" slack="2147483647"/>
</pin_list>
<bind>
<StgValue><ssdm name="ap_fifo_str"/></StgValue>
</bind>
</comp>

<comp id="24" class="1001" name="const_24">
<pin_list>
<pin id="25" dir="1" index="0" bw="1" slack="2147483647"/>
</pin_list>
<bind>
<StgValue><ssdm name=""/></StgValue>
</bind>
</comp>

<comp id="26" class="1001" name="const_26">
<pin_list>
<pin id="27" dir="1" index="0" bw="1" slack="2147483647"/>
</pin_list>
<bind>
<StgValue><ssdm name="p_str"/></StgValue>
</bind>
</comp>

<comp id="28" class="1001" name="const_28">
<pin_list>
<pin id="29" dir="1" index="0" bw="1" slack="2147483647"/>
</pin_list>
<bind>
<StgValue><ssdm name=""/></StgValue>
</bind>
</comp>

<comp id="30" class="1001" name="const_30">
<pin_list>
<pin id="31" dir="1" index="0" bw="1" slack="2147483647"/>
</pin_list>
<bind>
<StgValue><ssdm name=""/></StgValue>
</bind>
</comp>

<comp id="32" class="1001" name="const_32">
<pin_list>
<pin id="33" dir="1" index="0" bw="1" slack="2147483647"/>
</pin_list>
<bind>
<StgValue><ssdm name="ScalarProp_str"/></StgValue>
</bind>
</comp>

<comp id="34" class="1001" name="const_34">
<pin_list>
<pin id="35" dir="1" index="0" bw="1" slack="2147483647"/>
</pin_list>
<bind>
<StgValue><ssdm name=""/></StgValue>
</bind>
</comp>

<comp id="36" class="1001" name="const_36">
<pin_list>
<pin id="37" dir="1" index="0" bw="1" slack="0"/>
</pin_list>
<bind>
<StgValue><ssdm name="_ssdm_op_Read.ap_auto.i1"/></StgValue>
</bind>
</comp>

<comp id="38" class="1001" name="const_38">
<pin_list>
<pin id="39" dir="1" index="0" bw="1" slack="0"/>
</pin_list>
<bind>
<StgValue><ssdm name="_ssdm_op_Read.ap_auto.i10"/></StgValue>
</bind>
</comp>

<comp id="40" class="1001" name="const_40">
<pin_list>
<pin id="41" dir="1" index="0" bw="1" slack="0"/>
</pin_list>
<bind>
<StgValue><ssdm name="_ssdm_op_Read.ap_auto.i16"/></StgValue>
</bind>
</comp>

<comp id="42" class="1001" name="const_42">
<pin_list>
<pin id="43" dir="1" index="0" bw="1" slack="0"/>
</pin_list>
<bind>
<StgValue><ssdm name="_ssdm_op_Read.ap_auto.i6"/></StgValue>
</bind>
</comp>

<comp id="44" class="1001" name="const_44">
<pin_list>
<pin id="45" dir="1" index="0" bw="1" slack="0"/>
</pin_list>
<bind>
<StgValue><ssdm name="_ssdm_op_Write.ap_fifo.i1P0A"/></StgValue>
</bind>
</comp>

<comp id="46" class="1001" name="const_46">
<pin_list>
<pin id="47" dir="1" index="0" bw="1" slack="0"/>
</pin_list>
<bind>
<StgValue><ssdm name="_ssdm_op_Write.ap_fifo.i10P0A"/></StgValue>
</bind>
</comp>

<comp id="48" class="1001" name="const_48">
<pin_list>
<pin id="49" dir="1" index="0" bw="1" slack="0"/>
</pin_list>
<bind>
<StgValue><ssdm name="_ssdm_op_Write.ap_fifo.i16P0A"/></StgValue>
</bind>
</comp>

<comp id="50" class="1001" name="const_50">
<pin_list>
<pin id="51" dir="1" index="0" bw="1" slack="0"/>
</pin_list>
<bind>
<StgValue><ssdm name="_ssdm_op_Write.ap_fifo.i6P0A"/></StgValue>
</bind>
</comp>

<comp id="52" class="1004" name="pps_read_read_fu_52">
<pin_list>
<pin id="53" dir="0" index="0" bw="1" slack="0"/>
<pin id="54" dir="0" index="1" bw="1" slack="0"/>
<pin id="55" dir="1" index="2" bw="1" slack="0"/>
</pin_list>
<bind>
<opcode="read(1150) " fcode="read"/>
<opset="pps_read/1 "/>
</bind>
</comp>

<comp id="58" class="1004" name="complex_data_read_read_fu_58">
<pin_list>
<pin id="59" dir="0" index="0" bw="1" slack="0"/>
<pin id="60" dir="0" index="1" bw="1" slack="0"/>
<pin id="61" dir="1" index="2" bw="1" slack="0"/>
</pin_list>
<bind>
<opcode="read(1150) " fcode="read"/>
<opset="complex_data_read/1 "/>
</bind>
</comp>

<comp id="64" class="1004" name="thread_id_read_read_fu_64">
<pin_list>
<pin id="65" dir="0" index="0" bw="10" slack="0"/>
<pin id="66" dir="0" index="1" bw="10" slack="0"/>
<pin id="67" dir="1" index="2" bw="10" slack="0"/>
</pin_list>
<bind>
<opcode="read(1150) " fcode="read"/>
<opset="thread_id_read/1 "/>
</bind>
</comp>

<comp id="70" class="1004" name="station_id_read_read_fu_70">
<pin_list>
<pin id="71" dir="0" index="0" bw="16" slack="0"/>
<pin id="72" dir="0" index="1" bw="16" slack="0"/>
<pin id="73" dir="1" index="2" bw="16" slack="0"/>
</pin_list>
<bind>
<opcode="read(1150) " fcode="read"/>
<opset="station_id_read/1 "/>
</bind>
</comp>

<comp id="76" class="1004" name="epoch_read_read_fu_76">
<pin_list>
<pin id="77" dir="0" index="0" bw="6" slack="0"/>
<pin id="78" dir="0" index="1" bw="6" slack="0"/>
<pin id="79" dir="1" index="2" bw="6" slack="0"/>
</pin_list>
<bind>
<opcode="read(1150) " fcode="read"/>
<opset="epoch_read/1 "/>
</bind>
</comp>

<comp id="82" class="1004" name="write_ln0_write_fu_82">
<pin_list>
<pin id="83" dir="0" index="0" bw="0" slack="0"/>
<pin id="84" dir="0" index="1" bw="1" slack="0"/>
<pin id="85" dir="0" index="2" bw="1" slack="0"/>
<pin id="86" dir="1" index="3" bw="0" slack="2147483647"/>
</pin_list>
<bind>
<opcode="write(1151) " fcode="write"/>
<opset="write_ln0/1 "/>
</bind>
</comp>

<comp id="90" class="1004" name="write_ln0_write_fu_90">
<pin_list>
<pin id="91" dir="0" index="0" bw="0" slack="0"/>
<pin id="92" dir="0" index="1" bw="1" slack="0"/>
<pin id="93" dir="0" index="2" bw="1" slack="0"/>
<pin id="94" dir="1" index="3" bw="0" slack="2147483647"/>
</pin_list>
<bind>
<opcode="write(1151) " fcode="write"/>
<opset="write_ln0/1 "/>
</bind>
</comp>

<comp id="98" class="1004" name="write_ln0_write_fu_98">
<pin_list>
<pin id="99" dir="0" index="0" bw="0" slack="0"/>
<pin id="100" dir="0" index="1" bw="10" slack="0"/>
<pin id="101" dir="0" index="2" bw="10" slack="0"/>
<pin id="102" dir="1" index="3" bw="0" slack="2147483647"/>
</pin_list>
<bind>
<opcode="write(1151) " fcode="write"/>
<opset="write_ln0/1 "/>
</bind>
</comp>

<comp id="106" class="1004" name="write_ln0_write_fu_106">
<pin_list>
<pin id="107" dir="0" index="0" bw="0" slack="0"/>
<pin id="108" dir="0" index="1" bw="16" slack="0"/>
<pin id="109" dir="0" index="2" bw="16" slack="0"/>
<pin id="110" dir="1" index="3" bw="0" slack="2147483647"/>
</pin_list>
<bind>
<opcode="write(1151) " fcode="write"/>
<opset="write_ln0/1 "/>
</bind>
</comp>

<comp id="114" class="1004" name="write_ln0_write_fu_114">
<pin_list>
<pin id="115" dir="0" index="0" bw="0" slack="0"/>
<pin id="116" dir="0" index="1" bw="6" slack="0"/>
<pin id="117" dir="0" index="2" bw="6" slack="0"/>
<pin id="118" dir="1" index="3" bw="0" slack="2147483647"/>
</pin_list>
<bind>
<opcode="write(1151) " fcode="write"/>
<opset="write_ln0/1 "/>
</bind>
</comp>

</comp_list>

<net_list>
<net id="56"><net_src comp="36" pin="0"/><net_sink comp="52" pin=0"/></net>

<net id="57"><net_src comp="16" pin="0"/><net_sink comp="52" pin=1"/></net>

<net id="62"><net_src comp="36" pin="0"/><net_sink comp="58" pin=0"/></net>

<net id="63"><net_src comp="12" pin="0"/><net_sink comp="58" pin=1"/></net>

<net id="68"><net_src comp="38" pin="0"/><net_sink comp="64" pin=0"/></net>

<net id="69"><net_src comp="8" pin="0"/><net_sink comp="64" pin=1"/></net>

<net id="74"><net_src comp="40" pin="0"/><net_sink comp="70" pin=0"/></net>

<net id="75"><net_src comp="4" pin="0"/><net_sink comp="70" pin=1"/></net>

<net id="80"><net_src comp="42" pin="0"/><net_sink comp="76" pin=0"/></net>

<net id="81"><net_src comp="0" pin="0"/><net_sink comp="76" pin=1"/></net>

<net id="87"><net_src comp="44" pin="0"/><net_sink comp="82" pin=0"/></net>

<net id="88"><net_src comp="18" pin="0"/><net_sink comp="82" pin=1"/></net>

<net id="89"><net_src comp="52" pin="2"/><net_sink comp="82" pin=2"/></net>

<net id="95"><net_src comp="44" pin="0"/><net_sink comp="90" pin=0"/></net>

<net id="96"><net_src comp="14" pin="0"/><net_sink comp="90" pin=1"/></net>

<net id="97"><net_src comp="58" pin="2"/><net_sink comp="90" pin=2"/></net>

<net id="103"><net_src comp="46" pin="0"/><net_sink comp="98" pin=0"/></net>

<net id="104"><net_src comp="10" pin="0"/><net_sink comp="98" pin=1"/></net>

<net id="105"><net_src comp="64" pin="2"/><net_sink comp="98" pin=2"/></net>

<net id="111"><net_src comp="48" pin="0"/><net_sink comp="106" pin=0"/></net>

<net id="112"><net_src comp="6" pin="0"/><net_sink comp="106" pin=1"/></net>

<net id="113"><net_src comp="70" pin="2"/><net_sink comp="106" pin=2"/></net>

<net id="119"><net_src comp="50" pin="0"/><net_sink comp="114" pin=0"/></net>

<net id="120"><net_src comp="2" pin="0"/><net_sink comp="114" pin=1"/></net>

<net id="121"><net_src comp="76" pin="2"/><net_sink comp="114" pin=2"/></net>

</net_list>

</model> 
---------------- Datapath Model END ------------------

* FSMD analyzer results:
  - Output states:
	Port: epoch_c | {1 }
	Port: station_id_c | {1 }
	Port: thread_id_c | {1 }
	Port: complex_data_c | {1 }
	Port: pps_c | {1 }
 - Input state : 
	Port: entry_proc7 : epoch | {1 }
	Port: entry_proc7 : epoch_c | {}
	Port: entry_proc7 : station_id | {1 }
	Port: entry_proc7 : station_id_c | {}
	Port: entry_proc7 : thread_id | {1 }
	Port: entry_proc7 : thread_id_c | {}
	Port: entry_proc7 : complex_data | {1 }
	Port: entry_proc7 : complex_data_c | {}
	Port: entry_proc7 : pps | {1 }
	Port: entry_proc7 : pps_c | {}
  - Chain level:
	State 1


============================================================
+ Verbose Summary: Datapath Resource usage 
============================================================

* Functional unit list:
|----------|------------------------------|
| Operation|        Functional Unit       |
|----------|------------------------------|
|          |      pps_read_read_fu_52     |
|          | complex_data_read_read_fu_58 |
|   read   |   thread_id_read_read_fu_64  |
|          |  station_id_read_read_fu_70  |
|          |     epoch_read_read_fu_76    |
|----------|------------------------------|
|          |     write_ln0_write_fu_82    |
|          |     write_ln0_write_fu_90    |
|   write  |     write_ln0_write_fu_98    |
|          |    write_ln0_write_fu_106    |
|          |    write_ln0_write_fu_114    |
|----------|------------------------------|
|   Total  |                              |
|----------|------------------------------|

Memories:
N/A

* Register list:
N/A

* Multiplexer (MUX) list: 
|--------|------|------|------|--------|
|  Comp  |  Pin | Size |  BW  | S x BW |
|--------|------|------|------|--------|
|  Total |      |      |      |    0   |
|--------|------|------|------|--------|



* Summary:
+-----------+
|           |
+-----------+
|  Function |
|   Memory  |
|Multiplexer|
|  Register |
+-----------+
|   Total   |
+-----------+
