

================================================================
== Vitis HLS Report for 'Loop_VITIS_LOOP_79_1_proc'
================================================================
* Date:           Wed Jun 24 16:57:13 2026

* Version:        2025.2 (Build 6295257 on Nov 14 2025)
* Project:        vdif_chain
* Solution:       hls (Vivado IP Flow Target)
* Product family: artix7
* Target device:  xc7a12t-cpg238-1


================================================================
== Performance Estimates
================================================================
+ Timing: 
    * Summary: 
    +--------+----------+----------+------------+
    |  Clock |  Target  | Estimated| Uncertainty|
    +--------+----------+----------+------------+
    |ap_clk  |  10.00 ns|  7.291 ns|     2.70 ns|
    +--------+----------+----------+------------+

+ Latency: 
    * Summary: 
    +---------+---------+-----------+-----------+-----+---------+---------+
    |  Latency (cycles) |   Latency (absolute)  |    Interval   | Pipeline|
    |   min   |   max   |    min    |    max    | min |   max   |   Type  |
    +---------+---------+-----------+-----------+-----+---------+---------+
    |        1|  1507306|  10.000 ns|  15.073 ms|    1|  1507306|       no|
    +---------+---------+-----------+-----------+-----+---------+---------+

    + Detail: 
        * Instance: 
        N/A

        * Loop: 
        +-------------------+---------+---------+----------+-----------+-----------+-----------+----------+
        |                   |  Latency (cycles) | Iteration|  Initiation Interval  |    Trip   |          |
        |     Loop Name     |   min   |   max   |  Latency |  achieved |   target  |   Count   | Pipelined|
        +-------------------+---------+---------+----------+-----------+-----------+-----------+----------+
        |- VITIS_LOOP_79_1  |        0|  1507305|    4 ~ 23|          -|          -|  0 ~ 65535|        no|
        +-------------------+---------+---------+----------+-----------+-----------+-----------+----------+

============================================================
+ Verbose Summary: Synthesis Manager
============================================================
InlineROM: 1
ExposeGlobal: 0
============================================================
+ Verbose Summary: CDFG Model
============================================================
IsTopModel: 0
ResetActiveHigh: 1
IsCombinational: 2
IsDatapathOnly: 0
HasWiredReturn: 1
HasMFsm: 0
HasVarLatency: 1
IsPipeline: 0
IsRtlPipelined: 0
IsInstanceOverlapped: 0
IsDontTouch: 0
HasImplIP: 0
IsGatedGlobalClock: 0


============================================================
+ Verbose Summary: Schedule
============================================================
* Number of FSM states : 4
* Pipeline : 0
* Dataflow Pipeline: 0

* FSM state transitions: 
1 --> 2 
2 --> 3 
3 --> 4 
4 --> 2 

* FSM state operations: 

State 1 <SV = 0> <Delay = 3.65>
ST_1 : Operation 5 [1/1] (0.00ns)   --->   "%i = alloca i32 1" [../src/vdif_chain.cpp:79->../src/vdif_chain.cpp:79]   --->   Operation 5 'alloca' 'i' <Predicate = true> <Delay = 0.00>
ST_1 : Operation 6 [1/1] (0.00ns)   --->   "%specinterface_ln0 = specinterface void @_ssdm_op_SpecInterface, i16 %payload_words_c1, void @ap_fifo_str, i32 0, i32 0, void @p_str, i32 0, i32 0, void @p_str, void @p_str, void @p_str, i32 2, i32 2, i32 16, i32 16, void @p_str, void @ScalarProp_str, i32 4294967295, i32 0, i32 0, i32 0"   --->   Operation 6 'specinterface' 'specinterface_ln0' <Predicate = true> <Delay = 0.00>
ST_1 : Operation 7 [1/1] (0.00ns)   --->   "%bits_per_sample_read = read i5 @_ssdm_op_Read.ap_auto.i5, i5 %bits_per_sample"   --->   Operation 7 'read' 'bits_per_sample_read' <Predicate = true> <Delay = 0.00>
ST_1 : Operation 8 [1/1] (0.00ns)   --->   "%payload_words_read = read i16 @_ssdm_op_Read.ap_auto.i16, i16 %payload_words"   --->   Operation 8 'read' 'payload_words_read' <Predicate = true> <Delay = 0.00>
ST_1 : Operation 9 [1/1] ( I:3.65ns O:3.65ns )   --->   "%write_ln0 = write void @_ssdm_op_Write.ap_fifo.i16P0A, i16 %payload_words_c1, i16 %payload_words_read"   --->   Operation 9 'write' 'write_ln0' <Predicate = true> <Delay = 3.65> <CoreInst = "FIFO_SRL">   --->   Core 80 'FIFO_SRL' <Latency = 0> <II = 1> <Delay = 3.90> <Storage> <Opcode : 'read' 'write' 'nbread' 'nbwrite'> <Ports = 0> <Width = 16> <Depth = 2> <FIFO>
ST_1 : Operation 10 [1/1] (0.00ns)   --->   "%specinterface_ln0 = specinterface void @_ssdm_op_SpecInterface, i16 %payload_words_c, void @ap_fifo_str, i32 0, i32 0, void @p_str, i32 0, i32 0, void @p_str, void @p_str, void @p_str, i32 2, i32 2, i32 16, i32 16, void @p_str, void @ScalarProp_str, i32 4294967295, i32 0, i32 0, i32 0"   --->   Operation 10 'specinterface' 'specinterface_ln0' <Predicate = true> <Delay = 0.00>
ST_1 : Operation 11 [1/1] ( I:3.65ns O:3.65ns )   --->   "%write_ln0 = write void @_ssdm_op_Write.ap_fifo.i16P0A, i16 %payload_words_c, i16 %payload_words_read"   --->   Operation 11 'write' 'write_ln0' <Predicate = true> <Delay = 3.65> <CoreInst = "FIFO_SRL">   --->   Core 80 'FIFO_SRL' <Latency = 0> <II = 1> <Delay = 3.90> <Storage> <Opcode : 'read' 'write' 'nbread' 'nbwrite'> <Ports = 0> <Width = 16> <Depth = 2> <FIFO>
ST_1 : Operation 12 [1/1] (0.00ns)   --->   "%specinterface_ln0 = specinterface void @_ssdm_op_SpecInterface, i5 %bits_per_sample_c, void @ap_fifo_str, i32 0, i32 0, void @p_str, i32 0, i32 0, void @p_str, void @p_str, void @p_str, i32 2, i32 2, i32 16, i32 16, void @p_str, void @ScalarProp_str, i32 4294967295, i32 0, i32 0, i32 0"   --->   Operation 12 'specinterface' 'specinterface_ln0' <Predicate = true> <Delay = 0.00>
ST_1 : Operation 13 [1/1] ( I:3.65ns O:3.65ns )   --->   "%write_ln0 = write void @_ssdm_op_Write.ap_fifo.i5P0A, i5 %bits_per_sample_c, i5 %bits_per_sample_read"   --->   Operation 13 'write' 'write_ln0' <Predicate = true> <Delay = 3.65> <CoreInst = "FIFO_SRL">   --->   Core 80 'FIFO_SRL' <Latency = 0> <II = 1> <Delay = 3.90> <Storage> <Opcode : 'read' 'write' 'nbread' 'nbwrite'> <Ports = 0> <Width = 5> <Depth = 2> <FIFO>
ST_1 : Operation 14 [1/1] (0.00ns)   --->   "%specinterface_ln0 = specinterface void @_ssdm_op_SpecInterface, i32 %bram_stream, void @empty_8, i32 0, i32 0, void @empty_11, i32 0, i32 0, void @empty_11, void @empty_11, void @empty_11, i32 0, i32 0, i32 0, i32 0, void @empty_11, void @empty_11, i32 4294967295, i32 0, i32 0, i32 0"   --->   Operation 14 'specinterface' 'specinterface_ln0' <Predicate = true> <Delay = 0.00>
ST_1 : Operation 15 [1/1] (0.00ns)   --->   "%specinterface_ln0 = specinterface void @_ssdm_op_SpecInterface, i32 %packetizer_in, void @empty_8, i32 0, i32 0, void @empty_11, i32 0, i32 0, void @empty_11, void @empty_11, void @empty_11, i32 0, i32 0, i32 0, i32 0, void @empty_11, void @empty_11, i32 4294967295, i32 0, i32 0, i32 0"   --->   Operation 15 'specinterface' 'specinterface_ln0' <Predicate = true> <Delay = 0.00>
ST_1 : Operation 16 [1/1] (0.00ns)   --->   "%specinterface_ln0 = specinterface void @_ssdm_op_SpecInterface, i8 %adc_in, void @empty_13, i32 1, i32 1, void @empty_12, i32 0, i32 0, void @empty_11, void @empty_11, void @empty_11, i32 0, i32 0, i32 0, i32 0, void @empty_11, void @empty_11, i32 4294967295, i32 0, i32 0, i32 0"   --->   Operation 16 'specinterface' 'specinterface_ln0' <Predicate = true> <Delay = 0.00>
ST_1 : Operation 17 [1/1] (0.00ns)   --->   "%specinterface_ln0 = specinterface void @_ssdm_op_SpecInterface, i32 0, void @empty_5, i32 0, i32 0, void @empty_11, i32 0, i32 0, void @empty_11, void @empty_11, void @empty_11, i32 0, i32 0, i32 0, i32 0, void @empty_11, void @empty_11, i32 4294967295, i32 0, i32 0, i32 0"   --->   Operation 17 'specinterface' 'specinterface_ln0' <Predicate = true> <Delay = 0.00>
ST_1 : Operation 18 [1/1] (0.00ns)   --->   "%packed_stream = alloca i64 1"   --->   Operation 18 'alloca' 'packed_stream' <Predicate = true> <Delay = 0.00> <CoreInst = "FIFO">   --->   Core 77 'FIFO' <Latency = 0> <II = 1> <Delay = 3.50> <Storage> <Opcode : 'read' 'write' 'nbread' 'nbwrite'> <Ports = 0> <Width = 32> <Depth = 2048> <FIFO>
ST_1 : Operation 19 [1/1] (0.00ns)   --->   "%empty = specchannel i32 @_ssdm_op_SpecChannel, void @packed_stream_str, i32 1, void @p_str, void @p_str, i32 2048, i32 2048, i32 %packed_stream, i32 %packed_stream"   --->   Operation 19 'specchannel' 'empty' <Predicate = true> <Delay = 0.00>
ST_1 : Operation 20 [1/1] (0.00ns)   --->   "%specinterface_ln0 = specinterface void @_ssdm_op_SpecInterface, i32 %packed_stream, void @empty_8, i32 0, i32 0, void @empty_11, i32 0, i32 0, void @empty_11, void @empty_11, void @empty_11, i32 0, i32 0, i32 0, i32 0, void @empty_11, void @empty_11, i32 4294967295, i32 0, i32 0, i32 0"   --->   Operation 20 'specinterface' 'specinterface_ln0' <Predicate = true> <Delay = 0.00>
ST_1 : Operation 21 [1/1] (1.61ns)   --->   "%store_ln79 = store i16 0, i16 %i" [../src/vdif_chain.cpp:79->../src/vdif_chain.cpp:79]   --->   Operation 21 'store' 'store_ln79' <Predicate = true> <Delay = 1.61>
ST_1 : Operation 22 [1/1] (0.00ns)   --->   "%br_ln79 = br void %for.body.i" [../src/vdif_chain.cpp:79->../src/vdif_chain.cpp:79]   --->   Operation 22 'br' 'br_ln79' <Predicate = true> <Delay = 0.00>

State 2 <SV = 1> <Delay = 7.29>
ST_2 : Operation 23 [1/1] (0.00ns)   --->   "%i_11 = load i16 %i" [../src/vdif_chain.cpp:79->../src/vdif_chain.cpp:79]   --->   Operation 23 'load' 'i_11' <Predicate = true> <Delay = 0.00>
ST_2 : Operation 24 [1/1] (2.14ns)   --->   "%icmp_ln79 = icmp_eq  i16 %i_11, i16 %payload_words_read" [../src/vdif_chain.cpp:79->../src/vdif_chain.cpp:79]   --->   Operation 24 'icmp' 'icmp_ln79' <Predicate = true> <Delay = 2.14> <CoreInst = "Cmp">   --->   Core 9 'Cmp' <Latency = 0> <II = 1> <Delay = 2.14> <FuncUnit> <Opcode : 'seteq' 'setne' 'setle' 'setge' 'setlt' 'setgt'> <InPorts = 2> <OutPorts = 1>
ST_2 : Operation 25 [1/1] (2.14ns)   --->   "%i_12 = add i16 %i_11, i16 1" [../src/vdif_chain.cpp:79->../src/vdif_chain.cpp:79]   --->   Operation 25 'add' 'i_12' <Predicate = true> <Delay = 2.14> <CoreInst = "Adder">   --->   Core 1 'Adder' <Latency = 0> <II = 1> <Delay = 2.14> <FuncUnit> <Opcode : 'add' 'sub'> <InPorts = 2> <OutPorts = 1>
ST_2 : Operation 26 [1/1] (0.00ns)   --->   "%br_ln79 = br i1 %icmp_ln79, void %for.body.split.i, void %.exitStub" [../src/vdif_chain.cpp:79->../src/vdif_chain.cpp:79]   --->   Operation 26 'br' 'br_ln79' <Predicate = true> <Delay = 0.00>
ST_2 : Operation 27 [2/2] (5.14ns)   --->   "%call_ln84 = call void @sample_packer, i8 %adc_in, i32 %packed_stream, i5 %bits_per_sample_read" [../src/vdif_chain.cpp:84->../src/vdif_chain.cpp:79]   --->   Operation 27 'call' 'call_ln84' <Predicate = (!icmp_ln79)> <Delay = 5.14> <CoreType = "Generic">   --->   Generic Core
ST_2 : Operation 28 [1/1] (1.61ns)   --->   "%store_ln79 = store i16 %i_12, i16 %i" [../src/vdif_chain.cpp:79->../src/vdif_chain.cpp:79]   --->   Operation 28 'store' 'store_ln79' <Predicate = (!icmp_ln79)> <Delay = 1.61>
ST_2 : Operation 29 [1/1] (0.00ns)   --->   "%ret_ln0 = ret"   --->   Operation 29 'ret' 'ret_ln0' <Predicate = (icmp_ln79)> <Delay = 0.00>

State 3 <SV = 2> <Delay = 0.00>
ST_3 : Operation 30 [1/2] (0.00ns)   --->   "%call_ln84 = call void @sample_packer, i8 %adc_in, i32 %packed_stream, i5 %bits_per_sample_read" [../src/vdif_chain.cpp:84->../src/vdif_chain.cpp:79]   --->   Operation 30 'call' 'call_ln84' <Predicate = true> <Delay = 0.00> <CoreType = "Generic">   --->   Generic Core

State 4 <SV = 3> <Delay = 7.00>
ST_4 : Operation 31 [1/1] (0.00ns)   --->   "%speclooptripcount_ln79 = speclooptripcount void @_ssdm_op_SpecLoopTripCount, i64 0, i64 65535, i64 32767" [../src/vdif_chain.cpp:79->../src/vdif_chain.cpp:79]   --->   Operation 31 'speclooptripcount' 'speclooptripcount_ln79' <Predicate = true> <Delay = 0.00>
ST_4 : Operation 32 [1/1] (0.00ns)   --->   "%specloopname_ln79 = specloopname void @_ssdm_op_SpecLoopName, void @empty_14" [../src/vdif_chain.cpp:79->../src/vdif_chain.cpp:79]   --->   Operation 32 'specloopname' 'specloopname_ln79' <Predicate = true> <Delay = 0.00>
ST_4 : Operation 33 [1/1] ( I:3.50ns O:3.50ns )   --->   "%packed_stream_read = read i32 @_ssdm_op_Read.ap_fifo.volatile.i32P0A, i32 %packed_stream" [../src/vdif_chain.cpp:90->../src/vdif_chain.cpp:79]   --->   Operation 33 'read' 'packed_stream_read' <Predicate = true> <Delay = 3.50> <CoreInst = "FIFO">   --->   Core 77 'FIFO' <Latency = 0> <II = 1> <Delay = 3.50> <Storage> <Opcode : 'read' 'write' 'nbread' 'nbwrite'> <Ports = 0> <Width = 32> <Depth = 2048> <FIFO>
ST_4 : Operation 34 [1/1] ( I:3.50ns O:3.50ns )   --->   "%write_ln92 = write void @_ssdm_op_Write.ap_fifo.volatile.i32P0A, i32 %packetizer_in, i32 %packed_stream_read" [../src/vdif_chain.cpp:92->../src/vdif_chain.cpp:79]   --->   Operation 34 'write' 'write_ln92' <Predicate = true> <Delay = 3.50> <CoreInst = "FIFO">   --->   Core 77 'FIFO' <Latency = 0> <II = 1> <Delay = 3.50> <Storage> <Opcode : 'read' 'write' 'nbread' 'nbwrite'> <Ports = 0> <Width = 32> <Depth = 2048> <FIFO>
ST_4 : Operation 35 [1/1] ( I:3.50ns O:3.50ns )   --->   "%write_ln93 = write void @_ssdm_op_Write.ap_fifo.volatile.i32P0A, i32 %bram_stream, i32 %packed_stream_read" [../src/vdif_chain.cpp:93->../src/vdif_chain.cpp:79]   --->   Operation 35 'write' 'write_ln93' <Predicate = true> <Delay = 3.50> <CoreInst = "FIFO">   --->   Core 77 'FIFO' <Latency = 0> <II = 1> <Delay = 3.50> <Storage> <Opcode : 'read' 'write' 'nbread' 'nbwrite'> <Ports = 0> <Width = 32> <Depth = 2048> <FIFO>
ST_4 : Operation 36 [1/1] (0.00ns)   --->   "%br_ln79 = br void %for.body.i" [../src/vdif_chain.cpp:79->../src/vdif_chain.cpp:79]   --->   Operation 36 'br' 'br_ln79' <Predicate = true> <Delay = 0.00>


============================================================
+ Verbose Summary: Timing violations
============================================================
Target clock period: 10.000ns, clock uncertainty: 2.700ns.

 <State 1>: 3.650ns
The critical path consists of the following:
	wire read operation ('payload_words_read') on port 'payload_words' [12]  (0.000 ns)
	fifo write operation ('write_ln0') on port 'payload_words_c1' [13]  (3.650 ns)

 <State 2>: 7.291ns
The critical path consists of the following:
	'load' operation 16 bit ('i', ../src/vdif_chain.cpp:79->../src/vdif_chain.cpp:79) on local variable 'i', ../src/vdif_chain.cpp:79->../src/vdif_chain.cpp:79 [28]  (0.000 ns)
	'icmp' operation 1 bit ('icmp_ln79', ../src/vdif_chain.cpp:79->../src/vdif_chain.cpp:79) [29]  (2.146 ns)
	'call' operation ('call_ln84', ../src/vdif_chain.cpp:84->../src/vdif_chain.cpp:79) to 'sample_packer' [35]  (5.145 ns)

 <State 3>: 0.000ns
The critical path consists of the following:

 <State 4>: 7.008ns
The critical path consists of the following:
	fifo read operation ('packed_stream_read', ../src/vdif_chain.cpp:90->../src/vdif_chain.cpp:79) on port 'packed_stream' (../src/vdif_chain.cpp:90->../src/vdif_chain.cpp:79) [36]  (3.504 ns)
	fifo write operation ('write_ln92', ../src/vdif_chain.cpp:92->../src/vdif_chain.cpp:79) on port 'packetizer_in' (../src/vdif_chain.cpp:92->../src/vdif_chain.cpp:79) [37]  (3.504 ns)


============================================================
+ Verbose Summary: Binding
============================================================
N/A
* FSMD analyzer results:
  - Output states:
 - Input state : 
  - Chain level:
	State 1
	State 2
	State 3
	State 4


============================================================
+ Verbose Summary: Datapath Resource usage 
============================================================
N/A
