

================================================================
== Vitis HLS Report for 'Loop_VITIS_LOOP_79_1_proc'
================================================================
* Date:           Wed Jun 24 16:57:25 2026

* Version:        2025.2 (Build 6295257 on Nov 14 2025)
* Project:        vdif_chain
* Solution:       hls (Vivado IP Flow Target)
* Product family: artix7
* Target device:  xc7a12t-cpg238-1


================================================================
== Performance Estimates
================================================================
+ Timing: 
    * Summary: 
    +--------+----------+----------+------------+
    |  Clock |  Target  | Estimated| Uncertainty|
    +--------+----------+----------+------------+
    |ap_clk  |  10.00 ns|  7.291 ns|     2.70 ns|
    +--------+----------+----------+------------+

+ Latency: 
    * Summary: 
    +---------+---------+-----------+-----------+-----+---------+---------+
    |  Latency (cycles) |   Latency (absolute)  |    Interval   | Pipeline|
    |   min   |   max   |    min    |    max    | min |   max   |   Type  |
    +---------+---------+-----------+-----------+-----+---------+---------+
    |        1|  1507306|  10.000 ns|  15.073 ms|    1|  1507306|       no|
    +---------+---------+-----------+-----------+-----+---------+---------+

    + Detail: 
        * Instance: 
        +--------------------------+---------------+---------+---------+-----------+----------+-----+-----+---------+
        |                          |               |  Latency (cycles) |  Latency (absolute)  |  Interval | Pipeline|
        |         Instance         |     Module    |   min   |   max   |    min    |    max   | min | max |   Type  |
        +--------------------------+---------------+---------+---------+-----------+----------+-----+-----+---------+
        |grp_sample_packer_fu_147  |sample_packer  |        1|       20|  10.000 ns|  0.200 us|    1|   20|       no|
        +--------------------------+---------------+---------+---------+-----------+----------+-----+-----+---------+

        * Loop: 
        +-------------------+---------+---------+----------+-----------+-----------+-----------+----------+
        |                   |  Latency (cycles) | Iteration|  Initiation Interval  |    Trip   |          |
        |     Loop Name     |   min   |   max   |  Latency |  achieved |   target  |   Count   | Pipelined|
        +-------------------+---------+---------+----------+-----------+-----------+-----------+----------+
        |- VITIS_LOOP_79_1  |        0|  1507305|    4 ~ 23|          -|          -|  0 ~ 65535|        no|
        +-------------------+---------+---------+----------+-----------+-----------+-----------+----------+



================================================================
== Utilization Estimates
================================================================
* Summary: 
+-----------------+---------+----+-------+------+-----+
|       Name      | BRAM_18K| DSP|   FF  |  LUT | URAM|
+-----------------+---------+----+-------+------+-----+
|DSP              |        -|   -|      -|     -|    -|
|Expression       |        -|   -|      0|    50|    -|
|FIFO             |        4|   -|    163|    82|    -|
|Instance         |        -|   -|    133|   423|    -|
|Memory           |        -|   -|      -|     -|    -|
|Multiplexer      |        -|   -|      0|   111|    -|
|Register         |        -|   -|     44|     -|    -|
+-----------------+---------+----+-------+------+-----+
|Total            |        4|   0|    340|   666|    0|
+-----------------+---------+----+-------+------+-----+
|Available        |       40|  40|  16000|  8000|    0|
+-----------------+---------+----+-------+------+-----+
|Utilization (%)  |       10|   0|      2|     8|    0|
+-----------------+---------+----+-------+------+-----+

+ Detail: 
    * Instance: 
    +--------------------------+---------------+---------+----+-----+-----+-----+
    |         Instance         |     Module    | BRAM_18K| DSP|  FF | LUT | URAM|
    +--------------------------+---------------+---------+----+-----+-----+-----+
    |grp_sample_packer_fu_147  |sample_packer  |        0|   0|  133|  423|    0|
    +--------------------------+---------------+---------+----+-----+-----+-----+
    |Total                     |               |        0|   0|  133|  423|    0|
    +--------------------------+---------------+---------+----+-----+-----+-----+

    * DSP: 
    N/A

    * Memory: 
    N/A

    * FIFO: 
    +----------------------+---------+-----+----+-----+------+-----+---------+
    |         Name         | BRAM_18K|  FF | LUT| URAM| Depth| Bits| Size:D*B|
    +----------------------+---------+-----+----+-----+------+-----+---------+
    |packed_stream_fifo_U  |        4|  163|   0|    -|  2048|   32|    65536|
    +----------------------+---------+-----+----+-----+------+-----+---------+
    |Total                 |        4|  163|   0|    0|  2048|   32|    65536|
    +----------------------+---------+-----+----+-----+------+-----+---------+

    * Expression: 
    +---------------------+----------+----+---+----+------------+------------+
    |    Variable Name    | Operation| DSP| FF| LUT| Bitwidth P0| Bitwidth P1|
    +---------------------+----------+----+---+----+------------+------------+
    |i_12_fu_168_p2       |         +|   0|  0|  23|          16|           1|
    |icmp_ln79_fu_163_p2  |      icmp|   0|  0|  23|          16|          16|
    |ap_block_state1      |        or|   0|  0|   2|           1|           1|
    |ap_block_state4      |        or|   0|  0|   2|           1|           1|
    +---------------------+----------+----+---+----+------------+------------+
    |Total                |          |   0|  0|  50|          34|          19|
    +---------------------+----------+----+---+----+------------+------------+

    * Multiplexer: 
    +----------------------------+----+-----------+-----+-----------+
    |            Name            | LUT| Input Size| Bits| Total Bits|
    +----------------------------+----+-----------+-----+-----------+
    |adc_in_TREADY_int_regslice  |   9|          2|    1|          2|
    |ap_NS_fsm                   |  21|          5|    1|          5|
    |ap_done                     |   9|          2|    1|          2|
    |bits_per_sample_c_blk_n     |   9|          2|    1|          2|
    |bram_stream_blk_n           |   9|          2|    1|          2|
    |i_fu_82                     |   9|          2|   16|         32|
    |packed_stream_write         |   9|          2|    1|          2|
    |packetizer_in_blk_n         |   9|          2|    1|          2|
    |payload_words_c1_blk_n      |   9|          2|    1|          2|
    |payload_words_c_blk_n       |   9|          2|    1|          2|
    |real_start                  |   9|          2|    1|          2|
    +----------------------------+----+-----------+-----+-----------+
    |Total                       | 111|         25|   26|         55|
    +----------------------------+----+-----------+-----+-----------+

    * Register: 
    +---------------------------------------+----+----+-----+-----------+
    |                  Name                 | FF | LUT| Bits| Const Bits|
    +---------------------------------------+----+----+-----+-----------+
    |ap_CS_fsm                              |   4|   0|    4|          0|
    |ap_done_reg                            |   1|   0|    1|          0|
    |bits_per_sample_read_reg_186           |   5|   0|    5|          0|
    |grp_sample_packer_fu_147_ap_start_reg  |   1|   0|    1|          0|
    |i_fu_82                                |  16|   0|   16|          0|
    |payload_words_read_reg_191             |  16|   0|   16|          0|
    |start_once_reg                         |   1|   0|    1|          0|
    +---------------------------------------+----+----+-----+-----------+
    |Total                                  |  44|   0|   44|          0|
    +---------------------------------------+----+----+-----+-----------+



================================================================
== Interface
================================================================
* Summary: 
+----------------------------------+-----+-----+------------+---------------------------+--------------+
|             RTL Ports            | Dir | Bits|  Protocol  |       Source Object       |    C Type    |
+----------------------------------+-----+-----+------------+---------------------------+--------------+
|ap_clk                            |   in|    1|  ap_ctrl_hs|  Loop_VITIS_LOOP_79_1_proc|  return value|
|ap_rst                            |   in|    1|  ap_ctrl_hs|  Loop_VITIS_LOOP_79_1_proc|  return value|
|ap_start                          |   in|    1|  ap_ctrl_hs|  Loop_VITIS_LOOP_79_1_proc|  return value|
|start_full_n                      |   in|    1|  ap_ctrl_hs|  Loop_VITIS_LOOP_79_1_proc|  return value|
|ap_done                           |  out|    1|  ap_ctrl_hs|  Loop_VITIS_LOOP_79_1_proc|  return value|
|ap_continue                       |   in|    1|  ap_ctrl_hs|  Loop_VITIS_LOOP_79_1_proc|  return value|
|ap_idle                           |  out|    1|  ap_ctrl_hs|  Loop_VITIS_LOOP_79_1_proc|  return value|
|ap_ready                          |  out|    1|  ap_ctrl_hs|  Loop_VITIS_LOOP_79_1_proc|  return value|
|start_out                         |  out|    1|  ap_ctrl_hs|  Loop_VITIS_LOOP_79_1_proc|  return value|
|start_write                       |  out|    1|  ap_ctrl_hs|  Loop_VITIS_LOOP_79_1_proc|  return value|
|payload_words                     |   in|   16|     ap_none|              payload_words|        scalar|
|adc_in_TDATA                      |   in|    8|        axis|                     adc_in|       pointer|
|adc_in_TVALID                     |   in|    1|        axis|                     adc_in|       pointer|
|adc_in_TREADY                     |  out|    1|        axis|                     adc_in|       pointer|
|bits_per_sample                   |   in|    5|     ap_none|            bits_per_sample|        scalar|
|packetizer_in_din                 |  out|   32|     ap_fifo|              packetizer_in|       pointer|
|packetizer_in_full_n              |   in|    1|     ap_fifo|              packetizer_in|       pointer|
|packetizer_in_write               |  out|    1|     ap_fifo|              packetizer_in|       pointer|
|packetizer_in_num_data_valid      |   in|   12|     ap_fifo|              packetizer_in|       pointer|
|packetizer_in_fifo_cap            |   in|   12|     ap_fifo|              packetizer_in|       pointer|
|bram_stream_din                   |  out|   32|     ap_fifo|                bram_stream|       pointer|
|bram_stream_full_n                |   in|    1|     ap_fifo|                bram_stream|       pointer|
|bram_stream_write                 |  out|    1|     ap_fifo|                bram_stream|       pointer|
|bram_stream_num_data_valid        |   in|   12|     ap_fifo|                bram_stream|       pointer|
|bram_stream_fifo_cap              |   in|   12|     ap_fifo|                bram_stream|       pointer|
|bits_per_sample_c_din             |  out|    5|     ap_fifo|          bits_per_sample_c|       pointer|
|bits_per_sample_c_full_n          |   in|    1|     ap_fifo|          bits_per_sample_c|       pointer|
|bits_per_sample_c_write           |  out|    1|     ap_fifo|          bits_per_sample_c|       pointer|
|bits_per_sample_c_num_data_valid  |   in|    3|     ap_fifo|          bits_per_sample_c|       pointer|
|bits_per_sample_c_fifo_cap        |   in|    3|     ap_fifo|          bits_per_sample_c|       pointer|
|payload_words_c_din               |  out|   16|     ap_fifo|            payload_words_c|       pointer|
|payload_words_c_full_n            |   in|    1|     ap_fifo|            payload_words_c|       pointer|
|payload_words_c_write             |  out|    1|     ap_fifo|            payload_words_c|       pointer|
|payload_words_c_num_data_valid    |   in|    3|     ap_fifo|            payload_words_c|       pointer|
|payload_words_c_fifo_cap          |   in|    3|     ap_fifo|            payload_words_c|       pointer|
|payload_words_c1_din              |  out|   16|     ap_fifo|           payload_words_c1|       pointer|
|payload_words_c1_full_n           |   in|    1|     ap_fifo|           payload_words_c1|       pointer|
|payload_words_c1_write            |  out|    1|     ap_fifo|           payload_words_c1|       pointer|
|payload_words_c1_num_data_valid   |   in|    3|     ap_fifo|           payload_words_c1|       pointer|
|payload_words_c1_fifo_cap         |   in|    3|     ap_fifo|           payload_words_c1|       pointer|
+----------------------------------+-----+-----+------------+---------------------------+--------------+

============================================================
+ Verbose Summary: Synthesis Manager
============================================================
InlineROM: 1
ExposeGlobal: 0
============================================================
+ Verbose Summary: CDFG Model
============================================================
IsTopModel: 0
ResetActiveHigh: 1
IsCombinational: 2
IsDatapathOnly: 0
HasWiredReturn: 1
HasMFsm: 0
HasVarLatency: 1
IsPipeline: 0
IsRtlPipelined: 0
IsInstanceOverlapped: 0
IsDontTouch: 0
HasImplIP: 0
IsGatedGlobalClock: 0


============================================================
+ Verbose Summary: Schedule
============================================================
* Number of FSM states : 4
* Pipeline : 0
* Dataflow Pipeline: 0

* FSM state transitions: 
1 --> 2 
2 --> 3 
3 --> 4 
4 --> 2 

* FSM state operations: 

State 1 <SV = 0> <Delay = 3.65>
ST_1 : Operation 5 [1/1] (0.00ns)   --->   "%i = alloca i32 1" [../src/vdif_chain.cpp:79->../src/vdif_chain.cpp:79]   --->   Operation 5 'alloca' 'i' <Predicate = true> <Delay = 0.00>
ST_1 : Operation 6 [1/1] (0.00ns)   --->   "%specinterface_ln0 = specinterface void @_ssdm_op_SpecInterface, i16 %payload_words_c1, void @ap_fifo_str, i32 0, i32 0, void @p_str, i32 0, i32 0, void @p_str, void @p_str, void @p_str, i32 2, i32 2, i32 16, i32 16, void @p_str, void @ScalarProp_str, i32 4294967295, i32 0, i32 0, i32 0"   --->   Operation 6 'specinterface' 'specinterface_ln0' <Predicate = true> <Delay = 0.00>
ST_1 : Operation 7 [1/1] (0.00ns)   --->   "%bits_per_sample_read = read i5 @_ssdm_op_Read.ap_auto.i5, i5 %bits_per_sample"   --->   Operation 7 'read' 'bits_per_sample_read' <Predicate = true> <Delay = 0.00>
ST_1 : Operation 8 [1/1] (0.00ns)   --->   "%payload_words_read = read i16 @_ssdm_op_Read.ap_auto.i16, i16 %payload_words"   --->   Operation 8 'read' 'payload_words_read' <Predicate = true> <Delay = 0.00>
ST_1 : Operation 9 [1/1] ( I:3.65ns O:3.65ns )   --->   "%write_ln0 = write void @_ssdm_op_Write.ap_fifo.i16P0A, i16 %payload_words_c1, i16 %payload_words_read"   --->   Operation 9 'write' 'write_ln0' <Predicate = true> <Delay = 3.65> <CoreInst = "FIFO_SRL">   --->   Core 80 'FIFO_SRL' <Latency = 0> <II = 1> <Delay = 3.90> <Storage> <Opcode : 'read' 'write' 'nbread' 'nbwrite'> <Ports = 0> <Width = 16> <Depth = 2> <FIFO>
ST_1 : Operation 10 [1/1] (0.00ns)   --->   "%specinterface_ln0 = specinterface void @_ssdm_op_SpecInterface, i16 %payload_words_c, void @ap_fifo_str, i32 0, i32 0, void @p_str, i32 0, i32 0, void @p_str, void @p_str, void @p_str, i32 2, i32 2, i32 16, i32 16, void @p_str, void @ScalarProp_str, i32 4294967295, i32 0, i32 0, i32 0"   --->   Operation 10 'specinterface' 'specinterface_ln0' <Predicate = true> <Delay = 0.00>
ST_1 : Operation 11 [1/1] ( I:3.65ns O:3.65ns )   --->   "%write_ln0 = write void @_ssdm_op_Write.ap_fifo.i16P0A, i16 %payload_words_c, i16 %payload_words_read"   --->   Operation 11 'write' 'write_ln0' <Predicate = true> <Delay = 3.65> <CoreInst = "FIFO_SRL">   --->   Core 80 'FIFO_SRL' <Latency = 0> <II = 1> <Delay = 3.90> <Storage> <Opcode : 'read' 'write' 'nbread' 'nbwrite'> <Ports = 0> <Width = 16> <Depth = 2> <FIFO>
ST_1 : Operation 12 [1/1] (0.00ns)   --->   "%specinterface_ln0 = specinterface void @_ssdm_op_SpecInterface, i5 %bits_per_sample_c, void @ap_fifo_str, i32 0, i32 0, void @p_str, i32 0, i32 0, void @p_str, void @p_str, void @p_str, i32 2, i32 2, i32 16, i32 16, void @p_str, void @ScalarProp_str, i32 4294967295, i32 0, i32 0, i32 0"   --->   Operation 12 'specinterface' 'specinterface_ln0' <Predicate = true> <Delay = 0.00>
ST_1 : Operation 13 [1/1] ( I:3.65ns O:3.65ns )   --->   "%write_ln0 = write void @_ssdm_op_Write.ap_fifo.i5P0A, i5 %bits_per_sample_c, i5 %bits_per_sample_read"   --->   Operation 13 'write' 'write_ln0' <Predicate = true> <Delay = 3.65> <CoreInst = "FIFO_SRL">   --->   Core 80 'FIFO_SRL' <Latency = 0> <II = 1> <Delay = 3.90> <Storage> <Opcode : 'read' 'write' 'nbread' 'nbwrite'> <Ports = 0> <Width = 5> <Depth = 2> <FIFO>
ST_1 : Operation 14 [1/1] (0.00ns)   --->   "%specinterface_ln0 = specinterface void @_ssdm_op_SpecInterface, i32 %bram_stream, void @empty_8, i32 0, i32 0, void @empty_11, i32 0, i32 0, void @empty_11, void @empty_11, void @empty_11, i32 0, i32 0, i32 0, i32 0, void @empty_11, void @empty_11, i32 4294967295, i32 0, i32 0, i32 0"   --->   Operation 14 'specinterface' 'specinterface_ln0' <Predicate = true> <Delay = 0.00>
ST_1 : Operation 15 [1/1] (0.00ns)   --->   "%specinterface_ln0 = specinterface void @_ssdm_op_SpecInterface, i32 %packetizer_in, void @empty_8, i32 0, i32 0, void @empty_11, i32 0, i32 0, void @empty_11, void @empty_11, void @empty_11, i32 0, i32 0, i32 0, i32 0, void @empty_11, void @empty_11, i32 4294967295, i32 0, i32 0, i32 0"   --->   Operation 15 'specinterface' 'specinterface_ln0' <Predicate = true> <Delay = 0.00>
ST_1 : Operation 16 [1/1] (0.00ns)   --->   "%specinterface_ln0 = specinterface void @_ssdm_op_SpecInterface, i8 %adc_in, void @empty_13, i32 1, i32 1, void @empty_12, i32 0, i32 0, void @empty_11, void @empty_11, void @empty_11, i32 0, i32 0, i32 0, i32 0, void @empty_11, void @empty_11, i32 4294967295, i32 0, i32 0, i32 0"   --->   Operation 16 'specinterface' 'specinterface_ln0' <Predicate = true> <Delay = 0.00>
ST_1 : Operation 17 [1/1] (0.00ns)   --->   "%specinterface_ln0 = specinterface void @_ssdm_op_SpecInterface, i32 0, void @empty_5, i32 0, i32 0, void @empty_11, i32 0, i32 0, void @empty_11, void @empty_11, void @empty_11, i32 0, i32 0, i32 0, i32 0, void @empty_11, void @empty_11, i32 4294967295, i32 0, i32 0, i32 0"   --->   Operation 17 'specinterface' 'specinterface_ln0' <Predicate = true> <Delay = 0.00>
ST_1 : Operation 18 [1/1] (0.00ns)   --->   "%packed_stream = alloca i64 1"   --->   Operation 18 'alloca' 'packed_stream' <Predicate = true> <Delay = 0.00> <CoreInst = "FIFO">   --->   Core 77 'FIFO' <Latency = 0> <II = 1> <Delay = 3.50> <Storage> <Opcode : 'read' 'write' 'nbread' 'nbwrite'> <Ports = 0> <Width = 32> <Depth = 2048> <FIFO>
ST_1 : Operation 19 [1/1] (0.00ns)   --->   "%empty = specchannel i32 @_ssdm_op_SpecChannel, void @packed_stream_str, i32 1, void @p_str, void @p_str, i32 2048, i32 2048, i32 %packed_stream, i32 %packed_stream"   --->   Operation 19 'specchannel' 'empty' <Predicate = true> <Delay = 0.00>
ST_1 : Operation 20 [1/1] (0.00ns)   --->   "%specinterface_ln0 = specinterface void @_ssdm_op_SpecInterface, i32 %packed_stream, void @empty_8, i32 0, i32 0, void @empty_11, i32 0, i32 0, void @empty_11, void @empty_11, void @empty_11, i32 0, i32 0, i32 0, i32 0, void @empty_11, void @empty_11, i32 4294967295, i32 0, i32 0, i32 0"   --->   Operation 20 'specinterface' 'specinterface_ln0' <Predicate = true> <Delay = 0.00>
ST_1 : Operation 21 [1/1] (1.61ns)   --->   "%store_ln79 = store i16 0, i16 %i" [../src/vdif_chain.cpp:79->../src/vdif_chain.cpp:79]   --->   Operation 21 'store' 'store_ln79' <Predicate = true> <Delay = 1.61>
ST_1 : Operation 22 [1/1] (0.00ns)   --->   "%br_ln79 = br void %for.body.i" [../src/vdif_chain.cpp:79->../src/vdif_chain.cpp:79]   --->   Operation 22 'br' 'br_ln79' <Predicate = true> <Delay = 0.00>

State 2 <SV = 1> <Delay = 7.29>
ST_2 : Operation 23 [1/1] (0.00ns)   --->   "%i_11 = load i16 %i" [../src/vdif_chain.cpp:79->../src/vdif_chain.cpp:79]   --->   Operation 23 'load' 'i_11' <Predicate = true> <Delay = 0.00>
ST_2 : Operation 24 [1/1] (2.14ns)   --->   "%icmp_ln79 = icmp_eq  i16 %i_11, i16 %payload_words_read" [../src/vdif_chain.cpp:79->../src/vdif_chain.cpp:79]   --->   Operation 24 'icmp' 'icmp_ln79' <Predicate = true> <Delay = 2.14> <CoreInst = "Cmp">   --->   Core 9 'Cmp' <Latency = 0> <II = 1> <Delay = 2.14> <FuncUnit> <Opcode : 'seteq' 'setne' 'setle' 'setge' 'setlt' 'setgt'> <InPorts = 2> <OutPorts = 1>
ST_2 : Operation 25 [1/1] (2.14ns)   --->   "%i_12 = add i16 %i_11, i16 1" [../src/vdif_chain.cpp:79->../src/vdif_chain.cpp:79]   --->   Operation 25 'add' 'i_12' <Predicate = true> <Delay = 2.14> <CoreInst = "Adder">   --->   Core 1 'Adder' <Latency = 0> <II = 1> <Delay = 2.14> <FuncUnit> <Opcode : 'add' 'sub'> <InPorts = 2> <OutPorts = 1>
ST_2 : Operation 26 [1/1] (0.00ns)   --->   "%br_ln79 = br i1 %icmp_ln79, void %for.body.split.i, void %.exitStub" [../src/vdif_chain.cpp:79->../src/vdif_chain.cpp:79]   --->   Operation 26 'br' 'br_ln79' <Predicate = true> <Delay = 0.00>
ST_2 : Operation 27 [2/2] (5.14ns)   --->   "%call_ln84 = call void @sample_packer, i8 %adc_in, i32 %packed_stream, i5 %bits_per_sample_read" [../src/vdif_chain.cpp:84->../src/vdif_chain.cpp:79]   --->   Operation 27 'call' 'call_ln84' <Predicate = (!icmp_ln79)> <Delay = 5.14> <CoreType = "Generic">   --->   Generic Core
ST_2 : Operation 28 [1/1] (1.61ns)   --->   "%store_ln79 = store i16 %i_12, i16 %i" [../src/vdif_chain.cpp:79->../src/vdif_chain.cpp:79]   --->   Operation 28 'store' 'store_ln79' <Predicate = (!icmp_ln79)> <Delay = 1.61>
ST_2 : Operation 29 [1/1] (0.00ns)   --->   "%ret_ln0 = ret"   --->   Operation 29 'ret' 'ret_ln0' <Predicate = (icmp_ln79)> <Delay = 0.00>

State 3 <SV = 2> <Delay = 0.00>
ST_3 : Operation 30 [1/2] (0.00ns)   --->   "%call_ln84 = call void @sample_packer, i8 %adc_in, i32 %packed_stream, i5 %bits_per_sample_read" [../src/vdif_chain.cpp:84->../src/vdif_chain.cpp:79]   --->   Operation 30 'call' 'call_ln84' <Predicate = true> <Delay = 0.00> <CoreType = "Generic">   --->   Generic Core

State 4 <SV = 3> <Delay = 7.00>
ST_4 : Operation 31 [1/1] (0.00ns)   --->   "%speclooptripcount_ln79 = speclooptripcount void @_ssdm_op_SpecLoopTripCount, i64 0, i64 65535, i64 32767" [../src/vdif_chain.cpp:79->../src/vdif_chain.cpp:79]   --->   Operation 31 'speclooptripcount' 'speclooptripcount_ln79' <Predicate = true> <Delay = 0.00>
ST_4 : Operation 32 [1/1] (0.00ns)   --->   "%specloopname_ln79 = specloopname void @_ssdm_op_SpecLoopName, void @empty_14" [../src/vdif_chain.cpp:79->../src/vdif_chain.cpp:79]   --->   Operation 32 'specloopname' 'specloopname_ln79' <Predicate = true> <Delay = 0.00>
ST_4 : Operation 33 [1/1] ( I:3.50ns O:3.50ns )   --->   "%packed_stream_read = read i32 @_ssdm_op_Read.ap_fifo.volatile.i32P0A, i32 %packed_stream" [../src/vdif_chain.cpp:90->../src/vdif_chain.cpp:79]   --->   Operation 33 'read' 'packed_stream_read' <Predicate = true> <Delay = 3.50> <CoreInst = "FIFO">   --->   Core 77 'FIFO' <Latency = 0> <II = 1> <Delay = 3.50> <Storage> <Opcode : 'read' 'write' 'nbread' 'nbwrite'> <Ports = 0> <Width = 32> <Depth = 2048> <FIFO>
ST_4 : Operation 34 [1/1] ( I:3.50ns O:3.50ns )   --->   "%write_ln92 = write void @_ssdm_op_Write.ap_fifo.volatile.i32P0A, i32 %packetizer_in, i32 %packed_stream_read" [../src/vdif_chain.cpp:92->../src/vdif_chain.cpp:79]   --->   Operation 34 'write' 'write_ln92' <Predicate = true> <Delay = 3.50> <CoreInst = "FIFO">   --->   Core 77 'FIFO' <Latency = 0> <II = 1> <Delay = 3.50> <Storage> <Opcode : 'read' 'write' 'nbread' 'nbwrite'> <Ports = 0> <Width = 32> <Depth = 2048> <FIFO>
ST_4 : Operation 35 [1/1] ( I:3.50ns O:3.50ns )   --->   "%write_ln93 = write void @_ssdm_op_Write.ap_fifo.volatile.i32P0A, i32 %bram_stream, i32 %packed_stream_read" [../src/vdif_chain.cpp:93->../src/vdif_chain.cpp:79]   --->   Operation 35 'write' 'write_ln93' <Predicate = true> <Delay = 3.50> <CoreInst = "FIFO">   --->   Core 77 'FIFO' <Latency = 0> <II = 1> <Delay = 3.50> <Storage> <Opcode : 'read' 'write' 'nbread' 'nbwrite'> <Ports = 0> <Width = 32> <Depth = 2048> <FIFO>
ST_4 : Operation 36 [1/1] (0.00ns)   --->   "%br_ln79 = br void %for.body.i" [../src/vdif_chain.cpp:79->../src/vdif_chain.cpp:79]   --->   Operation 36 'br' 'br_ln79' <Predicate = true> <Delay = 0.00>


============================================================
+ Verbose Summary: Binding
============================================================
STG Binding: 
---------------- STG Properties BEGIN ----------------
- Is combinational: 0
- Is one-state seq: 0
- Is datapath-only: 0
- Is pipelined: 0
- Is top level: 0
Port [ Return ] is wired: 1; IO mode=ap_ctrl_hs:ce=0
Port [ payload_words]:  wired=1; compound=0; hidden=0; nouse=0; global=0; static=0; extern=0; dir=0; type=0; pingpong=0; private_global=0; IO mode=ap_none:ce=0
Port [ adc_in]:  wired=1; compound=1; hidden=0; nouse=0; global=0; static=0; extern=0; dir=0; type=0; pingpong=0; private_global=0; IO mode=axis:ce=0
Port [ bits_per_sample]:  wired=1; compound=0; hidden=0; nouse=0; global=0; static=0; extern=0; dir=0; type=0; pingpong=0; private_global=0; IO mode=ap_none:ce=0
Port [ packetizer_in]:  wired=1; compound=1; hidden=0; nouse=0; global=0; static=0; extern=0; dir=1; type=3; pingpong=0; private_global=0; IO mode=ap_fifo:ce=0
Port [ bram_stream]:  wired=1; compound=1; hidden=0; nouse=0; global=0; static=0; extern=0; dir=1; type=3; pingpong=0; private_global=0; IO mode=ap_fifo:ce=0
Port [ bits_per_sample_c]:  wired=1; compound=1; hidden=0; nouse=0; global=0; static=0; extern=0; dir=1; type=3; pingpong=0; private_global=0; IO mode=ap_fifo:ce=0
Port [ payload_words_c]:  wired=1; compound=1; hidden=0; nouse=0; global=0; static=0; extern=0; dir=1; type=3; pingpong=0; private_global=0; IO mode=ap_fifo:ce=0
Port [ payload_words_c1]:  wired=1; compound=1; hidden=0; nouse=0; global=0; static=0; extern=0; dir=1; type=3; pingpong=0; private_global=0; IO mode=ap_fifo:ce=0
---------------- STG Properties END ------------------

---------------- Datapath Model BEGIN ----------------

<LifeTime>
<method=bitvector/>
i                      (alloca           ) [ 01111]
specinterface_ln0      (specinterface    ) [ 00000]
bits_per_sample_read   (read             ) [ 00111]
payload_words_read     (read             ) [ 00111]
write_ln0              (write            ) [ 00000]
specinterface_ln0      (specinterface    ) [ 00000]
write_ln0              (write            ) [ 00000]
specinterface_ln0      (specinterface    ) [ 00000]
write_ln0              (write            ) [ 00000]
specinterface_ln0      (specinterface    ) [ 00000]
specinterface_ln0      (specinterface    ) [ 00000]
specinterface_ln0      (specinterface    ) [ 00000]
specinterface_ln0      (specinterface    ) [ 00000]
packed_stream          (alloca           ) [ 01111]
empty                  (specchannel      ) [ 00000]
specinterface_ln0      (specinterface    ) [ 00000]
store_ln79             (store            ) [ 00000]
br_ln79                (br               ) [ 00000]
i_11                   (load             ) [ 00000]
icmp_ln79              (icmp             ) [ 00111]
i_12                   (add              ) [ 00000]
br_ln79                (br               ) [ 00000]
store_ln79             (store            ) [ 00000]
ret_ln0                (ret              ) [ 00000]
call_ln84              (call             ) [ 00000]
speclooptripcount_ln79 (speclooptripcount) [ 00000]
specloopname_ln79      (specloopname     ) [ 00000]
packed_stream_read     (read             ) [ 00000]
write_ln92             (write            ) [ 00000]
write_ln93             (write            ) [ 00000]
br_ln79                (br               ) [ 00000]
</LifeTime>

<model>

<comp_list>
<comp id="0" class="1000" name="payload_words">
<pin_list>
<pin id="1" dir="1" index="0" bw="1" slack="0"/>
</pin_list>
<bind>
<StgValue><ssdm name="payload_words"/></StgValue>
</bind>
</comp>

<comp id="2" class="1000" name="adc_in">
<pin_list>
<pin id="3" dir="1" index="0" bw="1" slack="0"/>
</pin_list>
<bind>
<StgValue><ssdm name="adc_in"/></StgValue>
</bind>
</comp>

<comp id="4" class="1000" name="bits_per_sample">
<pin_list>
<pin id="5" dir="1" index="0" bw="1" slack="0"/>
</pin_list>
<bind>
<StgValue><ssdm name="bits_per_sample"/></StgValue>
</bind>
</comp>

<comp id="6" class="1000" name="packetizer_in">
<pin_list>
<pin id="7" dir="1" index="0" bw="1" slack="0"/>
</pin_list>
<bind>
<StgValue><ssdm name="packetizer_in"/></StgValue>
</bind>
</comp>

<comp id="8" class="1000" name="bram_stream">
<pin_list>
<pin id="9" dir="1" index="0" bw="1" slack="0"/>
</pin_list>
<bind>
<StgValue><ssdm name="bram_stream"/></StgValue>
</bind>
</comp>

<comp id="10" class="1000" name="bits_per_sample_c">
<pin_list>
<pin id="11" dir="1" index="0" bw="1" slack="0"/>
</pin_list>
<bind>
<StgValue><ssdm name="bits_per_sample_c"/></StgValue>
</bind>
</comp>

<comp id="12" class="1000" name="payload_words_c">
<pin_list>
<pin id="13" dir="1" index="0" bw="1" slack="0"/>
</pin_list>
<bind>
<StgValue><ssdm name="payload_words_c"/></StgValue>
</bind>
</comp>

<comp id="14" class="1000" name="payload_words_c1">
<pin_list>
<pin id="15" dir="1" index="0" bw="1" slack="0"/>
</pin_list>
<bind>
<StgValue><ssdm name="payload_words_c1"/></StgValue>
</bind>
</comp>

<comp id="16" class="1001" name="const_16">
<pin_list>
<pin id="17" dir="1" index="0" bw="1" slack="0"/>
</pin_list>
<bind>
<StgValue><ssdm name=""/></StgValue>
</bind>
</comp>

<comp id="18" class="1001" name="const_18">
<pin_list>
<pin id="19" dir="1" index="0" bw="1" slack="2147483647"/>
</pin_list>
<bind>
<StgValue><ssdm name="_ssdm_op_SpecInterface"/></StgValue>
</bind>
</comp>

<comp id="20" class="1001" name="const_20">
<pin_list>
<pin id="21" dir="1" index="0" bw="1" slack="2147483647"/>
</pin_list>
<bind>
<StgValue><ssdm name="ap_fifo_str"/></StgValue>
</bind>
</comp>

<comp id="22" class="1001" name="const_22">
<pin_list>
<pin id="23" dir="1" index="0" bw="1" slack="2147483647"/>
</pin_list>
<bind>
<StgValue><ssdm name=""/></StgValue>
</bind>
</comp>

<comp id="24" class="1001" name="const_24">
<pin_list>
<pin id="25" dir="1" index="0" bw="1" slack="2147483647"/>
</pin_list>
<bind>
<StgValue><ssdm name="p_str"/></StgValue>
</bind>
</comp>

<comp id="26" class="1001" name="const_26">
<pin_list>
<pin id="27" dir="1" index="0" bw="1" slack="2147483647"/>
</pin_list>
<bind>
<StgValue><ssdm name=""/></StgValue>
</bind>
</comp>

<comp id="28" class="1001" name="const_28">
<pin_list>
<pin id="29" dir="1" index="0" bw="1" slack="2147483647"/>
</pin_list>
<bind>
<StgValue><ssdm name=""/></StgValue>
</bind>
</comp>

<comp id="30" class="1001" name="const_30">
<pin_list>
<pin id="31" dir="1" index="0" bw="1" slack="2147483647"/>
</pin_list>
<bind>
<StgValue><ssdm name="ScalarProp_str"/></StgValue>
</bind>
</comp>

<comp id="32" class="1001" name="const_32">
<pin_list>
<pin id="33" dir="1" index="0" bw="1" slack="2147483647"/>
</pin_list>
<bind>
<StgValue><ssdm name=""/></StgValue>
</bind>
</comp>

<comp id="34" class="1001" name="const_34">
<pin_list>
<pin id="35" dir="1" index="0" bw="1" slack="0"/>
</pin_list>
<bind>
<StgValue><ssdm name="_ssdm_op_Read.ap_auto.i5"/></StgValue>
</bind>
</comp>

<comp id="36" class="1001" name="const_36">
<pin_list>
<pin id="37" dir="1" index="0" bw="1" slack="0"/>
</pin_list>
<bind>
<StgValue><ssdm name="_ssdm_op_Read.ap_auto.i16"/></StgValue>
</bind>
</comp>

<comp id="38" class="1001" name="const_38">
<pin_list>
<pin id="39" dir="1" index="0" bw="1" slack="0"/>
</pin_list>
<bind>
<StgValue><ssdm name="_ssdm_op_Write.ap_fifo.i16P0A"/></StgValue>
</bind>
</comp>

<comp id="40" class="1001" name="const_40">
<pin_list>
<pin id="41" dir="1" index="0" bw="1" slack="0"/>
</pin_list>
<bind>
<StgValue><ssdm name="_ssdm_op_Write.ap_fifo.i5P0A"/></StgValue>
</bind>
</comp>

<comp id="42" class="1001" name="const_42">
<pin_list>
<pin id="43" dir="1" index="0" bw="1" slack="2147483647"/>
</pin_list>
<bind>
<StgValue><ssdm name="empty_8"/></StgValue>
</bind>
</comp>

<comp id="44" class="1001" name="const_44">
<pin_list>
<pin id="45" dir="1" index="0" bw="1" slack="2147483647"/>
</pin_list>
<bind>
<StgValue><ssdm name="empty_11"/></StgValue>
</bind>
</comp>

<comp id="46" class="1001" name="const_46">
<pin_list>
<pin id="47" dir="1" index="0" bw="1" slack="2147483647"/>
</pin_list>
<bind>
<StgValue><ssdm name="empty_13"/></StgValue>
</bind>
</comp>

<comp id="48" class="1001" name="const_48">
<pin_list>
<pin id="49" dir="1" index="0" bw="1" slack="2147483647"/>
</pin_list>
<bind>
<StgValue><ssdm name="empty_12"/></StgValue>
</bind>
</comp>

<comp id="50" class="1001" name="const_50">
<pin_list>
<pin id="51" dir="1" index="0" bw="1" slack="2147483647"/>
</pin_list>
<bind>
<StgValue><ssdm name="empty_5"/></StgValue>
</bind>
</comp>

<comp id="52" class="1001" name="const_52">
<pin_list>
<pin id="53" dir="1" index="0" bw="1" slack="0"/>
</pin_list>
<bind>
<StgValue><ssdm name=""/></StgValue>
</bind>
</comp>

<comp id="54" class="1001" name="const_54">
<pin_list>
<pin id="55" dir="1" index="0" bw="1" slack="2147483647"/>
</pin_list>
<bind>
<StgValue><ssdm name="_ssdm_op_SpecChannel"/></StgValue>
</bind>
</comp>

<comp id="56" class="1001" name="const_56">
<pin_list>
<pin id="57" dir="1" index="0" bw="1" slack="2147483647"/>
</pin_list>
<bind>
<StgValue><ssdm name="packed_stream_str"/></StgValue>
</bind>
</comp>

<comp id="58" class="1001" name="const_58">
<pin_list>
<pin id="59" dir="1" index="0" bw="1" slack="2147483647"/>
</pin_list>
<bind>
<StgValue><ssdm name=""/></StgValue>
</bind>
</comp>

<comp id="60" class="1001" name="const_60">
<pin_list>
<pin id="61" dir="1" index="0" bw="1" slack="0"/>
</pin_list>
<bind>
<StgValue><ssdm name=""/></StgValue>
</bind>
</comp>

<comp id="62" class="1001" name="const_62">
<pin_list>
<pin id="63" dir="1" index="0" bw="1" slack="0"/>
</pin_list>
<bind>
<StgValue><ssdm name=""/></StgValue>
</bind>
</comp>

<comp id="64" class="1001" name="const_64">
<pin_list>
<pin id="65" dir="1" index="0" bw="1" slack="0"/>
</pin_list>
<bind>
<StgValue><ssdm name="sample_packer"/></StgValue>
</bind>
</comp>

<comp id="66" class="1001" name="const_66">
<pin_list>
<pin id="67" dir="1" index="0" bw="1" slack="2147483647"/>
</pin_list>
<bind>
<StgValue><ssdm name="_ssdm_op_SpecLoopTripCount"/></StgValue>
</bind>
</comp>

<comp id="68" class="1001" name="const_68">
<pin_list>
<pin id="69" dir="1" index="0" bw="1" slack="2147483647"/>
</pin_list>
<bind>
<StgValue><ssdm name=""/></StgValue>
</bind>
</comp>

<comp id="70" class="1001" name="const_70">
<pin_list>
<pin id="71" dir="1" index="0" bw="1" slack="2147483647"/>
</pin_list>
<bind>
<StgValue><ssdm name=""/></StgValue>
</bind>
</comp>

<comp id="72" class="1001" name="const_72">
<pin_list>
<pin id="73" dir="1" index="0" bw="1" slack="2147483647"/>
</pin_list>
<bind>
<StgValue><ssdm name=""/></StgValue>
</bind>
</comp>

<comp id="74" class="1001" name="const_74">
<pin_list>
<pin id="75" dir="1" index="0" bw="1" slack="2147483647"/>
</pin_list>
<bind>
<StgValue><ssdm name="_ssdm_op_SpecLoopName"/></StgValue>
</bind>
</comp>

<comp id="76" class="1001" name="const_76">
<pin_list>
<pin id="77" dir="1" index="0" bw="1" slack="2147483647"/>
</pin_list>
<bind>
<StgValue><ssdm name="empty_14"/></StgValue>
</bind>
</comp>

<comp id="78" class="1001" name="const_78">
<pin_list>
<pin id="79" dir="1" index="0" bw="1" slack="0"/>
</pin_list>
<bind>
<StgValue><ssdm name="_ssdm_op_Read.ap_fifo.volatile.i32P0A"/></StgValue>
</bind>
</comp>

<comp id="80" class="1001" name="const_80">
<pin_list>
<pin id="81" dir="1" index="0" bw="1" slack="0"/>
</pin_list>
<bind>
<StgValue><ssdm name="_ssdm_op_Write.ap_fifo.volatile.i32P0A"/></StgValue>
</bind>
</comp>

<comp id="82" class="1004" name="i_fu_82">
<pin_list>
<pin id="83" dir="0" index="0" bw="1" slack="0"/>
<pin id="84" dir="1" index="1" bw="16" slack="0"/>
</pin_list>
<bind>
<opcode="alloca(26) " fcode="alloca"/>
<opset="i/1 "/>
</bind>
</comp>

<comp id="86" class="1004" name="packed_stream_fu_86">
<pin_list>
<pin id="87" dir="0" index="0" bw="1" slack="0"/>
<pin id="88" dir="1" index="1" bw="32" slack="0"/>
</pin_list>
<bind>
<opcode="alloca(26) " fcode="alloca"/>
<opset="packed_stream/1 "/>
</bind>
</comp>

<comp id="90" class="1004" name="bits_per_sample_read_read_fu_90">
<pin_list>
<pin id="91" dir="0" index="0" bw="5" slack="0"/>
<pin id="92" dir="0" index="1" bw="5" slack="0"/>
<pin id="93" dir="1" index="2" bw="5" slack="0"/>
</pin_list>
<bind>
<opcode="read(1150) " fcode="read"/>
<opset="bits_per_sample_read/1 "/>
</bind>
</comp>

<comp id="96" class="1004" name="payload_words_read_read_fu_96">
<pin_list>
<pin id="97" dir="0" index="0" bw="16" slack="0"/>
<pin id="98" dir="0" index="1" bw="16" slack="0"/>
<pin id="99" dir="1" index="2" bw="16" slack="0"/>
</pin_list>
<bind>
<opcode="read(1150) " fcode="read"/>
<opset="payload_words_read/1 "/>
</bind>
</comp>

<comp id="102" class="1004" name="write_ln0_write_fu_102">
<pin_list>
<pin id="103" dir="0" index="0" bw="0" slack="0"/>
<pin id="104" dir="0" index="1" bw="16" slack="0"/>
<pin id="105" dir="0" index="2" bw="16" slack="0"/>
<pin id="106" dir="1" index="3" bw="0" slack="2147483647"/>
</pin_list>
<bind>
<opcode="write(1151) " fcode="write"/>
<opset="write_ln0/1 "/>
</bind>
</comp>

<comp id="110" class="1004" name="write_ln0_write_fu_110">
<pin_list>
<pin id="111" dir="0" index="0" bw="0" slack="0"/>
<pin id="112" dir="0" index="1" bw="16" slack="0"/>
<pin id="113" dir="0" index="2" bw="16" slack="0"/>
<pin id="114" dir="1" index="3" bw="0" slack="2147483647"/>
</pin_list>
<bind>
<opcode="write(1151) " fcode="write"/>
<opset="write_ln0/1 "/>
</bind>
</comp>

<comp id="118" class="1004" name="write_ln0_write_fu_118">
<pin_list>
<pin id="119" dir="0" index="0" bw="0" slack="0"/>
<pin id="120" dir="0" index="1" bw="5" slack="0"/>
<pin id="121" dir="0" index="2" bw="5" slack="0"/>
<pin id="122" dir="1" index="3" bw="0" slack="2147483647"/>
</pin_list>
<bind>
<opcode="write(1151) " fcode="write"/>
<opset="write_ln0/1 "/>
</bind>
</comp>

<comp id="126" class="1004" name="packed_stream_read_read_fu_126">
<pin_list>
<pin id="127" dir="0" index="0" bw="32" slack="0"/>
<pin id="128" dir="0" index="1" bw="32" slack="3"/>
<pin id="129" dir="1" index="2" bw="32" slack="0"/>
</pin_list>
<bind>
<opcode="read(1150) " fcode="read"/>
<opset="packed_stream_read/4 "/>
</bind>
</comp>

<comp id="131" class="1004" name="write_ln92_write_fu_131">
<pin_list>
<pin id="132" dir="0" index="0" bw="0" slack="0"/>
<pin id="133" dir="0" index="1" bw="32" slack="0"/>
<pin id="134" dir="0" index="2" bw="32" slack="0"/>
<pin id="135" dir="1" index="3" bw="0" slack="2147483647"/>
</pin_list>
<bind>
<opcode="write(1151) " fcode="write"/>
<opset="write_ln92/4 "/>
</bind>
</comp>

<comp id="139" class="1004" name="write_ln93_write_fu_139">
<pin_list>
<pin id="140" dir="0" index="0" bw="0" slack="0"/>
<pin id="141" dir="0" index="1" bw="32" slack="0"/>
<pin id="142" dir="0" index="2" bw="32" slack="0"/>
<pin id="143" dir="1" index="3" bw="0" slack="2147483647"/>
</pin_list>
<bind>
<opcode="write(1151) " fcode="write"/>
<opset="write_ln93/4 "/>
</bind>
</comp>

<comp id="147" class="1004" name="grp_sample_packer_fu_147">
<pin_list>
<pin id="148" dir="0" index="0" bw="0" slack="0"/>
<pin id="149" dir="0" index="1" bw="8" slack="0"/>
<pin id="150" dir="0" index="2" bw="32" slack="1"/>
<pin id="151" dir="0" index="3" bw="5" slack="1"/>
<pin id="152" dir="1" index="4" bw="0" slack="2147483647"/>
</pin_list>
<bind>
<opcode="call(48) " fcode="call"/>
<opset="call_ln84/2 "/>
</bind>
</comp>

<comp id="155" class="1004" name="store_ln79_store_fu_155">
<pin_list>
<pin id="156" dir="0" index="0" bw="1" slack="0"/>
<pin id="157" dir="0" index="1" bw="16" slack="0"/>
<pin id="158" dir="1" index="2" bw="0" slack="2147483647"/>
</pin_list>
<bind>
<opcode="store(28) " fcode="store"/>
<opset="store_ln79/1 "/>
</bind>
</comp>

<comp id="160" class="1004" name="i_11_load_fu_160">
<pin_list>
<pin id="161" dir="0" index="0" bw="16" slack="1"/>
<pin id="162" dir="1" index="1" bw="16" slack="0"/>
</pin_list>
<bind>
<opcode="load(27) " fcode="load"/>
<opset="i_11/2 "/>
</bind>
</comp>

<comp id="163" class="1004" name="icmp_ln79_fu_163">
<pin_list>
<pin id="164" dir="0" index="0" bw="16" slack="0"/>
<pin id="165" dir="0" index="1" bw="16" slack="1"/>
<pin id="166" dir="1" index="2" bw="1" slack="2147483647"/>
</pin_list>
<bind>
<opcode="icmp(45) " fcode="icmp"/>
<opset="icmp_ln79/2 "/>
</bind>
</comp>

<comp id="168" class="1004" name="i_12_fu_168">
<pin_list>
<pin id="169" dir="0" index="0" bw="16" slack="0"/>
<pin id="170" dir="0" index="1" bw="1" slack="0"/>
<pin id="171" dir="1" index="2" bw="16" slack="0"/>
</pin_list>
<bind>
<opcode="add(8) " fcode="add"/>
<opset="i_12/2 "/>
</bind>
</comp>

<comp id="174" class="1004" name="store_ln79_store_fu_174">
<pin_list>
<pin id="175" dir="0" index="0" bw="16" slack="0"/>
<pin id="176" dir="0" index="1" bw="16" slack="1"/>
<pin id="177" dir="1" index="2" bw="0" slack="2147483647"/>
</pin_list>
<bind>
<opcode="store(28) " fcode="store"/>
<opset="store_ln79/2 "/>
</bind>
</comp>

<comp id="179" class="1005" name="i_reg_179">
<pin_list>
<pin id="180" dir="0" index="0" bw="16" slack="0"/>
<pin id="181" dir="1" index="1" bw="16" slack="0"/>
</pin_list>
<bind>
<opset="i "/>
</bind>
</comp>

<comp id="186" class="1005" name="bits_per_sample_read_reg_186">
<pin_list>
<pin id="187" dir="0" index="0" bw="5" slack="1"/>
<pin id="188" dir="1" index="1" bw="5" slack="1"/>
</pin_list>
<bind>
<opset="bits_per_sample_read "/>
</bind>
</comp>

<comp id="191" class="1005" name="payload_words_read_reg_191">
<pin_list>
<pin id="192" dir="0" index="0" bw="16" slack="1"/>
<pin id="193" dir="1" index="1" bw="16" slack="1"/>
</pin_list>
<bind>
<opset="payload_words_read "/>
</bind>
</comp>

<comp id="196" class="1005" name="packed_stream_reg_196">
<pin_list>
<pin id="197" dir="0" index="0" bw="32" slack="0"/>
<pin id="198" dir="1" index="1" bw="32" slack="1"/>
</pin_list>
<bind>
<opset="packed_stream "/>
</bind>
</comp>

</comp_list>

<net_list>
<net id="85"><net_src comp="16" pin="0"/><net_sink comp="82" pin=0"/></net>

<net id="89"><net_src comp="52" pin="0"/><net_sink comp="86" pin=0"/></net>

<net id="94"><net_src comp="34" pin="0"/><net_sink comp="90" pin=0"/></net>

<net id="95"><net_src comp="4" pin="0"/><net_sink comp="90" pin=1"/></net>

<net id="100"><net_src comp="36" pin="0"/><net_sink comp="96" pin=0"/></net>

<net id="101"><net_src comp="0" pin="0"/><net_sink comp="96" pin=1"/></net>

<net id="107"><net_src comp="38" pin="0"/><net_sink comp="102" pin=0"/></net>

<net id="108"><net_src comp="14" pin="0"/><net_sink comp="102" pin=1"/></net>

<net id="109"><net_src comp="96" pin="2"/><net_sink comp="102" pin=2"/></net>

<net id="115"><net_src comp="38" pin="0"/><net_sink comp="110" pin=0"/></net>

<net id="116"><net_src comp="12" pin="0"/><net_sink comp="110" pin=1"/></net>

<net id="117"><net_src comp="96" pin="2"/><net_sink comp="110" pin=2"/></net>

<net id="123"><net_src comp="40" pin="0"/><net_sink comp="118" pin=0"/></net>

<net id="124"><net_src comp="10" pin="0"/><net_sink comp="118" pin=1"/></net>

<net id="125"><net_src comp="90" pin="2"/><net_sink comp="118" pin=2"/></net>

<net id="130"><net_src comp="78" pin="0"/><net_sink comp="126" pin=0"/></net>

<net id="136"><net_src comp="80" pin="0"/><net_sink comp="131" pin=0"/></net>

<net id="137"><net_src comp="6" pin="0"/><net_sink comp="131" pin=1"/></net>

<net id="138"><net_src comp="126" pin="2"/><net_sink comp="131" pin=2"/></net>

<net id="144"><net_src comp="80" pin="0"/><net_sink comp="139" pin=0"/></net>

<net id="145"><net_src comp="8" pin="0"/><net_sink comp="139" pin=1"/></net>

<net id="146"><net_src comp="126" pin="2"/><net_sink comp="139" pin=2"/></net>

<net id="153"><net_src comp="64" pin="0"/><net_sink comp="147" pin=0"/></net>

<net id="154"><net_src comp="2" pin="0"/><net_sink comp="147" pin=1"/></net>

<net id="159"><net_src comp="60" pin="0"/><net_sink comp="155" pin=0"/></net>

<net id="167"><net_src comp="160" pin="1"/><net_sink comp="163" pin=0"/></net>

<net id="172"><net_src comp="160" pin="1"/><net_sink comp="168" pin=0"/></net>

<net id="173"><net_src comp="62" pin="0"/><net_sink comp="168" pin=1"/></net>

<net id="178"><net_src comp="168" pin="2"/><net_sink comp="174" pin=0"/></net>

<net id="182"><net_src comp="82" pin="1"/><net_sink comp="179" pin=0"/></net>

<net id="183"><net_src comp="179" pin="1"/><net_sink comp="155" pin=1"/></net>

<net id="184"><net_src comp="179" pin="1"/><net_sink comp="160" pin=0"/></net>

<net id="185"><net_src comp="179" pin="1"/><net_sink comp="174" pin=1"/></net>

<net id="189"><net_src comp="90" pin="2"/><net_sink comp="186" pin=0"/></net>

<net id="190"><net_src comp="186" pin="1"/><net_sink comp="147" pin=3"/></net>

<net id="194"><net_src comp="96" pin="2"/><net_sink comp="191" pin=0"/></net>

<net id="195"><net_src comp="191" pin="1"/><net_sink comp="163" pin=1"/></net>

<net id="199"><net_src comp="86" pin="1"/><net_sink comp="196" pin=0"/></net>

<net id="200"><net_src comp="196" pin="1"/><net_sink comp="147" pin=2"/></net>

<net id="201"><net_src comp="196" pin="1"/><net_sink comp="126" pin=1"/></net>

</net_list>

</model> 
---------------- Datapath Model END ------------------

* FSMD analyzer results:
  - Output states:
	Port: adc_in | {}
	Port: packetizer_in | {4 }
	Port: bram_stream | {4 }
	Port: bits_per_sample_c | {1 }
	Port: payload_words_c | {1 }
	Port: payload_words_c1 | {1 }
 - Input state : 
	Port: Loop_VITIS_LOOP_79_1_proc : payload_words | {1 }
	Port: Loop_VITIS_LOOP_79_1_proc : adc_in | {2 3 }
	Port: Loop_VITIS_LOOP_79_1_proc : bits_per_sample | {1 }
  - Chain level:
	State 1
		empty : 1
		specinterface_ln0 : 1
		store_ln79 : 1
	State 2
		icmp_ln79 : 1
		i_12 : 1
		br_ln79 : 2
		store_ln79 : 2
	State 3
	State 4


============================================================
+ Verbose Summary: Datapath Resource usage 
============================================================

* Functional unit list:
|----------|---------------------------------|---------|---------|---------|
| Operation|         Functional Unit         |  Delay  |    FF   |   LUT   |
|----------|---------------------------------|---------|---------|---------|
|   call   |     grp_sample_packer_fu_147    | 1.64243 |   219   |   195   |
|----------|---------------------------------|---------|---------|---------|
|   icmp   |         icmp_ln79_fu_163        |    0    |    0    |    23   |
|----------|---------------------------------|---------|---------|---------|
|    add   |           i_12_fu_168           |    0    |    0    |    23   |
|----------|---------------------------------|---------|---------|---------|
|          | bits_per_sample_read_read_fu_90 |    0    |    0    |    0    |
|   read   |  payload_words_read_read_fu_96  |    0    |    0    |    0    |
|          |  packed_stream_read_read_fu_126 |    0    |    0    |    0    |
|----------|---------------------------------|---------|---------|---------|
|          |      write_ln0_write_fu_102     |    0    |    0    |    0    |
|          |      write_ln0_write_fu_110     |    0    |    0    |    0    |
|   write  |      write_ln0_write_fu_118     |    0    |    0    |    0    |
|          |     write_ln92_write_fu_131     |    0    |    0    |    0    |
|          |     write_ln93_write_fu_139     |    0    |    0    |    0    |
|----------|---------------------------------|---------|---------|---------|
|   Total  |                                 | 1.64243 |   219   |   241   |
|----------|---------------------------------|---------|---------|---------|

Memories:
N/A

* Register list:
+----------------------------+--------+
|                            |   FF   |
+----------------------------+--------+
|bits_per_sample_read_reg_186|    5   |
|          i_reg_179         |   16   |
|    packed_stream_reg_196   |   32   |
| payload_words_read_reg_191 |   16   |
+----------------------------+--------+
|            Total           |   69   |
+----------------------------+--------+

* Multiplexer (MUX) list: 
|--------|------|------|------|--------|
|  Comp  |  Pin | Size |  BW  | S x BW |
|--------|------|------|------|--------|
|  Total |      |      |      |    0   |
|--------|------|------|------|--------|



* Summary:
+-----------+--------+--------+--------+
|           |  Delay |   FF   |   LUT  |
+-----------+--------+--------+--------+
|  Function |    1   |   219  |   241  |
|   Memory  |    -   |    -   |    -   |
|Multiplexer|    -   |    -   |    -   |
|  Register |    -   |   69   |    -   |
+-----------+--------+--------+--------+
|   Total   |    1   |   288  |   241  |
+-----------+--------+--------+--------+
