

================================================================
== Vitis HLS Report for 'packetizer'
================================================================
* Date:           Wed Jun 24 16:57:21 2026

* Version:        2025.2 (Build 6295257 on Nov 14 2025)
* Project:        vdif_chain
* Solution:       hls (Vivado IP Flow Target)
* Product family: artix7
* Target device:  xc7a12t-cpg238-1


================================================================
== Performance Estimates
================================================================
+ Timing: 
    * Summary: 
    +--------+----------+----------+------------+
    |  Clock |  Target  | Estimated| Uncertainty|
    +--------+----------+----------+------------+
    |ap_clk  |  10.00 ns|  7.406 ns|     2.70 ns|
    +--------+----------+----------+------------+

+ Latency: 
    * Summary: 
    +---------+---------+-----------+----------+------+-------+----------+
    |  Latency (cycles) |  Latency (absolute)  |   Interval   | Pipeline |
    |   min   |   max   |    min    |    max   |  min |  max  |   Type   |
    +---------+---------+-----------+----------+------+-------+----------+
    |     1027|    65558|  10.270 us|  0.656 ms|  1025|  65553|  dataflow|
    +---------+---------+-----------+----------+------+-------+----------+

    + Detail: 
        * Instance: 
        +---------------------------------------------------------------+----------------------------------------------------+---------+---------+-----------+-----------+------+-------+------------------------------------------------+
        |                                                               |                                                    |  Latency (cycles) |   Latency (absolute)  |   Interval   |                    Pipeline                    |
        |                            Instance                           |                       Module                       |   min   |   max   |    min    |    max    |  min |  max  |                      Type                      |
        +---------------------------------------------------------------+----------------------------------------------------+---------+---------+-----------+-----------+------+-------+------------------------------------------------+
        |call_ln62_entry_proc_fu_136                                    |entry_proc                                          |        0|        0|       0 ns|       0 ns|     0|      0|                                              no|
        |grp_timestamp_engine_fu_159                                    |timestamp_engine                                    |        1|        1|  10.000 ns|  10.000 ns|     1|      1|                                              no|
        |grp_read_payload_fu_169                                        |read_payload                                        |     1026|    65537|  10.260 us|   0.655 ms|  1025|  65536|  loop auto-rewind stp (delay=0 clock cycles(s))|
        |grp_header_generator_fu_177                                    |header_generator                                    |        3|        3|  30.000 ns|  30.000 ns|     3|      3|                                              no|
        |grp_packetizer_Block_entry_out_stream_V_data_V_wr_proc_fu_190  |packetizer_Block_entry_out_stream_V_data_V_wr_proc  |       17|    65552|   0.170 us|   0.656 ms|    17|  65552|                                              no|
        |call_ln100_packetizer_Block_entry_fsm_state_fb_proc_fu_205     |packetizer_Block_entry_fsm_state_fb_proc            |        0|        0|       0 ns|       0 ns|     0|      0|                                              no|
        +---------------------------------------------------------------+----------------------------------------------------+---------+---------+-----------+-----------+------+-------+------------------------------------------------+

        * Loop: 
        N/A

============================================================
+ Verbose Summary: Synthesis Manager
============================================================
InlineROM: 1
ExposeGlobal: 0
============================================================
+ Verbose Summary: CDFG Model
============================================================
IsTopModel: 0
ResetActiveHigh: 1
IsCombinational: 2
IsDatapathOnly: 0
HasWiredReturn: 1
HasMFsm: 0
HasVarLatency: 1
IsPipeline: 0
IsRtlPipelined: 0
IsInstanceOverlapped: 0
IsDontTouch: 0
HasImplIP: 0
IsGatedGlobalClock: 0


============================================================
+ Verbose Summary: Schedule
============================================================
* Number of FSM states : 7
* Pipeline : 0
* Dataflow Pipeline: 1
  DF-Pipeline-0: Size = 7, States = { 1 2 3 4 5 6 7 }

* FSM state transitions: 
1 --> 2 
2 --> 3 
3 --> 4 
4 --> 5 
5 --> 6 
6 --> 7 
7 --> 

* FSM state operations: 

State 1 <SV = 0> <Delay = 2.15>
ST_1 : Operation 8 [1/1] (0.00ns)   --->   "%p_channel = alloca i64 1"   --->   Operation 8 'alloca' 'p_channel' <Predicate = true> <Delay = 0.00> <CoreInst = "FIFO_SRL">   --->   Core 80 'FIFO_SRL' <Latency = 0> <II = 1> <Delay = 3.90> <Storage> <Opcode : 'read' 'write' 'nbread' 'nbwrite'> <Ports = 0> <Width = 16> <Depth = 2> <FIFO>
ST_1 : Operation 9 [1/1] (0.00ns)   --->   "%payload_words_c1 = alloca i64 1" [../src/packetizer2.cpp:62]   --->   Operation 9 'alloca' 'payload_words_c1' <Predicate = true> <Delay = 0.00> <CoreInst = "FIFO_SRL">   --->   Core 80 'FIFO_SRL' <Latency = 0> <II = 1> <Delay = 3.90> <Storage> <Opcode : 'read' 'write' 'nbread' 'nbwrite'> <Ports = 0> <Width = 16> <Depth = 3> <FIFO>
ST_1 : Operation 10 [1/1] (0.00ns)   --->   "%complex_data_c = alloca i64 1" [../src/packetizer2.cpp:62]   --->   Operation 10 'alloca' 'complex_data_c' <Predicate = true> <Delay = 0.00> <CoreInst = "FIFO_SRL">   --->   Core 80 'FIFO_SRL' <Latency = 0> <II = 1> <Delay = 3.90> <Storage> <Opcode : 'read' 'write' 'nbread' 'nbwrite'> <Ports = 0> <Width = 1> <Depth = 3> <FIFO>
ST_1 : Operation 11 [1/1] (0.00ns)   --->   "%bits_per_sample_c = alloca i64 1" [../src/packetizer2.cpp:62]   --->   Operation 11 'alloca' 'bits_per_sample_c' <Predicate = true> <Delay = 0.00> <CoreInst = "FIFO_SRL">   --->   Core 80 'FIFO_SRL' <Latency = 0> <II = 1> <Delay = 3.90> <Storage> <Opcode : 'read' 'write' 'nbread' 'nbwrite'> <Ports = 0> <Width = 5> <Depth = 3> <FIFO>
ST_1 : Operation 12 [1/1] (0.00ns)   --->   "%thread_id_c = alloca i64 1" [../src/packetizer2.cpp:62]   --->   Operation 12 'alloca' 'thread_id_c' <Predicate = true> <Delay = 0.00> <CoreInst = "FIFO_SRL">   --->   Core 80 'FIFO_SRL' <Latency = 0> <II = 1> <Delay = 3.90> <Storage> <Opcode : 'read' 'write' 'nbread' 'nbwrite'> <Ports = 0> <Width = 10> <Depth = 3> <FIFO>
ST_1 : Operation 13 [1/1] (0.00ns)   --->   "%station_id_c = alloca i64 1" [../src/packetizer2.cpp:62]   --->   Operation 13 'alloca' 'station_id_c' <Predicate = true> <Delay = 0.00> <CoreInst = "FIFO_SRL">   --->   Core 80 'FIFO_SRL' <Latency = 0> <II = 1> <Delay = 3.90> <Storage> <Opcode : 'read' 'write' 'nbread' 'nbwrite'> <Ports = 0> <Width = 16> <Depth = 3> <FIFO>
ST_1 : Operation 14 [1/1] (0.00ns)   --->   "%epoch_c = alloca i64 1" [../src/packetizer2.cpp:62]   --->   Operation 14 'alloca' 'epoch_c' <Predicate = true> <Delay = 0.00> <CoreInst = "FIFO_SRL">   --->   Core 80 'FIFO_SRL' <Latency = 0> <II = 1> <Delay = 3.90> <Storage> <Opcode : 'read' 'write' 'nbread' 'nbwrite'> <Ports = 0> <Width = 6> <Depth = 3> <FIFO>
ST_1 : Operation 15 [1/1] (0.00ns)   --->   "%fifo = alloca i64 1" [../src/packetizer2.cpp:74]   --->   Operation 15 'alloca' 'fifo' <Predicate = true> <Delay = 0.00> <CoreInst = "FIFO">   --->   Core 77 'FIFO' <Latency = 0> <II = 1> <Delay = 3.50> <Storage> <Opcode : 'read' 'write' 'nbread' 'nbwrite'> <Ports = 0> <Width = 32> <Depth = 8192> <FIFO>
ST_1 : Operation 16 [1/1] (2.15ns)   --->   "%header = alloca i64 1" [../src/packetizer2.cpp:121]   --->   Operation 16 'alloca' 'header' <Predicate = true> <Delay = 2.15>
ST_1 : Operation 17 [1/1] (0.00ns)   --->   "%call_ln62 = call void @entry_proc, i16 %p_channel, i6 %epoch, i6 %epoch_c, i16 %station_id, i16 %station_id_c, i10 %thread_id, i10 %thread_id_c, i5 %bits_per_sample, i5 %bits_per_sample_c, i1 %complex_data, i1 %complex_data_c, i16 %payload_words, i16 %payload_words_c1" [../src/packetizer2.cpp:62]   --->   Operation 17 'call' 'call_ln62' <Predicate = true> <Delay = 0.00> <CoreType = "Generic">   --->   Generic Core

State 2 <SV = 1> <Delay = 7.40>
ST_2 : Operation 18 [2/2] (0.00ns)   --->   "%call_ret = call i54 @timestamp_engine, i1 %pps, i30 %second_counter, i24 %frame_counter" [../src/packetizer2.cpp:86]   --->   Operation 18 'call' 'call_ret' <Predicate = true> <Delay = 0.00> <CoreType = "Generic">   --->   Generic Core
ST_2 : Operation 19 [2/2] (7.40ns)   --->   "%call_ln139 = call void @read_payload, i32 %packetizer_in, i32 %fifo, i16 %p_channel" [../src/packetizer2.cpp:139]   --->   Operation 19 'call' 'call_ln139' <Predicate = true> <Delay = 7.40> <CoreType = "Generic">   --->   Generic Core

State 3 <SV = 2> <Delay = 7.40>
ST_3 : Operation 20 [1/2] (0.00ns)   --->   "%call_ret = call i54 @timestamp_engine, i1 %pps, i30 %second_counter, i24 %frame_counter" [../src/packetizer2.cpp:86]   --->   Operation 20 'call' 'call_ret' <Predicate = true> <Delay = 0.00> <CoreType = "Generic">   --->   Generic Core
ST_3 : Operation 21 [1/1] (0.00ns)   --->   "%seconds_from_epoch = extractvalue i54 %call_ret" [../src/packetizer2.cpp:86]   --->   Operation 21 'extractvalue' 'seconds_from_epoch' <Predicate = true> <Delay = 0.00> <CoreInst = "FIFO_SRL">   --->   Core 80 'FIFO_SRL' <Latency = 0> <II = 1> <Delay = 3.90> <Storage> <Opcode : 'read' 'write' 'nbread' 'nbwrite'> <Ports = 0> <Width = 30> <Depth = 2> <FIFO>
ST_3 : Operation 22 [1/1] (0.00ns)   --->   "%frame_no = extractvalue i54 %call_ret" [../src/packetizer2.cpp:86]   --->   Operation 22 'extractvalue' 'frame_no' <Predicate = true> <Delay = 0.00> <CoreInst = "FIFO_SRL">   --->   Core 80 'FIFO_SRL' <Latency = 0> <II = 1> <Delay = 3.90> <Storage> <Opcode : 'read' 'write' 'nbread' 'nbwrite'> <Ports = 0> <Width = 24> <Depth = 2> <FIFO>
ST_3 : Operation 23 [2/2] (5.80ns)   --->   "%payload_words_c_channel = call i16 @header_generator, i30 %seconds_from_epoch, i24 %frame_no, i6 %epoch_c, i16 %station_id_c, i10 %thread_id_c, i5 %bits_per_sample_c, i1 %complex_data_c, i16 %payload_words_c1, i32 %header" [../src/packetizer2.cpp:124]   --->   Operation 23 'call' 'payload_words_c_channel' <Predicate = true> <Delay = 5.80> <CoreInst = "FIFO_SRL">   --->   Core 80 'FIFO_SRL' <Latency = 0> <II = 1> <Delay = 3.90> <Storage> <Opcode : 'read' 'write' 'nbread' 'nbwrite'> <Ports = 0> <Width = 16> <Depth = 2> <FIFO>
ST_3 : Operation 24 [1/2] (7.40ns)   --->   "%call_ln139 = call void @read_payload, i32 %packetizer_in, i32 %fifo, i16 %p_channel" [../src/packetizer2.cpp:139]   --->   Operation 24 'call' 'call_ln139' <Predicate = true> <Delay = 7.40> <CoreType = "Generic">   --->   Generic Core

State 4 <SV = 3> <Delay = 0.00>
ST_4 : Operation 25 [1/2] (0.00ns)   --->   "%payload_words_c_channel = call i16 @header_generator, i30 %seconds_from_epoch, i24 %frame_no, i6 %epoch_c, i16 %station_id_c, i10 %thread_id_c, i5 %bits_per_sample_c, i1 %complex_data_c, i16 %payload_words_c1, i32 %header" [../src/packetizer2.cpp:124]   --->   Operation 25 'call' 'payload_words_c_channel' <Predicate = true> <Delay = 0.00> <CoreInst = "FIFO_SRL">   --->   Core 80 'FIFO_SRL' <Latency = 0> <II = 1> <Delay = 3.90> <Storage> <Opcode : 'read' 'write' 'nbread' 'nbwrite'> <Ports = 0> <Width = 16> <Depth = 2> <FIFO>

State 5 <SV = 4> <Delay = 3.65>
ST_5 : Operation 26 [2/2] (3.65ns)   --->   "%call_ln152 = call void @packetizer_Block_entry_out_stream_V_data_V_wr_proc, i32 %header, i32 %out_stream_V_data_V, i4 %out_stream_V_keep_V, i4 %out_stream_V_strb_V, i1 %out_stream_V_last_V, i32 %fifo, i16 %payload_words_c_channel" [../src/packetizer2.cpp:152]   --->   Operation 26 'call' 'call_ln152' <Predicate = true> <Delay = 3.65> <CoreType = "Generic">   --->   Generic Core

State 6 <SV = 5> <Delay = 0.00>
ST_6 : Operation 27 [1/2] (0.00ns)   --->   "%call_ln152 = call void @packetizer_Block_entry_out_stream_V_data_V_wr_proc, i32 %header, i32 %out_stream_V_data_V, i4 %out_stream_V_keep_V, i4 %out_stream_V_strb_V, i1 %out_stream_V_last_V, i32 %fifo, i16 %payload_words_c_channel" [../src/packetizer2.cpp:152]   --->   Operation 27 'call' 'call_ln152' <Predicate = true> <Delay = 0.00> <CoreType = "Generic">   --->   Generic Core

State 7 <SV = 6> <Delay = 0.00>
ST_7 : Operation 28 [1/1] (0.00ns)   --->   "%specinterface_ln0 = specinterface void @_ssdm_op_SpecInterface, i16 %payload_words, void @ap_fifo_str, i32 0, i32 0, void @p_str, i32 0, i32 0, void @p_str, void @p_str, void @p_str, i32 2, i32 2, i32 16, i32 16, void @p_str, void @ScalarProp_str, i32 4294967295, i32 0, i32 0, i32 0"   --->   Operation 28 'specinterface' 'specinterface_ln0' <Predicate = true> <Delay = 0.00>
ST_7 : Operation 29 [1/1] (0.00ns)   --->   "%specinterface_ln0 = specinterface void @_ssdm_op_SpecInterface, i1 %pps, void @ap_fifo_str, i32 0, i32 0, void @p_str, i32 0, i32 0, void @p_str, void @p_str, void @p_str, i32 2, i32 2, i32 16, i32 16, void @p_str, void @ScalarProp_str, i32 4294967295, i32 0, i32 0, i32 0"   --->   Operation 29 'specinterface' 'specinterface_ln0' <Predicate = true> <Delay = 0.00>
ST_7 : Operation 30 [1/1] (0.00ns)   --->   "%specinterface_ln0 = specinterface void @_ssdm_op_SpecInterface, i1 %complex_data, void @ap_fifo_str, i32 0, i32 0, void @p_str, i32 0, i32 0, void @p_str, void @p_str, void @p_str, i32 2, i32 2, i32 16, i32 16, void @p_str, void @ScalarProp_str, i32 4294967295, i32 0, i32 0, i32 0"   --->   Operation 30 'specinterface' 'specinterface_ln0' <Predicate = true> <Delay = 0.00>
ST_7 : Operation 31 [1/1] (0.00ns)   --->   "%specinterface_ln0 = specinterface void @_ssdm_op_SpecInterface, i5 %bits_per_sample, void @ap_fifo_str, i32 0, i32 0, void @p_str, i32 0, i32 0, void @p_str, void @p_str, void @p_str, i32 2, i32 2, i32 16, i32 16, void @p_str, void @ScalarProp_str, i32 4294967295, i32 0, i32 0, i32 0"   --->   Operation 31 'specinterface' 'specinterface_ln0' <Predicate = true> <Delay = 0.00>
ST_7 : Operation 32 [1/1] (0.00ns)   --->   "%specinterface_ln0 = specinterface void @_ssdm_op_SpecInterface, i10 %thread_id, void @ap_fifo_str, i32 0, i32 0, void @p_str, i32 0, i32 0, void @p_str, void @p_str, void @p_str, i32 2, i32 2, i32 16, i32 16, void @p_str, void @ScalarProp_str, i32 4294967295, i32 0, i32 0, i32 0"   --->   Operation 32 'specinterface' 'specinterface_ln0' <Predicate = true> <Delay = 0.00>
ST_7 : Operation 33 [1/1] (0.00ns)   --->   "%specinterface_ln0 = specinterface void @_ssdm_op_SpecInterface, i16 %station_id, void @ap_fifo_str, i32 0, i32 0, void @p_str, i32 0, i32 0, void @p_str, void @p_str, void @p_str, i32 2, i32 2, i32 16, i32 16, void @p_str, void @ScalarProp_str, i32 4294967295, i32 0, i32 0, i32 0"   --->   Operation 33 'specinterface' 'specinterface_ln0' <Predicate = true> <Delay = 0.00>
ST_7 : Operation 34 [1/1] (0.00ns)   --->   "%specinterface_ln0 = specinterface void @_ssdm_op_SpecInterface, i6 %epoch, void @ap_fifo_str, i32 0, i32 0, void @p_str, i32 0, i32 0, void @p_str, void @p_str, void @p_str, i32 2, i32 2, i32 16, i32 16, void @p_str, void @ScalarProp_str, i32 4294967295, i32 0, i32 0, i32 0"   --->   Operation 34 'specinterface' 'specinterface_ln0' <Predicate = true> <Delay = 0.00>
ST_7 : Operation 35 [1/1] (0.00ns)   --->   "%empty = specchannel i32 @_ssdm_op_SpecChannel, void @payload_words_c1_str, i32 1, void @p_str, void @p_str, i32 3, i32 0, i16 %payload_words_c1, i16 %payload_words_c1" [../src/packetizer2.cpp:62]   --->   Operation 35 'specchannel' 'empty' <Predicate = true> <Delay = 0.00>
ST_7 : Operation 36 [1/1] (0.00ns)   --->   "%specinterface_ln62 = specinterface void @_ssdm_op_SpecInterface, i16 %payload_words_c1, void @ap_fifo_str, i32 0, i32 0, void @p_str, i32 0, i32 0, void @p_str, void @p_str, void @p_str, i32 2, i32 2, i32 16, i32 16, void @p_str, void @p_str, i32 4294967295, i32 0, i32 0, i32 0" [../src/packetizer2.cpp:62]   --->   Operation 36 'specinterface' 'specinterface_ln62' <Predicate = true> <Delay = 0.00>
ST_7 : Operation 37 [1/1] (0.00ns)   --->   "%empty_47 = specchannel i32 @_ssdm_op_SpecChannel, void @complex_data_c_str, i32 1, void @p_str, void @p_str, i32 3, i32 0, i1 %complex_data_c, i1 %complex_data_c" [../src/packetizer2.cpp:62]   --->   Operation 37 'specchannel' 'empty_47' <Predicate = true> <Delay = 0.00>
ST_7 : Operation 38 [1/1] (0.00ns)   --->   "%specinterface_ln62 = specinterface void @_ssdm_op_SpecInterface, i1 %complex_data_c, void @ap_fifo_str, i32 0, i32 0, void @p_str, i32 0, i32 0, void @p_str, void @p_str, void @p_str, i32 2, i32 2, i32 16, i32 16, void @p_str, void @p_str, i32 4294967295, i32 0, i32 0, i32 0" [../src/packetizer2.cpp:62]   --->   Operation 38 'specinterface' 'specinterface_ln62' <Predicate = true> <Delay = 0.00>
ST_7 : Operation 39 [1/1] (0.00ns)   --->   "%empty_48 = specchannel i32 @_ssdm_op_SpecChannel, void @bits_per_sample_c_str, i32 1, void @p_str, void @p_str, i32 3, i32 0, i5 %bits_per_sample_c, i5 %bits_per_sample_c" [../src/packetizer2.cpp:62]   --->   Operation 39 'specchannel' 'empty_48' <Predicate = true> <Delay = 0.00>
ST_7 : Operation 40 [1/1] (0.00ns)   --->   "%specinterface_ln62 = specinterface void @_ssdm_op_SpecInterface, i5 %bits_per_sample_c, void @ap_fifo_str, i32 0, i32 0, void @p_str, i32 0, i32 0, void @p_str, void @p_str, void @p_str, i32 2, i32 2, i32 16, i32 16, void @p_str, void @p_str, i32 4294967295, i32 0, i32 0, i32 0" [../src/packetizer2.cpp:62]   --->   Operation 40 'specinterface' 'specinterface_ln62' <Predicate = true> <Delay = 0.00>
ST_7 : Operation 41 [1/1] (0.00ns)   --->   "%empty_49 = specchannel i32 @_ssdm_op_SpecChannel, void @thread_id_c_str, i32 1, void @p_str, void @p_str, i32 3, i32 0, i10 %thread_id_c, i10 %thread_id_c" [../src/packetizer2.cpp:62]   --->   Operation 41 'specchannel' 'empty_49' <Predicate = true> <Delay = 0.00>
ST_7 : Operation 42 [1/1] (0.00ns)   --->   "%specinterface_ln62 = specinterface void @_ssdm_op_SpecInterface, i10 %thread_id_c, void @ap_fifo_str, i32 0, i32 0, void @p_str, i32 0, i32 0, void @p_str, void @p_str, void @p_str, i32 2, i32 2, i32 16, i32 16, void @p_str, void @p_str, i32 4294967295, i32 0, i32 0, i32 0" [../src/packetizer2.cpp:62]   --->   Operation 42 'specinterface' 'specinterface_ln62' <Predicate = true> <Delay = 0.00>
ST_7 : Operation 43 [1/1] (0.00ns)   --->   "%empty_50 = specchannel i32 @_ssdm_op_SpecChannel, void @station_id_c_str, i32 1, void @p_str, void @p_str, i32 3, i32 0, i16 %station_id_c, i16 %station_id_c" [../src/packetizer2.cpp:62]   --->   Operation 43 'specchannel' 'empty_50' <Predicate = true> <Delay = 0.00>
ST_7 : Operation 44 [1/1] (0.00ns)   --->   "%specinterface_ln62 = specinterface void @_ssdm_op_SpecInterface, i16 %station_id_c, void @ap_fifo_str, i32 0, i32 0, void @p_str, i32 0, i32 0, void @p_str, void @p_str, void @p_str, i32 2, i32 2, i32 16, i32 16, void @p_str, void @p_str, i32 4294967295, i32 0, i32 0, i32 0" [../src/packetizer2.cpp:62]   --->   Operation 44 'specinterface' 'specinterface_ln62' <Predicate = true> <Delay = 0.00>
ST_7 : Operation 45 [1/1] (0.00ns)   --->   "%empty_51 = specchannel i32 @_ssdm_op_SpecChannel, void @epoch_c_str, i32 1, void @p_str, void @p_str, i32 3, i32 0, i6 %epoch_c, i6 %epoch_c" [../src/packetizer2.cpp:62]   --->   Operation 45 'specchannel' 'empty_51' <Predicate = true> <Delay = 0.00>
ST_7 : Operation 46 [1/1] (0.00ns)   --->   "%specinterface_ln62 = specinterface void @_ssdm_op_SpecInterface, i6 %epoch_c, void @ap_fifo_str, i32 0, i32 0, void @p_str, i32 0, i32 0, void @p_str, void @p_str, void @p_str, i32 2, i32 2, i32 16, i32 16, void @p_str, void @p_str, i32 4294967295, i32 0, i32 0, i32 0" [../src/packetizer2.cpp:62]   --->   Operation 46 'specinterface' 'specinterface_ln62' <Predicate = true> <Delay = 0.00>
ST_7 : Operation 47 [1/1] (0.00ns)   --->   "%specdataflowpipeline_ln62 = specdataflowpipeline void @_ssdm_op_SpecDataflowPipeline, i32 4294967295, i32 0, void @empty_11" [../src/packetizer2.cpp:62]   --->   Operation 47 'specdataflowpipeline' 'specdataflowpipeline_ln62' <Predicate = true> <Delay = 0.00>
ST_7 : Operation 48 [1/1] (0.00ns)   --->   "%specaxissidechannel_ln0 = specaxissidechannel void @_ssdm_op_SpecAXISSideChannel, i32 %out_stream_V_data_V, i4 %out_stream_V_keep_V, i4 %out_stream_V_strb_V, i1 0, i1 %out_stream_V_last_V, i1 0, i1 0, void @empty_7"   --->   Operation 48 'specaxissidechannel' 'specaxissidechannel_ln0' <Predicate = true> <Delay = 0.00>
ST_7 : Operation 49 [1/1] (0.00ns)   --->   "%specinterface_ln0 = specinterface void @_ssdm_op_SpecInterface, i32 %packetizer_in, void @empty_8, i32 0, i32 0, void @empty_11, i32 0, i32 0, void @empty_11, void @empty_11, void @empty_11, i32 0, i32 0, i32 0, i32 0, void @empty_11, void @empty_11, i32 4294967295, i32 0, i32 0, i32 0"   --->   Operation 49 'specinterface' 'specinterface_ln0' <Predicate = true> <Delay = 0.00>
ST_7 : Operation 50 [1/1] (0.00ns)   --->   "%specinterface_ln0 = specinterface void @_ssdm_op_SpecInterface, i1 %out_stream_V_last_V, i4 %out_stream_V_strb_V, i4 %out_stream_V_keep_V, i32 %out_stream_V_data_V, void @empty_13, i32 1, i32 1, void @empty_12, i32 0, i32 0, void @empty_11, void @empty_11, void @empty_11, i32 0, i32 0, i32 0, i32 0, void @empty_11, void @empty_11, i32 4294967295, i32 0, i32 0, i32 0"   --->   Operation 50 'specinterface' 'specinterface_ln0' <Predicate = true> <Delay = 0.00>
ST_7 : Operation 51 [1/1] (0.00ns)   --->   "%specinterface_ln62 = specinterface void @_ssdm_op_SpecInterface, i32 0, void @empty_5, i32 0, i32 0, void @empty_11, i32 0, i32 0, void @empty_11, void @empty_11, void @empty_11, i32 0, i32 0, i32 0, i32 0, void @empty_11, void @empty_11, i32 4294967295, i32 0, i32 0, i32 0" [../src/packetizer2.cpp:62]   --->   Operation 51 'specinterface' 'specinterface_ln62' <Predicate = true> <Delay = 0.00>
ST_7 : Operation 52 [1/1] (0.00ns)   --->   "%empty_52 = specchannel i32 @_ssdm_op_SpecChannel, void @fifo_str, i32 1, void @p_str, void @p_str, i32 8192, i32 8192, i32 %fifo, i32 %fifo"   --->   Operation 52 'specchannel' 'empty_52' <Predicate = true> <Delay = 0.00>
ST_7 : Operation 53 [1/1] (0.00ns)   --->   "%specinterface_ln0 = specinterface void @_ssdm_op_SpecInterface, i32 %fifo, void @empty_8, i32 0, i32 0, void @empty_11, i32 0, i32 0, void @empty_11, void @empty_11, void @empty_11, i32 0, i32 0, i32 0, i32 0, void @empty_11, void @empty_11, i32 4294967295, i32 0, i32 0, i32 0"   --->   Operation 53 'specinterface' 'specinterface_ln0' <Predicate = true> <Delay = 0.00>
ST_7 : Operation 54 [1/1] (0.00ns)   --->   "%call_ln100 = call void @packetizer_Block_entry_fsm_state_fb_proc, i1 %fsm_state" [../src/packetizer2.cpp:100]   --->   Operation 54 'call' 'call_ln100' <Predicate = true> <Delay = 0.00> <CoreType = "Generic">   --->   Generic Core
ST_7 : Operation 55 [1/1] (0.00ns)   --->   "%ret_ln198 = ret" [../src/packetizer2.cpp:198]   --->   Operation 55 'ret' 'ret_ln198' <Predicate = true> <Delay = 0.00>


============================================================
+ Verbose Summary: Binding
============================================================
STG Binding: 
---------------- STG Properties BEGIN ----------------
- Is combinational: 0
- Is one-state seq: 0
- Is datapath-only: 0
- Is pipelined: 0
- Is top level: 0
Port [ Return ] is wired: 1; IO mode=ap_ctrl_hs:ce=0
Port [ packetizer_in]:  wired=1; compound=1; hidden=0; nouse=0; global=0; static=0; extern=0; dir=0; type=3; pingpong=0; private_global=0; IO mode=ap_fifo:ce=0
Port [ out_stream_V_data_V]:  wired=1; compound=1; hidden=0; nouse=0; global=0; static=0; extern=0; dir=1; type=0; pingpong=0; private_global=0; IO mode=axis:ce=0
Port [ out_stream_V_keep_V]:  wired=1; compound=1; hidden=0; nouse=0; global=0; static=0; extern=0; dir=1; type=0; pingpong=0; private_global=0; IO mode=axis:ce=0
Port [ out_stream_V_strb_V]:  wired=1; compound=1; hidden=0; nouse=0; global=0; static=0; extern=0; dir=1; type=0; pingpong=0; private_global=0; IO mode=axis:ce=0
Port [ out_stream_V_last_V]:  wired=1; compound=1; hidden=0; nouse=0; global=0; static=0; extern=0; dir=1; type=0; pingpong=0; private_global=0; IO mode=axis:ce=0
Port [ epoch]:  wired=1; compound=1; hidden=0; nouse=0; global=0; static=0; extern=0; dir=0; type=3; pingpong=0; private_global=0; IO mode=ap_fifo:ce=0
Port [ station_id]:  wired=1; compound=1; hidden=0; nouse=0; global=0; static=0; extern=0; dir=0; type=3; pingpong=0; private_global=0; IO mode=ap_fifo:ce=0
Port [ thread_id]:  wired=1; compound=1; hidden=0; nouse=0; global=0; static=0; extern=0; dir=0; type=3; pingpong=0; private_global=0; IO mode=ap_fifo:ce=0
Port [ bits_per_sample]:  wired=1; compound=1; hidden=0; nouse=0; global=0; static=0; extern=0; dir=0; type=3; pingpong=0; private_global=0; IO mode=ap_fifo:ce=0
Port [ complex_data]:  wired=1; compound=1; hidden=0; nouse=0; global=0; static=0; extern=0; dir=0; type=3; pingpong=0; private_global=0; IO mode=ap_fifo:ce=0
Port [ pps]:  wired=1; compound=1; hidden=0; nouse=0; global=0; static=0; extern=0; dir=0; type=3; pingpong=0; private_global=0; IO mode=ap_fifo:ce=0
Port [ payload_words]:  wired=1; compound=1; hidden=0; nouse=0; global=0; static=0; extern=0; dir=0; type=3; pingpong=0; private_global=0; IO mode=ap_fifo:ce=0
Port [ second_counter]:  wired=0; compound=0; hidden=1; nouse=1; global=1; static=1; extern=0; dir=2; type=0; pingpong=0; private_global=0; IO mode=ap_ovld:ce=0
Port [ frame_counter]:  wired=0; compound=0; hidden=1; nouse=1; global=1; static=1; extern=0; dir=2; type=0; pingpong=0; private_global=0; IO mode=ap_ovld:ce=0
Port [ fsm_state]:  wired=0; compound=0; hidden=1; nouse=1; global=1; static=1; extern=0; dir=2; type=0; pingpong=0; private_global=0; IO mode=ap_ovld:ce=0
---------------- STG Properties END ------------------

---------------- Datapath Model BEGIN ----------------

<LifeTime>
<method=bitvector/>
p_channel                 (alloca              ) [ 01110000]
payload_words_c1          (alloca              ) [ 01111111]
complex_data_c            (alloca              ) [ 01111111]
bits_per_sample_c         (alloca              ) [ 01111111]
thread_id_c               (alloca              ) [ 01111111]
station_id_c              (alloca              ) [ 01111111]
epoch_c                   (alloca              ) [ 01111111]
fifo                      (alloca              ) [ 00111111]
header                    (alloca              ) [ 00111110]
call_ln62                 (call                ) [ 00000000]
call_ret                  (call                ) [ 00000000]
seconds_from_epoch        (extractvalue        ) [ 00001000]
frame_no                  (extractvalue        ) [ 00001000]
call_ln139                (call                ) [ 00000000]
payload_words_c_channel   (call                ) [ 00000110]
call_ln152                (call                ) [ 00000000]
specinterface_ln0         (specinterface       ) [ 00000000]
specinterface_ln0         (specinterface       ) [ 00000000]
specinterface_ln0         (specinterface       ) [ 00000000]
specinterface_ln0         (specinterface       ) [ 00000000]
specinterface_ln0         (specinterface       ) [ 00000000]
specinterface_ln0         (specinterface       ) [ 00000000]
specinterface_ln0         (specinterface       ) [ 00000000]
empty                     (specchannel         ) [ 00000000]
specinterface_ln62        (specinterface       ) [ 00000000]
empty_47                  (specchannel         ) [ 00000000]
specinterface_ln62        (specinterface       ) [ 00000000]
empty_48                  (specchannel         ) [ 00000000]
specinterface_ln62        (specinterface       ) [ 00000000]
empty_49                  (specchannel         ) [ 00000000]
specinterface_ln62        (specinterface       ) [ 00000000]
empty_50                  (specchannel         ) [ 00000000]
specinterface_ln62        (specinterface       ) [ 00000000]
empty_51                  (specchannel         ) [ 00000000]
specinterface_ln62        (specinterface       ) [ 00000000]
specdataflowpipeline_ln62 (specdataflowpipeline) [ 00000000]
specaxissidechannel_ln0   (specaxissidechannel ) [ 00000000]
specinterface_ln0         (specinterface       ) [ 00000000]
specinterface_ln0         (specinterface       ) [ 00000000]
specinterface_ln62        (specinterface       ) [ 00000000]
empty_52                  (specchannel         ) [ 00000000]
specinterface_ln0         (specinterface       ) [ 00000000]
call_ln100                (call                ) [ 00000000]
ret_ln198                 (ret                 ) [ 00000000]
</LifeTime>

<model>

<comp_list>
<comp id="0" class="1000" name="packetizer_in">
<pin_list>
<pin id="1" dir="1" index="0" bw="1" slack="0"/>
</pin_list>
<bind>
<StgValue><ssdm name="packetizer_in"/></StgValue>
</bind>
</comp>

<comp id="2" class="1000" name="out_stream_V_data_V">
<pin_list>
<pin id="3" dir="1" index="0" bw="1" slack="0"/>
</pin_list>
<bind>
<StgValue><ssdm name="out_stream_V_data_V"/></StgValue>
</bind>
</comp>

<comp id="4" class="1000" name="out_stream_V_keep_V">
<pin_list>
<pin id="5" dir="1" index="0" bw="1" slack="0"/>
</pin_list>
<bind>
<StgValue><ssdm name="out_stream_V_keep_V"/></StgValue>
</bind>
</comp>

<comp id="6" class="1000" name="out_stream_V_strb_V">
<pin_list>
<pin id="7" dir="1" index="0" bw="1" slack="0"/>
</pin_list>
<bind>
<StgValue><ssdm name="out_stream_V_strb_V"/></StgValue>
</bind>
</comp>

<comp id="8" class="1000" name="out_stream_V_last_V">
<pin_list>
<pin id="9" dir="1" index="0" bw="1" slack="0"/>
</pin_list>
<bind>
<StgValue><ssdm name="out_stream_V_last_V"/></StgValue>
</bind>
</comp>

<comp id="10" class="1000" name="epoch">
<pin_list>
<pin id="11" dir="1" index="0" bw="1" slack="0"/>
</pin_list>
<bind>
<StgValue><ssdm name="epoch"/></StgValue>
</bind>
</comp>

<comp id="12" class="1000" name="station_id">
<pin_list>
<pin id="13" dir="1" index="0" bw="1" slack="0"/>
</pin_list>
<bind>
<StgValue><ssdm name="station_id"/></StgValue>
</bind>
</comp>

<comp id="14" class="1000" name="thread_id">
<pin_list>
<pin id="15" dir="1" index="0" bw="1" slack="0"/>
</pin_list>
<bind>
<StgValue><ssdm name="thread_id"/></StgValue>
</bind>
</comp>

<comp id="16" class="1000" name="bits_per_sample">
<pin_list>
<pin id="17" dir="1" index="0" bw="1" slack="0"/>
</pin_list>
<bind>
<StgValue><ssdm name="bits_per_sample"/></StgValue>
</bind>
</comp>

<comp id="18" class="1000" name="complex_data">
<pin_list>
<pin id="19" dir="1" index="0" bw="1" slack="0"/>
</pin_list>
<bind>
<StgValue><ssdm name="complex_data"/></StgValue>
</bind>
</comp>

<comp id="20" class="1000" name="pps">
<pin_list>
<pin id="21" dir="1" index="0" bw="1" slack="0"/>
</pin_list>
<bind>
<StgValue><ssdm name="pps"/></StgValue>
</bind>
</comp>

<comp id="22" class="1000" name="payload_words">
<pin_list>
<pin id="23" dir="1" index="0" bw="1" slack="0"/>
</pin_list>
<bind>
<StgValue><ssdm name="payload_words"/></StgValue>
</bind>
</comp>

<comp id="24" class="1000" name="second_counter">
<pin_list>
<pin id="25" dir="1" index="0" bw="1" slack="0"/>
</pin_list>
<bind>
<StgValue><ssdm name="second_counter"/></StgValue>
</bind>
</comp>

<comp id="26" class="1000" name="frame_counter">
<pin_list>
<pin id="27" dir="1" index="0" bw="1" slack="0"/>
</pin_list>
<bind>
<StgValue><ssdm name="frame_counter"/></StgValue>
</bind>
</comp>

<comp id="28" class="1000" name="fsm_state">
<pin_list>
<pin id="29" dir="1" index="0" bw="1" slack="0"/>
</pin_list>
<bind>
<StgValue><ssdm name="fsm_state"/></StgValue>
</bind>
</comp>

<comp id="30" class="1001" name="const_30">
<pin_list>
<pin id="31" dir="1" index="0" bw="1" slack="0"/>
</pin_list>
<bind>
<StgValue><ssdm name=""/></StgValue>
</bind>
</comp>

<comp id="32" class="1001" name="const_32">
<pin_list>
<pin id="33" dir="1" index="0" bw="1" slack="0"/>
</pin_list>
<bind>
<StgValue><ssdm name="entry_proc"/></StgValue>
</bind>
</comp>

<comp id="34" class="1001" name="const_34">
<pin_list>
<pin id="35" dir="1" index="0" bw="1" slack="0"/>
</pin_list>
<bind>
<StgValue><ssdm name="timestamp_engine"/></StgValue>
</bind>
</comp>

<comp id="36" class="1001" name="const_36">
<pin_list>
<pin id="37" dir="1" index="0" bw="1" slack="0"/>
</pin_list>
<bind>
<StgValue><ssdm name="read_payload"/></StgValue>
</bind>
</comp>

<comp id="38" class="1001" name="const_38">
<pin_list>
<pin id="39" dir="1" index="0" bw="1" slack="0"/>
</pin_list>
<bind>
<StgValue><ssdm name="header_generator"/></StgValue>
</bind>
</comp>

<comp id="40" class="1001" name="const_40">
<pin_list>
<pin id="41" dir="1" index="0" bw="1" slack="0"/>
</pin_list>
<bind>
<StgValue><ssdm name="packetizer_Block_entry_out_stream_V_data_V_wr_proc"/></StgValue>
</bind>
</comp>

<comp id="42" class="1001" name="const_42">
<pin_list>
<pin id="43" dir="1" index="0" bw="1" slack="2147483647"/>
</pin_list>
<bind>
<StgValue><ssdm name="_ssdm_op_SpecInterface"/></StgValue>
</bind>
</comp>

<comp id="44" class="1001" name="const_44">
<pin_list>
<pin id="45" dir="1" index="0" bw="1" slack="2147483647"/>
</pin_list>
<bind>
<StgValue><ssdm name="ap_fifo_str"/></StgValue>
</bind>
</comp>

<comp id="46" class="1001" name="const_46">
<pin_list>
<pin id="47" dir="1" index="0" bw="1" slack="2147483647"/>
</pin_list>
<bind>
<StgValue><ssdm name=""/></StgValue>
</bind>
</comp>

<comp id="48" class="1001" name="const_48">
<pin_list>
<pin id="49" dir="1" index="0" bw="1" slack="2147483647"/>
</pin_list>
<bind>
<StgValue><ssdm name="p_str"/></StgValue>
</bind>
</comp>

<comp id="50" class="1001" name="const_50">
<pin_list>
<pin id="51" dir="1" index="0" bw="1" slack="2147483647"/>
</pin_list>
<bind>
<StgValue><ssdm name=""/></StgValue>
</bind>
</comp>

<comp id="52" class="1001" name="const_52">
<pin_list>
<pin id="53" dir="1" index="0" bw="1" slack="2147483647"/>
</pin_list>
<bind>
<StgValue><ssdm name=""/></StgValue>
</bind>
</comp>

<comp id="54" class="1001" name="const_54">
<pin_list>
<pin id="55" dir="1" index="0" bw="1" slack="2147483647"/>
</pin_list>
<bind>
<StgValue><ssdm name="ScalarProp_str"/></StgValue>
</bind>
</comp>

<comp id="56" class="1001" name="const_56">
<pin_list>
<pin id="57" dir="1" index="0" bw="1" slack="2147483647"/>
</pin_list>
<bind>
<StgValue><ssdm name=""/></StgValue>
</bind>
</comp>

<comp id="58" class="1001" name="const_58">
<pin_list>
<pin id="59" dir="1" index="0" bw="1" slack="2147483647"/>
</pin_list>
<bind>
<StgValue><ssdm name="_ssdm_op_SpecChannel"/></StgValue>
</bind>
</comp>

<comp id="60" class="1001" name="const_60">
<pin_list>
<pin id="61" dir="1" index="0" bw="1" slack="2147483647"/>
</pin_list>
<bind>
<StgValue><ssdm name="payload_words_c1_str"/></StgValue>
</bind>
</comp>

<comp id="62" class="1001" name="const_62">
<pin_list>
<pin id="63" dir="1" index="0" bw="1" slack="2147483647"/>
</pin_list>
<bind>
<StgValue><ssdm name=""/></StgValue>
</bind>
</comp>

<comp id="64" class="1001" name="const_64">
<pin_list>
<pin id="65" dir="1" index="0" bw="1" slack="2147483647"/>
</pin_list>
<bind>
<StgValue><ssdm name=""/></StgValue>
</bind>
</comp>

<comp id="66" class="1001" name="const_66">
<pin_list>
<pin id="67" dir="1" index="0" bw="1" slack="2147483647"/>
</pin_list>
<bind>
<StgValue><ssdm name="complex_data_c_str"/></StgValue>
</bind>
</comp>

<comp id="68" class="1001" name="const_68">
<pin_list>
<pin id="69" dir="1" index="0" bw="1" slack="2147483647"/>
</pin_list>
<bind>
<StgValue><ssdm name="bits_per_sample_c_str"/></StgValue>
</bind>
</comp>

<comp id="70" class="1001" name="const_70">
<pin_list>
<pin id="71" dir="1" index="0" bw="1" slack="2147483647"/>
</pin_list>
<bind>
<StgValue><ssdm name="thread_id_c_str"/></StgValue>
</bind>
</comp>

<comp id="72" class="1001" name="const_72">
<pin_list>
<pin id="73" dir="1" index="0" bw="1" slack="2147483647"/>
</pin_list>
<bind>
<StgValue><ssdm name="station_id_c_str"/></StgValue>
</bind>
</comp>

<comp id="74" class="1001" name="const_74">
<pin_list>
<pin id="75" dir="1" index="0" bw="1" slack="2147483647"/>
</pin_list>
<bind>
<StgValue><ssdm name="epoch_c_str"/></StgValue>
</bind>
</comp>

<comp id="76" class="1001" name="const_76">
<pin_list>
<pin id="77" dir="1" index="0" bw="1" slack="2147483647"/>
</pin_list>
<bind>
<StgValue><ssdm name="_ssdm_op_SpecDataflowPipeline"/></StgValue>
</bind>
</comp>

<comp id="78" class="1001" name="const_78">
<pin_list>
<pin id="79" dir="1" index="0" bw="1" slack="2147483647"/>
</pin_list>
<bind>
<StgValue><ssdm name="empty_11"/></StgValue>
</bind>
</comp>

<comp id="80" class="1001" name="const_80">
<pin_list>
<pin id="81" dir="1" index="0" bw="1" slack="2147483647"/>
</pin_list>
<bind>
<StgValue><ssdm name="_ssdm_op_SpecAXISSideChannel"/></StgValue>
</bind>
</comp>

<comp id="82" class="1001" name="const_82">
<pin_list>
<pin id="83" dir="1" index="0" bw="1" slack="2147483647"/>
</pin_list>
<bind>
<StgValue><ssdm name=""/></StgValue>
</bind>
</comp>

<comp id="84" class="1001" name="const_84">
<pin_list>
<pin id="85" dir="1" index="0" bw="1" slack="2147483647"/>
</pin_list>
<bind>
<StgValue><ssdm name="empty_7"/></StgValue>
</bind>
</comp>

<comp id="86" class="1001" name="const_86">
<pin_list>
<pin id="87" dir="1" index="0" bw="1" slack="2147483647"/>
</pin_list>
<bind>
<StgValue><ssdm name="empty_8"/></StgValue>
</bind>
</comp>

<comp id="88" class="1001" name="const_88">
<pin_list>
<pin id="89" dir="1" index="0" bw="1" slack="2147483647"/>
</pin_list>
<bind>
<StgValue><ssdm name="empty_13"/></StgValue>
</bind>
</comp>

<comp id="90" class="1001" name="const_90">
<pin_list>
<pin id="91" dir="1" index="0" bw="1" slack="2147483647"/>
</pin_list>
<bind>
<StgValue><ssdm name="empty_12"/></StgValue>
</bind>
</comp>

<comp id="92" class="1001" name="const_92">
<pin_list>
<pin id="93" dir="1" index="0" bw="1" slack="2147483647"/>
</pin_list>
<bind>
<StgValue><ssdm name="empty_5"/></StgValue>
</bind>
</comp>

<comp id="94" class="1001" name="const_94">
<pin_list>
<pin id="95" dir="1" index="0" bw="1" slack="2147483647"/>
</pin_list>
<bind>
<StgValue><ssdm name="fifo_str"/></StgValue>
</bind>
</comp>

<comp id="96" class="1001" name="const_96">
<pin_list>
<pin id="97" dir="1" index="0" bw="1" slack="2147483647"/>
</pin_list>
<bind>
<StgValue><ssdm name=""/></StgValue>
</bind>
</comp>

<comp id="98" class="1001" name="const_98">
<pin_list>
<pin id="99" dir="1" index="0" bw="1" slack="0"/>
</pin_list>
<bind>
<StgValue><ssdm name="packetizer_Block_entry_fsm_state_fb_proc"/></StgValue>
</bind>
</comp>

<comp id="100" class="1004" name="p_channel_fu_100">
<pin_list>
<pin id="101" dir="0" index="0" bw="1" slack="0"/>
<pin id="102" dir="1" index="1" bw="16" slack="0"/>
</pin_list>
<bind>
<opcode="alloca(26) " fcode="alloca"/>
<opset="p_channel/1 "/>
</bind>
</comp>

<comp id="104" class="1004" name="payload_words_c1_fu_104">
<pin_list>
<pin id="105" dir="0" index="0" bw="1" slack="0"/>
<pin id="106" dir="1" index="1" bw="16" slack="0"/>
</pin_list>
<bind>
<opcode="alloca(26) " fcode="alloca"/>
<opset="payload_words_c1/1 "/>
</bind>
</comp>

<comp id="108" class="1004" name="complex_data_c_fu_108">
<pin_list>
<pin id="109" dir="0" index="0" bw="1" slack="0"/>
<pin id="110" dir="1" index="1" bw="1" slack="0"/>
</pin_list>
<bind>
<opcode="alloca(26) " fcode="alloca"/>
<opset="complex_data_c/1 "/>
</bind>
</comp>

<comp id="112" class="1004" name="bits_per_sample_c_fu_112">
<pin_list>
<pin id="113" dir="0" index="0" bw="1" slack="0"/>
<pin id="114" dir="1" index="1" bw="5" slack="0"/>
</pin_list>
<bind>
<opcode="alloca(26) " fcode="alloca"/>
<opset="bits_per_sample_c/1 "/>
</bind>
</comp>

<comp id="116" class="1004" name="thread_id_c_fu_116">
<pin_list>
<pin id="117" dir="0" index="0" bw="1" slack="0"/>
<pin id="118" dir="1" index="1" bw="10" slack="0"/>
</pin_list>
<bind>
<opcode="alloca(26) " fcode="alloca"/>
<opset="thread_id_c/1 "/>
</bind>
</comp>

<comp id="120" class="1004" name="station_id_c_fu_120">
<pin_list>
<pin id="121" dir="0" index="0" bw="1" slack="0"/>
<pin id="122" dir="1" index="1" bw="16" slack="0"/>
</pin_list>
<bind>
<opcode="alloca(26) " fcode="alloca"/>
<opset="station_id_c/1 "/>
</bind>
</comp>

<comp id="124" class="1004" name="epoch_c_fu_124">
<pin_list>
<pin id="125" dir="0" index="0" bw="1" slack="0"/>
<pin id="126" dir="1" index="1" bw="6" slack="0"/>
</pin_list>
<bind>
<opcode="alloca(26) " fcode="alloca"/>
<opset="epoch_c/1 "/>
</bind>
</comp>

<comp id="128" class="1004" name="fifo_fu_128">
<pin_list>
<pin id="129" dir="0" index="0" bw="1" slack="0"/>
<pin id="130" dir="1" index="1" bw="32" slack="1"/>
</pin_list>
<bind>
<opcode="alloca(26) " fcode="alloca"/>
<opset="fifo/1 "/>
</bind>
</comp>

<comp id="132" class="1004" name="header_alloca_fu_132">
<pin_list>
<pin id="133" dir="0" index="0" bw="1" slack="0"/>
<pin id="134" dir="1" index="1" bw="32" slack="2147483647"/>
</pin_list>
<bind>
<opcode="alloca(26) " fcode="alloca"/>
<opset="header/1 "/>
</bind>
</comp>

<comp id="136" class="1004" name="call_ln62_entry_proc_fu_136">
<pin_list>
<pin id="137" dir="0" index="0" bw="0" slack="0"/>
<pin id="138" dir="0" index="1" bw="16" slack="0"/>
<pin id="139" dir="0" index="2" bw="6" slack="0"/>
<pin id="140" dir="0" index="3" bw="6" slack="0"/>
<pin id="141" dir="0" index="4" bw="16" slack="0"/>
<pin id="142" dir="0" index="5" bw="16" slack="0"/>
<pin id="143" dir="0" index="6" bw="10" slack="0"/>
<pin id="144" dir="0" index="7" bw="10" slack="0"/>
<pin id="145" dir="0" index="8" bw="5" slack="0"/>
<pin id="146" dir="0" index="9" bw="5" slack="0"/>
<pin id="147" dir="0" index="10" bw="1" slack="0"/>
<pin id="148" dir="0" index="11" bw="1" slack="0"/>
<pin id="149" dir="0" index="12" bw="16" slack="0"/>
<pin id="150" dir="0" index="13" bw="16" slack="0"/>
<pin id="151" dir="1" index="14" bw="0" slack="2147483647"/>
</pin_list>
<bind>
<opcode="call(48) " fcode="call"/>
<opset="call_ln62/1 "/>
</bind>
</comp>

<comp id="159" class="1004" name="grp_timestamp_engine_fu_159">
<pin_list>
<pin id="160" dir="0" index="0" bw="54" slack="0"/>
<pin id="161" dir="0" index="1" bw="1" slack="0"/>
<pin id="162" dir="0" index="2" bw="30" slack="0"/>
<pin id="163" dir="0" index="3" bw="24" slack="0"/>
<pin id="164" dir="1" index="4" bw="54" slack="0"/>
</pin_list>
<bind>
<opcode="call(48) " fcode="call"/>
<opset="call_ret/2 "/>
</bind>
</comp>

<comp id="169" class="1004" name="grp_read_payload_fu_169">
<pin_list>
<pin id="170" dir="0" index="0" bw="0" slack="0"/>
<pin id="171" dir="0" index="1" bw="32" slack="0"/>
<pin id="172" dir="0" index="2" bw="32" slack="1"/>
<pin id="173" dir="0" index="3" bw="16" slack="1"/>
<pin id="174" dir="1" index="4" bw="0" slack="2147483647"/>
</pin_list>
<bind>
<opcode="call(48) " fcode="call"/>
<opset="call_ln139/2 "/>
</bind>
</comp>

<comp id="177" class="1004" name="grp_header_generator_fu_177">
<pin_list>
<pin id="178" dir="0" index="0" bw="16" slack="0"/>
<pin id="179" dir="0" index="1" bw="30" slack="0"/>
<pin id="180" dir="0" index="2" bw="24" slack="0"/>
<pin id="181" dir="0" index="3" bw="6" slack="2"/>
<pin id="182" dir="0" index="4" bw="16" slack="2"/>
<pin id="183" dir="0" index="5" bw="10" slack="2"/>
<pin id="184" dir="0" index="6" bw="5" slack="2"/>
<pin id="185" dir="0" index="7" bw="1" slack="2"/>
<pin id="186" dir="0" index="8" bw="16" slack="2"/>
<pin id="187" dir="0" index="9" bw="32" slack="2147483647"/>
<pin id="188" dir="1" index="10" bw="16" slack="1"/>
</pin_list>
<bind>
<opcode="call(48) " fcode="call"/>
<opset="payload_words_c_channel/3 "/>
</bind>
</comp>

<comp id="190" class="1004" name="grp_packetizer_Block_entry_out_stream_V_data_V_wr_proc_fu_190">
<pin_list>
<pin id="191" dir="0" index="0" bw="0" slack="0"/>
<pin id="192" dir="0" index="1" bw="32" slack="2147483647"/>
<pin id="193" dir="0" index="2" bw="32" slack="0"/>
<pin id="194" dir="0" index="3" bw="4" slack="0"/>
<pin id="195" dir="0" index="4" bw="4" slack="0"/>
<pin id="196" dir="0" index="5" bw="1" slack="0"/>
<pin id="197" dir="0" index="6" bw="32" slack="4"/>
<pin id="198" dir="0" index="7" bw="16" slack="1"/>
<pin id="199" dir="1" index="8" bw="0" slack="2147483647"/>
</pin_list>
<bind>
<opcode="call(48) " fcode="call"/>
<opset="call_ln152/5 "/>
</bind>
</comp>

<comp id="205" class="1004" name="call_ln100_packetizer_Block_entry_fsm_state_fb_proc_fu_205">
<pin_list>
<pin id="206" dir="0" index="0" bw="0" slack="0"/>
<pin id="207" dir="0" index="1" bw="1" slack="0"/>
<pin id="208" dir="1" index="2" bw="0" slack="2147483647"/>
</pin_list>
<bind>
<opcode="call(48) " fcode="call"/>
<opset="call_ln100/7 "/>
</bind>
</comp>

<comp id="211" class="1004" name="seconds_from_epoch_fu_211">
<pin_list>
<pin id="212" dir="0" index="0" bw="54" slack="0"/>
<pin id="213" dir="1" index="1" bw="30" slack="0"/>
</pin_list>
<bind>
<opcode="extractvalue(56) " fcode="extractvalue"/>
<opset="seconds_from_epoch/3 "/>
</bind>
</comp>

<comp id="216" class="1004" name="frame_no_fu_216">
<pin_list>
<pin id="217" dir="0" index="0" bw="54" slack="0"/>
<pin id="218" dir="1" index="1" bw="24" slack="0"/>
</pin_list>
<bind>
<opcode="extractvalue(56) " fcode="extractvalue"/>
<opset="frame_no/3 "/>
</bind>
</comp>

<comp id="221" class="1005" name="p_channel_reg_221">
<pin_list>
<pin id="222" dir="0" index="0" bw="16" slack="0"/>
<pin id="223" dir="1" index="1" bw="16" slack="0"/>
</pin_list>
<bind>
<opset="p_channel "/>
</bind>
</comp>

<comp id="227" class="1005" name="payload_words_c1_reg_227">
<pin_list>
<pin id="228" dir="0" index="0" bw="16" slack="0"/>
<pin id="229" dir="1" index="1" bw="16" slack="0"/>
</pin_list>
<bind>
<opset="payload_words_c1 "/>
</bind>
</comp>

<comp id="233" class="1005" name="complex_data_c_reg_233">
<pin_list>
<pin id="234" dir="0" index="0" bw="1" slack="0"/>
<pin id="235" dir="1" index="1" bw="1" slack="0"/>
</pin_list>
<bind>
<opset="complex_data_c "/>
</bind>
</comp>

<comp id="239" class="1005" name="bits_per_sample_c_reg_239">
<pin_list>
<pin id="240" dir="0" index="0" bw="5" slack="0"/>
<pin id="241" dir="1" index="1" bw="5" slack="0"/>
</pin_list>
<bind>
<opset="bits_per_sample_c "/>
</bind>
</comp>

<comp id="245" class="1005" name="thread_id_c_reg_245">
<pin_list>
<pin id="246" dir="0" index="0" bw="10" slack="0"/>
<pin id="247" dir="1" index="1" bw="10" slack="0"/>
</pin_list>
<bind>
<opset="thread_id_c "/>
</bind>
</comp>

<comp id="251" class="1005" name="station_id_c_reg_251">
<pin_list>
<pin id="252" dir="0" index="0" bw="16" slack="0"/>
<pin id="253" dir="1" index="1" bw="16" slack="0"/>
</pin_list>
<bind>
<opset="station_id_c "/>
</bind>
</comp>

<comp id="257" class="1005" name="epoch_c_reg_257">
<pin_list>
<pin id="258" dir="0" index="0" bw="6" slack="0"/>
<pin id="259" dir="1" index="1" bw="6" slack="0"/>
</pin_list>
<bind>
<opset="epoch_c "/>
</bind>
</comp>

<comp id="263" class="1005" name="fifo_reg_263">
<pin_list>
<pin id="264" dir="0" index="0" bw="32" slack="1"/>
<pin id="265" dir="1" index="1" bw="32" slack="1"/>
</pin_list>
<bind>
<opset="fifo "/>
</bind>
</comp>

<comp id="269" class="1005" name="seconds_from_epoch_reg_269">
<pin_list>
<pin id="270" dir="0" index="0" bw="30" slack="1"/>
<pin id="271" dir="1" index="1" bw="30" slack="1"/>
</pin_list>
<bind>
<opset="seconds_from_epoch "/>
</bind>
</comp>

<comp id="274" class="1005" name="frame_no_reg_274">
<pin_list>
<pin id="275" dir="0" index="0" bw="24" slack="1"/>
<pin id="276" dir="1" index="1" bw="24" slack="1"/>
</pin_list>
<bind>
<opset="frame_no "/>
</bind>
</comp>

<comp id="279" class="1005" name="payload_words_c_channel_reg_279">
<pin_list>
<pin id="280" dir="0" index="0" bw="16" slack="1"/>
<pin id="281" dir="1" index="1" bw="16" slack="1"/>
</pin_list>
<bind>
<opset="payload_words_c_channel "/>
</bind>
</comp>

</comp_list>

<net_list>
<net id="103"><net_src comp="30" pin="0"/><net_sink comp="100" pin=0"/></net>

<net id="107"><net_src comp="30" pin="0"/><net_sink comp="104" pin=0"/></net>

<net id="111"><net_src comp="30" pin="0"/><net_sink comp="108" pin=0"/></net>

<net id="115"><net_src comp="30" pin="0"/><net_sink comp="112" pin=0"/></net>

<net id="119"><net_src comp="30" pin="0"/><net_sink comp="116" pin=0"/></net>

<net id="123"><net_src comp="30" pin="0"/><net_sink comp="120" pin=0"/></net>

<net id="127"><net_src comp="30" pin="0"/><net_sink comp="124" pin=0"/></net>

<net id="131"><net_src comp="30" pin="0"/><net_sink comp="128" pin=0"/></net>

<net id="135"><net_src comp="30" pin="0"/><net_sink comp="132" pin=0"/></net>

<net id="152"><net_src comp="32" pin="0"/><net_sink comp="136" pin=0"/></net>

<net id="153"><net_src comp="10" pin="0"/><net_sink comp="136" pin=2"/></net>

<net id="154"><net_src comp="12" pin="0"/><net_sink comp="136" pin=4"/></net>

<net id="155"><net_src comp="14" pin="0"/><net_sink comp="136" pin=6"/></net>

<net id="156"><net_src comp="16" pin="0"/><net_sink comp="136" pin=8"/></net>

<net id="157"><net_src comp="18" pin="0"/><net_sink comp="136" pin=10"/></net>

<net id="158"><net_src comp="22" pin="0"/><net_sink comp="136" pin=12"/></net>

<net id="165"><net_src comp="34" pin="0"/><net_sink comp="159" pin=0"/></net>

<net id="166"><net_src comp="20" pin="0"/><net_sink comp="159" pin=1"/></net>

<net id="167"><net_src comp="24" pin="0"/><net_sink comp="159" pin=2"/></net>

<net id="168"><net_src comp="26" pin="0"/><net_sink comp="159" pin=3"/></net>

<net id="175"><net_src comp="36" pin="0"/><net_sink comp="169" pin=0"/></net>

<net id="176"><net_src comp="0" pin="0"/><net_sink comp="169" pin=1"/></net>

<net id="189"><net_src comp="38" pin="0"/><net_sink comp="177" pin=0"/></net>

<net id="200"><net_src comp="40" pin="0"/><net_sink comp="190" pin=0"/></net>

<net id="201"><net_src comp="2" pin="0"/><net_sink comp="190" pin=2"/></net>

<net id="202"><net_src comp="4" pin="0"/><net_sink comp="190" pin=3"/></net>

<net id="203"><net_src comp="6" pin="0"/><net_sink comp="190" pin=4"/></net>

<net id="204"><net_src comp="8" pin="0"/><net_sink comp="190" pin=5"/></net>

<net id="209"><net_src comp="98" pin="0"/><net_sink comp="205" pin=0"/></net>

<net id="210"><net_src comp="28" pin="0"/><net_sink comp="205" pin=1"/></net>

<net id="214"><net_src comp="159" pin="4"/><net_sink comp="211" pin=0"/></net>

<net id="215"><net_src comp="211" pin="1"/><net_sink comp="177" pin=1"/></net>

<net id="219"><net_src comp="159" pin="4"/><net_sink comp="216" pin=0"/></net>

<net id="220"><net_src comp="216" pin="1"/><net_sink comp="177" pin=2"/></net>

<net id="224"><net_src comp="100" pin="1"/><net_sink comp="221" pin=0"/></net>

<net id="225"><net_src comp="221" pin="1"/><net_sink comp="136" pin=1"/></net>

<net id="226"><net_src comp="221" pin="1"/><net_sink comp="169" pin=3"/></net>

<net id="230"><net_src comp="104" pin="1"/><net_sink comp="227" pin=0"/></net>

<net id="231"><net_src comp="227" pin="1"/><net_sink comp="136" pin=13"/></net>

<net id="232"><net_src comp="227" pin="1"/><net_sink comp="177" pin=8"/></net>

<net id="236"><net_src comp="108" pin="1"/><net_sink comp="233" pin=0"/></net>

<net id="237"><net_src comp="233" pin="1"/><net_sink comp="136" pin=11"/></net>

<net id="238"><net_src comp="233" pin="1"/><net_sink comp="177" pin=7"/></net>

<net id="242"><net_src comp="112" pin="1"/><net_sink comp="239" pin=0"/></net>

<net id="243"><net_src comp="239" pin="1"/><net_sink comp="136" pin=9"/></net>

<net id="244"><net_src comp="239" pin="1"/><net_sink comp="177" pin=6"/></net>

<net id="248"><net_src comp="116" pin="1"/><net_sink comp="245" pin=0"/></net>

<net id="249"><net_src comp="245" pin="1"/><net_sink comp="136" pin=7"/></net>

<net id="250"><net_src comp="245" pin="1"/><net_sink comp="177" pin=5"/></net>

<net id="254"><net_src comp="120" pin="1"/><net_sink comp="251" pin=0"/></net>

<net id="255"><net_src comp="251" pin="1"/><net_sink comp="136" pin=5"/></net>

<net id="256"><net_src comp="251" pin="1"/><net_sink comp="177" pin=4"/></net>

<net id="260"><net_src comp="124" pin="1"/><net_sink comp="257" pin=0"/></net>

<net id="261"><net_src comp="257" pin="1"/><net_sink comp="136" pin=3"/></net>

<net id="262"><net_src comp="257" pin="1"/><net_sink comp="177" pin=3"/></net>

<net id="266"><net_src comp="128" pin="1"/><net_sink comp="263" pin=0"/></net>

<net id="267"><net_src comp="263" pin="1"/><net_sink comp="169" pin=2"/></net>

<net id="268"><net_src comp="263" pin="1"/><net_sink comp="190" pin=6"/></net>

<net id="272"><net_src comp="211" pin="1"/><net_sink comp="269" pin=0"/></net>

<net id="273"><net_src comp="269" pin="1"/><net_sink comp="177" pin=1"/></net>

<net id="277"><net_src comp="216" pin="1"/><net_sink comp="274" pin=0"/></net>

<net id="278"><net_src comp="274" pin="1"/><net_sink comp="177" pin=2"/></net>

<net id="282"><net_src comp="177" pin="10"/><net_sink comp="279" pin=0"/></net>

<net id="283"><net_src comp="279" pin="1"/><net_sink comp="190" pin=7"/></net>

</net_list>

</model> 
---------------- Datapath Model END ------------------

* FSMD analyzer results:
  - Output states:
	Port: out_stream_V_data_V | {5 6 }
	Port: out_stream_V_keep_V | {5 6 }
	Port: out_stream_V_strb_V | {5 6 }
	Port: out_stream_V_last_V | {5 6 }
	Port: second_counter | {2 3 }
	Port: frame_counter | {2 3 }
	Port: fsm_state | {7 }
 - Input state : 
	Port: packetizer : packetizer_in | {2 3 }
	Port: packetizer : epoch | {1 }
	Port: packetizer : station_id | {1 }
	Port: packetizer : thread_id | {1 }
	Port: packetizer : bits_per_sample | {1 }
	Port: packetizer : complex_data | {1 }
	Port: packetizer : pps | {2 3 }
	Port: packetizer : payload_words | {1 }
	Port: packetizer : second_counter | {2 3 }
	Port: packetizer : frame_counter | {2 3 }
	Port: packetizer : fsm_state | {7 }
  - Chain level:
	State 1
		call_ln62 : 1
	State 2
	State 3
		seconds_from_epoch : 1
		frame_no : 1
		payload_words_c_channel : 2
	State 4
	State 5
	State 6
	State 7


============================================================
+ Verbose Summary: Datapath Resource usage 
============================================================

* Functional unit list:
|----------|---------------------------------------------------------------|---------|---------|---------|
| Operation|                        Functional Unit                        |  Delay  |    FF   |   LUT   |
|----------|---------------------------------------------------------------|---------|---------|---------|
|          |                  call_ln62_entry_proc_fu_136                  |    0    |    0    |    0    |
|          |                  grp_timestamp_engine_fu_159                  |    0    |   114   |    68   |
|   call   |                    grp_read_payload_fu_169                    |    0    |    16   |    46   |
|          |                  grp_header_generator_fu_177                  | 6.69943 |    63   |   152   |
|          | grp_packetizer_Block_entry_out_stream_V_data_V_wr_proc_fu_190 |   4.83  |    73   |   146   |
|          |   call_ln100_packetizer_Block_entry_fsm_state_fb_proc_fu_205  |    0    |    0    |    31   |
|----------|---------------------------------------------------------------|---------|---------|---------|
|extractvalue|                   seconds_from_epoch_fu_211                   |    0    |    0    |    0    |
|          |                        frame_no_fu_216                        |    0    |    0    |    0    |
|----------|---------------------------------------------------------------|---------|---------|---------|
|   Total  |                                                               | 11.5294 |   266   |   443   |
|----------|---------------------------------------------------------------|---------|---------|---------|

Memories:
+------+--------+--------+--------+--------+
|      |  BRAM  |   FF   |   LUT  |  URAM  |
+------+--------+--------+--------+--------+
|header|    0   |   128  |    8   |    0   |
+------+--------+--------+--------+--------+
| Total|    0   |   128  |    8   |    0   |
+------+--------+--------+--------+--------+

* Register list:
+-------------------------------+--------+
|                               |   FF   |
+-------------------------------+--------+
|   bits_per_sample_c_reg_239   |    5   |
|     complex_data_c_reg_233    |    1   |
|        epoch_c_reg_257        |    6   |
|          fifo_reg_263         |   32   |
|        frame_no_reg_274       |   24   |
|       p_channel_reg_221       |   16   |
|    payload_words_c1_reg_227   |   16   |
|payload_words_c_channel_reg_279|   16   |
|   seconds_from_epoch_reg_269  |   30   |
|      station_id_c_reg_251     |   16   |
|      thread_id_c_reg_245      |   10   |
+-------------------------------+--------+
|             Total             |   172  |
+-------------------------------+--------+

* Multiplexer (MUX) list: 
|-----------------------------|------|------|------|--------||---------||---------||---------|
|             Comp            |  Pin | Size |  BW  | S x BW ||  Delay  ||    FF   ||   LUT   |
|-----------------------------|------|------|------|--------||---------||---------||---------|
| grp_header_generator_fu_177 |  p1  |   2  |  30  |   60   ||    0    ||    9    |
| grp_header_generator_fu_177 |  p2  |   2  |  24  |   48   ||    0    ||    9    |
|-----------------------------|------|------|------|--------||---------||---------||---------|
|            Total            |      |      |      |   108  ||   3.22  ||    0    ||    18   |
|-----------------------------|------|------|------|--------||---------||---------||---------|



* Summary:
+-----------+--------+--------+--------+--------+--------+
|           |  BRAM  |  Delay |   FF   |   LUT  |  URAM  |
+-----------+--------+--------+--------+--------+--------+
|  Function |    -   |   11   |   266  |   443  |    -   |
|   Memory  |    0   |    -   |   128  |    8   |    0   |
|Multiplexer|    -   |    3   |    0   |   18   |    -   |
|  Register |    -   |    -   |   172  |    -   |    -   |
+-----------+--------+--------+--------+--------+--------+
|   Total   |    0   |   14   |   566  |   469  |    0   |
+-----------+--------+--------+--------+--------+--------+
