

================================================================
== Vitis HLS Report for 'packetizer'
================================================================
* Date:           Wed Jun 24 16:57:21 2026

* Version:        2025.2 (Build 6295257 on Nov 14 2025)
* Project:        vdif_chain
* Solution:       hls (Vivado IP Flow Target)
* Product family: artix7
* Target device:  xc7a12t-cpg238-1


================================================================
== Performance Estimates
================================================================
+ Timing: 
    * Summary: 
    +--------+----------+----------+------------+
    |  Clock |  Target  | Estimated| Uncertainty|
    +--------+----------+----------+------------+
    |ap_clk  |  10.00 ns|  7.406 ns|     2.70 ns|
    +--------+----------+----------+------------+

+ Latency: 
    * Summary: 
    +---------+---------+-----------+----------+------+-------+----------+
    |  Latency (cycles) |  Latency (absolute)  |   Interval   | Pipeline |
    |   min   |   max   |    min    |    max   |  min |  max  |   Type   |
    +---------+---------+-----------+----------+------+-------+----------+
    |     1027|    65558|  10.270 us|  0.656 ms|  1025|  65553|  dataflow|
    +---------+---------+-----------+----------+------+-------+----------+

    + Detail: 
        * Instance: 
        N/A

        * Loop: 
        N/A

============================================================
+ Verbose Summary: Synthesis Manager
============================================================
InlineROM: 1
ExposeGlobal: 0
============================================================
+ Verbose Summary: CDFG Model
============================================================
IsTopModel: 0
ResetActiveHigh: 1
IsCombinational: 2
IsDatapathOnly: 0
HasWiredReturn: 1
HasMFsm: 0
HasVarLatency: 1
IsPipeline: 0
IsRtlPipelined: 0
IsInstanceOverlapped: 0
IsDontTouch: 0
HasImplIP: 0
IsGatedGlobalClock: 0


============================================================
+ Verbose Summary: Schedule
============================================================
* Number of FSM states : 7
* Pipeline : 0
* Dataflow Pipeline: 1
  DF-Pipeline-0: Size = 7, States = { 1 2 3 4 5 6 7 }

* FSM state transitions: 
1 --> 2 
2 --> 3 
3 --> 4 
4 --> 5 
5 --> 6 
6 --> 7 
7 --> 

* FSM state operations: 

State 1 <SV = 0> <Delay = 0.00>
ST_1 : Operation 8 [1/1] (0.00ns)   --->   "%p_channel = alloca i64 1"   --->   Operation 8 'alloca' 'p_channel' <Predicate = true> <Delay = 0.00> <CoreInst = "FIFO_SRL">   --->   Core 80 'FIFO_SRL' <Latency = 0> <II = 1> <Delay = 3.90> <Storage> <Opcode : 'read' 'write' 'nbread' 'nbwrite'> <Ports = 0> <Width = 16> <Depth = 2> <FIFO>
ST_1 : Operation 9 [1/1] (0.00ns)   --->   "%payload_words_c1 = alloca i64 1" [../src/packetizer2.cpp:62]   --->   Operation 9 'alloca' 'payload_words_c1' <Predicate = true> <Delay = 0.00> <CoreInst = "FIFO_SRL">   --->   Core 80 'FIFO_SRL' <Latency = 0> <II = 1> <Delay = 3.90> <Storage> <Opcode : 'read' 'write' 'nbread' 'nbwrite'> <Ports = 0> <Width = 16> <Depth = 3> <FIFO>
ST_1 : Operation 10 [1/1] (0.00ns)   --->   "%complex_data_c = alloca i64 1" [../src/packetizer2.cpp:62]   --->   Operation 10 'alloca' 'complex_data_c' <Predicate = true> <Delay = 0.00> <CoreInst = "FIFO_SRL">   --->   Core 80 'FIFO_SRL' <Latency = 0> <II = 1> <Delay = 3.90> <Storage> <Opcode : 'read' 'write' 'nbread' 'nbwrite'> <Ports = 0> <Width = 1> <Depth = 3> <FIFO>
ST_1 : Operation 11 [1/1] (0.00ns)   --->   "%bits_per_sample_c = alloca i64 1" [../src/packetizer2.cpp:62]   --->   Operation 11 'alloca' 'bits_per_sample_c' <Predicate = true> <Delay = 0.00> <CoreInst = "FIFO_SRL">   --->   Core 80 'FIFO_SRL' <Latency = 0> <II = 1> <Delay = 3.90> <Storage> <Opcode : 'read' 'write' 'nbread' 'nbwrite'> <Ports = 0> <Width = 5> <Depth = 3> <FIFO>
ST_1 : Operation 12 [1/1] (0.00ns)   --->   "%thread_id_c = alloca i64 1" [../src/packetizer2.cpp:62]   --->   Operation 12 'alloca' 'thread_id_c' <Predicate = true> <Delay = 0.00> <CoreInst = "FIFO_SRL">   --->   Core 80 'FIFO_SRL' <Latency = 0> <II = 1> <Delay = 3.90> <Storage> <Opcode : 'read' 'write' 'nbread' 'nbwrite'> <Ports = 0> <Width = 10> <Depth = 3> <FIFO>
ST_1 : Operation 13 [1/1] (0.00ns)   --->   "%station_id_c = alloca i64 1" [../src/packetizer2.cpp:62]   --->   Operation 13 'alloca' 'station_id_c' <Predicate = true> <Delay = 0.00> <CoreInst = "FIFO_SRL">   --->   Core 80 'FIFO_SRL' <Latency = 0> <II = 1> <Delay = 3.90> <Storage> <Opcode : 'read' 'write' 'nbread' 'nbwrite'> <Ports = 0> <Width = 16> <Depth = 3> <FIFO>
ST_1 : Operation 14 [1/1] (0.00ns)   --->   "%epoch_c = alloca i64 1" [../src/packetizer2.cpp:62]   --->   Operation 14 'alloca' 'epoch_c' <Predicate = true> <Delay = 0.00> <CoreInst = "FIFO_SRL">   --->   Core 80 'FIFO_SRL' <Latency = 0> <II = 1> <Delay = 3.90> <Storage> <Opcode : 'read' 'write' 'nbread' 'nbwrite'> <Ports = 0> <Width = 6> <Depth = 3> <FIFO>
ST_1 : Operation 15 [1/1] (0.00ns)   --->   "%fifo = alloca i64 1" [../src/packetizer2.cpp:74]   --->   Operation 15 'alloca' 'fifo' <Predicate = true> <Delay = 0.00> <CoreInst = "FIFO">   --->   Core 77 'FIFO' <Latency = 0> <II = 1> <Delay = 3.50> <Storage> <Opcode : 'read' 'write' 'nbread' 'nbwrite'> <Ports = 0> <Width = 32> <Depth = 8192> <FIFO>
ST_1 : Operation 16 [1/1] (0.00ns)   --->   "%header = alloca i64 1" [../src/packetizer2.cpp:121]   --->   Operation 16 'alloca' 'header' <Predicate = true> <Delay = 0.00>
ST_1 : Operation 17 [1/1] (0.00ns)   --->   "%call_ln62 = call void @entry_proc, i16 %p_channel, i6 %epoch, i6 %epoch_c, i16 %station_id, i16 %station_id_c, i10 %thread_id, i10 %thread_id_c, i5 %bits_per_sample, i5 %bits_per_sample_c, i1 %complex_data, i1 %complex_data_c, i16 %payload_words, i16 %payload_words_c1" [../src/packetizer2.cpp:62]   --->   Operation 17 'call' 'call_ln62' <Predicate = true> <Delay = 0.00> <CoreType = "Generic">   --->   Generic Core

State 2 <SV = 1> <Delay = 7.40>
ST_2 : Operation 18 [2/2] (0.00ns)   --->   "%call_ret = call i54 @timestamp_engine, i1 %pps, i30 %second_counter, i24 %frame_counter" [../src/packetizer2.cpp:86]   --->   Operation 18 'call' 'call_ret' <Predicate = true> <Delay = 0.00> <CoreType = "Generic">   --->   Generic Core
ST_2 : Operation 19 [2/2] (7.40ns)   --->   "%call_ln139 = call void @read_payload, i32 %packetizer_in, i32 %fifo, i16 %p_channel" [../src/packetizer2.cpp:139]   --->   Operation 19 'call' 'call_ln139' <Predicate = true> <Delay = 7.40> <CoreType = "Generic">   --->   Generic Core

State 3 <SV = 2> <Delay = 7.40>
ST_3 : Operation 20 [1/2] (0.00ns)   --->   "%call_ret = call i54 @timestamp_engine, i1 %pps, i30 %second_counter, i24 %frame_counter" [../src/packetizer2.cpp:86]   --->   Operation 20 'call' 'call_ret' <Predicate = true> <Delay = 0.00> <CoreType = "Generic">   --->   Generic Core
ST_3 : Operation 21 [1/1] (0.00ns)   --->   "%seconds_from_epoch = extractvalue i54 %call_ret" [../src/packetizer2.cpp:86]   --->   Operation 21 'extractvalue' 'seconds_from_epoch' <Predicate = true> <Delay = 0.00> <CoreInst = "FIFO_SRL">   --->   Core 80 'FIFO_SRL' <Latency = 0> <II = 1> <Delay = 3.90> <Storage> <Opcode : 'read' 'write' 'nbread' 'nbwrite'> <Ports = 0> <Width = 30> <Depth = 2> <FIFO>
ST_3 : Operation 22 [1/1] (0.00ns)   --->   "%frame_no = extractvalue i54 %call_ret" [../src/packetizer2.cpp:86]   --->   Operation 22 'extractvalue' 'frame_no' <Predicate = true> <Delay = 0.00> <CoreInst = "FIFO_SRL">   --->   Core 80 'FIFO_SRL' <Latency = 0> <II = 1> <Delay = 3.90> <Storage> <Opcode : 'read' 'write' 'nbread' 'nbwrite'> <Ports = 0> <Width = 24> <Depth = 2> <FIFO>
ST_3 : Operation 23 [2/2] (5.80ns)   --->   "%payload_words_c_channel = call i16 @header_generator, i30 %seconds_from_epoch, i24 %frame_no, i6 %epoch_c, i16 %station_id_c, i10 %thread_id_c, i5 %bits_per_sample_c, i1 %complex_data_c, i16 %payload_words_c1, i32 %header" [../src/packetizer2.cpp:124]   --->   Operation 23 'call' 'payload_words_c_channel' <Predicate = true> <Delay = 5.80> <CoreInst = "FIFO_SRL">   --->   Core 80 'FIFO_SRL' <Latency = 0> <II = 1> <Delay = 3.90> <Storage> <Opcode : 'read' 'write' 'nbread' 'nbwrite'> <Ports = 0> <Width = 16> <Depth = 2> <FIFO>
ST_3 : Operation 24 [1/2] (7.40ns)   --->   "%call_ln139 = call void @read_payload, i32 %packetizer_in, i32 %fifo, i16 %p_channel" [../src/packetizer2.cpp:139]   --->   Operation 24 'call' 'call_ln139' <Predicate = true> <Delay = 7.40> <CoreType = "Generic">   --->   Generic Core

State 4 <SV = 3> <Delay = 0.00>
ST_4 : Operation 25 [1/2] (0.00ns)   --->   "%payload_words_c_channel = call i16 @header_generator, i30 %seconds_from_epoch, i24 %frame_no, i6 %epoch_c, i16 %station_id_c, i10 %thread_id_c, i5 %bits_per_sample_c, i1 %complex_data_c, i16 %payload_words_c1, i32 %header" [../src/packetizer2.cpp:124]   --->   Operation 25 'call' 'payload_words_c_channel' <Predicate = true> <Delay = 0.00> <CoreInst = "FIFO_SRL">   --->   Core 80 'FIFO_SRL' <Latency = 0> <II = 1> <Delay = 3.90> <Storage> <Opcode : 'read' 'write' 'nbread' 'nbwrite'> <Ports = 0> <Width = 16> <Depth = 2> <FIFO>

State 5 <SV = 4> <Delay = 3.65>
ST_5 : Operation 26 [2/2] (3.65ns)   --->   "%call_ln152 = call void @packetizer_Block_entry_out_stream_V_data_V_wr_proc, i32 %header, i32 %out_stream_V_data_V, i4 %out_stream_V_keep_V, i4 %out_stream_V_strb_V, i1 %out_stream_V_last_V, i32 %fifo, i16 %payload_words_c_channel" [../src/packetizer2.cpp:152]   --->   Operation 26 'call' 'call_ln152' <Predicate = true> <Delay = 3.65> <CoreType = "Generic">   --->   Generic Core

State 6 <SV = 5> <Delay = 0.00>
ST_6 : Operation 27 [1/2] (0.00ns)   --->   "%call_ln152 = call void @packetizer_Block_entry_out_stream_V_data_V_wr_proc, i32 %header, i32 %out_stream_V_data_V, i4 %out_stream_V_keep_V, i4 %out_stream_V_strb_V, i1 %out_stream_V_last_V, i32 %fifo, i16 %payload_words_c_channel" [../src/packetizer2.cpp:152]   --->   Operation 27 'call' 'call_ln152' <Predicate = true> <Delay = 0.00> <CoreType = "Generic">   --->   Generic Core

State 7 <SV = 6> <Delay = 0.00>
ST_7 : Operation 28 [1/1] (0.00ns)   --->   "%specinterface_ln0 = specinterface void @_ssdm_op_SpecInterface, i16 %payload_words, void @ap_fifo_str, i32 0, i32 0, void @p_str, i32 0, i32 0, void @p_str, void @p_str, void @p_str, i32 2, i32 2, i32 16, i32 16, void @p_str, void @ScalarProp_str, i32 4294967295, i32 0, i32 0, i32 0"   --->   Operation 28 'specinterface' 'specinterface_ln0' <Predicate = true> <Delay = 0.00>
ST_7 : Operation 29 [1/1] (0.00ns)   --->   "%specinterface_ln0 = specinterface void @_ssdm_op_SpecInterface, i1 %pps, void @ap_fifo_str, i32 0, i32 0, void @p_str, i32 0, i32 0, void @p_str, void @p_str, void @p_str, i32 2, i32 2, i32 16, i32 16, void @p_str, void @ScalarProp_str, i32 4294967295, i32 0, i32 0, i32 0"   --->   Operation 29 'specinterface' 'specinterface_ln0' <Predicate = true> <Delay = 0.00>
ST_7 : Operation 30 [1/1] (0.00ns)   --->   "%specinterface_ln0 = specinterface void @_ssdm_op_SpecInterface, i1 %complex_data, void @ap_fifo_str, i32 0, i32 0, void @p_str, i32 0, i32 0, void @p_str, void @p_str, void @p_str, i32 2, i32 2, i32 16, i32 16, void @p_str, void @ScalarProp_str, i32 4294967295, i32 0, i32 0, i32 0"   --->   Operation 30 'specinterface' 'specinterface_ln0' <Predicate = true> <Delay = 0.00>
ST_7 : Operation 31 [1/1] (0.00ns)   --->   "%specinterface_ln0 = specinterface void @_ssdm_op_SpecInterface, i5 %bits_per_sample, void @ap_fifo_str, i32 0, i32 0, void @p_str, i32 0, i32 0, void @p_str, void @p_str, void @p_str, i32 2, i32 2, i32 16, i32 16, void @p_str, void @ScalarProp_str, i32 4294967295, i32 0, i32 0, i32 0"   --->   Operation 31 'specinterface' 'specinterface_ln0' <Predicate = true> <Delay = 0.00>
ST_7 : Operation 32 [1/1] (0.00ns)   --->   "%specinterface_ln0 = specinterface void @_ssdm_op_SpecInterface, i10 %thread_id, void @ap_fifo_str, i32 0, i32 0, void @p_str, i32 0, i32 0, void @p_str, void @p_str, void @p_str, i32 2, i32 2, i32 16, i32 16, void @p_str, void @ScalarProp_str, i32 4294967295, i32 0, i32 0, i32 0"   --->   Operation 32 'specinterface' 'specinterface_ln0' <Predicate = true> <Delay = 0.00>
ST_7 : Operation 33 [1/1] (0.00ns)   --->   "%specinterface_ln0 = specinterface void @_ssdm_op_SpecInterface, i16 %station_id, void @ap_fifo_str, i32 0, i32 0, void @p_str, i32 0, i32 0, void @p_str, void @p_str, void @p_str, i32 2, i32 2, i32 16, i32 16, void @p_str, void @ScalarProp_str, i32 4294967295, i32 0, i32 0, i32 0"   --->   Operation 33 'specinterface' 'specinterface_ln0' <Predicate = true> <Delay = 0.00>
ST_7 : Operation 34 [1/1] (0.00ns)   --->   "%specinterface_ln0 = specinterface void @_ssdm_op_SpecInterface, i6 %epoch, void @ap_fifo_str, i32 0, i32 0, void @p_str, i32 0, i32 0, void @p_str, void @p_str, void @p_str, i32 2, i32 2, i32 16, i32 16, void @p_str, void @ScalarProp_str, i32 4294967295, i32 0, i32 0, i32 0"   --->   Operation 34 'specinterface' 'specinterface_ln0' <Predicate = true> <Delay = 0.00>
ST_7 : Operation 35 [1/1] (0.00ns)   --->   "%empty = specchannel i32 @_ssdm_op_SpecChannel, void @payload_words_c1_str, i32 1, void @p_str, void @p_str, i32 3, i32 0, i16 %payload_words_c1, i16 %payload_words_c1" [../src/packetizer2.cpp:62]   --->   Operation 35 'specchannel' 'empty' <Predicate = true> <Delay = 0.00>
ST_7 : Operation 36 [1/1] (0.00ns)   --->   "%specinterface_ln62 = specinterface void @_ssdm_op_SpecInterface, i16 %payload_words_c1, void @ap_fifo_str, i32 0, i32 0, void @p_str, i32 0, i32 0, void @p_str, void @p_str, void @p_str, i32 2, i32 2, i32 16, i32 16, void @p_str, void @p_str, i32 4294967295, i32 0, i32 0, i32 0" [../src/packetizer2.cpp:62]   --->   Operation 36 'specinterface' 'specinterface_ln62' <Predicate = true> <Delay = 0.00>
ST_7 : Operation 37 [1/1] (0.00ns)   --->   "%empty_47 = specchannel i32 @_ssdm_op_SpecChannel, void @complex_data_c_str, i32 1, void @p_str, void @p_str, i32 3, i32 0, i1 %complex_data_c, i1 %complex_data_c" [../src/packetizer2.cpp:62]   --->   Operation 37 'specchannel' 'empty_47' <Predicate = true> <Delay = 0.00>
ST_7 : Operation 38 [1/1] (0.00ns)   --->   "%specinterface_ln62 = specinterface void @_ssdm_op_SpecInterface, i1 %complex_data_c, void @ap_fifo_str, i32 0, i32 0, void @p_str, i32 0, i32 0, void @p_str, void @p_str, void @p_str, i32 2, i32 2, i32 16, i32 16, void @p_str, void @p_str, i32 4294967295, i32 0, i32 0, i32 0" [../src/packetizer2.cpp:62]   --->   Operation 38 'specinterface' 'specinterface_ln62' <Predicate = true> <Delay = 0.00>
ST_7 : Operation 39 [1/1] (0.00ns)   --->   "%empty_48 = specchannel i32 @_ssdm_op_SpecChannel, void @bits_per_sample_c_str, i32 1, void @p_str, void @p_str, i32 3, i32 0, i5 %bits_per_sample_c, i5 %bits_per_sample_c" [../src/packetizer2.cpp:62]   --->   Operation 39 'specchannel' 'empty_48' <Predicate = true> <Delay = 0.00>
ST_7 : Operation 40 [1/1] (0.00ns)   --->   "%specinterface_ln62 = specinterface void @_ssdm_op_SpecInterface, i5 %bits_per_sample_c, void @ap_fifo_str, i32 0, i32 0, void @p_str, i32 0, i32 0, void @p_str, void @p_str, void @p_str, i32 2, i32 2, i32 16, i32 16, void @p_str, void @p_str, i32 4294967295, i32 0, i32 0, i32 0" [../src/packetizer2.cpp:62]   --->   Operation 40 'specinterface' 'specinterface_ln62' <Predicate = true> <Delay = 0.00>
ST_7 : Operation 41 [1/1] (0.00ns)   --->   "%empty_49 = specchannel i32 @_ssdm_op_SpecChannel, void @thread_id_c_str, i32 1, void @p_str, void @p_str, i32 3, i32 0, i10 %thread_id_c, i10 %thread_id_c" [../src/packetizer2.cpp:62]   --->   Operation 41 'specchannel' 'empty_49' <Predicate = true> <Delay = 0.00>
ST_7 : Operation 42 [1/1] (0.00ns)   --->   "%specinterface_ln62 = specinterface void @_ssdm_op_SpecInterface, i10 %thread_id_c, void @ap_fifo_str, i32 0, i32 0, void @p_str, i32 0, i32 0, void @p_str, void @p_str, void @p_str, i32 2, i32 2, i32 16, i32 16, void @p_str, void @p_str, i32 4294967295, i32 0, i32 0, i32 0" [../src/packetizer2.cpp:62]   --->   Operation 42 'specinterface' 'specinterface_ln62' <Predicate = true> <Delay = 0.00>
ST_7 : Operation 43 [1/1] (0.00ns)   --->   "%empty_50 = specchannel i32 @_ssdm_op_SpecChannel, void @station_id_c_str, i32 1, void @p_str, void @p_str, i32 3, i32 0, i16 %station_id_c, i16 %station_id_c" [../src/packetizer2.cpp:62]   --->   Operation 43 'specchannel' 'empty_50' <Predicate = true> <Delay = 0.00>
ST_7 : Operation 44 [1/1] (0.00ns)   --->   "%specinterface_ln62 = specinterface void @_ssdm_op_SpecInterface, i16 %station_id_c, void @ap_fifo_str, i32 0, i32 0, void @p_str, i32 0, i32 0, void @p_str, void @p_str, void @p_str, i32 2, i32 2, i32 16, i32 16, void @p_str, void @p_str, i32 4294967295, i32 0, i32 0, i32 0" [../src/packetizer2.cpp:62]   --->   Operation 44 'specinterface' 'specinterface_ln62' <Predicate = true> <Delay = 0.00>
ST_7 : Operation 45 [1/1] (0.00ns)   --->   "%empty_51 = specchannel i32 @_ssdm_op_SpecChannel, void @epoch_c_str, i32 1, void @p_str, void @p_str, i32 3, i32 0, i6 %epoch_c, i6 %epoch_c" [../src/packetizer2.cpp:62]   --->   Operation 45 'specchannel' 'empty_51' <Predicate = true> <Delay = 0.00>
ST_7 : Operation 46 [1/1] (0.00ns)   --->   "%specinterface_ln62 = specinterface void @_ssdm_op_SpecInterface, i6 %epoch_c, void @ap_fifo_str, i32 0, i32 0, void @p_str, i32 0, i32 0, void @p_str, void @p_str, void @p_str, i32 2, i32 2, i32 16, i32 16, void @p_str, void @p_str, i32 4294967295, i32 0, i32 0, i32 0" [../src/packetizer2.cpp:62]   --->   Operation 46 'specinterface' 'specinterface_ln62' <Predicate = true> <Delay = 0.00>
ST_7 : Operation 47 [1/1] (0.00ns)   --->   "%specdataflowpipeline_ln62 = specdataflowpipeline void @_ssdm_op_SpecDataflowPipeline, i32 4294967295, i32 0, void @empty_11" [../src/packetizer2.cpp:62]   --->   Operation 47 'specdataflowpipeline' 'specdataflowpipeline_ln62' <Predicate = true> <Delay = 0.00>
ST_7 : Operation 48 [1/1] (0.00ns)   --->   "%specaxissidechannel_ln0 = specaxissidechannel void @_ssdm_op_SpecAXISSideChannel, i32 %out_stream_V_data_V, i4 %out_stream_V_keep_V, i4 %out_stream_V_strb_V, i1 0, i1 %out_stream_V_last_V, i1 0, i1 0, void @empty_7"   --->   Operation 48 'specaxissidechannel' 'specaxissidechannel_ln0' <Predicate = true> <Delay = 0.00>
ST_7 : Operation 49 [1/1] (0.00ns)   --->   "%specinterface_ln0 = specinterface void @_ssdm_op_SpecInterface, i32 %packetizer_in, void @empty_8, i32 0, i32 0, void @empty_11, i32 0, i32 0, void @empty_11, void @empty_11, void @empty_11, i32 0, i32 0, i32 0, i32 0, void @empty_11, void @empty_11, i32 4294967295, i32 0, i32 0, i32 0"   --->   Operation 49 'specinterface' 'specinterface_ln0' <Predicate = true> <Delay = 0.00>
ST_7 : Operation 50 [1/1] (0.00ns)   --->   "%specinterface_ln0 = specinterface void @_ssdm_op_SpecInterface, i1 %out_stream_V_last_V, i4 %out_stream_V_strb_V, i4 %out_stream_V_keep_V, i32 %out_stream_V_data_V, void @empty_13, i32 1, i32 1, void @empty_12, i32 0, i32 0, void @empty_11, void @empty_11, void @empty_11, i32 0, i32 0, i32 0, i32 0, void @empty_11, void @empty_11, i32 4294967295, i32 0, i32 0, i32 0"   --->   Operation 50 'specinterface' 'specinterface_ln0' <Predicate = true> <Delay = 0.00>
ST_7 : Operation 51 [1/1] (0.00ns)   --->   "%specinterface_ln62 = specinterface void @_ssdm_op_SpecInterface, i32 0, void @empty_5, i32 0, i32 0, void @empty_11, i32 0, i32 0, void @empty_11, void @empty_11, void @empty_11, i32 0, i32 0, i32 0, i32 0, void @empty_11, void @empty_11, i32 4294967295, i32 0, i32 0, i32 0" [../src/packetizer2.cpp:62]   --->   Operation 51 'specinterface' 'specinterface_ln62' <Predicate = true> <Delay = 0.00>
ST_7 : Operation 52 [1/1] (0.00ns)   --->   "%empty_52 = specchannel i32 @_ssdm_op_SpecChannel, void @fifo_str, i32 1, void @p_str, void @p_str, i32 8192, i32 8192, i32 %fifo, i32 %fifo"   --->   Operation 52 'specchannel' 'empty_52' <Predicate = true> <Delay = 0.00>
ST_7 : Operation 53 [1/1] (0.00ns)   --->   "%specinterface_ln0 = specinterface void @_ssdm_op_SpecInterface, i32 %fifo, void @empty_8, i32 0, i32 0, void @empty_11, i32 0, i32 0, void @empty_11, void @empty_11, void @empty_11, i32 0, i32 0, i32 0, i32 0, void @empty_11, void @empty_11, i32 4294967295, i32 0, i32 0, i32 0"   --->   Operation 53 'specinterface' 'specinterface_ln0' <Predicate = true> <Delay = 0.00>
ST_7 : Operation 54 [1/1] (0.00ns)   --->   "%call_ln100 = call void @packetizer_Block_entry_fsm_state_fb_proc, i1 %fsm_state" [../src/packetizer2.cpp:100]   --->   Operation 54 'call' 'call_ln100' <Predicate = true> <Delay = 0.00> <CoreType = "Generic">   --->   Generic Core
ST_7 : Operation 55 [1/1] (0.00ns)   --->   "%ret_ln198 = ret" [../src/packetizer2.cpp:198]   --->   Operation 55 'ret' 'ret_ln198' <Predicate = true> <Delay = 0.00>


============================================================
+ Verbose Summary: Timing violations
============================================================
Target clock period: 10.000ns, clock uncertainty: 2.700ns.

 <State 1>: 0.000ns
The critical path consists of the following:

 <State 2>: 7.406ns
The critical path consists of the following:
	'call' operation ('call_ln139', ../src/packetizer2.cpp:139) to 'read_payload' [57]  (7.406 ns)

 <State 3>: 7.406ns
The critical path consists of the following:
	'call' operation ('call_ln139', ../src/packetizer2.cpp:139) to 'read_payload' [57]  (7.406 ns)

 <State 4>: 0.000ns
The critical path consists of the following:

 <State 5>: 3.650ns
The critical path consists of the following:
	'call' operation ('call_ln152', ../src/packetizer2.cpp:152) to 'packetizer_Block_entry_out_stream_V_data_V_wr_proc' [58]  (3.650 ns)

 <State 6>: 0.000ns
The critical path consists of the following:

 <State 7>: 0.000ns
The critical path consists of the following:


============================================================
+ Verbose Summary: Binding
============================================================
N/A
* FSMD analyzer results:
  - Output states:
 - Input state : 
  - Chain level:
	State 1
	State 2
	State 3
	State 4
	State 5
	State 6
	State 7


============================================================
+ Verbose Summary: Datapath Resource usage 
============================================================
N/A
