

================================================================
== Vitis HLS Report for 'packetizer_Block_entry_fsm_state_fb_proc'
================================================================
* Date:           Wed Jun 24 16:57:17 2026

* Version:        2025.2 (Build 6295257 on Nov 14 2025)
* Project:        vdif_chain
* Solution:       hls (Vivado IP Flow Target)
* Product family: artix7
* Target device:  xc7a12t-cpg238-1


================================================================
== Performance Estimates
================================================================
+ Timing: 
    * Summary: 
    +--------+----------+----------+------------+
    |  Clock |  Target  | Estimated| Uncertainty|
    +--------+----------+----------+------------+
    |ap_clk  |  10.00 ns|  4.862 ns|     2.70 ns|
    +--------+----------+----------+------------+

+ Latency: 
    * Summary: 
    +---------+---------+----------+----------+-----+-----+---------+
    |  Latency (cycles) |  Latency (absolute) |  Interval | Pipeline|
    |   min   |   max   |    min   |    max   | min | max |   Type  |
    +---------+---------+----------+----------+-----+-----+---------+
    |        0|        0|      0 ns|      0 ns|    0|    0|       no|
    +---------+---------+----------+----------+-----+-----+---------+

    + Detail: 
        * Instance: 
        N/A

        * Loop: 
        N/A

============================================================
+ Verbose Summary: Synthesis Manager
============================================================
InlineROM: 1
ExposeGlobal: 0
============================================================
+ Verbose Summary: CDFG Model
============================================================
IsTopModel: 0
ResetActiveHigh: 1
IsCombinational: 2
IsDatapathOnly: 0
HasWiredReturn: 1
HasMFsm: 0
HasVarLatency: 0
IsPipeline: 0
IsRtlPipelined: 0
IsInstanceOverlapped: 0
IsDontTouch: 0
HasImplIP: 0
IsGatedGlobalClock: 0


============================================================
+ Verbose Summary: Schedule
============================================================
* Number of FSM states : 1
* Pipeline : 0
* Dataflow Pipeline: 0

* FSM state transitions: 
1 --> 

* FSM state operations: 

State 1 <SV = 0> <Delay = 4.86>
ST_1 : Operation 2 [1/1] (0.00ns)   --->   "%specinterface_ln0 = specinterface void @_ssdm_op_SpecInterface, i32 0, void @empty_5, i32 0, i32 0, void @empty_11, i32 0, i32 0, void @empty_11, void @empty_11, void @empty_11, i32 0, i32 0, i32 0, i32 0, void @empty_11, void @empty_11, i32 4294967295, i32 0, i32 0, i32 0"   --->   Operation 2 'specinterface' 'specinterface_ln0' <Predicate = true> <Delay = 0.00>
ST_1 : Operation 3 [1/1] (0.00ns)   --->   "%fsm_state_load = load i1 %fsm_state" [../src/packetizer2.cpp:102->../src/packetizer2.cpp:102]   --->   Operation 3 'load' 'fsm_state_load' <Predicate = true> <Delay = 0.00>
ST_1 : Operation 4 [1/1] (1.61ns)   --->   "%next_state_assign_4 = call i1 @packet_fsm.1, i1 %fsm_state_load" [../src/packetizer2.cpp:101->../src/packetizer2.cpp:101->../src/packetizer2.cpp:102]   --->   Operation 4 'call' 'next_state_assign_4' <Predicate = true> <Delay = 1.61> <CoreType = "Generic">   --->   Generic Core
ST_1 : Operation 5 [1/1] (1.61ns)   --->   "%next_state_assign_3 = call i2 @packet_fsm.2, i1 %next_state_assign_4" [../src/packetizer2.cpp:159->../src/packetizer2.cpp:101->../src/packetizer2.cpp:102]   --->   Operation 5 'call' 'next_state_assign_3' <Predicate = true> <Delay = 1.61> <CoreType = "Generic">   --->   Generic Core
ST_1 : Operation 6 [1/1] (1.64ns)   --->   "%next_state_assign_2 = call i1 @packet_fsm, i2 %next_state_assign_3" [../src/packetizer2.cpp:183->../src/packetizer2.cpp:101->../src/packetizer2.cpp:102]   --->   Operation 6 'call' 'next_state_assign_2' <Predicate = true> <Delay = 1.64> <CoreType = "Generic">   --->   Generic Core
ST_1 : Operation 7 [1/1] (0.00ns)   --->   "%store_ln191 = store i1 %next_state_assign_2, i1 %fsm_state" [../src/packetizer2.cpp:191->../src/packetizer2.cpp:101->../src/packetizer2.cpp:102]   --->   Operation 7 'store' 'store_ln191' <Predicate = true> <Delay = 0.00>
ST_1 : Operation 8 [1/1] (0.00ns)   --->   "%ret_ln0 = ret"   --->   Operation 8 'ret' 'ret_ln0' <Predicate = true> <Delay = 0.00>


============================================================
+ Verbose Summary: Timing violations
============================================================
Target clock period: 10.000ns, clock uncertainty: 2.700ns.

 <State 1>: 4.862ns
The critical path consists of the following:
	'load' operation 1 bit ('fsm_state_load', ../src/packetizer2.cpp:102->../src/packetizer2.cpp:102) on static variable 'fsm_state' [3]  (0.000 ns)
	'call' operation 1 bit ('next_state_assign_4', ../src/packetizer2.cpp:101->../src/packetizer2.cpp:101->../src/packetizer2.cpp:102) to 'packet_fsm.1' [4]  (1.610 ns)
	'call' operation 2 bit ('next_state_assign_3', ../src/packetizer2.cpp:159->../src/packetizer2.cpp:101->../src/packetizer2.cpp:102) to 'packet_fsm.2' [5]  (1.610 ns)
	'call' operation 1 bit ('next_state_assign_2', ../src/packetizer2.cpp:183->../src/packetizer2.cpp:101->../src/packetizer2.cpp:102) to 'packet_fsm' [6]  (1.642 ns)


============================================================
+ Verbose Summary: Binding
============================================================
N/A
* FSMD analyzer results:
  - Output states:
 - Input state : 
  - Chain level:
	State 1


============================================================
+ Verbose Summary: Datapath Resource usage 
============================================================
N/A
