

================================================================
== Vitis HLS Report for 'packet_fsm'
================================================================
* Date:           Wed Jun 24 16:57:25 2026

* Version:        2025.2 (Build 6295257 on Nov 14 2025)
* Project:        vdif_chain
* Solution:       hls (Vivado IP Flow Target)
* Product family: artix7
* Target device:  xc7a12t-cpg238-1


================================================================
== Performance Estimates
================================================================
+ Timing: 
    * Summary: 
    +--------+----------+----------+------------+
    |  Clock |  Target  | Estimated| Uncertainty|
    +--------+----------+----------+------------+
    |ap_clk  |  10.00 ns|  1.642 ns|     2.70 ns|
    +--------+----------+----------+------------+

+ Latency: 
    * Summary: 
    +---------+---------+----------+----------+-----+-----+---------+
    |  Latency (cycles) |  Latency (absolute) |  Interval | Pipeline|
    |   min   |   max   |    min   |    max   | min | max |   Type  |
    +---------+---------+----------+----------+-----+-----+---------+
    |        0|        0|      0 ns|      0 ns|    0|    0|       no|
    +---------+---------+----------+----------+-----+-----+---------+

    + Detail: 
        * Instance: 
        N/A

        * Loop: 
        N/A



================================================================
== Utilization Estimates
================================================================
* Summary: 
+-----------------+---------+----+-------+------+-----+
|       Name      | BRAM_18K| DSP|   FF  |  LUT | URAM|
+-----------------+---------+----+-------+------+-----+
|DSP              |        -|   -|      -|     -|    -|
|Expression       |        -|   -|      -|     -|    -|
|FIFO             |        -|   -|      -|     -|    -|
|Instance         |        -|   -|      0|    13|    -|
|Memory           |        -|   -|      -|     -|    -|
|Multiplexer      |        -|   -|      -|     -|    -|
|Register         |        -|   -|      -|     -|    -|
+-----------------+---------+----+-------+------+-----+
|Total            |        0|   0|      0|    13|    0|
+-----------------+---------+----+-------+------+-----+
|Available        |       40|  40|  16000|  8000|    0|
+-----------------+---------+----+-------+------+-----+
|Utilization (%)  |        0|   0|      0|    ~0|    0|
+-----------------+---------+----+-------+------+-----+

+ Detail: 
    * Instance: 
    +-------------------------+---------------------+---------+----+---+----+-----+
    |         Instance        |        Module       | BRAM_18K| DSP| FF| LUT| URAM|
    +-------------------------+---------------------+---------+----+---+----+-----+
    |sparsemux_7_2_1_1_1_U56  |sparsemux_7_2_1_1_1  |        0|   0|  0|  13|    0|
    +-------------------------+---------------------+---------+----+---+----+-----+
    |Total                    |                     |        0|   0|  0|  13|    0|
    +-------------------------+---------------------+---------+----+---+----+-----+

    * DSP: 
    N/A

    * Memory: 
    N/A

    * FIFO: 
    N/A

    * Expression: 
    N/A

    * Multiplexer: 
    N/A

    * Register: 
    N/A



================================================================
== Interface
================================================================
* Summary: 
+---------------+-----+-----+------------+---------------+--------------+
|   RTL Ports   | Dir | Bits|  Protocol  | Source Object |    C Type    |
+---------------+-----+-----+------------+---------------+--------------+
|ap_ready       |  out|    1|  ap_ctrl_hs|     packet_fsm|  return value|
|ap_return      |  out|    1|  ap_ctrl_hs|     packet_fsm|  return value|
|ap_rst         |   in|    1|  ap_ctrl_hs|     packet_fsm|  return value|
|current_state  |   in|    2|     ap_none|  current_state|        scalar|
+---------------+-----+-----+------------+---------------+--------------+

============================================================
+ Verbose Summary: Synthesis Manager
============================================================
InlineROM: 1
ExposeGlobal: 0
============================================================
+ Verbose Summary: CDFG Model
============================================================
IsTopModel: 0
ResetActiveHigh: 1
IsCombinational: 1
IsDatapathOnly: 2
HasWiredReturn: 1
HasMFsm: 0
HasVarLatency: 0
IsPipeline: 0
IsRtlPipelined: 0
IsInstanceOverlapped: 0
IsDontTouch: 0
HasImplIP: 0
IsGatedGlobalClock: 0


============================================================
+ Verbose Summary: Schedule
============================================================
* Number of FSM states : 1
* Pipeline : 0
* Dataflow Pipeline: 0

* FSM state transitions: 
1 --> 

* FSM state operations: 

State 1 <SV = 0> <Delay = 1.64>
ST_1 : Operation 2 [1/1] (0.00ns)   --->   "%current_state_read = read i2 @_ssdm_op_Read.ap_auto.i2, i2 %current_state" [../src/packet_fsm.cpp:18]   --->   Operation 2 'read' 'current_state_read' <Predicate = true> <Delay = 0.00>
ST_1 : Operation 3 [1/1] (0.00ns)   --->   "%trunc_ln18 = trunc i2 %current_state_read" [../src/packet_fsm.cpp:18]   --->   Operation 3 'trunc' 'trunc_ln18' <Predicate = (current_state_read == 1) | (current_state_read == 0)> <Delay = 0.00>
ST_1 : Operation 4 [1/1] (1.64ns)   --->   "%next_state_write_assign = sparsemux i1 @_ssdm_op_SparseMux.ap_auto.3i1.i1.i2, i2 0, i1 %trunc_ln18, i2 1, i1 %trunc_ln18, i2 2, i1 0, i1 0, i2 %current_state_read" [../src/packet_fsm.cpp:15]   --->   Operation 4 'sparsemux' 'next_state_write_assign' <Predicate = true> <Delay = 1.64> <CoreInst = "BinarySparseMux_HasDef">   --->   Core 138 'BinarySparseMux_HasDef' <Latency = 0> <II = 1> <Delay = 1.64> <FuncUnit> <Opcode : 'sparsemux'> <InPorts = 2> <OutPorts = 1>
ST_1 : Operation 5 [1/1] (0.00ns)   --->   "%ret_ln54 = ret i1 %next_state_write_assign" [../src/packet_fsm.cpp:54]   --->   Operation 5 'ret' 'ret_ln54' <Predicate = true> <Delay = 0.00>


============================================================
+ Verbose Summary: Binding
============================================================
STG Binding: 
---------------- STG Properties BEGIN ----------------
- Is combinational: 1
- Is one-state seq: 0
- Is datapath-only: 0
- Is pipelined: 0
- Is top level: 0
Port [ Return ] is wired: 1; IO mode=ap_ctrl_hs:ce=0
Port [ current_state]:  wired=1; compound=0; hidden=0; nouse=0; global=0; static=0; extern=0; dir=0; type=0; pingpong=0; private_global=0; IO mode=ap_none:ce=0
---------------- STG Properties END ------------------

---------------- Datapath Model BEGIN ----------------

<LifeTime>
<method=bitvector/>
current_state_read      (read     ) [ 01]
trunc_ln18              (trunc    ) [ 00]
next_state_write_assign (sparsemux) [ 00]
ret_ln54                (ret      ) [ 00]
</LifeTime>

<model>

<comp_list>
<comp id="0" class="1000" name="current_state">
<pin_list>
<pin id="1" dir="1" index="0" bw="1" slack="0"/>
</pin_list>
<bind>
<StgValue><ssdm name="current_state"/></StgValue>
</bind>
</comp>

<comp id="2" class="1001" name="const_2">
<pin_list>
<pin id="3" dir="1" index="0" bw="1" slack="0"/>
</pin_list>
<bind>
<StgValue><ssdm name="_ssdm_op_Read.ap_auto.i2"/></StgValue>
</bind>
</comp>

<comp id="4" class="1001" name="const_4">
<pin_list>
<pin id="5" dir="1" index="0" bw="1" slack="0"/>
</pin_list>
<bind>
<StgValue><ssdm name="_ssdm_op_SparseMux.ap_auto.3i1.i1.i2"/></StgValue>
</bind>
</comp>

<comp id="6" class="1001" name="const_6">
<pin_list>
<pin id="7" dir="1" index="0" bw="1" slack="0"/>
</pin_list>
<bind>
<StgValue><ssdm name=""/></StgValue>
</bind>
</comp>

<comp id="8" class="1001" name="const_8">
<pin_list>
<pin id="9" dir="1" index="0" bw="1" slack="0"/>
</pin_list>
<bind>
<StgValue><ssdm name=""/></StgValue>
</bind>
</comp>

<comp id="10" class="1001" name="const_10">
<pin_list>
<pin id="11" dir="1" index="0" bw="1" slack="0"/>
</pin_list>
<bind>
<StgValue><ssdm name=""/></StgValue>
</bind>
</comp>

<comp id="12" class="1001" name="const_12">
<pin_list>
<pin id="13" dir="1" index="0" bw="1" slack="0"/>
</pin_list>
<bind>
<StgValue><ssdm name=""/></StgValue>
</bind>
</comp>

<comp id="14" class="1004" name="current_state_read_read_fu_14">
<pin_list>
<pin id="15" dir="0" index="0" bw="2" slack="0"/>
<pin id="16" dir="0" index="1" bw="2" slack="0"/>
<pin id="17" dir="1" index="2" bw="2" slack="0"/>
</pin_list>
<bind>
<opcode="read(1150) " fcode="read"/>
<opset="current_state_read/1 "/>
</bind>
</comp>

<comp id="20" class="1004" name="trunc_ln18_fu_20">
<pin_list>
<pin id="21" dir="0" index="0" bw="2" slack="0"/>
<pin id="22" dir="1" index="1" bw="1" slack="0"/>
</pin_list>
<bind>
<opcode="trunc(33) " fcode="trunc"/>
<opset="trunc_ln18/1 "/>
</bind>
</comp>

<comp id="24" class="1004" name="next_state_write_assign_fu_24">
<pin_list>
<pin id="25" dir="0" index="0" bw="1" slack="0"/>
<pin id="26" dir="0" index="1" bw="2" slack="0"/>
<pin id="27" dir="0" index="2" bw="1" slack="0"/>
<pin id="28" dir="0" index="3" bw="2" slack="0"/>
<pin id="29" dir="0" index="4" bw="1" slack="0"/>
<pin id="30" dir="0" index="5" bw="2" slack="0"/>
<pin id="31" dir="0" index="6" bw="1" slack="0"/>
<pin id="32" dir="0" index="7" bw="1" slack="0"/>
<pin id="33" dir="0" index="8" bw="2" slack="0"/>
<pin id="34" dir="1" index="9" bw="1" slack="2147483647"/>
</pin_list>
<bind>
<opcode="sparsemux(1197) " fcode="sparsemux"/>
<opset="next_state_write_assign/1 "/>
</bind>
</comp>

</comp_list>

<net_list>
<net id="18"><net_src comp="2" pin="0"/><net_sink comp="14" pin=0"/></net>

<net id="19"><net_src comp="0" pin="0"/><net_sink comp="14" pin=1"/></net>

<net id="23"><net_src comp="14" pin="2"/><net_sink comp="20" pin=0"/></net>

<net id="35"><net_src comp="4" pin="0"/><net_sink comp="24" pin=0"/></net>

<net id="36"><net_src comp="6" pin="0"/><net_sink comp="24" pin=1"/></net>

<net id="37"><net_src comp="20" pin="1"/><net_sink comp="24" pin=2"/></net>

<net id="38"><net_src comp="8" pin="0"/><net_sink comp="24" pin=3"/></net>

<net id="39"><net_src comp="20" pin="1"/><net_sink comp="24" pin=4"/></net>

<net id="40"><net_src comp="10" pin="0"/><net_sink comp="24" pin=5"/></net>

<net id="41"><net_src comp="12" pin="0"/><net_sink comp="24" pin=6"/></net>

<net id="42"><net_src comp="12" pin="0"/><net_sink comp="24" pin=7"/></net>

<net id="43"><net_src comp="14" pin="2"/><net_sink comp="24" pin=8"/></net>

</net_list>

</model> 
---------------- Datapath Model END ------------------

* FSMD analyzer results:
  - Output states:
 - Input state : 
	Port: packet_fsm : current_state | {1 }
  - Chain level:
	State 1
		next_state_write_assign : 1
		ret_ln54 : 2


============================================================
+ Verbose Summary: Datapath Resource usage 
============================================================

* Functional unit list:
|----------|-------------------------------|---------|---------|
| Operation|        Functional Unit        |    FF   |   LUT   |
|----------|-------------------------------|---------|---------|
| sparsemux| next_state_write_assign_fu_24 |    0    |    13   |
|----------|-------------------------------|---------|---------|
|   read   | current_state_read_read_fu_14 |    0    |    0    |
|----------|-------------------------------|---------|---------|
|   trunc  |        trunc_ln18_fu_20       |    0    |    0    |
|----------|-------------------------------|---------|---------|
|   Total  |                               |    0    |    13   |
|----------|-------------------------------|---------|---------|

Memories:
N/A

* Register list:
N/A

* Multiplexer (MUX) list: 
|--------|------|------|------|--------|
|  Comp  |  Pin | Size |  BW  | S x BW |
|--------|------|------|------|--------|
|  Total |      |      |      |    0   |
|--------|------|------|------|--------|



* Summary:
+-----------+--------+--------+
|           |   FF   |   LUT  |
+-----------+--------+--------+
|  Function |    0   |   13   |
|   Memory  |    -   |    -   |
|Multiplexer|    -   |    -   |
|  Register |    -   |    -   |
+-----------+--------+--------+
|   Total   |    0   |   13   |
+-----------+--------+--------+
