

================================================================
== Vitis HLS Report for 'read_payload'
================================================================
* Date:           Wed Jun 24 16:57:19 2026

* Version:        2025.2 (Build 6295257 on Nov 14 2025)
* Project:        vdif_chain
* Solution:       hls (Vivado IP Flow Target)
* Product family: artix7
* Target device:  xc7a12t-cpg238-1


================================================================
== Performance Estimates
================================================================
+ Timing: 
    * Summary: 
    +--------+----------+----------+------------+
    |  Clock |  Target  | Estimated| Uncertainty|
    +--------+----------+----------+------------+
    |ap_clk  |  10.00 ns|  7.406 ns|     2.70 ns|
    +--------+----------+----------+------------+

+ Latency: 
    * Summary: 
    +---------+---------+-----------+----------+------+-------+------------------------------------------------+
    |  Latency (cycles) |  Latency (absolute)  |   Interval   |                    Pipeline                    |
    |   min   |   max   |    min    |    max   |  min |  max  |                      Type                      |
    +---------+---------+-----------+----------+------+-------+------------------------------------------------+
    |     1026|    65537|  10.260 us|  0.655 ms|  1025|  65536|  loop auto-rewind stp (delay=0 clock cycles(s))|
    +---------+---------+-----------+----------+------+-------+------------------------------------------------+

    + Detail: 
        * Instance: 
        N/A

        * Loop: 
        +-------------------+---------+---------+----------+-----------+-----------+--------------+----------+
        |                   |  Latency (cycles) | Iteration|  Initiation Interval  |     Trip     |          |
        |     Loop Name     |   min   |   max   |  Latency |  achieved |   target  |     Count    | Pipelined|
        +-------------------+---------+---------+----------+-----------+-----------+--------------+----------+
        |- VITIS_LOOP_11_1  |     1024|    65535|         2|          1|          1|  1024 ~ 65535|       yes|
        +-------------------+---------+---------+----------+-----------+-----------+--------------+----------+

============================================================
+ Verbose Summary: Synthesis Manager
============================================================
InlineROM: 1
ExposeGlobal: 0
============================================================
+ Verbose Summary: CDFG Model
============================================================
IsTopModel: 0
ResetActiveHigh: 1
IsCombinational: 2
IsDatapathOnly: 0
HasWiredReturn: 1
HasMFsm: 2
HasVarLatency: 1
IsPipeline: 0
IsRtlPipelined: 0
IsInstanceOverlapped: 0
IsDontTouch: 0
HasImplIP: 0
IsGatedGlobalClock: 0

+ Individual pipeline summary: 
  * Pipeline-0: initiation interval (II) = 1, depth = 2


============================================================
+ Verbose Summary: Schedule
============================================================
* Number of FSM states : 2
* Pipeline : 1
  Pipeline-0 : II = 1, D = 2, States = { 1 2 }
* Dataflow Pipeline: 0

* FSM state transitions: 
1 --> 2 
2 --> 

* FSM state operations: 

State 1 <SV = 0> <Delay = 7.40>
ST_1 : Operation 5 [1/1] (0.00ns)   --->   "%i_02 = alloca i32 1" [../src/read_payload.cpp:11]   --->   Operation 5 'alloca' 'i_02' <Predicate = true> <Delay = 0.00>
ST_1 : Operation 6 [1/1] (3.65ns)   --->   "%payload_words_read = read i16 @_ssdm_op_Read.ap_auto.volatile.i16P0A, i16 %payload_words"   --->   Operation 6 'read' 'payload_words_read' <Predicate = true> <Delay = 3.65> <CoreInst = "FIFO_SRL">   --->   Core 80 'FIFO_SRL' <Latency = 0> <II = 1> <Delay = 3.90> <Storage> <Opcode : 'read' 'write' 'nbread' 'nbwrite'> <Ports = 0> <Width = 16> <Depth = 2> <FIFO>
ST_1 : Operation 7 [1/1] (0.00ns)   --->   "%specinterface_ln0 = specinterface void @_ssdm_op_SpecInterface, i32 %fifo, void @empty_8, i32 0, i32 0, void @empty_11, i32 0, i32 0, void @empty_11, void @empty_11, void @empty_11, i32 0, i32 0, i32 0, i32 0, void @empty_11, void @empty_11, i32 4294967295, i32 0, i32 0, i32 0"   --->   Operation 7 'specinterface' 'specinterface_ln0' <Predicate = true> <Delay = 0.00>
ST_1 : Operation 8 [1/1] (0.00ns)   --->   "%specinterface_ln0 = specinterface void @_ssdm_op_SpecInterface, i32 %packetizer_in, void @empty_8, i32 0, i32 0, void @empty_11, i32 0, i32 0, void @empty_11, void @empty_11, void @empty_11, i32 0, i32 0, i32 0, i32 0, void @empty_11, void @empty_11, i32 4294967295, i32 0, i32 0, i32 0"   --->   Operation 8 'specinterface' 'specinterface_ln0' <Predicate = true> <Delay = 0.00>
ST_1 : Operation 9 [1/1] (1.61ns)   --->   "%store_ln11 = store i16 0, i16 %i_02" [../src/read_payload.cpp:11]   --->   Operation 9 'store' 'store_ln11' <Predicate = true> <Delay = 1.61>
ST_1 : Operation 10 [1/1] (0.00ns)   --->   "%br_ln11 = br void %for.inc" [../src/read_payload.cpp:11]   --->   Operation 10 'br' 'br_ln11' <Predicate = true> <Delay = 0.00>
ST_1 : Operation 11 [1/1] (0.00ns)   --->   "%i_9 = load i16 %i_02" [../src/read_payload.cpp:11]   --->   Operation 11 'load' 'i_9' <Predicate = true> <Delay = 0.00>
ST_1 : Operation 12 [1/1] (2.14ns)   --->   "%icmp_ln11 = icmp_eq  i16 %i_9, i16 %payload_words_read" [../src/read_payload.cpp:11]   --->   Operation 12 'icmp' 'icmp_ln11' <Predicate = true> <Delay = 2.14> <CoreInst = "Cmp">   --->   Core 9 'Cmp' <Latency = 0> <II = 1> <Delay = 2.14> <FuncUnit> <Opcode : 'seteq' 'setne' 'setle' 'setge' 'setlt' 'setgt'> <InPorts = 2> <OutPorts = 1>
ST_1 : Operation 13 [1/1] (0.00ns)   --->   "%speclooptripcount_ln0 = speclooptripcount void @_ssdm_op_SpecLoopTripCount, i64 1024, i64 65535, i64 33280"   --->   Operation 13 'speclooptripcount' 'speclooptripcount_ln0' <Predicate = true> <Delay = 0.00>
ST_1 : Operation 14 [1/1] (0.00ns)   --->   "%br_ln11 = br i1 %icmp_ln11, void %for.inc.split, void %for.end" [../src/read_payload.cpp:11]   --->   Operation 14 'br' 'br_ln11' <Predicate = true> <Delay = 0.00>
ST_1 : Operation 15 [1/1] (2.14ns)   --->   "%i = add i16 %i_9, i16 1" [../src/read_payload.cpp:11]   --->   Operation 15 'add' 'i' <Predicate = (!icmp_ln11)> <Delay = 2.14> <CoreInst = "Adder">   --->   Core 1 'Adder' <Latency = 0> <II = 1> <Delay = 2.14> <FuncUnit> <Opcode : 'add' 'sub'> <InPorts = 2> <OutPorts = 1>
ST_1 : Operation 16 [1/1] (1.61ns)   --->   "%store_ln11 = store i16 %i, i16 %i_02" [../src/read_payload.cpp:11]   --->   Operation 16 'store' 'store_ln11' <Predicate = (!icmp_ln11)> <Delay = 1.61>
ST_1 : Operation 22 [1/1] (1.61ns)   --->   "%ret_ln21 = ret" [../src/read_payload.cpp:21]   --->   Operation 22 'ret' 'ret_ln21' <Predicate = (icmp_ln11)> <Delay = 1.61>

State 2 <SV = 1> <Delay = 7.00>
ST_2 : Operation 17 [1/1] (0.00ns)   --->   "%specpipeline_ln14 = specpipeline void @_ssdm_op_SpecPipeline, i32 1, i32 0, i32 0, i32 0, i32 4294967295, void @empty_11" [../src/read_payload.cpp:14]   --->   Operation 17 'specpipeline' 'specpipeline_ln14' <Predicate = true> <Delay = 0.00>
ST_2 : Operation 18 [1/1] (0.00ns)   --->   "%specloopname_ln11 = specloopname void @_ssdm_op_SpecLoopName, void @empty_3" [../src/read_payload.cpp:11]   --->   Operation 18 'specloopname' 'specloopname_ln11' <Predicate = true> <Delay = 0.00>
ST_2 : Operation 19 [1/1] ( I:3.50ns O:3.50ns )   --->   "%packetizer_in_read = read i32 @_ssdm_op_Read.ap_fifo.volatile.i32P0A, i32 %packetizer_in" [../src/read_payload.cpp:18]   --->   Operation 19 'read' 'packetizer_in_read' <Predicate = true> <Delay = 3.50> <CoreInst = "FIFO">   --->   Core 77 'FIFO' <Latency = 0> <II = 1> <Delay = 3.50> <Storage> <Opcode : 'read' 'write' 'nbread' 'nbwrite'> <Ports = 0> <Width = 32> <Depth = 2048> <FIFO>
ST_2 : Operation 20 [1/1] ( I:3.50ns O:3.50ns )   --->   "%write_ln17 = write void @_ssdm_op_Write.ap_fifo.volatile.i32P0A, i32 %fifo, i32 %packetizer_in_read" [../src/read_payload.cpp:17]   --->   Operation 20 'write' 'write_ln17' <Predicate = true> <Delay = 3.50> <CoreInst = "FIFO">   --->   Core 77 'FIFO' <Latency = 0> <II = 1> <Delay = 3.50> <Storage> <Opcode : 'read' 'write' 'nbread' 'nbwrite'> <Ports = 0> <Width = 32> <Depth = 8192> <FIFO>
ST_2 : Operation 21 [1/1] (0.00ns)   --->   "%br_ln11 = br void %for.inc" [../src/read_payload.cpp:11]   --->   Operation 21 'br' 'br_ln11' <Predicate = true> <Delay = 0.00>


============================================================
+ Verbose Summary: Timing violations
============================================================
Target clock period: 10.000ns, clock uncertainty: 2.700ns.

 <State 1>: 7.406ns
The critical path consists of the following:
	wire read operation ('payload_words_read') on port 'payload_words' [5]  (3.650 ns)
	'icmp' operation 1 bit ('icmp_ln11', ../src/read_payload.cpp:11) [12]  (2.146 ns)
	'store' operation ('store_ln11', ../src/read_payload.cpp:11) of variable 'i', ../src/read_payload.cpp:11 16 bit on local variable 'i', ../src/read_payload.cpp:11 [21]  (1.610 ns)

 <State 2>: 7.008ns
The critical path consists of the following:
	fifo read operation ('packetizer_in_read', ../src/read_payload.cpp:18) on port 'packetizer_in' (../src/read_payload.cpp:18) [19]  (3.504 ns)
	fifo write operation ('write_ln17', ../src/read_payload.cpp:17) on port 'fifo' (../src/read_payload.cpp:17) [20]  (3.504 ns)


============================================================
+ Verbose Summary: Binding
============================================================
N/A
* FSMD analyzer results:
  - Output states:
 - Input state : 
  - Chain level:
	State 1
	State 2


============================================================
+ Verbose Summary: Datapath Resource usage 
============================================================
N/A
