

================================================================
== Vitis HLS Report for 'sample_packer'
================================================================
* Date:           Wed Jun 24 16:57:13 2026

* Version:        2025.2 (Build 6295257 on Nov 14 2025)
* Project:        vdif_chain
* Solution:       hls (Vivado IP Flow Target)
* Product family: artix7
* Target device:  xc7a12t-cpg238-1


================================================================
== Performance Estimates
================================================================
+ Timing: 
    * Summary: 
    +--------+----------+----------+------------+
    |  Clock |  Target  | Estimated| Uncertainty|
    +--------+----------+----------+------------+
    |ap_clk  |  10.00 ns|  5.145 ns|     2.70 ns|
    +--------+----------+----------+------------+

+ Latency: 
    * Summary: 
    +---------+---------+-----------+----------+-----+-----+---------+
    |  Latency (cycles) |  Latency (absolute)  |  Interval | Pipeline|
    |   min   |   max   |    min    |    max   | min | max |   Type  |
    +---------+---------+-----------+----------+-----+-----+---------+
    |        1|       20|  10.000 ns|  0.200 us|    1|   20|       no|
    +---------+---------+-----------+----------+-----+-----+---------+

    + Detail: 
        * Instance: 
        +--------------------------------------------------+----------------------------------------+---------+---------+-----------+-----------+-----+-----+-------------------+
        |                                                  |                                        |  Latency (cycles) |   Latency (absolute)  |  Interval |      Pipeline     |
        |                     Instance                     |                 Module                 |   min   |   max   |    min    |    max    | min | max |        Type       |
        +--------------------------------------------------+----------------------------------------+---------+---------+-----------+-----------+-----+-----+-------------------+
        |grp_sample_packer_Pipeline_VITIS_LOOP_47_3_fu_67  |sample_packer_Pipeline_VITIS_LOOP_47_3  |        6|        6|  60.000 ns|  60.000 ns|    0|    0|  loop pipeline stp|
        |grp_sample_packer_Pipeline_VITIS_LOOP_34_2_fu_74  |sample_packer_Pipeline_VITIS_LOOP_34_2  |       10|       10|   0.100 us|   0.100 us|    0|    0|  loop pipeline stp|
        |grp_sample_packer_Pipeline_VITIS_LOOP_21_1_fu_81  |sample_packer_Pipeline_VITIS_LOOP_21_1  |       18|       18|   0.180 us|   0.180 us|    0|    0|  loop pipeline stp|
        +--------------------------------------------------+----------------------------------------+---------+---------+-----------+-----------+-----+-----+-------------------+

        * Loop: 
        N/A

============================================================
+ Verbose Summary: Synthesis Manager
============================================================
InlineROM: 1
ExposeGlobal: 0
============================================================
+ Verbose Summary: CDFG Model
============================================================
IsTopModel: 0
ResetActiveHigh: 1
IsCombinational: 0
IsDatapathOnly: 0
HasWiredReturn: 1
HasMFsm: 0
HasVarLatency: 1
IsPipeline: 0
IsRtlPipelined: 0
IsInstanceOverlapped: 0
IsDontTouch: 0
HasImplIP: 0
IsGatedGlobalClock: 0


============================================================
+ Verbose Summary: Schedule
============================================================
* Number of FSM states : 3
* Pipeline : 0
* Dataflow Pipeline: 0

* FSM state transitions: 
1 --> 2 3 
2 --> 3 
3 --> 

* FSM state operations: 

State 1 <SV = 0> <Delay = 5.14>
ST_1 : Operation 4 [1/1] (0.00ns)   --->   "%bits_per_sample_read = read i5 @_ssdm_op_Read.ap_auto.i5, i5 %bits_per_sample"   --->   Operation 4 'read' 'bits_per_sample_read' <Predicate = true> <Delay = 0.00>
ST_1 : Operation 5 [1/1] (0.00ns)   --->   "%word_4_loc = alloca i64 1"   --->   Operation 5 'alloca' 'word_4_loc' <Predicate = true> <Delay = 0.00>
ST_1 : Operation 6 [1/1] (0.00ns)   --->   "%word_2_loc = alloca i64 1"   --->   Operation 6 'alloca' 'word_2_loc' <Predicate = true> <Delay = 0.00>
ST_1 : Operation 7 [1/1] (0.00ns)   --->   "%word_loc = alloca i64 1"   --->   Operation 7 'alloca' 'word_loc' <Predicate = true> <Delay = 0.00>
ST_1 : Operation 8 [1/1] (0.00ns)   --->   "%specinterface_ln0 = specinterface void @_ssdm_op_SpecInterface, i32 %packed_stream, void @empty_8, i32 0, i32 0, void @empty_11, i32 0, i32 0, void @empty_11, void @empty_11, void @empty_11, i32 0, i32 0, i32 0, i32 0, void @empty_11, void @empty_11, i32 4294967295, i32 0, i32 0, i32 0"   --->   Operation 8 'specinterface' 'specinterface_ln0' <Predicate = true> <Delay = 0.00>
ST_1 : Operation 9 [1/1] (0.00ns)   --->   "%specinterface_ln0 = specinterface void @_ssdm_op_SpecInterface, i8 %adc_in, void @empty_13, i32 0, i32 0, void @empty_12, i32 0, i32 0, void @empty_11, void @empty_11, void @empty_11, i32 0, i32 0, i32 0, i32 0, void @empty_11, void @empty_11, i32 4294967295, i32 0, i32 0, i32 0"   --->   Operation 9 'specinterface' 'specinterface_ln0' <Predicate = true> <Delay = 0.00>
ST_1 : Operation 10 [1/1] (0.00ns)   --->   "%specinterface_ln7 = specinterface void @_ssdm_op_SpecInterface, i32 0, void @empty_1, i32 0, i32 0, void @empty_11, i32 0, i32 0, void @empty_11, void @empty_11, void @empty_11, i32 0, i32 0, i32 0, i32 0, void @empty_11, void @empty_11, i32 4294967295, i32 0, i32 0, i32 0" [../src/sample_packer/sample_packer.cpp:7]   --->   Operation 10 'specinterface' 'specinterface_ln7' <Predicate = true> <Delay = 0.00>
ST_1 : Operation 11 [1/1] (1.86ns)   --->   "%switch_ln19 = switch i5 %bits_per_sample_read, void %if.end, i5 2, void %for.inc.preheader, i5 4, void %for.inc18.preheader, i5 8, void %for.inc35.preheader" [../src/sample_packer/sample_packer.cpp:19]   --->   Operation 11 'switch' 'switch_ln19' <Predicate = true> <Delay = 1.86>
ST_1 : Operation 12 [2/2] (3.28ns)   --->   "%call_ln0 = call void @sample_packer_Pipeline_VITIS_LOOP_47_3, i8 %adc_in, i32 %word_4_loc"   --->   Operation 12 'call' 'call_ln0' <Predicate = (bits_per_sample_read == 8)> <Delay = 3.28> <CoreType = "Generic">   --->   Generic Core
ST_1 : Operation 13 [2/2] (3.28ns)   --->   "%call_ln0 = call void @sample_packer_Pipeline_VITIS_LOOP_34_2, i8 %adc_in, i32 %word_2_loc"   --->   Operation 13 'call' 'call_ln0' <Predicate = (bits_per_sample_read == 4)> <Delay = 3.28> <CoreType = "Generic">   --->   Generic Core
ST_1 : Operation 14 [2/2] (3.28ns)   --->   "%call_ln0 = call void @sample_packer_Pipeline_VITIS_LOOP_21_1, i8 %adc_in, i32 %word_loc"   --->   Operation 14 'call' 'call_ln0' <Predicate = (bits_per_sample_read == 2)> <Delay = 3.28> <CoreType = "Generic">   --->   Generic Core

State 2 <SV = 1> <Delay = 5.08>
ST_2 : Operation 15 [1/2] (4.90ns)   --->   "%call_ln0 = call void @sample_packer_Pipeline_VITIS_LOOP_47_3, i8 %adc_in, i32 %word_4_loc"   --->   Operation 15 'call' 'call_ln0' <Predicate = (bits_per_sample_read == 8)> <Delay = 4.90> <CoreType = "Generic">   --->   Generic Core
ST_2 : Operation 16 [1/2] (4.99ns)   --->   "%call_ln0 = call void @sample_packer_Pipeline_VITIS_LOOP_34_2, i8 %adc_in, i32 %word_2_loc"   --->   Operation 16 'call' 'call_ln0' <Predicate = (bits_per_sample_read == 4)> <Delay = 4.99> <CoreType = "Generic">   --->   Generic Core
ST_2 : Operation 17 [1/2] (5.08ns)   --->   "%call_ln0 = call void @sample_packer_Pipeline_VITIS_LOOP_21_1, i8 %adc_in, i32 %word_loc"   --->   Operation 17 'call' 'call_ln0' <Predicate = (bits_per_sample_read == 2)> <Delay = 5.08> <CoreType = "Generic">   --->   Generic Core

State 3 <SV = 2> <Delay = 3.50>
ST_3 : Operation 18 [1/1] (0.00ns)   --->   "%fence_ln55 = fence void @_ssdm_op_Fence, i8 %adc_in, i32 4294967295, i32 %packed_stream, i32 0" [../src/sample_packer/sample_packer.cpp:55]   --->   Operation 18 'fence' 'fence_ln55' <Predicate = (bits_per_sample_read == 8)> <Delay = 0.00>
ST_3 : Operation 19 [1/1] (0.00ns)   --->   "%word_4_loc_load = load i32 %word_4_loc"   --->   Operation 19 'load' 'word_4_loc_load' <Predicate = (bits_per_sample_read == 8)> <Delay = 0.00>
ST_3 : Operation 20 [1/1] ( I:3.50ns O:3.50ns )   --->   "%write_ln55 = write void @_ssdm_op_Write.ap_fifo.volatile.i32P0A, i32 %packed_stream, i32 %word_4_loc_load" [../src/sample_packer/sample_packer.cpp:55]   --->   Operation 20 'write' 'write_ln55' <Predicate = (bits_per_sample_read == 8)> <Delay = 3.50> <CoreInst = "FIFO">   --->   Core 77 'FIFO' <Latency = 0> <II = 1> <Delay = 3.50> <Storage> <Opcode : 'read' 'write' 'nbread' 'nbwrite'> <Ports = 0> <Width = 32> <Depth = 2048> <FIFO>
ST_3 : Operation 21 [1/1] (0.00ns)   --->   "%br_ln56 = br void %if.end" [../src/sample_packer/sample_packer.cpp:56]   --->   Operation 21 'br' 'br_ln56' <Predicate = (bits_per_sample_read == 8)> <Delay = 0.00>
ST_3 : Operation 22 [1/1] (0.00ns)   --->   "%fence_ln42 = fence void @_ssdm_op_Fence, i8 %adc_in, i32 4294967295, i32 %packed_stream, i32 0" [../src/sample_packer/sample_packer.cpp:42]   --->   Operation 22 'fence' 'fence_ln42' <Predicate = (bits_per_sample_read == 4)> <Delay = 0.00>
ST_3 : Operation 23 [1/1] (0.00ns)   --->   "%word_2_loc_load = load i32 %word_2_loc"   --->   Operation 23 'load' 'word_2_loc_load' <Predicate = (bits_per_sample_read == 4)> <Delay = 0.00>
ST_3 : Operation 24 [1/1] ( I:3.50ns O:3.50ns )   --->   "%write_ln42 = write void @_ssdm_op_Write.ap_fifo.volatile.i32P0A, i32 %packed_stream, i32 %word_2_loc_load" [../src/sample_packer/sample_packer.cpp:42]   --->   Operation 24 'write' 'write_ln42' <Predicate = (bits_per_sample_read == 4)> <Delay = 3.50> <CoreInst = "FIFO">   --->   Core 77 'FIFO' <Latency = 0> <II = 1> <Delay = 3.50> <Storage> <Opcode : 'read' 'write' 'nbread' 'nbwrite'> <Ports = 0> <Width = 32> <Depth = 2048> <FIFO>
ST_3 : Operation 25 [1/1] (0.00ns)   --->   "%br_ln43 = br void %if.end38" [../src/sample_packer/sample_packer.cpp:43]   --->   Operation 25 'br' 'br_ln43' <Predicate = (bits_per_sample_read == 4)> <Delay = 0.00>
ST_3 : Operation 26 [1/1] (0.00ns)   --->   "%fence_ln29 = fence void @_ssdm_op_Fence, i8 %adc_in, i32 4294967295, i32 %packed_stream, i32 0" [../src/sample_packer/sample_packer.cpp:29]   --->   Operation 26 'fence' 'fence_ln29' <Predicate = (bits_per_sample_read == 2)> <Delay = 0.00>
ST_3 : Operation 27 [1/1] (0.00ns)   --->   "%word_loc_load = load i32 %word_loc"   --->   Operation 27 'load' 'word_loc_load' <Predicate = (bits_per_sample_read == 2)> <Delay = 0.00>
ST_3 : Operation 28 [1/1] ( I:3.50ns O:3.50ns )   --->   "%write_ln29 = write void @_ssdm_op_Write.ap_fifo.volatile.i32P0A, i32 %packed_stream, i32 %word_loc_load" [../src/sample_packer/sample_packer.cpp:29]   --->   Operation 28 'write' 'write_ln29' <Predicate = (bits_per_sample_read == 2)> <Delay = 3.50> <CoreInst = "FIFO">   --->   Core 77 'FIFO' <Latency = 0> <II = 1> <Delay = 3.50> <Storage> <Opcode : 'read' 'write' 'nbread' 'nbwrite'> <Ports = 0> <Width = 32> <Depth = 2048> <FIFO>
ST_3 : Operation 29 [1/1] (0.00ns)   --->   "%br_ln30 = br void %if.end39" [../src/sample_packer/sample_packer.cpp:30]   --->   Operation 29 'br' 'br_ln30' <Predicate = (bits_per_sample_read == 2)> <Delay = 0.00>
ST_3 : Operation 30 [1/1] (0.00ns)   --->   "%br_ln0 = br void %if.end38"   --->   Operation 30 'br' 'br_ln0' <Predicate = (bits_per_sample_read != 2 & bits_per_sample_read != 4)> <Delay = 0.00>
ST_3 : Operation 31 [1/1] (0.00ns)   --->   "%br_ln0 = br void %if.end39"   --->   Operation 31 'br' 'br_ln0' <Predicate = (bits_per_sample_read != 2)> <Delay = 0.00>
ST_3 : Operation 32 [1/1] (0.00ns)   --->   "%ret_ln57 = ret" [../src/sample_packer/sample_packer.cpp:57]   --->   Operation 32 'ret' 'ret_ln57' <Predicate = true> <Delay = 0.00>


============================================================
+ Verbose Summary: Binding
============================================================
STG Binding: 
---------------- STG Properties BEGIN ----------------
- Is combinational: 0
- Is one-state seq: 0
- Is datapath-only: 0
- Is pipelined: 0
- Is top level: 0
Port [ Return ] is wired: 1; IO mode=ap_ctrl_none:ce=0
Port [ adc_in]:  wired=1; compound=1; hidden=0; nouse=0; global=0; static=0; extern=0; dir=0; type=0; pingpong=0; private_global=0; IO mode=axis:ce=0
Port [ packed_stream]:  wired=1; compound=1; hidden=0; nouse=0; global=0; static=0; extern=0; dir=1; type=3; pingpong=0; private_global=0; IO mode=ap_fifo:ce=0
Port [ bits_per_sample]:  wired=1; compound=0; hidden=0; nouse=0; global=0; static=0; extern=0; dir=0; type=0; pingpong=0; private_global=0; IO mode=ap_none:ce=0
---------------- STG Properties END ------------------

---------------- Datapath Model BEGIN ----------------

<LifeTime>
<method=bitvector/>
bits_per_sample_read (read         ) [ 0111]
word_4_loc           (alloca       ) [ 0111]
word_2_loc           (alloca       ) [ 0111]
word_loc             (alloca       ) [ 0111]
specinterface_ln0    (specinterface) [ 0000]
specinterface_ln0    (specinterface) [ 0000]
specinterface_ln7    (specinterface) [ 0000]
switch_ln19          (switch       ) [ 0000]
call_ln0             (call         ) [ 0000]
call_ln0             (call         ) [ 0000]
call_ln0             (call         ) [ 0000]
fence_ln55           (fence        ) [ 0000]
word_4_loc_load      (load         ) [ 0000]
write_ln55           (write        ) [ 0000]
br_ln56              (br           ) [ 0000]
fence_ln42           (fence        ) [ 0000]
word_2_loc_load      (load         ) [ 0000]
write_ln42           (write        ) [ 0000]
br_ln43              (br           ) [ 0000]
fence_ln29           (fence        ) [ 0000]
word_loc_load        (load         ) [ 0000]
write_ln29           (write        ) [ 0000]
br_ln30              (br           ) [ 0000]
br_ln0               (br           ) [ 0000]
br_ln0               (br           ) [ 0000]
ret_ln57             (ret          ) [ 0000]
</LifeTime>

<model>

<comp_list>
<comp id="0" class="1000" name="adc_in">
<pin_list>
<pin id="1" dir="1" index="0" bw="1" slack="0"/>
</pin_list>
<bind>
<StgValue><ssdm name="adc_in"/></StgValue>
</bind>
</comp>

<comp id="2" class="1000" name="packed_stream">
<pin_list>
<pin id="3" dir="1" index="0" bw="1" slack="0"/>
</pin_list>
<bind>
<StgValue><ssdm name="packed_stream"/></StgValue>
</bind>
</comp>

<comp id="4" class="1000" name="bits_per_sample">
<pin_list>
<pin id="5" dir="1" index="0" bw="1" slack="0"/>
</pin_list>
<bind>
<StgValue><ssdm name="bits_per_sample"/></StgValue>
</bind>
</comp>

<comp id="6" class="1001" name="const_6">
<pin_list>
<pin id="7" dir="1" index="0" bw="1" slack="0"/>
</pin_list>
<bind>
<StgValue><ssdm name="_ssdm_op_Read.ap_auto.i5"/></StgValue>
</bind>
</comp>

<comp id="8" class="1001" name="const_8">
<pin_list>
<pin id="9" dir="1" index="0" bw="1" slack="0"/>
</pin_list>
<bind>
<StgValue><ssdm name=""/></StgValue>
</bind>
</comp>

<comp id="10" class="1001" name="const_10">
<pin_list>
<pin id="11" dir="1" index="0" bw="1" slack="2147483647"/>
</pin_list>
<bind>
<StgValue><ssdm name="_ssdm_op_SpecInterface"/></StgValue>
</bind>
</comp>

<comp id="12" class="1001" name="const_12">
<pin_list>
<pin id="13" dir="1" index="0" bw="1" slack="2147483647"/>
</pin_list>
<bind>
<StgValue><ssdm name="empty_8"/></StgValue>
</bind>
</comp>

<comp id="14" class="1001" name="const_14">
<pin_list>
<pin id="15" dir="1" index="0" bw="1" slack="0"/>
</pin_list>
<bind>
<StgValue><ssdm name=""/></StgValue>
</bind>
</comp>

<comp id="16" class="1001" name="const_16">
<pin_list>
<pin id="17" dir="1" index="0" bw="1" slack="2147483647"/>
</pin_list>
<bind>
<StgValue><ssdm name="empty_11"/></StgValue>
</bind>
</comp>

<comp id="18" class="1001" name="const_18">
<pin_list>
<pin id="19" dir="1" index="0" bw="1" slack="0"/>
</pin_list>
<bind>
<StgValue><ssdm name=""/></StgValue>
</bind>
</comp>

<comp id="20" class="1001" name="const_20">
<pin_list>
<pin id="21" dir="1" index="0" bw="1" slack="2147483647"/>
</pin_list>
<bind>
<StgValue><ssdm name="empty_13"/></StgValue>
</bind>
</comp>

<comp id="22" class="1001" name="const_22">
<pin_list>
<pin id="23" dir="1" index="0" bw="1" slack="2147483647"/>
</pin_list>
<bind>
<StgValue><ssdm name="empty_12"/></StgValue>
</bind>
</comp>

<comp id="24" class="1001" name="const_24">
<pin_list>
<pin id="25" dir="1" index="0" bw="1" slack="2147483647"/>
</pin_list>
<bind>
<StgValue><ssdm name="empty_1"/></StgValue>
</bind>
</comp>

<comp id="26" class="1001" name="const_26">
<pin_list>
<pin id="27" dir="1" index="0" bw="1" slack="0"/>
</pin_list>
<bind>
<StgValue><ssdm name=""/></StgValue>
</bind>
</comp>

<comp id="28" class="1001" name="const_28">
<pin_list>
<pin id="29" dir="1" index="0" bw="1" slack="0"/>
</pin_list>
<bind>
<StgValue><ssdm name=""/></StgValue>
</bind>
</comp>

<comp id="30" class="1001" name="const_30">
<pin_list>
<pin id="31" dir="1" index="0" bw="1" slack="0"/>
</pin_list>
<bind>
<StgValue><ssdm name=""/></StgValue>
</bind>
</comp>

<comp id="32" class="1001" name="const_32">
<pin_list>
<pin id="33" dir="1" index="0" bw="1" slack="0"/>
</pin_list>
<bind>
<StgValue><ssdm name="sample_packer_Pipeline_VITIS_LOOP_47_3"/></StgValue>
</bind>
</comp>

<comp id="34" class="1001" name="const_34">
<pin_list>
<pin id="35" dir="1" index="0" bw="1" slack="0"/>
</pin_list>
<bind>
<StgValue><ssdm name="sample_packer_Pipeline_VITIS_LOOP_34_2"/></StgValue>
</bind>
</comp>

<comp id="36" class="1001" name="const_36">
<pin_list>
<pin id="37" dir="1" index="0" bw="1" slack="0"/>
</pin_list>
<bind>
<StgValue><ssdm name="sample_packer_Pipeline_VITIS_LOOP_21_1"/></StgValue>
</bind>
</comp>

<comp id="38" class="1001" name="const_38">
<pin_list>
<pin id="39" dir="1" index="0" bw="1" slack="0"/>
</pin_list>
<bind>
<StgValue><ssdm name="_ssdm_op_Fence"/></StgValue>
</bind>
</comp>

<comp id="40" class="1001" name="const_40">
<pin_list>
<pin id="41" dir="1" index="0" bw="1" slack="0"/>
</pin_list>
<bind>
<StgValue><ssdm name="_ssdm_op_Write.ap_fifo.volatile.i32P0A"/></StgValue>
</bind>
</comp>

<comp id="42" class="1004" name="word_4_loc_fu_42">
<pin_list>
<pin id="43" dir="0" index="0" bw="1" slack="0"/>
<pin id="44" dir="1" index="1" bw="32" slack="0"/>
</pin_list>
<bind>
<opcode="alloca(26) " fcode="alloca"/>
<opset="word_4_loc/1 "/>
</bind>
</comp>

<comp id="46" class="1004" name="word_2_loc_fu_46">
<pin_list>
<pin id="47" dir="0" index="0" bw="1" slack="0"/>
<pin id="48" dir="1" index="1" bw="32" slack="0"/>
</pin_list>
<bind>
<opcode="alloca(26) " fcode="alloca"/>
<opset="word_2_loc/1 "/>
</bind>
</comp>

<comp id="50" class="1004" name="word_loc_fu_50">
<pin_list>
<pin id="51" dir="0" index="0" bw="1" slack="0"/>
<pin id="52" dir="1" index="1" bw="32" slack="0"/>
</pin_list>
<bind>
<opcode="alloca(26) " fcode="alloca"/>
<opset="word_loc/1 "/>
</bind>
</comp>

<comp id="54" class="1004" name="bits_per_sample_read_read_fu_54">
<pin_list>
<pin id="55" dir="0" index="0" bw="5" slack="0"/>
<pin id="56" dir="0" index="1" bw="5" slack="0"/>
<pin id="57" dir="1" index="2" bw="5" slack="0"/>
</pin_list>
<bind>
<opcode="read(1150) " fcode="read"/>
<opset="bits_per_sample_read/1 "/>
</bind>
</comp>

<comp id="60" class="1004" name="grp_write_fu_60">
<pin_list>
<pin id="61" dir="0" index="0" bw="0" slack="0"/>
<pin id="62" dir="0" index="1" bw="32" slack="0"/>
<pin id="63" dir="0" index="2" bw="32" slack="0"/>
<pin id="64" dir="1" index="3" bw="0" slack="2147483647"/>
</pin_list>
<bind>
<opcode="write(1151) " fcode="write"/>
<opset="write_ln55/3 write_ln42/3 write_ln29/3 "/>
</bind>
</comp>

<comp id="67" class="1004" name="grp_sample_packer_Pipeline_VITIS_LOOP_47_3_fu_67">
<pin_list>
<pin id="68" dir="0" index="0" bw="0" slack="0"/>
<pin id="69" dir="0" index="1" bw="8" slack="0"/>
<pin id="70" dir="0" index="2" bw="32" slack="0"/>
<pin id="71" dir="1" index="3" bw="0" slack="2147483647"/>
</pin_list>
<bind>
<opcode="call(48) " fcode="call"/>
<opset="call_ln0/1 "/>
</bind>
</comp>

<comp id="74" class="1004" name="grp_sample_packer_Pipeline_VITIS_LOOP_34_2_fu_74">
<pin_list>
<pin id="75" dir="0" index="0" bw="0" slack="0"/>
<pin id="76" dir="0" index="1" bw="8" slack="0"/>
<pin id="77" dir="0" index="2" bw="32" slack="0"/>
<pin id="78" dir="1" index="3" bw="0" slack="2147483647"/>
</pin_list>
<bind>
<opcode="call(48) " fcode="call"/>
<opset="call_ln0/1 "/>
</bind>
</comp>

<comp id="81" class="1004" name="grp_sample_packer_Pipeline_VITIS_LOOP_21_1_fu_81">
<pin_list>
<pin id="82" dir="0" index="0" bw="0" slack="0"/>
<pin id="83" dir="0" index="1" bw="8" slack="0"/>
<pin id="84" dir="0" index="2" bw="32" slack="0"/>
<pin id="85" dir="1" index="3" bw="0" slack="2147483647"/>
</pin_list>
<bind>
<opcode="call(48) " fcode="call"/>
<opset="call_ln0/1 "/>
</bind>
</comp>

<comp id="88" class="1004" name="grp_fu_88">
<pin_list>
<pin id="89" dir="0" index="0" bw="0" slack="0"/>
<pin id="90" dir="0" index="1" bw="8" slack="0"/>
<pin id="91" dir="0" index="2" bw="1" slack="0"/>
<pin id="92" dir="0" index="3" bw="32" slack="0"/>
<pin id="93" dir="0" index="4" bw="1" slack="0"/>
<pin id="94" dir="1" index="5" bw="0" slack="2147483647"/>
</pin_list>
<bind>
<opcode="fence(30) " fcode="fence"/>
<opset="fence_ln55/3 fence_ln42/3 fence_ln29/3 "/>
</bind>
</comp>

<comp id="100" class="1004" name="switch_ln19_fu_100">
<pin_list>
<pin id="101" dir="0" index="0" bw="5" slack="0"/>
<pin id="102" dir="0" index="1" bw="3" slack="0"/>
<pin id="103" dir="0" index="2" bw="4" slack="0"/>
<pin id="104" dir="0" index="3" bw="5" slack="0"/>
<pin id="105" dir="1" index="4" bw="0" slack="2147483647"/>
</pin_list>
<bind>
<opcode="switch(3) " fcode="switch"/>
<opset="switch_ln19/1 "/>
</bind>
</comp>

<comp id="110" class="1004" name="word_4_loc_load_load_fu_110">
<pin_list>
<pin id="111" dir="0" index="0" bw="32" slack="2"/>
<pin id="112" dir="1" index="1" bw="32" slack="0"/>
</pin_list>
<bind>
<opcode="load(27) " fcode="load"/>
<opset="word_4_loc_load/3 "/>
</bind>
</comp>

<comp id="114" class="1004" name="word_2_loc_load_load_fu_114">
<pin_list>
<pin id="115" dir="0" index="0" bw="32" slack="2"/>
<pin id="116" dir="1" index="1" bw="32" slack="0"/>
</pin_list>
<bind>
<opcode="load(27) " fcode="load"/>
<opset="word_2_loc_load/3 "/>
</bind>
</comp>

<comp id="118" class="1004" name="word_loc_load_load_fu_118">
<pin_list>
<pin id="119" dir="0" index="0" bw="32" slack="2"/>
<pin id="120" dir="1" index="1" bw="32" slack="0"/>
</pin_list>
<bind>
<opcode="load(27) " fcode="load"/>
<opset="word_loc_load/3 "/>
</bind>
</comp>

<comp id="122" class="1005" name="bits_per_sample_read_reg_122">
<pin_list>
<pin id="123" dir="0" index="0" bw="5" slack="1"/>
<pin id="124" dir="1" index="1" bw="5" slack="2147483647"/>
</pin_list>
<bind>
<opset="bits_per_sample_read "/>
</bind>
</comp>

<comp id="126" class="1005" name="word_4_loc_reg_126">
<pin_list>
<pin id="127" dir="0" index="0" bw="32" slack="0"/>
<pin id="128" dir="1" index="1" bw="32" slack="0"/>
</pin_list>
<bind>
<opset="word_4_loc "/>
</bind>
</comp>

<comp id="132" class="1005" name="word_2_loc_reg_132">
<pin_list>
<pin id="133" dir="0" index="0" bw="32" slack="0"/>
<pin id="134" dir="1" index="1" bw="32" slack="0"/>
</pin_list>
<bind>
<opset="word_2_loc "/>
</bind>
</comp>

<comp id="138" class="1005" name="word_loc_reg_138">
<pin_list>
<pin id="139" dir="0" index="0" bw="32" slack="0"/>
<pin id="140" dir="1" index="1" bw="32" slack="0"/>
</pin_list>
<bind>
<opset="word_loc "/>
</bind>
</comp>

</comp_list>

<net_list>
<net id="45"><net_src comp="8" pin="0"/><net_sink comp="42" pin=0"/></net>

<net id="49"><net_src comp="8" pin="0"/><net_sink comp="46" pin=0"/></net>

<net id="53"><net_src comp="8" pin="0"/><net_sink comp="50" pin=0"/></net>

<net id="58"><net_src comp="6" pin="0"/><net_sink comp="54" pin=0"/></net>

<net id="59"><net_src comp="4" pin="0"/><net_sink comp="54" pin=1"/></net>

<net id="65"><net_src comp="40" pin="0"/><net_sink comp="60" pin=0"/></net>

<net id="66"><net_src comp="2" pin="0"/><net_sink comp="60" pin=1"/></net>

<net id="72"><net_src comp="32" pin="0"/><net_sink comp="67" pin=0"/></net>

<net id="73"><net_src comp="0" pin="0"/><net_sink comp="67" pin=1"/></net>

<net id="79"><net_src comp="34" pin="0"/><net_sink comp="74" pin=0"/></net>

<net id="80"><net_src comp="0" pin="0"/><net_sink comp="74" pin=1"/></net>

<net id="86"><net_src comp="36" pin="0"/><net_sink comp="81" pin=0"/></net>

<net id="87"><net_src comp="0" pin="0"/><net_sink comp="81" pin=1"/></net>

<net id="95"><net_src comp="38" pin="0"/><net_sink comp="88" pin=0"/></net>

<net id="96"><net_src comp="0" pin="0"/><net_sink comp="88" pin=1"/></net>

<net id="97"><net_src comp="18" pin="0"/><net_sink comp="88" pin=2"/></net>

<net id="98"><net_src comp="2" pin="0"/><net_sink comp="88" pin=3"/></net>

<net id="99"><net_src comp="14" pin="0"/><net_sink comp="88" pin=4"/></net>

<net id="106"><net_src comp="54" pin="2"/><net_sink comp="100" pin=0"/></net>

<net id="107"><net_src comp="26" pin="0"/><net_sink comp="100" pin=1"/></net>

<net id="108"><net_src comp="28" pin="0"/><net_sink comp="100" pin=2"/></net>

<net id="109"><net_src comp="30" pin="0"/><net_sink comp="100" pin=3"/></net>

<net id="113"><net_src comp="110" pin="1"/><net_sink comp="60" pin=2"/></net>

<net id="117"><net_src comp="114" pin="1"/><net_sink comp="60" pin=2"/></net>

<net id="121"><net_src comp="118" pin="1"/><net_sink comp="60" pin=2"/></net>

<net id="125"><net_src comp="54" pin="2"/><net_sink comp="122" pin=0"/></net>

<net id="129"><net_src comp="42" pin="1"/><net_sink comp="126" pin=0"/></net>

<net id="130"><net_src comp="126" pin="1"/><net_sink comp="67" pin=2"/></net>

<net id="131"><net_src comp="126" pin="1"/><net_sink comp="110" pin=0"/></net>

<net id="135"><net_src comp="46" pin="1"/><net_sink comp="132" pin=0"/></net>

<net id="136"><net_src comp="132" pin="1"/><net_sink comp="74" pin=2"/></net>

<net id="137"><net_src comp="132" pin="1"/><net_sink comp="114" pin=0"/></net>

<net id="141"><net_src comp="50" pin="1"/><net_sink comp="138" pin=0"/></net>

<net id="142"><net_src comp="138" pin="1"/><net_sink comp="81" pin=2"/></net>

<net id="143"><net_src comp="138" pin="1"/><net_sink comp="118" pin=0"/></net>

</net_list>

</model> 
---------------- Datapath Model END ------------------

* FSMD analyzer results:
  - Output states:
	Port: packed_stream | {3 }
 - Input state : 
	Port: sample_packer : adc_in | {1 2 }
	Port: sample_packer : bits_per_sample | {1 }
  - Chain level:
	State 1
		call_ln0 : 1
		call_ln0 : 1
		call_ln0 : 1
	State 2
	State 3
		write_ln55 : 1
		write_ln42 : 1
		write_ln29 : 1


============================================================
+ Verbose Summary: Datapath Resource usage 
============================================================

* Functional unit list:
|----------|--------------------------------------------------|---------|---------|
| Operation|                  Functional Unit                 |    FF   |   LUT   |
|----------|--------------------------------------------------|---------|---------|
|          | grp_sample_packer_Pipeline_VITIS_LOOP_47_3_fu_67 |    37   |    58   |
|   call   | grp_sample_packer_Pipeline_VITIS_LOOP_34_2_fu_74 |    39   |    62   |
|          | grp_sample_packer_Pipeline_VITIS_LOOP_21_1_fu_81 |    42   |    62   |
|----------|--------------------------------------------------|---------|---------|
|   read   |          bits_per_sample_read_read_fu_54         |    0    |    0    |
|----------|--------------------------------------------------|---------|---------|
|   write  |                  grp_write_fu_60                 |    0    |    0    |
|----------|--------------------------------------------------|---------|---------|
|   fence  |                     grp_fu_88                    |    0    |    0    |
|----------|--------------------------------------------------|---------|---------|
|  switch  |                switch_ln19_fu_100                |    0    |    0    |
|----------|--------------------------------------------------|---------|---------|
|   Total  |                                                  |   118   |   182   |
|----------|--------------------------------------------------|---------|---------|

Memories:
N/A

* Register list:
+----------------------------+--------+
|                            |   FF   |
+----------------------------+--------+
|bits_per_sample_read_reg_122|    5   |
|     word_2_loc_reg_132     |   32   |
|     word_4_loc_reg_126     |   32   |
|      word_loc_reg_138      |   32   |
+----------------------------+--------+
|            Total           |   101  |
+----------------------------+--------+

* Multiplexer (MUX) list: 
|-----------------|------|------|------|--------||---------||---------||---------|
|       Comp      |  Pin | Size |  BW  | S x BW ||  Delay  ||    FF   ||   LUT   |
|-----------------|------|------|------|--------||---------||---------||---------|
| grp_write_fu_60 |  p2  |   3  |  32  |   96   ||    0    ||    13   |
|-----------------|------|------|------|--------||---------||---------||---------|
|      Total      |      |      |      |   96   || 1.64243 ||    0    ||    13   |
|-----------------|------|------|------|--------||---------||---------||---------|



* Summary:
+-----------+--------+--------+--------+
|           |  Delay |   FF   |   LUT  |
+-----------+--------+--------+--------+
|  Function |    -   |   118  |   182  |
|   Memory  |    -   |    -   |    -   |
|Multiplexer|    1   |    0   |   13   |
|  Register |    -   |   101  |    -   |
+-----------+--------+--------+--------+
|   Total   |    1   |   219  |   195  |
+-----------+--------+--------+--------+
