

================================================================
== Vitis HLS Report for 'sample_packer'
================================================================
* Date:           Wed Jun 24 16:57:13 2026

* Version:        2025.2 (Build 6295257 on Nov 14 2025)
* Project:        vdif_chain
* Solution:       hls (Vivado IP Flow Target)
* Product family: artix7
* Target device:  xc7a12t-cpg238-1


================================================================
== Performance Estimates
================================================================
+ Timing: 
    * Summary: 
    +--------+----------+----------+------------+
    |  Clock |  Target  | Estimated| Uncertainty|
    +--------+----------+----------+------------+
    |ap_clk  |  10.00 ns|  5.145 ns|     2.70 ns|
    +--------+----------+----------+------------+

+ Latency: 
    * Summary: 
    +---------+---------+-----------+----------+-----+-----+---------+
    |  Latency (cycles) |  Latency (absolute)  |  Interval | Pipeline|
    |   min   |   max   |    min    |    max   | min | max |   Type  |
    +---------+---------+-----------+----------+-----+-----+---------+
    |        1|       20|  10.000 ns|  0.200 us|    1|   20|       no|
    +---------+---------+-----------+----------+-----+-----+---------+

    + Detail: 
        * Instance: 
        N/A

        * Loop: 
        N/A

============================================================
+ Verbose Summary: Synthesis Manager
============================================================
InlineROM: 1
ExposeGlobal: 0
============================================================
+ Verbose Summary: CDFG Model
============================================================
IsTopModel: 0
ResetActiveHigh: 1
IsCombinational: 0
IsDatapathOnly: 0
HasWiredReturn: 1
HasMFsm: 0
HasVarLatency: 1
IsPipeline: 0
IsRtlPipelined: 0
IsInstanceOverlapped: 0
IsDontTouch: 0
HasImplIP: 0
IsGatedGlobalClock: 0


============================================================
+ Verbose Summary: Schedule
============================================================
* Number of FSM states : 3
* Pipeline : 0
* Dataflow Pipeline: 0

* FSM state transitions: 
1 --> 2 3 
2 --> 3 
3 --> 

* FSM state operations: 

State 1 <SV = 0> <Delay = 5.14>
ST_1 : Operation 4 [1/1] (0.00ns)   --->   "%bits_per_sample_read = read i5 @_ssdm_op_Read.ap_auto.i5, i5 %bits_per_sample"   --->   Operation 4 'read' 'bits_per_sample_read' <Predicate = true> <Delay = 0.00>
ST_1 : Operation 5 [1/1] (0.00ns)   --->   "%word_4_loc = alloca i64 1"   --->   Operation 5 'alloca' 'word_4_loc' <Predicate = true> <Delay = 0.00>
ST_1 : Operation 6 [1/1] (0.00ns)   --->   "%word_2_loc = alloca i64 1"   --->   Operation 6 'alloca' 'word_2_loc' <Predicate = true> <Delay = 0.00>
ST_1 : Operation 7 [1/1] (0.00ns)   --->   "%word_loc = alloca i64 1"   --->   Operation 7 'alloca' 'word_loc' <Predicate = true> <Delay = 0.00>
ST_1 : Operation 8 [1/1] (0.00ns)   --->   "%specinterface_ln0 = specinterface void @_ssdm_op_SpecInterface, i32 %packed_stream, void @empty_8, i32 0, i32 0, void @empty_11, i32 0, i32 0, void @empty_11, void @empty_11, void @empty_11, i32 0, i32 0, i32 0, i32 0, void @empty_11, void @empty_11, i32 4294967295, i32 0, i32 0, i32 0"   --->   Operation 8 'specinterface' 'specinterface_ln0' <Predicate = true> <Delay = 0.00>
ST_1 : Operation 9 [1/1] (0.00ns)   --->   "%specinterface_ln0 = specinterface void @_ssdm_op_SpecInterface, i8 %adc_in, void @empty_13, i32 0, i32 0, void @empty_12, i32 0, i32 0, void @empty_11, void @empty_11, void @empty_11, i32 0, i32 0, i32 0, i32 0, void @empty_11, void @empty_11, i32 4294967295, i32 0, i32 0, i32 0"   --->   Operation 9 'specinterface' 'specinterface_ln0' <Predicate = true> <Delay = 0.00>
ST_1 : Operation 10 [1/1] (0.00ns)   --->   "%specinterface_ln7 = specinterface void @_ssdm_op_SpecInterface, i32 0, void @empty_1, i32 0, i32 0, void @empty_11, i32 0, i32 0, void @empty_11, void @empty_11, void @empty_11, i32 0, i32 0, i32 0, i32 0, void @empty_11, void @empty_11, i32 4294967295, i32 0, i32 0, i32 0" [../src/sample_packer/sample_packer.cpp:7]   --->   Operation 10 'specinterface' 'specinterface_ln7' <Predicate = true> <Delay = 0.00>
ST_1 : Operation 11 [1/1] (1.86ns)   --->   "%switch_ln19 = switch i5 %bits_per_sample_read, void %if.end, i5 2, void %for.inc.preheader, i5 4, void %for.inc18.preheader, i5 8, void %for.inc35.preheader" [../src/sample_packer/sample_packer.cpp:19]   --->   Operation 11 'switch' 'switch_ln19' <Predicate = true> <Delay = 1.86>
ST_1 : Operation 12 [2/2] (3.28ns)   --->   "%call_ln0 = call void @sample_packer_Pipeline_VITIS_LOOP_47_3, i8 %adc_in, i32 %word_4_loc"   --->   Operation 12 'call' 'call_ln0' <Predicate = (bits_per_sample_read == 8)> <Delay = 3.28> <CoreType = "Generic">   --->   Generic Core
ST_1 : Operation 13 [2/2] (3.28ns)   --->   "%call_ln0 = call void @sample_packer_Pipeline_VITIS_LOOP_34_2, i8 %adc_in, i32 %word_2_loc"   --->   Operation 13 'call' 'call_ln0' <Predicate = (bits_per_sample_read == 4)> <Delay = 3.28> <CoreType = "Generic">   --->   Generic Core
ST_1 : Operation 14 [2/2] (3.28ns)   --->   "%call_ln0 = call void @sample_packer_Pipeline_VITIS_LOOP_21_1, i8 %adc_in, i32 %word_loc"   --->   Operation 14 'call' 'call_ln0' <Predicate = (bits_per_sample_read == 2)> <Delay = 3.28> <CoreType = "Generic">   --->   Generic Core

State 2 <SV = 1> <Delay = 5.08>
ST_2 : Operation 15 [1/2] (4.90ns)   --->   "%call_ln0 = call void @sample_packer_Pipeline_VITIS_LOOP_47_3, i8 %adc_in, i32 %word_4_loc"   --->   Operation 15 'call' 'call_ln0' <Predicate = (bits_per_sample_read == 8)> <Delay = 4.90> <CoreType = "Generic">   --->   Generic Core
ST_2 : Operation 16 [1/2] (4.99ns)   --->   "%call_ln0 = call void @sample_packer_Pipeline_VITIS_LOOP_34_2, i8 %adc_in, i32 %word_2_loc"   --->   Operation 16 'call' 'call_ln0' <Predicate = (bits_per_sample_read == 4)> <Delay = 4.99> <CoreType = "Generic">   --->   Generic Core
ST_2 : Operation 17 [1/2] (5.08ns)   --->   "%call_ln0 = call void @sample_packer_Pipeline_VITIS_LOOP_21_1, i8 %adc_in, i32 %word_loc"   --->   Operation 17 'call' 'call_ln0' <Predicate = (bits_per_sample_read == 2)> <Delay = 5.08> <CoreType = "Generic">   --->   Generic Core

State 3 <SV = 2> <Delay = 3.50>
ST_3 : Operation 18 [1/1] (0.00ns)   --->   "%fence_ln55 = fence void @_ssdm_op_Fence, i8 %adc_in, i32 4294967295, i32 %packed_stream, i32 0" [../src/sample_packer/sample_packer.cpp:55]   --->   Operation 18 'fence' 'fence_ln55' <Predicate = (bits_per_sample_read == 8)> <Delay = 0.00>
ST_3 : Operation 19 [1/1] (0.00ns)   --->   "%word_4_loc_load = load i32 %word_4_loc"   --->   Operation 19 'load' 'word_4_loc_load' <Predicate = (bits_per_sample_read == 8)> <Delay = 0.00>
ST_3 : Operation 20 [1/1] ( I:3.50ns O:3.50ns )   --->   "%write_ln55 = write void @_ssdm_op_Write.ap_fifo.volatile.i32P0A, i32 %packed_stream, i32 %word_4_loc_load" [../src/sample_packer/sample_packer.cpp:55]   --->   Operation 20 'write' 'write_ln55' <Predicate = (bits_per_sample_read == 8)> <Delay = 3.50> <CoreInst = "FIFO">   --->   Core 77 'FIFO' <Latency = 0> <II = 1> <Delay = 3.50> <Storage> <Opcode : 'read' 'write' 'nbread' 'nbwrite'> <Ports = 0> <Width = 32> <Depth = 2048> <FIFO>
ST_3 : Operation 21 [1/1] (0.00ns)   --->   "%br_ln56 = br void %if.end" [../src/sample_packer/sample_packer.cpp:56]   --->   Operation 21 'br' 'br_ln56' <Predicate = (bits_per_sample_read == 8)> <Delay = 0.00>
ST_3 : Operation 22 [1/1] (0.00ns)   --->   "%fence_ln42 = fence void @_ssdm_op_Fence, i8 %adc_in, i32 4294967295, i32 %packed_stream, i32 0" [../src/sample_packer/sample_packer.cpp:42]   --->   Operation 22 'fence' 'fence_ln42' <Predicate = (bits_per_sample_read == 4)> <Delay = 0.00>
ST_3 : Operation 23 [1/1] (0.00ns)   --->   "%word_2_loc_load = load i32 %word_2_loc"   --->   Operation 23 'load' 'word_2_loc_load' <Predicate = (bits_per_sample_read == 4)> <Delay = 0.00>
ST_3 : Operation 24 [1/1] ( I:3.50ns O:3.50ns )   --->   "%write_ln42 = write void @_ssdm_op_Write.ap_fifo.volatile.i32P0A, i32 %packed_stream, i32 %word_2_loc_load" [../src/sample_packer/sample_packer.cpp:42]   --->   Operation 24 'write' 'write_ln42' <Predicate = (bits_per_sample_read == 4)> <Delay = 3.50> <CoreInst = "FIFO">   --->   Core 77 'FIFO' <Latency = 0> <II = 1> <Delay = 3.50> <Storage> <Opcode : 'read' 'write' 'nbread' 'nbwrite'> <Ports = 0> <Width = 32> <Depth = 2048> <FIFO>
ST_3 : Operation 25 [1/1] (0.00ns)   --->   "%br_ln43 = br void %if.end38" [../src/sample_packer/sample_packer.cpp:43]   --->   Operation 25 'br' 'br_ln43' <Predicate = (bits_per_sample_read == 4)> <Delay = 0.00>
ST_3 : Operation 26 [1/1] (0.00ns)   --->   "%fence_ln29 = fence void @_ssdm_op_Fence, i8 %adc_in, i32 4294967295, i32 %packed_stream, i32 0" [../src/sample_packer/sample_packer.cpp:29]   --->   Operation 26 'fence' 'fence_ln29' <Predicate = (bits_per_sample_read == 2)> <Delay = 0.00>
ST_3 : Operation 27 [1/1] (0.00ns)   --->   "%word_loc_load = load i32 %word_loc"   --->   Operation 27 'load' 'word_loc_load' <Predicate = (bits_per_sample_read == 2)> <Delay = 0.00>
ST_3 : Operation 28 [1/1] ( I:3.50ns O:3.50ns )   --->   "%write_ln29 = write void @_ssdm_op_Write.ap_fifo.volatile.i32P0A, i32 %packed_stream, i32 %word_loc_load" [../src/sample_packer/sample_packer.cpp:29]   --->   Operation 28 'write' 'write_ln29' <Predicate = (bits_per_sample_read == 2)> <Delay = 3.50> <CoreInst = "FIFO">   --->   Core 77 'FIFO' <Latency = 0> <II = 1> <Delay = 3.50> <Storage> <Opcode : 'read' 'write' 'nbread' 'nbwrite'> <Ports = 0> <Width = 32> <Depth = 2048> <FIFO>
ST_3 : Operation 29 [1/1] (0.00ns)   --->   "%br_ln30 = br void %if.end39" [../src/sample_packer/sample_packer.cpp:30]   --->   Operation 29 'br' 'br_ln30' <Predicate = (bits_per_sample_read == 2)> <Delay = 0.00>
ST_3 : Operation 30 [1/1] (0.00ns)   --->   "%br_ln0 = br void %if.end38"   --->   Operation 30 'br' 'br_ln0' <Predicate = (bits_per_sample_read != 2 & bits_per_sample_read != 4)> <Delay = 0.00>
ST_3 : Operation 31 [1/1] (0.00ns)   --->   "%br_ln0 = br void %if.end39"   --->   Operation 31 'br' 'br_ln0' <Predicate = (bits_per_sample_read != 2)> <Delay = 0.00>
ST_3 : Operation 32 [1/1] (0.00ns)   --->   "%ret_ln57 = ret" [../src/sample_packer/sample_packer.cpp:57]   --->   Operation 32 'ret' 'ret_ln57' <Predicate = true> <Delay = 0.00>


============================================================
+ Verbose Summary: Timing violations
============================================================
Target clock period: 10.000ns, clock uncertainty: 2.700ns.

 <State 1>: 5.145ns
The critical path consists of the following:
	wire read operation ('bits_per_sample_read') on port 'bits_per_sample' [4]  (0.000 ns)
	'call' operation ('call_ln0') to 'sample_packer_Pipeline_VITIS_LOOP_47_3' [13]  (3.283 ns)
	blocking operation 1.8615 ns on control path)

 <State 2>: 5.082ns
The critical path consists of the following:
	'call' operation ('call_ln0') to 'sample_packer_Pipeline_VITIS_LOOP_21_1' [25]  (5.082 ns)

 <State 3>: 3.504ns
The critical path consists of the following:
	'load' operation 32 bit ('word_loc_load') on local variable 'word_loc' [27]  (0.000 ns)
	fifo write operation ('write_ln29', ../src/sample_packer/sample_packer.cpp:29) on port 'packed_stream' (../src/sample_packer/sample_packer.cpp:29) [28]  (3.504 ns)


============================================================
+ Verbose Summary: Binding
============================================================
N/A
* FSMD analyzer results:
  - Output states:
 - Input state : 
  - Chain level:
	State 1
	State 2
	State 3


============================================================
+ Verbose Summary: Datapath Resource usage 
============================================================
N/A
