

================================================================
== Vitis HLS Report for 'vdif_chain'
================================================================
* Date:           Wed Jun 24 16:57:21 2026

* Version:        2025.2 (Build 6295257 on Nov 14 2025)
* Project:        vdif_chain
* Solution:       hls (Vivado IP Flow Target)
* Product family: artix7
* Target device:  xc7a12t-cpg238-1


================================================================
== Performance Estimates
================================================================
+ Timing: 
    * Summary: 
    +--------+----------+----------+------------+
    |  Clock |  Target  | Estimated| Uncertainty|
    +--------+----------+----------+------------+
    |ap_clk  |  10.00 ns|  7.406 ns|     2.70 ns|
    +--------+----------+----------+------------+

+ Latency: 
    * Summary: 
    +---------+---------+-----------+-----------+------+---------+----------+
    |  Latency (cycles) |   Latency (absolute)  |    Interval    | Pipeline |
    |   min   |   max   |    min    |    max    |  min |   max   |   Type   |
    +---------+---------+-----------+-----------+------+---------+----------+
    |     1028|  1507306|  10.280 us|  15.073 ms|  1025|  1507307|  dataflow|
    +---------+---------+-----------+-----------+------+---------+----------+

    + Detail: 
        * Instance: 
        N/A

        * Loop: 
        N/A

============================================================
+ Verbose Summary: Synthesis Manager
============================================================
InlineROM: 1
ExposeGlobal: 0
============================================================
+ Verbose Summary: CDFG Model
============================================================
IsTopModel: 1
ResetActiveHigh: 1
IsCombinational: 2
IsDatapathOnly: 0
HasWiredReturn: 1
HasMFsm: 0
HasVarLatency: 1
IsPipeline: 0
IsRtlPipelined: 0
IsInstanceOverlapped: 0
IsDontTouch: 0
HasImplIP: 0
IsGatedGlobalClock: 0


============================================================
+ Verbose Summary: Schedule
============================================================
* Number of FSM states : 6
* Pipeline : 0
* Dataflow Pipeline: 1
  DF-Pipeline-0: Size = 6, States = { 1 2 3 4 5 6 }

* FSM state transitions: 
1 --> 2 
2 --> 3 
3 --> 4 
4 --> 5 
5 --> 6 
6 --> 

* FSM state operations: 

State 1 <SV = 0> <Delay = 0.00>
ST_1 : Operation 7 [1/1] (0.00ns)   --->   "%payload_words_c1 = alloca i64 1" [../src/vdif_chain.cpp:57]   --->   Operation 7 'alloca' 'payload_words_c1' <Predicate = true> <Delay = 0.00> <CoreInst = "FIFO_SRL">   --->   Core 80 'FIFO_SRL' <Latency = 0> <II = 1> <Delay = 3.90> <Storage> <Opcode : 'read' 'write' 'nbread' 'nbwrite'> <Ports = 0> <Width = 16> <Depth = 2> <FIFO>
ST_1 : Operation 8 [1/1] (0.00ns)   --->   "%payload_words_c = alloca i64 1" [../src/vdif_chain.cpp:57]   --->   Operation 8 'alloca' 'payload_words_c' <Predicate = true> <Delay = 0.00> <CoreInst = "FIFO_SRL">   --->   Core 80 'FIFO_SRL' <Latency = 0> <II = 1> <Delay = 3.90> <Storage> <Opcode : 'read' 'write' 'nbread' 'nbwrite'> <Ports = 0> <Width = 16> <Depth = 2> <FIFO>
ST_1 : Operation 9 [1/1] (0.00ns)   --->   "%pps_c = alloca i64 1" [../src/vdif_chain.cpp:57]   --->   Operation 9 'alloca' 'pps_c' <Predicate = true> <Delay = 0.00> <CoreInst = "FIFO_SRL">   --->   Core 80 'FIFO_SRL' <Latency = 0> <II = 1> <Delay = 3.90> <Storage> <Opcode : 'read' 'write' 'nbread' 'nbwrite'> <Ports = 0> <Width = 1> <Depth = 3> <FIFO>
ST_1 : Operation 10 [1/1] (0.00ns)   --->   "%complex_data_c = alloca i64 1" [../src/vdif_chain.cpp:57]   --->   Operation 10 'alloca' 'complex_data_c' <Predicate = true> <Delay = 0.00> <CoreInst = "FIFO_SRL">   --->   Core 80 'FIFO_SRL' <Latency = 0> <II = 1> <Delay = 3.90> <Storage> <Opcode : 'read' 'write' 'nbread' 'nbwrite'> <Ports = 0> <Width = 1> <Depth = 3> <FIFO>
ST_1 : Operation 11 [1/1] (0.00ns)   --->   "%bits_per_sample_c = alloca i64 1" [../src/vdif_chain.cpp:57]   --->   Operation 11 'alloca' 'bits_per_sample_c' <Predicate = true> <Delay = 0.00> <CoreInst = "FIFO_SRL">   --->   Core 80 'FIFO_SRL' <Latency = 0> <II = 1> <Delay = 3.90> <Storage> <Opcode : 'read' 'write' 'nbread' 'nbwrite'> <Ports = 0> <Width = 5> <Depth = 2> <FIFO>
ST_1 : Operation 12 [1/1] (0.00ns)   --->   "%thread_id_c = alloca i64 1" [../src/vdif_chain.cpp:57]   --->   Operation 12 'alloca' 'thread_id_c' <Predicate = true> <Delay = 0.00> <CoreInst = "FIFO_SRL">   --->   Core 80 'FIFO_SRL' <Latency = 0> <II = 1> <Delay = 3.90> <Storage> <Opcode : 'read' 'write' 'nbread' 'nbwrite'> <Ports = 0> <Width = 10> <Depth = 3> <FIFO>
ST_1 : Operation 13 [1/1] (0.00ns)   --->   "%station_id_c = alloca i64 1" [../src/vdif_chain.cpp:57]   --->   Operation 13 'alloca' 'station_id_c' <Predicate = true> <Delay = 0.00> <CoreInst = "FIFO_SRL">   --->   Core 80 'FIFO_SRL' <Latency = 0> <II = 1> <Delay = 3.90> <Storage> <Opcode : 'read' 'write' 'nbread' 'nbwrite'> <Ports = 0> <Width = 16> <Depth = 3> <FIFO>
ST_1 : Operation 14 [1/1] (0.00ns)   --->   "%epoch_c = alloca i64 1" [../src/vdif_chain.cpp:57]   --->   Operation 14 'alloca' 'epoch_c' <Predicate = true> <Delay = 0.00> <CoreInst = "FIFO_SRL">   --->   Core 80 'FIFO_SRL' <Latency = 0> <II = 1> <Delay = 3.90> <Storage> <Opcode : 'read' 'write' 'nbread' 'nbwrite'> <Ports = 0> <Width = 6> <Depth = 3> <FIFO>
ST_1 : Operation 15 [1/1] (0.00ns)   --->   "%packetizer_in = alloca i64 1" [../src/vdif_chain.cpp:71]   --->   Operation 15 'alloca' 'packetizer_in' <Predicate = true> <Delay = 0.00> <CoreInst = "FIFO">   --->   Core 77 'FIFO' <Latency = 0> <II = 1> <Delay = 3.50> <Storage> <Opcode : 'read' 'write' 'nbread' 'nbwrite'> <Ports = 0> <Width = 32> <Depth = 2048> <FIFO>
ST_1 : Operation 16 [1/1] (0.00ns)   --->   "%bram_stream = alloca i64 1" [../src/vdif_chain.cpp:73]   --->   Operation 16 'alloca' 'bram_stream' <Predicate = true> <Delay = 0.00> <CoreInst = "FIFO">   --->   Core 77 'FIFO' <Latency = 0> <II = 1> <Delay = 3.50> <Storage> <Opcode : 'read' 'write' 'nbread' 'nbwrite'> <Ports = 0> <Width = 32> <Depth = 2048> <FIFO>

State 2 <SV = 1> <Delay = 3.65>
ST_2 : Operation 17 [1/1] (0.00ns)   --->   "%payload_words_read = read i16 @_ssdm_op_Read.ap_auto.i16, i16 %payload_words" [../src/vdif_chain.cpp:57]   --->   Operation 17 'read' 'payload_words_read' <Predicate = true> <Delay = 0.00>
ST_2 : Operation 18 [1/1] (0.00ns)   --->   "%bits_per_sample_read = read i5 @_ssdm_op_Read.ap_none.i5, i5 %bits_per_sample" [../src/vdif_chain.cpp:57]   --->   Operation 18 'read' 'bits_per_sample_read' <Predicate = true> <Delay = 0.00>
ST_2 : Operation 19 [2/2] (3.65ns)   --->   "%call_ln69 = call void @Loop_VITIS_LOOP_79_1_proc, i16 %payload_words_read, i8 %adc_in, i5 %bits_per_sample_read, i32 %packetizer_in, i32 %bram_stream, i5 %bits_per_sample_c, i16 %payload_words_c, i16 %payload_words_c1" [../src/vdif_chain.cpp:69]   --->   Operation 19 'call' 'call_ln69' <Predicate = true> <Delay = 3.65> <CoreType = "Generic">   --->   Generic Core

State 3 <SV = 2> <Delay = 3.65>
ST_3 : Operation 20 [1/1] (0.00ns)   --->   "%pps_read = read i1 @_ssdm_op_Read.ap_none.i1, i1 %pps" [../src/vdif_chain.cpp:57]   --->   Operation 20 'read' 'pps_read' <Predicate = true> <Delay = 0.00>
ST_3 : Operation 21 [1/1] (0.00ns)   --->   "%complex_data_read = read i1 @_ssdm_op_Read.ap_none.i1, i1 %complex_data" [../src/vdif_chain.cpp:57]   --->   Operation 21 'read' 'complex_data_read' <Predicate = true> <Delay = 0.00>
ST_3 : Operation 22 [1/1] (0.00ns)   --->   "%thread_id_read = read i10 @_ssdm_op_Read.ap_none.i10, i10 %thread_id" [../src/vdif_chain.cpp:57]   --->   Operation 22 'read' 'thread_id_read' <Predicate = true> <Delay = 0.00>
ST_3 : Operation 23 [1/1] (0.00ns)   --->   "%station_id_read = read i16 @_ssdm_op_Read.ap_none.i16, i16 %station_id" [../src/vdif_chain.cpp:57]   --->   Operation 23 'read' 'station_id_read' <Predicate = true> <Delay = 0.00>
ST_3 : Operation 24 [1/1] (0.00ns)   --->   "%epoch_read = read i6 @_ssdm_op_Read.ap_none.i6, i6 %epoch" [../src/vdif_chain.cpp:57]   --->   Operation 24 'read' 'epoch_read' <Predicate = true> <Delay = 0.00>
ST_3 : Operation 25 [1/1] (3.65ns)   --->   "%call_ln57 = call void @entry_proc7, i6 %epoch_read, i6 %epoch_c, i16 %station_id_read, i16 %station_id_c, i10 %thread_id_read, i10 %thread_id_c, i1 %complex_data_read, i1 %complex_data_c, i1 %pps_read, i1 %pps_c" [../src/vdif_chain.cpp:57]   --->   Operation 25 'call' 'call_ln57' <Predicate = true> <Delay = 3.65> <CoreType = "Generic">   --->   Generic Core
ST_3 : Operation 26 [1/2] (2.14ns)   --->   "%call_ln69 = call void @Loop_VITIS_LOOP_79_1_proc, i16 %payload_words_read, i8 %adc_in, i5 %bits_per_sample_read, i32 %packetizer_in, i32 %bram_stream, i5 %bits_per_sample_c, i16 %payload_words_c, i16 %payload_words_c1" [../src/vdif_chain.cpp:69]   --->   Operation 26 'call' 'call_ln69' <Predicate = true> <Delay = 2.14> <CoreType = "Generic">   --->   Generic Core

State 4 <SV = 3> <Delay = 0.00>
ST_4 : Operation 27 [2/2] (0.00ns)   --->   "%call_ln102 = call void @packetizer, i32 %packetizer_in, i32 %out_stream_V_data_V, i4 %out_stream_V_keep_V, i4 %out_stream_V_strb_V, i1 %out_stream_V_last_V, i6 %epoch_c, i16 %station_id_c, i10 %thread_id_c, i5 %bits_per_sample_c, i1 %complex_data_c, i1 %pps_c, i16 %payload_words_c1, i30 %second_counter, i24 %frame_counter, i1 %fsm_state" [../src/vdif_chain.cpp:102]   --->   Operation 27 'call' 'call_ln102' <Predicate = true> <Delay = 0.00> <CoreType = "Generic">   --->   Generic Core
ST_4 : Operation 28 [2/2] (0.00ns)   --->   "%call_ln76 = call void @axis_bram_writer, i32 %bram_stream, i16 %payload_words_c" [../src/vdif_chain.cpp:76]   --->   Operation 28 'call' 'call_ln76' <Predicate = true> <Delay = 0.00> <CoreType = "Generic">   --->   Generic Core

State 5 <SV = 4> <Delay = 0.00>
ST_5 : Operation 29 [1/2] (0.00ns)   --->   "%call_ln102 = call void @packetizer, i32 %packetizer_in, i32 %out_stream_V_data_V, i4 %out_stream_V_keep_V, i4 %out_stream_V_strb_V, i1 %out_stream_V_last_V, i6 %epoch_c, i16 %station_id_c, i10 %thread_id_c, i5 %bits_per_sample_c, i1 %complex_data_c, i1 %pps_c, i16 %payload_words_c1, i30 %second_counter, i24 %frame_counter, i1 %fsm_state" [../src/vdif_chain.cpp:102]   --->   Operation 29 'call' 'call_ln102' <Predicate = true> <Delay = 0.00> <CoreType = "Generic">   --->   Generic Core
ST_5 : Operation 30 [1/2] (0.00ns)   --->   "%call_ln76 = call void @axis_bram_writer, i32 %bram_stream, i16 %payload_words_c" [../src/vdif_chain.cpp:76]   --->   Operation 30 'call' 'call_ln76' <Predicate = true> <Delay = 0.00> <CoreType = "Generic">   --->   Generic Core

State 6 <SV = 5> <Delay = 0.00>
ST_6 : Operation 31 [1/1] (0.00ns)   --->   "%empty = specchannel i32 @_ssdm_op_SpecChannel, void @payload_words_c1_str, i32 1, void @p_str, void @p_str, i32 2, i32 0, i16 %payload_words_c1, i16 %payload_words_c1" [../src/vdif_chain.cpp:57]   --->   Operation 31 'specchannel' 'empty' <Predicate = true> <Delay = 0.00>
ST_6 : Operation 32 [1/1] (0.00ns)   --->   "%specinterface_ln57 = specinterface void @_ssdm_op_SpecInterface, i16 %payload_words_c1, void @ap_fifo_str, i32 0, i32 0, void @p_str, i32 0, i32 0, void @p_str, void @p_str, void @p_str, i32 2, i32 2, i32 16, i32 16, void @p_str, void @p_str, i32 4294967295, i32 0, i32 0, i32 0" [../src/vdif_chain.cpp:57]   --->   Operation 32 'specinterface' 'specinterface_ln57' <Predicate = true> <Delay = 0.00>
ST_6 : Operation 33 [1/1] (0.00ns)   --->   "%empty_38 = specchannel i32 @_ssdm_op_SpecChannel, void @payload_words_c_str, i32 1, void @p_str, void @p_str, i32 2, i32 0, i16 %payload_words_c, i16 %payload_words_c" [../src/vdif_chain.cpp:57]   --->   Operation 33 'specchannel' 'empty_38' <Predicate = true> <Delay = 0.00>
ST_6 : Operation 34 [1/1] (0.00ns)   --->   "%specinterface_ln57 = specinterface void @_ssdm_op_SpecInterface, i16 %payload_words_c, void @ap_fifo_str, i32 0, i32 0, void @p_str, i32 0, i32 0, void @p_str, void @p_str, void @p_str, i32 2, i32 2, i32 16, i32 16, void @p_str, void @p_str, i32 4294967295, i32 0, i32 0, i32 0" [../src/vdif_chain.cpp:57]   --->   Operation 34 'specinterface' 'specinterface_ln57' <Predicate = true> <Delay = 0.00>
ST_6 : Operation 35 [1/1] (0.00ns)   --->   "%empty_39 = specchannel i32 @_ssdm_op_SpecChannel, void @pps_c_str, i32 1, void @p_str, void @p_str, i32 3, i32 0, i1 %pps_c, i1 %pps_c" [../src/vdif_chain.cpp:57]   --->   Operation 35 'specchannel' 'empty_39' <Predicate = true> <Delay = 0.00>
ST_6 : Operation 36 [1/1] (0.00ns)   --->   "%specinterface_ln57 = specinterface void @_ssdm_op_SpecInterface, i1 %pps_c, void @ap_fifo_str, i32 0, i32 0, void @p_str, i32 0, i32 0, void @p_str, void @p_str, void @p_str, i32 2, i32 2, i32 16, i32 16, void @p_str, void @p_str, i32 4294967295, i32 0, i32 0, i32 0" [../src/vdif_chain.cpp:57]   --->   Operation 36 'specinterface' 'specinterface_ln57' <Predicate = true> <Delay = 0.00>
ST_6 : Operation 37 [1/1] (0.00ns)   --->   "%empty_40 = specchannel i32 @_ssdm_op_SpecChannel, void @complex_data_c_str, i32 1, void @p_str, void @p_str, i32 3, i32 0, i1 %complex_data_c, i1 %complex_data_c" [../src/vdif_chain.cpp:57]   --->   Operation 37 'specchannel' 'empty_40' <Predicate = true> <Delay = 0.00>
ST_6 : Operation 38 [1/1] (0.00ns)   --->   "%specinterface_ln57 = specinterface void @_ssdm_op_SpecInterface, i1 %complex_data_c, void @ap_fifo_str, i32 0, i32 0, void @p_str, i32 0, i32 0, void @p_str, void @p_str, void @p_str, i32 2, i32 2, i32 16, i32 16, void @p_str, void @p_str, i32 4294967295, i32 0, i32 0, i32 0" [../src/vdif_chain.cpp:57]   --->   Operation 38 'specinterface' 'specinterface_ln57' <Predicate = true> <Delay = 0.00>
ST_6 : Operation 39 [1/1] (0.00ns)   --->   "%empty_41 = specchannel i32 @_ssdm_op_SpecChannel, void @bits_per_sample_c_str, i32 1, void @p_str, void @p_str, i32 2, i32 0, i5 %bits_per_sample_c, i5 %bits_per_sample_c" [../src/vdif_chain.cpp:57]   --->   Operation 39 'specchannel' 'empty_41' <Predicate = true> <Delay = 0.00>
ST_6 : Operation 40 [1/1] (0.00ns)   --->   "%specinterface_ln57 = specinterface void @_ssdm_op_SpecInterface, i5 %bits_per_sample_c, void @ap_fifo_str, i32 0, i32 0, void @p_str, i32 0, i32 0, void @p_str, void @p_str, void @p_str, i32 2, i32 2, i32 16, i32 16, void @p_str, void @p_str, i32 4294967295, i32 0, i32 0, i32 0" [../src/vdif_chain.cpp:57]   --->   Operation 40 'specinterface' 'specinterface_ln57' <Predicate = true> <Delay = 0.00>
ST_6 : Operation 41 [1/1] (0.00ns)   --->   "%empty_42 = specchannel i32 @_ssdm_op_SpecChannel, void @thread_id_c_str, i32 1, void @p_str, void @p_str, i32 3, i32 0, i10 %thread_id_c, i10 %thread_id_c" [../src/vdif_chain.cpp:57]   --->   Operation 41 'specchannel' 'empty_42' <Predicate = true> <Delay = 0.00>
ST_6 : Operation 42 [1/1] (0.00ns)   --->   "%specinterface_ln57 = specinterface void @_ssdm_op_SpecInterface, i10 %thread_id_c, void @ap_fifo_str, i32 0, i32 0, void @p_str, i32 0, i32 0, void @p_str, void @p_str, void @p_str, i32 2, i32 2, i32 16, i32 16, void @p_str, void @p_str, i32 4294967295, i32 0, i32 0, i32 0" [../src/vdif_chain.cpp:57]   --->   Operation 42 'specinterface' 'specinterface_ln57' <Predicate = true> <Delay = 0.00>
ST_6 : Operation 43 [1/1] (0.00ns)   --->   "%empty_43 = specchannel i32 @_ssdm_op_SpecChannel, void @station_id_c_str, i32 1, void @p_str, void @p_str, i32 3, i32 0, i16 %station_id_c, i16 %station_id_c" [../src/vdif_chain.cpp:57]   --->   Operation 43 'specchannel' 'empty_43' <Predicate = true> <Delay = 0.00>
ST_6 : Operation 44 [1/1] (0.00ns)   --->   "%specinterface_ln57 = specinterface void @_ssdm_op_SpecInterface, i16 %station_id_c, void @ap_fifo_str, i32 0, i32 0, void @p_str, i32 0, i32 0, void @p_str, void @p_str, void @p_str, i32 2, i32 2, i32 16, i32 16, void @p_str, void @p_str, i32 4294967295, i32 0, i32 0, i32 0" [../src/vdif_chain.cpp:57]   --->   Operation 44 'specinterface' 'specinterface_ln57' <Predicate = true> <Delay = 0.00>
ST_6 : Operation 45 [1/1] (0.00ns)   --->   "%empty_44 = specchannel i32 @_ssdm_op_SpecChannel, void @epoch_c_str, i32 1, void @p_str, void @p_str, i32 3, i32 0, i6 %epoch_c, i6 %epoch_c" [../src/vdif_chain.cpp:57]   --->   Operation 45 'specchannel' 'empty_44' <Predicate = true> <Delay = 0.00>
ST_6 : Operation 46 [1/1] (0.00ns)   --->   "%specinterface_ln57 = specinterface void @_ssdm_op_SpecInterface, i6 %epoch_c, void @ap_fifo_str, i32 0, i32 0, void @p_str, i32 0, i32 0, void @p_str, void @p_str, void @p_str, i32 2, i32 2, i32 16, i32 16, void @p_str, void @p_str, i32 4294967295, i32 0, i32 0, i32 0" [../src/vdif_chain.cpp:57]   --->   Operation 46 'specinterface' 'specinterface_ln57' <Predicate = true> <Delay = 0.00>
ST_6 : Operation 47 [1/1] (0.00ns)   --->   "%specdataflowpipeline_ln57 = specdataflowpipeline void @_ssdm_op_SpecDataflowPipeline, i32 4294967295, i32 0, void @empty_11" [../src/vdif_chain.cpp:57]   --->   Operation 47 'specdataflowpipeline' 'specdataflowpipeline_ln57' <Predicate = true> <Delay = 0.00>
ST_6 : Operation 48 [1/1] (0.00ns)   --->   "%spectopmodule_ln37 = spectopmodule void @_ssdm_op_SpecTopModule, void @empty_6" [../src/vdif_chain.cpp:37]   --->   Operation 48 'spectopmodule' 'spectopmodule_ln37' <Predicate = true> <Delay = 0.00>
ST_6 : Operation 49 [1/1] (0.00ns)   --->   "%specinterface_ln37 = specinterface void @_ssdm_op_SpecInterface, i32 0, void @empty_5, i32 0, i32 0, void @empty_11, i32 0, i32 0, void @empty_11, void @empty_11, void @empty_11, i32 0, i32 0, i32 0, i32 0, void @empty_11, void @empty_11, i32 4294967295, i32 0, i32 0, i32 0" [../src/vdif_chain.cpp:37]   --->   Operation 49 'specinterface' 'specinterface_ln37' <Predicate = true> <Delay = 0.00>
ST_6 : Operation 50 [1/1] (0.00ns)   --->   "%specinterface_ln0 = specinterface void @_ssdm_op_SpecInterface, i8 %adc_in, void @empty_13, i32 1, i32 1, void @empty_12, i32 0, i32 0, void @empty_11, void @empty_11, void @empty_11, i32 0, i32 0, i32 0, i32 0, void @empty_11, void @empty_11, i32 4294967295, i32 0, i32 0, i32 0"   --->   Operation 50 'specinterface' 'specinterface_ln0' <Predicate = true> <Delay = 0.00>
ST_6 : Operation 51 [1/1] (0.00ns)   --->   "%specbitsmap_ln0 = specbitsmap void @_ssdm_op_SpecBitsMap, i8 %adc_in"   --->   Operation 51 'specbitsmap' 'specbitsmap_ln0' <Predicate = true> <Delay = 0.00>
ST_6 : Operation 52 [1/1] (0.00ns)   --->   "%specinterface_ln0 = specinterface void @_ssdm_op_SpecInterface, i32 %out_stream_V_data_V, i4 %out_stream_V_keep_V, i4 %out_stream_V_strb_V, i1 %out_stream_V_last_V, void @empty_13, i32 1, i32 1, void @empty_12, i32 0, i32 0, void @empty_11, void @empty_11, void @empty_11, i32 0, i32 0, i32 0, i32 0, void @empty_11, void @empty_11, i32 4294967295, i32 0, i32 0, i32 0"   --->   Operation 52 'specinterface' 'specinterface_ln0' <Predicate = true> <Delay = 0.00>
ST_6 : Operation 53 [1/1] (0.00ns)   --->   "%specbitsmap_ln0 = specbitsmap void @_ssdm_op_SpecBitsMap, i32 %out_stream_V_data_V"   --->   Operation 53 'specbitsmap' 'specbitsmap_ln0' <Predicate = true> <Delay = 0.00>
ST_6 : Operation 54 [1/1] (0.00ns)   --->   "%specbitsmap_ln0 = specbitsmap void @_ssdm_op_SpecBitsMap, i4 %out_stream_V_keep_V"   --->   Operation 54 'specbitsmap' 'specbitsmap_ln0' <Predicate = true> <Delay = 0.00>
ST_6 : Operation 55 [1/1] (0.00ns)   --->   "%specbitsmap_ln0 = specbitsmap void @_ssdm_op_SpecBitsMap, i4 %out_stream_V_strb_V"   --->   Operation 55 'specbitsmap' 'specbitsmap_ln0' <Predicate = true> <Delay = 0.00>
ST_6 : Operation 56 [1/1] (0.00ns)   --->   "%specbitsmap_ln0 = specbitsmap void @_ssdm_op_SpecBitsMap, i1 %out_stream_V_last_V"   --->   Operation 56 'specbitsmap' 'specbitsmap_ln0' <Predicate = true> <Delay = 0.00>
ST_6 : Operation 57 [1/1] (0.00ns)   --->   "%specbitsmap_ln0 = specbitsmap void @_ssdm_op_SpecBitsMap, i6 %epoch"   --->   Operation 57 'specbitsmap' 'specbitsmap_ln0' <Predicate = true> <Delay = 0.00>
ST_6 : Operation 58 [1/1] (0.00ns)   --->   "%specinterface_ln0 = specinterface void @_ssdm_op_SpecInterface, i6 %epoch, void @empty_10, i32 4294967295, i32 4294967295, void @empty_11, i32 0, i32 0, void @empty_11, void @empty_11, void @empty_11, i32 0, i32 0, i32 0, i32 0, void @empty_11, void @empty_11, i32 4294967295, i32 0, i32 0, i32 0"   --->   Operation 58 'specinterface' 'specinterface_ln0' <Predicate = true> <Delay = 0.00>
ST_6 : Operation 59 [1/1] (0.00ns)   --->   "%specbitsmap_ln0 = specbitsmap void @_ssdm_op_SpecBitsMap, i16 %station_id"   --->   Operation 59 'specbitsmap' 'specbitsmap_ln0' <Predicate = true> <Delay = 0.00>
ST_6 : Operation 60 [1/1] (0.00ns)   --->   "%specinterface_ln0 = specinterface void @_ssdm_op_SpecInterface, i16 %station_id, void @empty_10, i32 4294967295, i32 4294967295, void @empty_11, i32 0, i32 0, void @empty_11, void @empty_11, void @empty_11, i32 0, i32 0, i32 0, i32 0, void @empty_11, void @empty_11, i32 4294967295, i32 0, i32 0, i32 0"   --->   Operation 60 'specinterface' 'specinterface_ln0' <Predicate = true> <Delay = 0.00>
ST_6 : Operation 61 [1/1] (0.00ns)   --->   "%specbitsmap_ln0 = specbitsmap void @_ssdm_op_SpecBitsMap, i10 %thread_id"   --->   Operation 61 'specbitsmap' 'specbitsmap_ln0' <Predicate = true> <Delay = 0.00>
ST_6 : Operation 62 [1/1] (0.00ns)   --->   "%specinterface_ln0 = specinterface void @_ssdm_op_SpecInterface, i10 %thread_id, void @empty_10, i32 4294967295, i32 4294967295, void @empty_11, i32 0, i32 0, void @empty_11, void @empty_11, void @empty_11, i32 0, i32 0, i32 0, i32 0, void @empty_11, void @empty_11, i32 4294967295, i32 0, i32 0, i32 0"   --->   Operation 62 'specinterface' 'specinterface_ln0' <Predicate = true> <Delay = 0.00>
ST_6 : Operation 63 [1/1] (0.00ns)   --->   "%specbitsmap_ln0 = specbitsmap void @_ssdm_op_SpecBitsMap, i5 %bits_per_sample"   --->   Operation 63 'specbitsmap' 'specbitsmap_ln0' <Predicate = true> <Delay = 0.00>
ST_6 : Operation 64 [1/1] (0.00ns)   --->   "%specinterface_ln0 = specinterface void @_ssdm_op_SpecInterface, i5 %bits_per_sample, void @empty_10, i32 4294967295, i32 4294967295, void @empty_11, i32 0, i32 0, void @empty_11, void @empty_11, void @empty_11, i32 0, i32 0, i32 0, i32 0, void @empty_11, void @empty_11, i32 4294967295, i32 0, i32 0, i32 0"   --->   Operation 64 'specinterface' 'specinterface_ln0' <Predicate = true> <Delay = 0.00>
ST_6 : Operation 65 [1/1] (0.00ns)   --->   "%specbitsmap_ln0 = specbitsmap void @_ssdm_op_SpecBitsMap, i1 %complex_data"   --->   Operation 65 'specbitsmap' 'specbitsmap_ln0' <Predicate = true> <Delay = 0.00>
ST_6 : Operation 66 [1/1] (0.00ns)   --->   "%specinterface_ln0 = specinterface void @_ssdm_op_SpecInterface, i1 %complex_data, void @empty_10, i32 4294967295, i32 4294967295, void @empty_11, i32 0, i32 0, void @empty_11, void @empty_11, void @empty_11, i32 0, i32 0, i32 0, i32 0, void @empty_11, void @empty_11, i32 4294967295, i32 0, i32 0, i32 0"   --->   Operation 66 'specinterface' 'specinterface_ln0' <Predicate = true> <Delay = 0.00>
ST_6 : Operation 67 [1/1] (0.00ns)   --->   "%specbitsmap_ln0 = specbitsmap void @_ssdm_op_SpecBitsMap, i1 %pps"   --->   Operation 67 'specbitsmap' 'specbitsmap_ln0' <Predicate = true> <Delay = 0.00>
ST_6 : Operation 68 [1/1] (0.00ns)   --->   "%specinterface_ln0 = specinterface void @_ssdm_op_SpecInterface, i1 %pps, void @empty_10, i32 4294967295, i32 4294967295, void @empty_11, i32 0, i32 0, void @empty_11, void @empty_11, void @empty_11, i32 0, i32 0, i32 0, i32 0, void @empty_11, void @empty_11, i32 4294967295, i32 0, i32 0, i32 0"   --->   Operation 68 'specinterface' 'specinterface_ln0' <Predicate = true> <Delay = 0.00>
ST_6 : Operation 69 [1/1] (0.00ns)   --->   "%specbitsmap_ln0 = specbitsmap void @_ssdm_op_SpecBitsMap, i16 %payload_words"   --->   Operation 69 'specbitsmap' 'specbitsmap_ln0' <Predicate = true> <Delay = 0.00>
ST_6 : Operation 70 [1/1] (0.00ns)   --->   "%specinterface_ln0 = specinterface void @_ssdm_op_SpecInterface, i16 %payload_words, void @empty_9, i32 0, i32 0, void @empty_11, i32 0, i32 0, void @empty_11, void @empty_11, void @empty_11, i32 0, i32 0, i32 0, i32 0, void @empty_11, void @empty_11, i32 4294967295, i32 0, i32 0, i32 0"   --->   Operation 70 'specinterface' 'specinterface_ln0' <Predicate = true> <Delay = 0.00>
ST_6 : Operation 71 [1/1] (0.00ns)   --->   "%empty_45 = specchannel i32 @_ssdm_op_SpecChannel, void @packetizer_in_str, i32 1, void @p_str, void @p_str, i32 2048, i32 2048, i32 %packetizer_in, i32 %packetizer_in"   --->   Operation 71 'specchannel' 'empty_45' <Predicate = true> <Delay = 0.00>
ST_6 : Operation 72 [1/1] (0.00ns)   --->   "%specinterface_ln0 = specinterface void @_ssdm_op_SpecInterface, i32 %packetizer_in, void @empty_8, i32 0, i32 0, void @empty_11, i32 0, i32 0, void @empty_11, void @empty_11, void @empty_11, i32 0, i32 0, i32 0, i32 0, void @empty_11, void @empty_11, i32 4294967295, i32 0, i32 0, i32 0"   --->   Operation 72 'specinterface' 'specinterface_ln0' <Predicate = true> <Delay = 0.00>
ST_6 : Operation 73 [1/1] (0.00ns)   --->   "%empty_46 = specchannel i32 @_ssdm_op_SpecChannel, void @bram_stream_str, i32 1, void @p_str, void @p_str, i32 2048, i32 2048, i32 %bram_stream, i32 %bram_stream"   --->   Operation 73 'specchannel' 'empty_46' <Predicate = true> <Delay = 0.00>
ST_6 : Operation 74 [1/1] (0.00ns)   --->   "%specinterface_ln0 = specinterface void @_ssdm_op_SpecInterface, i32 %bram_stream, void @empty_8, i32 0, i32 0, void @empty_11, i32 0, i32 0, void @empty_11, void @empty_11, void @empty_11, i32 0, i32 0, i32 0, i32 0, void @empty_11, void @empty_11, i32 4294967295, i32 0, i32 0, i32 0"   --->   Operation 74 'specinterface' 'specinterface_ln0' <Predicate = true> <Delay = 0.00>
ST_6 : Operation 75 [1/1] (0.00ns)   --->   "%specaxissidechannel_ln79 = specaxissidechannel void @_ssdm_op_SpecAXISSideChannel, i32 %out_stream_V_data_V, i4 %out_stream_V_keep_V, i4 %out_stream_V_strb_V, i1 0, i1 %out_stream_V_last_V, i1 0, i1 0, void @empty_7" [../src/vdif_chain.cpp:79]   --->   Operation 75 'specaxissidechannel' 'specaxissidechannel_ln79' <Predicate = true> <Delay = 0.00>
ST_6 : Operation 76 [1/1] (0.00ns)   --->   "%ret_ln119 = ret" [../src/vdif_chain.cpp:119]   --->   Operation 76 'ret' 'ret_ln119' <Predicate = true> <Delay = 0.00>


============================================================
+ Verbose Summary: Timing violations
============================================================
Target clock period: 10.000ns, clock uncertainty: 2.700ns.

 <State 1>: 0.000ns
The critical path consists of the following:

 <State 2>: 3.650ns
The critical path consists of the following:
	wire read operation ('payload_words_read', ../src/vdif_chain.cpp:57) on port 'payload_words' (../src/vdif_chain.cpp:57) [16]  (0.000 ns)
	'call' operation ('call_ln69', ../src/vdif_chain.cpp:69) to 'Loop_VITIS_LOOP_79_1_proc' [79]  (3.650 ns)

 <State 3>: 3.650ns
The critical path consists of the following:
	wire read operation ('pps_read', ../src/vdif_chain.cpp:57) on port 'pps' (../src/vdif_chain.cpp:57) [17]  (0.000 ns)
	'call' operation ('call_ln57', ../src/vdif_chain.cpp:57) to 'entry_proc7' [78]  (3.650 ns)

 <State 4>: 0.000ns
The critical path consists of the following:

 <State 5>: 0.000ns
The critical path consists of the following:

 <State 6>: 0.000ns
The critical path consists of the following:


============================================================
+ Verbose Summary: Binding
============================================================
N/A
* FSMD analyzer results:
  - Output states:
 - Input state : 
  - Chain level:
	State 1
	State 2
	State 3
	State 4
	State 5
	State 6


============================================================
+ Verbose Summary: Datapath Resource usage 
============================================================
N/A
