

================================================================
== Vitis HLS Report for 'vdif_chain'
================================================================
* Date:           Wed Jun 24 16:57:31 2026

* Version:        2025.2 (Build 6295257 on Nov 14 2025)
* Project:        vdif_chain
* Solution:       hls (Vivado IP Flow Target)
* Product family: artix7
* Target device:  xc7a12t-cpg238-1


================================================================
== Performance Estimates
================================================================
+ Timing: 
    * Summary: 
    +--------+----------+----------+------------+
    |  Clock |  Target  | Estimated| Uncertainty|
    +--------+----------+----------+------------+
    |ap_clk  |  10.00 ns|  7.406 ns|     2.70 ns|
    +--------+----------+----------+------------+

+ Latency: 
    * Summary: 
    +---------+---------+-----------+-----------+------+---------+----------+
    |  Latency (cycles) |   Latency (absolute)  |    Interval    | Pipeline |
    |   min   |   max   |    min    |    max    |  min |   max   |   Type   |
    +---------+---------+-----------+-----------+------+---------+----------+
    |     1028|  1507306|  10.280 us|  15.073 ms|  1025|  1507307|  dataflow|
    +---------+---------+-----------+-----------+------+---------+----------+

    + Detail: 
        * Instance: 
        +------------------------------+---------------------------+---------+---------+-----------+-----------+------+---------+----------+
        |                              |                           |  Latency (cycles) |   Latency (absolute)  |    Interval    | Pipeline |
        |           Instance           |           Module          |   min   |   max   |    min    |    max    |  min |   max   |   Type   |
        +------------------------------+---------------------------+---------+---------+-----------+-----------+------+---------+----------+
        |Loop_VITIS_LOOP_79_1_proc_U0  |Loop_VITIS_LOOP_79_1_proc  |        1|  1507306|  10.000 ns|  15.073 ms|     1|  1507306|        no|
        |entry_proc7_U0                |entry_proc7                |        0|        0|       0 ns|       0 ns|     0|        0|        no|
        |packetizer_U0                 |packetizer                 |     1027|    65558|  10.270 us|   0.656 ms|  1025|    65553|  dataflow|
        |axis_bram_writer_U0           |axis_bram_writer           |        4|    65539|  40.000 ns|   0.655 ms|     4|    65539|        no|
        +------------------------------+---------------------------+---------+---------+-----------+-----------+------+---------+----------+

        * Loop: 
        N/A



================================================================
== Utilization Estimates
================================================================
* Summary: 
+-----------------+---------+----+-------+------+-----+
|       Name      | BRAM_18K| DSP|   FF  |  LUT | URAM|
+-----------------+---------+----+-------+------+-----+
|DSP              |        -|   -|      -|     -|    -|
|Expression       |        -|   -|      0|    14|    -|
|FIFO             |        8|   -|   1118|   708|    -|
|Instance         |       20|   -|   2042|  2801|    0|
|Memory           |        -|   -|      -|     -|    -|
|Multiplexer      |        -|   -|      0|    18|    -|
|Register         |        -|   -|      2|     -|    -|
+-----------------+---------+----+-------+------+-----+
|Total            |       28|   0|   3162|  3541|    0|
+-----------------+---------+----+-------+------+-----+
|Available        |       40|  40|  16000|  8000|    0|
+-----------------+---------+----+-------+------+-----+
|Utilization (%)  |       70|   0|     19|    44|    0|
+-----------------+---------+----+-------+------+-----+

+ Detail: 
    * Instance: 
    +------------------------------+---------------------------+---------+----+------+------+-----+
    |           Instance           |           Module          | BRAM_18K| DSP|  FF  |  LUT | URAM|
    +------------------------------+---------------------------+---------+----+------+------+-----+
    |Loop_VITIS_LOOP_79_1_proc_U0  |Loop_VITIS_LOOP_79_1_proc  |        4|   0|   340|   666|    0|
    |axis_bram_writer_U0           |axis_bram_writer           |        0|   0|    40|   132|    0|
    |entry_proc7_U0                |entry_proc7                |        0|   0|     3|    65|    0|
    |packetizer_U0                 |packetizer                 |       16|   0|  1659|  1938|    0|
    +------------------------------+---------------------------+---------+----+------+------+-----+
    |Total                         |                           |       20|   0|  2042|  2801|    0|
    +------------------------------+---------------------------+---------+----+------+------+-----+

    * DSP: 
    N/A

    * Memory: 
    N/A

    * FIFO: 
    +---------------------+---------+-----+----+-----+------+-----+---------+
    |         Name        | BRAM_18K|  FF | LUT| URAM| Depth| Bits| Size:D*B|
    +---------------------+---------+-----+----+-----+------+-----+---------+
    |bits_per_sample_c_U  |        0|   99|   0|    -|     2|    5|       10|
    |bram_stream_U        |        4|  163|   0|    -|  2048|   32|    65536|
    |complex_data_c_U     |        0|   99|   0|    -|     3|    1|        3|
    |epoch_c_U            |        0|   99|   0|    -|     3|    6|       18|
    |packetizer_in_U      |        4|  163|   0|    -|  2048|   32|    65536|
    |payload_words_c1_U   |        0|   99|   0|    -|     2|   16|       32|
    |payload_words_c_U    |        0|   99|   0|    -|     2|   16|       32|
    |pps_c_U              |        0|   99|   0|    -|     3|    1|        3|
    |station_id_c_U       |        0|   99|   0|    -|     3|   16|       48|
    |thread_id_c_U        |        0|   99|   0|    -|     3|   10|       30|
    +---------------------+---------+-----+----+-----+------+-----+---------+
    |Total                |        8| 1118|   0|    0|  4117|  135|   131248|
    +---------------------+---------+-----+----+-----+------+-----+---------+

    * Expression: 
    +-----------------------------------------------+----------+----+---+----+------------+------------+
    |                 Variable Name                 | Operation| DSP| FF| LUT| Bitwidth P0| Bitwidth P1|
    +-----------------------------------------------+----------+----+---+----+------------+------------+
    |Loop_VITIS_LOOP_79_1_proc_U0_ap_start          |       and|   0|  0|   2|           1|           1|
    |ap_idle                                        |       and|   0|  0|   2|           1|           1|
    |ap_sync_done                                   |       and|   0|  0|   2|           1|           1|
    |ap_sync_ready                                  |       and|   0|  0|   2|           1|           1|
    |entry_proc7_U0_ap_start                        |       and|   0|  0|   2|           1|           1|
    |ap_sync_Loop_VITIS_LOOP_79_1_proc_U0_ap_ready  |        or|   0|  0|   2|           1|           1|
    |ap_sync_entry_proc7_U0_ap_ready                |        or|   0|  0|   2|           1|           1|
    +-----------------------------------------------+----------+----+---+----+------------+------------+
    |Total                                          |          |   0|  0|  14|           7|           7|
    +-----------------------------------------------+----------+----+---+----+------------+------------+

    * Multiplexer: 
    +---------------------------------------------------+----+-----------+-----+-----------+
    |                        Name                       | LUT| Input Size| Bits| Total Bits|
    +---------------------------------------------------+----+-----------+-----+-----------+
    |ap_sync_reg_Loop_VITIS_LOOP_79_1_proc_U0_ap_ready  |   9|          2|    1|          2|
    |ap_sync_reg_entry_proc7_U0_ap_ready                |   9|          2|    1|          2|
    +---------------------------------------------------+----+-----------+-----+-----------+
    |Total                                              |  18|          4|    2|          4|
    +---------------------------------------------------+----+-----------+-----+-----------+

    * Register: 
    +---------------------------------------------------+---+----+-----+-----------+
    |                        Name                       | FF| LUT| Bits| Const Bits|
    +---------------------------------------------------+---+----+-----+-----------+
    |ap_sync_reg_Loop_VITIS_LOOP_79_1_proc_U0_ap_ready  |  1|   0|    1|          0|
    |ap_sync_reg_entry_proc7_U0_ap_ready                |  1|   0|    1|          0|
    +---------------------------------------------------+---+----+-----+-----------+
    |Total                                              |  2|   0|    2|          0|
    +---------------------------------------------------+---+----+-----+-----------+



================================================================
== Interface
================================================================
* Summary: 
+-------------------+-----+-----+------------+---------------------+--------------+
|     RTL Ports     | Dir | Bits|  Protocol  |    Source Object    |    C Type    |
+-------------------+-----+-----+------------+---------------------+--------------+
|adc_in_TDATA       |   in|    8|        axis|               adc_in|       pointer|
|adc_in_TVALID      |   in|    1|        axis|               adc_in|       pointer|
|adc_in_TREADY      |  out|    1|        axis|               adc_in|       pointer|
|out_stream_TDATA   |  out|   32|        axis|  out_stream_V_data_V|       pointer|
|out_stream_TKEEP   |  out|    4|        axis|  out_stream_V_keep_V|       pointer|
|out_stream_TSTRB   |  out|    4|        axis|  out_stream_V_strb_V|       pointer|
|out_stream_TLAST   |  out|    1|        axis|  out_stream_V_last_V|       pointer|
|out_stream_TVALID  |  out|    1|        axis|  out_stream_V_last_V|       pointer|
|out_stream_TREADY  |   in|    1|        axis|  out_stream_V_last_V|       pointer|
|epoch              |   in|    6|     ap_none|                epoch|        scalar|
|station_id         |   in|   16|     ap_none|           station_id|        scalar|
|thread_id          |   in|   10|     ap_none|            thread_id|        scalar|
|bits_per_sample    |   in|    5|     ap_none|      bits_per_sample|        scalar|
|complex_data       |   in|    1|     ap_none|         complex_data|        scalar|
|pps                |   in|    1|     ap_none|                  pps|        scalar|
|payload_words      |   in|   16|     ap_none|        payload_words|        scalar|
|ap_clk             |   in|    1|  ap_ctrl_hs|           vdif_chain|  return value|
|ap_rst_n           |   in|    1|  ap_ctrl_hs|           vdif_chain|  return value|
|ap_start           |   in|    1|  ap_ctrl_hs|           vdif_chain|  return value|
|ap_done            |  out|    1|  ap_ctrl_hs|           vdif_chain|  return value|
|ap_ready           |  out|    1|  ap_ctrl_hs|           vdif_chain|  return value|
|ap_idle            |  out|    1|  ap_ctrl_hs|           vdif_chain|  return value|
+-------------------+-----+-----+------------+---------------------+--------------+

============================================================
+ Verbose Summary: Synthesis Manager
============================================================
InlineROM: 1
ExposeGlobal: 0
============================================================
+ Verbose Summary: CDFG Model
============================================================
IsTopModel: 1
ResetActiveHigh: 1
IsCombinational: 2
IsDatapathOnly: 2
HasWiredReturn: 1
HasMFsm: 0
HasVarLatency: 1
IsPipeline: 0
IsRtlPipelined: 0
IsInstanceOverlapped: 0
IsDontTouch: 0
HasImplIP: 0
IsGatedGlobalClock: 0


============================================================
+ Verbose Summary: Schedule
============================================================
* Number of FSM states : 6
* Pipeline : 0
* Dataflow Pipeline: 1
  DF-Pipeline-0: Size = 6, States = { 1 2 3 4 5 6 }

* FSM state transitions: 
1 --> 2 
2 --> 3 
3 --> 4 
4 --> 5 
5 --> 6 
6 --> 

* FSM state operations: 

State 1 <SV = 0> <Delay = 0.00>
ST_1 : Operation 7 [1/1] (0.00ns)   --->   "%payload_words_c1 = alloca i64 1" [../src/vdif_chain.cpp:57]   --->   Operation 7 'alloca' 'payload_words_c1' <Predicate = true> <Delay = 0.00> <CoreInst = "FIFO_SRL">   --->   Core 80 'FIFO_SRL' <Latency = 0> <II = 1> <Delay = 3.90> <Storage> <Opcode : 'read' 'write' 'nbread' 'nbwrite'> <Ports = 0> <Width = 16> <Depth = 2> <FIFO>
ST_1 : Operation 8 [1/1] (0.00ns)   --->   "%payload_words_c = alloca i64 1" [../src/vdif_chain.cpp:57]   --->   Operation 8 'alloca' 'payload_words_c' <Predicate = true> <Delay = 0.00> <CoreInst = "FIFO_SRL">   --->   Core 80 'FIFO_SRL' <Latency = 0> <II = 1> <Delay = 3.90> <Storage> <Opcode : 'read' 'write' 'nbread' 'nbwrite'> <Ports = 0> <Width = 16> <Depth = 2> <FIFO>
ST_1 : Operation 9 [1/1] (0.00ns)   --->   "%pps_c = alloca i64 1" [../src/vdif_chain.cpp:57]   --->   Operation 9 'alloca' 'pps_c' <Predicate = true> <Delay = 0.00> <CoreInst = "FIFO_SRL">   --->   Core 80 'FIFO_SRL' <Latency = 0> <II = 1> <Delay = 3.90> <Storage> <Opcode : 'read' 'write' 'nbread' 'nbwrite'> <Ports = 0> <Width = 1> <Depth = 3> <FIFO>
ST_1 : Operation 10 [1/1] (0.00ns)   --->   "%complex_data_c = alloca i64 1" [../src/vdif_chain.cpp:57]   --->   Operation 10 'alloca' 'complex_data_c' <Predicate = true> <Delay = 0.00> <CoreInst = "FIFO_SRL">   --->   Core 80 'FIFO_SRL' <Latency = 0> <II = 1> <Delay = 3.90> <Storage> <Opcode : 'read' 'write' 'nbread' 'nbwrite'> <Ports = 0> <Width = 1> <Depth = 3> <FIFO>
ST_1 : Operation 11 [1/1] (0.00ns)   --->   "%bits_per_sample_c = alloca i64 1" [../src/vdif_chain.cpp:57]   --->   Operation 11 'alloca' 'bits_per_sample_c' <Predicate = true> <Delay = 0.00> <CoreInst = "FIFO_SRL">   --->   Core 80 'FIFO_SRL' <Latency = 0> <II = 1> <Delay = 3.90> <Storage> <Opcode : 'read' 'write' 'nbread' 'nbwrite'> <Ports = 0> <Width = 5> <Depth = 2> <FIFO>
ST_1 : Operation 12 [1/1] (0.00ns)   --->   "%thread_id_c = alloca i64 1" [../src/vdif_chain.cpp:57]   --->   Operation 12 'alloca' 'thread_id_c' <Predicate = true> <Delay = 0.00> <CoreInst = "FIFO_SRL">   --->   Core 80 'FIFO_SRL' <Latency = 0> <II = 1> <Delay = 3.90> <Storage> <Opcode : 'read' 'write' 'nbread' 'nbwrite'> <Ports = 0> <Width = 10> <Depth = 3> <FIFO>
ST_1 : Operation 13 [1/1] (0.00ns)   --->   "%station_id_c = alloca i64 1" [../src/vdif_chain.cpp:57]   --->   Operation 13 'alloca' 'station_id_c' <Predicate = true> <Delay = 0.00> <CoreInst = "FIFO_SRL">   --->   Core 80 'FIFO_SRL' <Latency = 0> <II = 1> <Delay = 3.90> <Storage> <Opcode : 'read' 'write' 'nbread' 'nbwrite'> <Ports = 0> <Width = 16> <Depth = 3> <FIFO>
ST_1 : Operation 14 [1/1] (0.00ns)   --->   "%epoch_c = alloca i64 1" [../src/vdif_chain.cpp:57]   --->   Operation 14 'alloca' 'epoch_c' <Predicate = true> <Delay = 0.00> <CoreInst = "FIFO_SRL">   --->   Core 80 'FIFO_SRL' <Latency = 0> <II = 1> <Delay = 3.90> <Storage> <Opcode : 'read' 'write' 'nbread' 'nbwrite'> <Ports = 0> <Width = 6> <Depth = 3> <FIFO>
ST_1 : Operation 15 [1/1] (0.00ns)   --->   "%packetizer_in = alloca i64 1" [../src/vdif_chain.cpp:71]   --->   Operation 15 'alloca' 'packetizer_in' <Predicate = true> <Delay = 0.00> <CoreInst = "FIFO">   --->   Core 77 'FIFO' <Latency = 0> <II = 1> <Delay = 3.50> <Storage> <Opcode : 'read' 'write' 'nbread' 'nbwrite'> <Ports = 0> <Width = 32> <Depth = 2048> <FIFO>
ST_1 : Operation 16 [1/1] (0.00ns)   --->   "%bram_stream = alloca i64 1" [../src/vdif_chain.cpp:73]   --->   Operation 16 'alloca' 'bram_stream' <Predicate = true> <Delay = 0.00> <CoreInst = "FIFO">   --->   Core 77 'FIFO' <Latency = 0> <II = 1> <Delay = 3.50> <Storage> <Opcode : 'read' 'write' 'nbread' 'nbwrite'> <Ports = 0> <Width = 32> <Depth = 2048> <FIFO>

State 2 <SV = 1> <Delay = 3.65>
ST_2 : Operation 17 [1/1] (0.00ns)   --->   "%payload_words_read = read i16 @_ssdm_op_Read.ap_auto.i16, i16 %payload_words" [../src/vdif_chain.cpp:57]   --->   Operation 17 'read' 'payload_words_read' <Predicate = true> <Delay = 0.00>
ST_2 : Operation 18 [1/1] (0.00ns)   --->   "%bits_per_sample_read = read i5 @_ssdm_op_Read.ap_none.i5, i5 %bits_per_sample" [../src/vdif_chain.cpp:57]   --->   Operation 18 'read' 'bits_per_sample_read' <Predicate = true> <Delay = 0.00>
ST_2 : Operation 19 [2/2] (3.65ns)   --->   "%call_ln69 = call void @Loop_VITIS_LOOP_79_1_proc, i16 %payload_words_read, i8 %adc_in, i5 %bits_per_sample_read, i32 %packetizer_in, i32 %bram_stream, i5 %bits_per_sample_c, i16 %payload_words_c, i16 %payload_words_c1" [../src/vdif_chain.cpp:69]   --->   Operation 19 'call' 'call_ln69' <Predicate = true> <Delay = 3.65> <CoreType = "Generic">   --->   Generic Core

State 3 <SV = 2> <Delay = 3.65>
ST_3 : Operation 20 [1/1] (0.00ns)   --->   "%pps_read = read i1 @_ssdm_op_Read.ap_none.i1, i1 %pps" [../src/vdif_chain.cpp:57]   --->   Operation 20 'read' 'pps_read' <Predicate = true> <Delay = 0.00>
ST_3 : Operation 21 [1/1] (0.00ns)   --->   "%complex_data_read = read i1 @_ssdm_op_Read.ap_none.i1, i1 %complex_data" [../src/vdif_chain.cpp:57]   --->   Operation 21 'read' 'complex_data_read' <Predicate = true> <Delay = 0.00>
ST_3 : Operation 22 [1/1] (0.00ns)   --->   "%thread_id_read = read i10 @_ssdm_op_Read.ap_none.i10, i10 %thread_id" [../src/vdif_chain.cpp:57]   --->   Operation 22 'read' 'thread_id_read' <Predicate = true> <Delay = 0.00>
ST_3 : Operation 23 [1/1] (0.00ns)   --->   "%station_id_read = read i16 @_ssdm_op_Read.ap_none.i16, i16 %station_id" [../src/vdif_chain.cpp:57]   --->   Operation 23 'read' 'station_id_read' <Predicate = true> <Delay = 0.00>
ST_3 : Operation 24 [1/1] (0.00ns)   --->   "%epoch_read = read i6 @_ssdm_op_Read.ap_none.i6, i6 %epoch" [../src/vdif_chain.cpp:57]   --->   Operation 24 'read' 'epoch_read' <Predicate = true> <Delay = 0.00>
ST_3 : Operation 25 [1/1] (3.65ns)   --->   "%call_ln57 = call void @entry_proc7, i6 %epoch_read, i6 %epoch_c, i16 %station_id_read, i16 %station_id_c, i10 %thread_id_read, i10 %thread_id_c, i1 %complex_data_read, i1 %complex_data_c, i1 %pps_read, i1 %pps_c" [../src/vdif_chain.cpp:57]   --->   Operation 25 'call' 'call_ln57' <Predicate = true> <Delay = 3.65> <CoreType = "Generic">   --->   Generic Core
ST_3 : Operation 26 [1/2] (2.14ns)   --->   "%call_ln69 = call void @Loop_VITIS_LOOP_79_1_proc, i16 %payload_words_read, i8 %adc_in, i5 %bits_per_sample_read, i32 %packetizer_in, i32 %bram_stream, i5 %bits_per_sample_c, i16 %payload_words_c, i16 %payload_words_c1" [../src/vdif_chain.cpp:69]   --->   Operation 26 'call' 'call_ln69' <Predicate = true> <Delay = 2.14> <CoreType = "Generic">   --->   Generic Core

State 4 <SV = 3> <Delay = 0.00>
ST_4 : Operation 27 [2/2] (0.00ns)   --->   "%call_ln102 = call void @packetizer, i32 %packetizer_in, i32 %out_stream_V_data_V, i4 %out_stream_V_keep_V, i4 %out_stream_V_strb_V, i1 %out_stream_V_last_V, i6 %epoch_c, i16 %station_id_c, i10 %thread_id_c, i5 %bits_per_sample_c, i1 %complex_data_c, i1 %pps_c, i16 %payload_words_c1, i30 %second_counter, i24 %frame_counter, i1 %fsm_state" [../src/vdif_chain.cpp:102]   --->   Operation 27 'call' 'call_ln102' <Predicate = true> <Delay = 0.00> <CoreType = "Generic">   --->   Generic Core
ST_4 : Operation 28 [2/2] (0.00ns)   --->   "%call_ln76 = call void @axis_bram_writer, i32 %bram_stream, i16 %payload_words_c" [../src/vdif_chain.cpp:76]   --->   Operation 28 'call' 'call_ln76' <Predicate = true> <Delay = 0.00> <CoreType = "Generic">   --->   Generic Core

State 5 <SV = 4> <Delay = 0.00>
ST_5 : Operation 29 [1/2] (0.00ns)   --->   "%call_ln102 = call void @packetizer, i32 %packetizer_in, i32 %out_stream_V_data_V, i4 %out_stream_V_keep_V, i4 %out_stream_V_strb_V, i1 %out_stream_V_last_V, i6 %epoch_c, i16 %station_id_c, i10 %thread_id_c, i5 %bits_per_sample_c, i1 %complex_data_c, i1 %pps_c, i16 %payload_words_c1, i30 %second_counter, i24 %frame_counter, i1 %fsm_state" [../src/vdif_chain.cpp:102]   --->   Operation 29 'call' 'call_ln102' <Predicate = true> <Delay = 0.00> <CoreType = "Generic">   --->   Generic Core
ST_5 : Operation 30 [1/2] (0.00ns)   --->   "%call_ln76 = call void @axis_bram_writer, i32 %bram_stream, i16 %payload_words_c" [../src/vdif_chain.cpp:76]   --->   Operation 30 'call' 'call_ln76' <Predicate = true> <Delay = 0.00> <CoreType = "Generic">   --->   Generic Core

State 6 <SV = 5> <Delay = 0.00>
ST_6 : Operation 31 [1/1] (0.00ns)   --->   "%empty = specchannel i32 @_ssdm_op_SpecChannel, void @payload_words_c1_str, i32 1, void @p_str, void @p_str, i32 2, i32 0, i16 %payload_words_c1, i16 %payload_words_c1" [../src/vdif_chain.cpp:57]   --->   Operation 31 'specchannel' 'empty' <Predicate = true> <Delay = 0.00>
ST_6 : Operation 32 [1/1] (0.00ns)   --->   "%specinterface_ln57 = specinterface void @_ssdm_op_SpecInterface, i16 %payload_words_c1, void @ap_fifo_str, i32 0, i32 0, void @p_str, i32 0, i32 0, void @p_str, void @p_str, void @p_str, i32 2, i32 2, i32 16, i32 16, void @p_str, void @p_str, i32 4294967295, i32 0, i32 0, i32 0" [../src/vdif_chain.cpp:57]   --->   Operation 32 'specinterface' 'specinterface_ln57' <Predicate = true> <Delay = 0.00>
ST_6 : Operation 33 [1/1] (0.00ns)   --->   "%empty_38 = specchannel i32 @_ssdm_op_SpecChannel, void @payload_words_c_str, i32 1, void @p_str, void @p_str, i32 2, i32 0, i16 %payload_words_c, i16 %payload_words_c" [../src/vdif_chain.cpp:57]   --->   Operation 33 'specchannel' 'empty_38' <Predicate = true> <Delay = 0.00>
ST_6 : Operation 34 [1/1] (0.00ns)   --->   "%specinterface_ln57 = specinterface void @_ssdm_op_SpecInterface, i16 %payload_words_c, void @ap_fifo_str, i32 0, i32 0, void @p_str, i32 0, i32 0, void @p_str, void @p_str, void @p_str, i32 2, i32 2, i32 16, i32 16, void @p_str, void @p_str, i32 4294967295, i32 0, i32 0, i32 0" [../src/vdif_chain.cpp:57]   --->   Operation 34 'specinterface' 'specinterface_ln57' <Predicate = true> <Delay = 0.00>
ST_6 : Operation 35 [1/1] (0.00ns)   --->   "%empty_39 = specchannel i32 @_ssdm_op_SpecChannel, void @pps_c_str, i32 1, void @p_str, void @p_str, i32 3, i32 0, i1 %pps_c, i1 %pps_c" [../src/vdif_chain.cpp:57]   --->   Operation 35 'specchannel' 'empty_39' <Predicate = true> <Delay = 0.00>
ST_6 : Operation 36 [1/1] (0.00ns)   --->   "%specinterface_ln57 = specinterface void @_ssdm_op_SpecInterface, i1 %pps_c, void @ap_fifo_str, i32 0, i32 0, void @p_str, i32 0, i32 0, void @p_str, void @p_str, void @p_str, i32 2, i32 2, i32 16, i32 16, void @p_str, void @p_str, i32 4294967295, i32 0, i32 0, i32 0" [../src/vdif_chain.cpp:57]   --->   Operation 36 'specinterface' 'specinterface_ln57' <Predicate = true> <Delay = 0.00>
ST_6 : Operation 37 [1/1] (0.00ns)   --->   "%empty_40 = specchannel i32 @_ssdm_op_SpecChannel, void @complex_data_c_str, i32 1, void @p_str, void @p_str, i32 3, i32 0, i1 %complex_data_c, i1 %complex_data_c" [../src/vdif_chain.cpp:57]   --->   Operation 37 'specchannel' 'empty_40' <Predicate = true> <Delay = 0.00>
ST_6 : Operation 38 [1/1] (0.00ns)   --->   "%specinterface_ln57 = specinterface void @_ssdm_op_SpecInterface, i1 %complex_data_c, void @ap_fifo_str, i32 0, i32 0, void @p_str, i32 0, i32 0, void @p_str, void @p_str, void @p_str, i32 2, i32 2, i32 16, i32 16, void @p_str, void @p_str, i32 4294967295, i32 0, i32 0, i32 0" [../src/vdif_chain.cpp:57]   --->   Operation 38 'specinterface' 'specinterface_ln57' <Predicate = true> <Delay = 0.00>
ST_6 : Operation 39 [1/1] (0.00ns)   --->   "%empty_41 = specchannel i32 @_ssdm_op_SpecChannel, void @bits_per_sample_c_str, i32 1, void @p_str, void @p_str, i32 2, i32 0, i5 %bits_per_sample_c, i5 %bits_per_sample_c" [../src/vdif_chain.cpp:57]   --->   Operation 39 'specchannel' 'empty_41' <Predicate = true> <Delay = 0.00>
ST_6 : Operation 40 [1/1] (0.00ns)   --->   "%specinterface_ln57 = specinterface void @_ssdm_op_SpecInterface, i5 %bits_per_sample_c, void @ap_fifo_str, i32 0, i32 0, void @p_str, i32 0, i32 0, void @p_str, void @p_str, void @p_str, i32 2, i32 2, i32 16, i32 16, void @p_str, void @p_str, i32 4294967295, i32 0, i32 0, i32 0" [../src/vdif_chain.cpp:57]   --->   Operation 40 'specinterface' 'specinterface_ln57' <Predicate = true> <Delay = 0.00>
ST_6 : Operation 41 [1/1] (0.00ns)   --->   "%empty_42 = specchannel i32 @_ssdm_op_SpecChannel, void @thread_id_c_str, i32 1, void @p_str, void @p_str, i32 3, i32 0, i10 %thread_id_c, i10 %thread_id_c" [../src/vdif_chain.cpp:57]   --->   Operation 41 'specchannel' 'empty_42' <Predicate = true> <Delay = 0.00>
ST_6 : Operation 42 [1/1] (0.00ns)   --->   "%specinterface_ln57 = specinterface void @_ssdm_op_SpecInterface, i10 %thread_id_c, void @ap_fifo_str, i32 0, i32 0, void @p_str, i32 0, i32 0, void @p_str, void @p_str, void @p_str, i32 2, i32 2, i32 16, i32 16, void @p_str, void @p_str, i32 4294967295, i32 0, i32 0, i32 0" [../src/vdif_chain.cpp:57]   --->   Operation 42 'specinterface' 'specinterface_ln57' <Predicate = true> <Delay = 0.00>
ST_6 : Operation 43 [1/1] (0.00ns)   --->   "%empty_43 = specchannel i32 @_ssdm_op_SpecChannel, void @station_id_c_str, i32 1, void @p_str, void @p_str, i32 3, i32 0, i16 %station_id_c, i16 %station_id_c" [../src/vdif_chain.cpp:57]   --->   Operation 43 'specchannel' 'empty_43' <Predicate = true> <Delay = 0.00>
ST_6 : Operation 44 [1/1] (0.00ns)   --->   "%specinterface_ln57 = specinterface void @_ssdm_op_SpecInterface, i16 %station_id_c, void @ap_fifo_str, i32 0, i32 0, void @p_str, i32 0, i32 0, void @p_str, void @p_str, void @p_str, i32 2, i32 2, i32 16, i32 16, void @p_str, void @p_str, i32 4294967295, i32 0, i32 0, i32 0" [../src/vdif_chain.cpp:57]   --->   Operation 44 'specinterface' 'specinterface_ln57' <Predicate = true> <Delay = 0.00>
ST_6 : Operation 45 [1/1] (0.00ns)   --->   "%empty_44 = specchannel i32 @_ssdm_op_SpecChannel, void @epoch_c_str, i32 1, void @p_str, void @p_str, i32 3, i32 0, i6 %epoch_c, i6 %epoch_c" [../src/vdif_chain.cpp:57]   --->   Operation 45 'specchannel' 'empty_44' <Predicate = true> <Delay = 0.00>
ST_6 : Operation 46 [1/1] (0.00ns)   --->   "%specinterface_ln57 = specinterface void @_ssdm_op_SpecInterface, i6 %epoch_c, void @ap_fifo_str, i32 0, i32 0, void @p_str, i32 0, i32 0, void @p_str, void @p_str, void @p_str, i32 2, i32 2, i32 16, i32 16, void @p_str, void @p_str, i32 4294967295, i32 0, i32 0, i32 0" [../src/vdif_chain.cpp:57]   --->   Operation 46 'specinterface' 'specinterface_ln57' <Predicate = true> <Delay = 0.00>
ST_6 : Operation 47 [1/1] (0.00ns)   --->   "%specdataflowpipeline_ln57 = specdataflowpipeline void @_ssdm_op_SpecDataflowPipeline, i32 4294967295, i32 0, void @empty_11" [../src/vdif_chain.cpp:57]   --->   Operation 47 'specdataflowpipeline' 'specdataflowpipeline_ln57' <Predicate = true> <Delay = 0.00>
ST_6 : Operation 48 [1/1] (0.00ns)   --->   "%spectopmodule_ln37 = spectopmodule void @_ssdm_op_SpecTopModule, void @empty_6" [../src/vdif_chain.cpp:37]   --->   Operation 48 'spectopmodule' 'spectopmodule_ln37' <Predicate = true> <Delay = 0.00>
ST_6 : Operation 49 [1/1] (0.00ns)   --->   "%specinterface_ln37 = specinterface void @_ssdm_op_SpecInterface, i32 0, void @empty_5, i32 0, i32 0, void @empty_11, i32 0, i32 0, void @empty_11, void @empty_11, void @empty_11, i32 0, i32 0, i32 0, i32 0, void @empty_11, void @empty_11, i32 4294967295, i32 0, i32 0, i32 0" [../src/vdif_chain.cpp:37]   --->   Operation 49 'specinterface' 'specinterface_ln37' <Predicate = true> <Delay = 0.00>
ST_6 : Operation 50 [1/1] (0.00ns)   --->   "%specinterface_ln0 = specinterface void @_ssdm_op_SpecInterface, i8 %adc_in, void @empty_13, i32 1, i32 1, void @empty_12, i32 0, i32 0, void @empty_11, void @empty_11, void @empty_11, i32 0, i32 0, i32 0, i32 0, void @empty_11, void @empty_11, i32 4294967295, i32 0, i32 0, i32 0"   --->   Operation 50 'specinterface' 'specinterface_ln0' <Predicate = true> <Delay = 0.00>
ST_6 : Operation 51 [1/1] (0.00ns)   --->   "%specbitsmap_ln0 = specbitsmap void @_ssdm_op_SpecBitsMap, i8 %adc_in"   --->   Operation 51 'specbitsmap' 'specbitsmap_ln0' <Predicate = true> <Delay = 0.00>
ST_6 : Operation 52 [1/1] (0.00ns)   --->   "%specinterface_ln0 = specinterface void @_ssdm_op_SpecInterface, i32 %out_stream_V_data_V, i4 %out_stream_V_keep_V, i4 %out_stream_V_strb_V, i1 %out_stream_V_last_V, void @empty_13, i32 1, i32 1, void @empty_12, i32 0, i32 0, void @empty_11, void @empty_11, void @empty_11, i32 0, i32 0, i32 0, i32 0, void @empty_11, void @empty_11, i32 4294967295, i32 0, i32 0, i32 0"   --->   Operation 52 'specinterface' 'specinterface_ln0' <Predicate = true> <Delay = 0.00>
ST_6 : Operation 53 [1/1] (0.00ns)   --->   "%specbitsmap_ln0 = specbitsmap void @_ssdm_op_SpecBitsMap, i32 %out_stream_V_data_V"   --->   Operation 53 'specbitsmap' 'specbitsmap_ln0' <Predicate = true> <Delay = 0.00>
ST_6 : Operation 54 [1/1] (0.00ns)   --->   "%specbitsmap_ln0 = specbitsmap void @_ssdm_op_SpecBitsMap, i4 %out_stream_V_keep_V"   --->   Operation 54 'specbitsmap' 'specbitsmap_ln0' <Predicate = true> <Delay = 0.00>
ST_6 : Operation 55 [1/1] (0.00ns)   --->   "%specbitsmap_ln0 = specbitsmap void @_ssdm_op_SpecBitsMap, i4 %out_stream_V_strb_V"   --->   Operation 55 'specbitsmap' 'specbitsmap_ln0' <Predicate = true> <Delay = 0.00>
ST_6 : Operation 56 [1/1] (0.00ns)   --->   "%specbitsmap_ln0 = specbitsmap void @_ssdm_op_SpecBitsMap, i1 %out_stream_V_last_V"   --->   Operation 56 'specbitsmap' 'specbitsmap_ln0' <Predicate = true> <Delay = 0.00>
ST_6 : Operation 57 [1/1] (0.00ns)   --->   "%specbitsmap_ln0 = specbitsmap void @_ssdm_op_SpecBitsMap, i6 %epoch"   --->   Operation 57 'specbitsmap' 'specbitsmap_ln0' <Predicate = true> <Delay = 0.00>
ST_6 : Operation 58 [1/1] (0.00ns)   --->   "%specinterface_ln0 = specinterface void @_ssdm_op_SpecInterface, i6 %epoch, void @empty_10, i32 4294967295, i32 4294967295, void @empty_11, i32 0, i32 0, void @empty_11, void @empty_11, void @empty_11, i32 0, i32 0, i32 0, i32 0, void @empty_11, void @empty_11, i32 4294967295, i32 0, i32 0, i32 0"   --->   Operation 58 'specinterface' 'specinterface_ln0' <Predicate = true> <Delay = 0.00>
ST_6 : Operation 59 [1/1] (0.00ns)   --->   "%specbitsmap_ln0 = specbitsmap void @_ssdm_op_SpecBitsMap, i16 %station_id"   --->   Operation 59 'specbitsmap' 'specbitsmap_ln0' <Predicate = true> <Delay = 0.00>
ST_6 : Operation 60 [1/1] (0.00ns)   --->   "%specinterface_ln0 = specinterface void @_ssdm_op_SpecInterface, i16 %station_id, void @empty_10, i32 4294967295, i32 4294967295, void @empty_11, i32 0, i32 0, void @empty_11, void @empty_11, void @empty_11, i32 0, i32 0, i32 0, i32 0, void @empty_11, void @empty_11, i32 4294967295, i32 0, i32 0, i32 0"   --->   Operation 60 'specinterface' 'specinterface_ln0' <Predicate = true> <Delay = 0.00>
ST_6 : Operation 61 [1/1] (0.00ns)   --->   "%specbitsmap_ln0 = specbitsmap void @_ssdm_op_SpecBitsMap, i10 %thread_id"   --->   Operation 61 'specbitsmap' 'specbitsmap_ln0' <Predicate = true> <Delay = 0.00>
ST_6 : Operation 62 [1/1] (0.00ns)   --->   "%specinterface_ln0 = specinterface void @_ssdm_op_SpecInterface, i10 %thread_id, void @empty_10, i32 4294967295, i32 4294967295, void @empty_11, i32 0, i32 0, void @empty_11, void @empty_11, void @empty_11, i32 0, i32 0, i32 0, i32 0, void @empty_11, void @empty_11, i32 4294967295, i32 0, i32 0, i32 0"   --->   Operation 62 'specinterface' 'specinterface_ln0' <Predicate = true> <Delay = 0.00>
ST_6 : Operation 63 [1/1] (0.00ns)   --->   "%specbitsmap_ln0 = specbitsmap void @_ssdm_op_SpecBitsMap, i5 %bits_per_sample"   --->   Operation 63 'specbitsmap' 'specbitsmap_ln0' <Predicate = true> <Delay = 0.00>
ST_6 : Operation 64 [1/1] (0.00ns)   --->   "%specinterface_ln0 = specinterface void @_ssdm_op_SpecInterface, i5 %bits_per_sample, void @empty_10, i32 4294967295, i32 4294967295, void @empty_11, i32 0, i32 0, void @empty_11, void @empty_11, void @empty_11, i32 0, i32 0, i32 0, i32 0, void @empty_11, void @empty_11, i32 4294967295, i32 0, i32 0, i32 0"   --->   Operation 64 'specinterface' 'specinterface_ln0' <Predicate = true> <Delay = 0.00>
ST_6 : Operation 65 [1/1] (0.00ns)   --->   "%specbitsmap_ln0 = specbitsmap void @_ssdm_op_SpecBitsMap, i1 %complex_data"   --->   Operation 65 'specbitsmap' 'specbitsmap_ln0' <Predicate = true> <Delay = 0.00>
ST_6 : Operation 66 [1/1] (0.00ns)   --->   "%specinterface_ln0 = specinterface void @_ssdm_op_SpecInterface, i1 %complex_data, void @empty_10, i32 4294967295, i32 4294967295, void @empty_11, i32 0, i32 0, void @empty_11, void @empty_11, void @empty_11, i32 0, i32 0, i32 0, i32 0, void @empty_11, void @empty_11, i32 4294967295, i32 0, i32 0, i32 0"   --->   Operation 66 'specinterface' 'specinterface_ln0' <Predicate = true> <Delay = 0.00>
ST_6 : Operation 67 [1/1] (0.00ns)   --->   "%specbitsmap_ln0 = specbitsmap void @_ssdm_op_SpecBitsMap, i1 %pps"   --->   Operation 67 'specbitsmap' 'specbitsmap_ln0' <Predicate = true> <Delay = 0.00>
ST_6 : Operation 68 [1/1] (0.00ns)   --->   "%specinterface_ln0 = specinterface void @_ssdm_op_SpecInterface, i1 %pps, void @empty_10, i32 4294967295, i32 4294967295, void @empty_11, i32 0, i32 0, void @empty_11, void @empty_11, void @empty_11, i32 0, i32 0, i32 0, i32 0, void @empty_11, void @empty_11, i32 4294967295, i32 0, i32 0, i32 0"   --->   Operation 68 'specinterface' 'specinterface_ln0' <Predicate = true> <Delay = 0.00>
ST_6 : Operation 69 [1/1] (0.00ns)   --->   "%specbitsmap_ln0 = specbitsmap void @_ssdm_op_SpecBitsMap, i16 %payload_words"   --->   Operation 69 'specbitsmap' 'specbitsmap_ln0' <Predicate = true> <Delay = 0.00>
ST_6 : Operation 70 [1/1] (0.00ns)   --->   "%specinterface_ln0 = specinterface void @_ssdm_op_SpecInterface, i16 %payload_words, void @empty_9, i32 0, i32 0, void @empty_11, i32 0, i32 0, void @empty_11, void @empty_11, void @empty_11, i32 0, i32 0, i32 0, i32 0, void @empty_11, void @empty_11, i32 4294967295, i32 0, i32 0, i32 0"   --->   Operation 70 'specinterface' 'specinterface_ln0' <Predicate = true> <Delay = 0.00>
ST_6 : Operation 71 [1/1] (0.00ns)   --->   "%empty_45 = specchannel i32 @_ssdm_op_SpecChannel, void @packetizer_in_str, i32 1, void @p_str, void @p_str, i32 2048, i32 2048, i32 %packetizer_in, i32 %packetizer_in"   --->   Operation 71 'specchannel' 'empty_45' <Predicate = true> <Delay = 0.00>
ST_6 : Operation 72 [1/1] (0.00ns)   --->   "%specinterface_ln0 = specinterface void @_ssdm_op_SpecInterface, i32 %packetizer_in, void @empty_8, i32 0, i32 0, void @empty_11, i32 0, i32 0, void @empty_11, void @empty_11, void @empty_11, i32 0, i32 0, i32 0, i32 0, void @empty_11, void @empty_11, i32 4294967295, i32 0, i32 0, i32 0"   --->   Operation 72 'specinterface' 'specinterface_ln0' <Predicate = true> <Delay = 0.00>
ST_6 : Operation 73 [1/1] (0.00ns)   --->   "%empty_46 = specchannel i32 @_ssdm_op_SpecChannel, void @bram_stream_str, i32 1, void @p_str, void @p_str, i32 2048, i32 2048, i32 %bram_stream, i32 %bram_stream"   --->   Operation 73 'specchannel' 'empty_46' <Predicate = true> <Delay = 0.00>
ST_6 : Operation 74 [1/1] (0.00ns)   --->   "%specinterface_ln0 = specinterface void @_ssdm_op_SpecInterface, i32 %bram_stream, void @empty_8, i32 0, i32 0, void @empty_11, i32 0, i32 0, void @empty_11, void @empty_11, void @empty_11, i32 0, i32 0, i32 0, i32 0, void @empty_11, void @empty_11, i32 4294967295, i32 0, i32 0, i32 0"   --->   Operation 74 'specinterface' 'specinterface_ln0' <Predicate = true> <Delay = 0.00>
ST_6 : Operation 75 [1/1] (0.00ns)   --->   "%specaxissidechannel_ln79 = specaxissidechannel void @_ssdm_op_SpecAXISSideChannel, i32 %out_stream_V_data_V, i4 %out_stream_V_keep_V, i4 %out_stream_V_strb_V, i1 0, i1 %out_stream_V_last_V, i1 0, i1 0, void @empty_7" [../src/vdif_chain.cpp:79]   --->   Operation 75 'specaxissidechannel' 'specaxissidechannel_ln79' <Predicate = true> <Delay = 0.00>
ST_6 : Operation 76 [1/1] (0.00ns)   --->   "%ret_ln119 = ret" [../src/vdif_chain.cpp:119]   --->   Operation 76 'ret' 'ret_ln119' <Predicate = true> <Delay = 0.00>


============================================================
+ Verbose Summary: Binding
============================================================
STG Binding: 
---------------- STG Properties BEGIN ----------------
- Is combinational: 0
- Is one-state seq: 0
- Is datapath-only: 0
- Is pipelined: 0
- Is top level: 1
Port [ Return ] is wired: 1; IO mode=ap_ctrl_hs:ce=0
Port [ adc_in]:  wired=1; compound=1; hidden=0; nouse=0; global=0; static=0; extern=0; dir=0; type=0; pingpong=0; private_global=0; IO mode=axis:ce=0
Port [ out_stream_V_data_V]:  wired=1; compound=1; hidden=0; nouse=0; global=0; static=0; extern=0; dir=1; type=0; pingpong=0; private_global=0; IO mode=axis:ce=0
Port [ out_stream_V_keep_V]:  wired=1; compound=1; hidden=0; nouse=0; global=0; static=0; extern=0; dir=1; type=0; pingpong=0; private_global=0; IO mode=axis:ce=0
Port [ out_stream_V_strb_V]:  wired=1; compound=1; hidden=0; nouse=0; global=0; static=0; extern=0; dir=1; type=0; pingpong=0; private_global=0; IO mode=axis:ce=0
Port [ out_stream_V_last_V]:  wired=1; compound=1; hidden=0; nouse=0; global=0; static=0; extern=0; dir=1; type=0; pingpong=0; private_global=0; IO mode=axis:ce=0
Port [ epoch]:  wired=1; compound=0; hidden=0; nouse=0; global=0; static=0; extern=0; dir=0; type=0; pingpong=0; private_global=0; IO mode=ap_none:ce=0
Port [ station_id]:  wired=1; compound=0; hidden=0; nouse=0; global=0; static=0; extern=0; dir=0; type=0; pingpong=0; private_global=0; IO mode=ap_none:ce=0
Port [ thread_id]:  wired=1; compound=0; hidden=0; nouse=0; global=0; static=0; extern=0; dir=0; type=0; pingpong=0; private_global=0; IO mode=ap_none:ce=0
Port [ bits_per_sample]:  wired=1; compound=0; hidden=0; nouse=0; global=0; static=0; extern=0; dir=0; type=0; pingpong=0; private_global=0; IO mode=ap_none:ce=0
Port [ complex_data]:  wired=1; compound=0; hidden=0; nouse=0; global=0; static=0; extern=0; dir=0; type=0; pingpong=0; private_global=0; IO mode=ap_none:ce=0
Port [ pps]:  wired=1; compound=0; hidden=0; nouse=0; global=0; static=0; extern=0; dir=0; type=0; pingpong=0; private_global=0; IO mode=ap_none:ce=0
Port [ payload_words]:  wired=1; compound=0; hidden=0; nouse=0; global=0; static=0; extern=0; dir=0; type=0; pingpong=0; private_global=0; IO mode=ap_none:ce=0
Port [ second_counter]:  wired=0; compound=0; hidden=1; nouse=1; global=1; static=1; extern=0; dir=2; type=0; pingpong=0; private_global=0; IO mode=ap_ovld:ce=0
Port [ frame_counter]:  wired=0; compound=0; hidden=1; nouse=1; global=1; static=1; extern=0; dir=2; type=0; pingpong=0; private_global=0; IO mode=ap_ovld:ce=0
Port [ fsm_state]:  wired=0; compound=0; hidden=1; nouse=1; global=1; static=1; extern=0; dir=2; type=0; pingpong=0; private_global=0; IO mode=ap_ovld:ce=0
---------------- STG Properties END ------------------

---------------- Datapath Model BEGIN ----------------

<LifeTime>
<method=bitvector/>
payload_words_c1          (alloca              ) [ 0011111]
payload_words_c           (alloca              ) [ 0011111]
pps_c                     (alloca              ) [ 0011111]
complex_data_c            (alloca              ) [ 0011111]
bits_per_sample_c         (alloca              ) [ 0011111]
thread_id_c               (alloca              ) [ 0011111]
station_id_c              (alloca              ) [ 0011111]
epoch_c                   (alloca              ) [ 0011111]
packetizer_in             (alloca              ) [ 0011111]
bram_stream               (alloca              ) [ 0011111]
payload_words_read        (read                ) [ 0001000]
bits_per_sample_read      (read                ) [ 0001000]
pps_read                  (read                ) [ 0000000]
complex_data_read         (read                ) [ 0000000]
thread_id_read            (read                ) [ 0000000]
station_id_read           (read                ) [ 0000000]
epoch_read                (read                ) [ 0000000]
call_ln57                 (call                ) [ 0000000]
call_ln69                 (call                ) [ 0000000]
call_ln102                (call                ) [ 0000000]
call_ln76                 (call                ) [ 0000000]
empty                     (specchannel         ) [ 0000000]
specinterface_ln57        (specinterface       ) [ 0000000]
empty_38                  (specchannel         ) [ 0000000]
specinterface_ln57        (specinterface       ) [ 0000000]
empty_39                  (specchannel         ) [ 0000000]
specinterface_ln57        (specinterface       ) [ 0000000]
empty_40                  (specchannel         ) [ 0000000]
specinterface_ln57        (specinterface       ) [ 0000000]
empty_41                  (specchannel         ) [ 0000000]
specinterface_ln57        (specinterface       ) [ 0000000]
empty_42                  (specchannel         ) [ 0000000]
specinterface_ln57        (specinterface       ) [ 0000000]
empty_43                  (specchannel         ) [ 0000000]
specinterface_ln57        (specinterface       ) [ 0000000]
empty_44                  (specchannel         ) [ 0000000]
specinterface_ln57        (specinterface       ) [ 0000000]
specdataflowpipeline_ln57 (specdataflowpipeline) [ 0000000]
spectopmodule_ln37        (spectopmodule       ) [ 0000000]
specinterface_ln37        (specinterface       ) [ 0000000]
specinterface_ln0         (specinterface       ) [ 0000000]
specbitsmap_ln0           (specbitsmap         ) [ 0000000]
specinterface_ln0         (specinterface       ) [ 0000000]
specbitsmap_ln0           (specbitsmap         ) [ 0000000]
specbitsmap_ln0           (specbitsmap         ) [ 0000000]
specbitsmap_ln0           (specbitsmap         ) [ 0000000]
specbitsmap_ln0           (specbitsmap         ) [ 0000000]
specbitsmap_ln0           (specbitsmap         ) [ 0000000]
specinterface_ln0         (specinterface       ) [ 0000000]
specbitsmap_ln0           (specbitsmap         ) [ 0000000]
specinterface_ln0         (specinterface       ) [ 0000000]
specbitsmap_ln0           (specbitsmap         ) [ 0000000]
specinterface_ln0         (specinterface       ) [ 0000000]
specbitsmap_ln0           (specbitsmap         ) [ 0000000]
specinterface_ln0         (specinterface       ) [ 0000000]
specbitsmap_ln0           (specbitsmap         ) [ 0000000]
specinterface_ln0         (specinterface       ) [ 0000000]
specbitsmap_ln0           (specbitsmap         ) [ 0000000]
specinterface_ln0         (specinterface       ) [ 0000000]
specbitsmap_ln0           (specbitsmap         ) [ 0000000]
specinterface_ln0         (specinterface       ) [ 0000000]
empty_45                  (specchannel         ) [ 0000000]
specinterface_ln0         (specinterface       ) [ 0000000]
empty_46                  (specchannel         ) [ 0000000]
specinterface_ln0         (specinterface       ) [ 0000000]
specaxissidechannel_ln79  (specaxissidechannel ) [ 0000000]
ret_ln119                 (ret                 ) [ 0000000]
</LifeTime>

<model>

<comp_list>
<comp id="0" class="1000" name="adc_in">
<pin_list>
<pin id="1" dir="1" index="0" bw="1" slack="0"/>
</pin_list>
<bind>
<StgValue><ssdm name="adc_in"/></StgValue>
</bind>
</comp>

<comp id="2" class="1000" name="out_stream_V_data_V">
<pin_list>
<pin id="3" dir="1" index="0" bw="1" slack="0"/>
</pin_list>
<bind>
<StgValue><ssdm name="out_stream_V_data_V"/></StgValue>
</bind>
</comp>

<comp id="4" class="1000" name="out_stream_V_keep_V">
<pin_list>
<pin id="5" dir="1" index="0" bw="1" slack="0"/>
</pin_list>
<bind>
<StgValue><ssdm name="out_stream_V_keep_V"/></StgValue>
</bind>
</comp>

<comp id="6" class="1000" name="out_stream_V_strb_V">
<pin_list>
<pin id="7" dir="1" index="0" bw="1" slack="0"/>
</pin_list>
<bind>
<StgValue><ssdm name="out_stream_V_strb_V"/></StgValue>
</bind>
</comp>

<comp id="8" class="1000" name="out_stream_V_last_V">
<pin_list>
<pin id="9" dir="1" index="0" bw="1" slack="0"/>
</pin_list>
<bind>
<StgValue><ssdm name="out_stream_V_last_V"/></StgValue>
</bind>
</comp>

<comp id="10" class="1000" name="epoch">
<pin_list>
<pin id="11" dir="1" index="0" bw="1" slack="0"/>
</pin_list>
<bind>
<StgValue><ssdm name="epoch"/></StgValue>
</bind>
</comp>

<comp id="12" class="1000" name="station_id">
<pin_list>
<pin id="13" dir="1" index="0" bw="1" slack="0"/>
</pin_list>
<bind>
<StgValue><ssdm name="station_id"/></StgValue>
</bind>
</comp>

<comp id="14" class="1000" name="thread_id">
<pin_list>
<pin id="15" dir="1" index="0" bw="1" slack="0"/>
</pin_list>
<bind>
<StgValue><ssdm name="thread_id"/></StgValue>
</bind>
</comp>

<comp id="16" class="1000" name="bits_per_sample">
<pin_list>
<pin id="17" dir="1" index="0" bw="1" slack="0"/>
</pin_list>
<bind>
<StgValue><ssdm name="bits_per_sample"/></StgValue>
</bind>
</comp>

<comp id="18" class="1000" name="complex_data">
<pin_list>
<pin id="19" dir="1" index="0" bw="1" slack="0"/>
</pin_list>
<bind>
<StgValue><ssdm name="complex_data"/></StgValue>
</bind>
</comp>

<comp id="20" class="1000" name="pps">
<pin_list>
<pin id="21" dir="1" index="0" bw="1" slack="0"/>
</pin_list>
<bind>
<StgValue><ssdm name="pps"/></StgValue>
</bind>
</comp>

<comp id="22" class="1000" name="payload_words">
<pin_list>
<pin id="23" dir="1" index="0" bw="1" slack="0"/>
</pin_list>
<bind>
<StgValue><ssdm name="payload_words"/></StgValue>
</bind>
</comp>

<comp id="24" class="1000" name="second_counter">
<pin_list>
<pin id="25" dir="1" index="0" bw="1" slack="0"/>
</pin_list>
<bind>
<StgValue><ssdm name="second_counter"/></StgValue>
</bind>
</comp>

<comp id="26" class="1000" name="frame_counter">
<pin_list>
<pin id="27" dir="1" index="0" bw="1" slack="0"/>
</pin_list>
<bind>
<StgValue><ssdm name="frame_counter"/></StgValue>
</bind>
</comp>

<comp id="28" class="1000" name="fsm_state">
<pin_list>
<pin id="29" dir="1" index="0" bw="1" slack="0"/>
</pin_list>
<bind>
<StgValue><ssdm name="fsm_state"/></StgValue>
</bind>
</comp>

<comp id="30" class="1001" name="const_30">
<pin_list>
<pin id="31" dir="1" index="0" bw="1" slack="0"/>
</pin_list>
<bind>
<StgValue><ssdm name=""/></StgValue>
</bind>
</comp>

<comp id="32" class="1001" name="const_32">
<pin_list>
<pin id="33" dir="1" index="0" bw="1" slack="0"/>
</pin_list>
<bind>
<StgValue><ssdm name="_ssdm_op_Read.ap_auto.i16"/></StgValue>
</bind>
</comp>

<comp id="34" class="1001" name="const_34">
<pin_list>
<pin id="35" dir="1" index="0" bw="1" slack="0"/>
</pin_list>
<bind>
<StgValue><ssdm name="_ssdm_op_Read.ap_none.i5"/></StgValue>
</bind>
</comp>

<comp id="36" class="1001" name="const_36">
<pin_list>
<pin id="37" dir="1" index="0" bw="1" slack="0"/>
</pin_list>
<bind>
<StgValue><ssdm name="Loop_VITIS_LOOP_79_1_proc"/></StgValue>
</bind>
</comp>

<comp id="38" class="1001" name="const_38">
<pin_list>
<pin id="39" dir="1" index="0" bw="1" slack="0"/>
</pin_list>
<bind>
<StgValue><ssdm name="_ssdm_op_Read.ap_none.i1"/></StgValue>
</bind>
</comp>

<comp id="40" class="1001" name="const_40">
<pin_list>
<pin id="41" dir="1" index="0" bw="1" slack="0"/>
</pin_list>
<bind>
<StgValue><ssdm name="_ssdm_op_Read.ap_none.i10"/></StgValue>
</bind>
</comp>

<comp id="42" class="1001" name="const_42">
<pin_list>
<pin id="43" dir="1" index="0" bw="1" slack="0"/>
</pin_list>
<bind>
<StgValue><ssdm name="_ssdm_op_Read.ap_none.i16"/></StgValue>
</bind>
</comp>

<comp id="44" class="1001" name="const_44">
<pin_list>
<pin id="45" dir="1" index="0" bw="1" slack="0"/>
</pin_list>
<bind>
<StgValue><ssdm name="_ssdm_op_Read.ap_none.i6"/></StgValue>
</bind>
</comp>

<comp id="46" class="1001" name="const_46">
<pin_list>
<pin id="47" dir="1" index="0" bw="1" slack="0"/>
</pin_list>
<bind>
<StgValue><ssdm name="entry_proc7"/></StgValue>
</bind>
</comp>

<comp id="48" class="1001" name="const_48">
<pin_list>
<pin id="49" dir="1" index="0" bw="1" slack="0"/>
</pin_list>
<bind>
<StgValue><ssdm name="packetizer"/></StgValue>
</bind>
</comp>

<comp id="50" class="1001" name="const_50">
<pin_list>
<pin id="51" dir="1" index="0" bw="1" slack="0"/>
</pin_list>
<bind>
<StgValue><ssdm name="axis_bram_writer"/></StgValue>
</bind>
</comp>

<comp id="52" class="1001" name="const_52">
<pin_list>
<pin id="53" dir="1" index="0" bw="1" slack="2147483647"/>
</pin_list>
<bind>
<StgValue><ssdm name="_ssdm_op_SpecChannel"/></StgValue>
</bind>
</comp>

<comp id="54" class="1001" name="const_54">
<pin_list>
<pin id="55" dir="1" index="0" bw="1" slack="2147483647"/>
</pin_list>
<bind>
<StgValue><ssdm name="payload_words_c1_str"/></StgValue>
</bind>
</comp>

<comp id="56" class="1001" name="const_56">
<pin_list>
<pin id="57" dir="1" index="0" bw="1" slack="2147483647"/>
</pin_list>
<bind>
<StgValue><ssdm name=""/></StgValue>
</bind>
</comp>

<comp id="58" class="1001" name="const_58">
<pin_list>
<pin id="59" dir="1" index="0" bw="1" slack="2147483647"/>
</pin_list>
<bind>
<StgValue><ssdm name="p_str"/></StgValue>
</bind>
</comp>

<comp id="60" class="1001" name="const_60">
<pin_list>
<pin id="61" dir="1" index="0" bw="1" slack="2147483647"/>
</pin_list>
<bind>
<StgValue><ssdm name=""/></StgValue>
</bind>
</comp>

<comp id="62" class="1001" name="const_62">
<pin_list>
<pin id="63" dir="1" index="0" bw="1" slack="2147483647"/>
</pin_list>
<bind>
<StgValue><ssdm name=""/></StgValue>
</bind>
</comp>

<comp id="64" class="1001" name="const_64">
<pin_list>
<pin id="65" dir="1" index="0" bw="1" slack="2147483647"/>
</pin_list>
<bind>
<StgValue><ssdm name="_ssdm_op_SpecInterface"/></StgValue>
</bind>
</comp>

<comp id="66" class="1001" name="const_66">
<pin_list>
<pin id="67" dir="1" index="0" bw="1" slack="2147483647"/>
</pin_list>
<bind>
<StgValue><ssdm name="ap_fifo_str"/></StgValue>
</bind>
</comp>

<comp id="68" class="1001" name="const_68">
<pin_list>
<pin id="69" dir="1" index="0" bw="1" slack="2147483647"/>
</pin_list>
<bind>
<StgValue><ssdm name=""/></StgValue>
</bind>
</comp>

<comp id="70" class="1001" name="const_70">
<pin_list>
<pin id="71" dir="1" index="0" bw="1" slack="2147483647"/>
</pin_list>
<bind>
<StgValue><ssdm name=""/></StgValue>
</bind>
</comp>

<comp id="72" class="1001" name="const_72">
<pin_list>
<pin id="73" dir="1" index="0" bw="1" slack="2147483647"/>
</pin_list>
<bind>
<StgValue><ssdm name="payload_words_c_str"/></StgValue>
</bind>
</comp>

<comp id="74" class="1001" name="const_74">
<pin_list>
<pin id="75" dir="1" index="0" bw="1" slack="2147483647"/>
</pin_list>
<bind>
<StgValue><ssdm name="pps_c_str"/></StgValue>
</bind>
</comp>

<comp id="76" class="1001" name="const_76">
<pin_list>
<pin id="77" dir="1" index="0" bw="1" slack="2147483647"/>
</pin_list>
<bind>
<StgValue><ssdm name=""/></StgValue>
</bind>
</comp>

<comp id="78" class="1001" name="const_78">
<pin_list>
<pin id="79" dir="1" index="0" bw="1" slack="2147483647"/>
</pin_list>
<bind>
<StgValue><ssdm name="complex_data_c_str"/></StgValue>
</bind>
</comp>

<comp id="80" class="1001" name="const_80">
<pin_list>
<pin id="81" dir="1" index="0" bw="1" slack="2147483647"/>
</pin_list>
<bind>
<StgValue><ssdm name="bits_per_sample_c_str"/></StgValue>
</bind>
</comp>

<comp id="82" class="1001" name="const_82">
<pin_list>
<pin id="83" dir="1" index="0" bw="1" slack="2147483647"/>
</pin_list>
<bind>
<StgValue><ssdm name="thread_id_c_str"/></StgValue>
</bind>
</comp>

<comp id="84" class="1001" name="const_84">
<pin_list>
<pin id="85" dir="1" index="0" bw="1" slack="2147483647"/>
</pin_list>
<bind>
<StgValue><ssdm name="station_id_c_str"/></StgValue>
</bind>
</comp>

<comp id="86" class="1001" name="const_86">
<pin_list>
<pin id="87" dir="1" index="0" bw="1" slack="2147483647"/>
</pin_list>
<bind>
<StgValue><ssdm name="epoch_c_str"/></StgValue>
</bind>
</comp>

<comp id="88" class="1001" name="const_88">
<pin_list>
<pin id="89" dir="1" index="0" bw="1" slack="2147483647"/>
</pin_list>
<bind>
<StgValue><ssdm name="_ssdm_op_SpecDataflowPipeline"/></StgValue>
</bind>
</comp>

<comp id="90" class="1001" name="const_90">
<pin_list>
<pin id="91" dir="1" index="0" bw="1" slack="2147483647"/>
</pin_list>
<bind>
<StgValue><ssdm name="empty_11"/></StgValue>
</bind>
</comp>

<comp id="92" class="1001" name="const_92">
<pin_list>
<pin id="93" dir="1" index="0" bw="1" slack="2147483647"/>
</pin_list>
<bind>
<StgValue><ssdm name="_ssdm_op_SpecTopModule"/></StgValue>
</bind>
</comp>

<comp id="94" class="1001" name="const_94">
<pin_list>
<pin id="95" dir="1" index="0" bw="1" slack="2147483647"/>
</pin_list>
<bind>
<StgValue><ssdm name="empty_6"/></StgValue>
</bind>
</comp>

<comp id="96" class="1001" name="const_96">
<pin_list>
<pin id="97" dir="1" index="0" bw="1" slack="2147483647"/>
</pin_list>
<bind>
<StgValue><ssdm name="empty_5"/></StgValue>
</bind>
</comp>

<comp id="98" class="1001" name="const_98">
<pin_list>
<pin id="99" dir="1" index="0" bw="1" slack="2147483647"/>
</pin_list>
<bind>
<StgValue><ssdm name="empty_13"/></StgValue>
</bind>
</comp>

<comp id="100" class="1001" name="const_100">
<pin_list>
<pin id="101" dir="1" index="0" bw="1" slack="2147483647"/>
</pin_list>
<bind>
<StgValue><ssdm name="empty_12"/></StgValue>
</bind>
</comp>

<comp id="102" class="1001" name="const_102">
<pin_list>
<pin id="103" dir="1" index="0" bw="1" slack="2147483647"/>
</pin_list>
<bind>
<StgValue><ssdm name="_ssdm_op_SpecBitsMap"/></StgValue>
</bind>
</comp>

<comp id="104" class="1001" name="const_104">
<pin_list>
<pin id="105" dir="1" index="0" bw="1" slack="2147483647"/>
</pin_list>
<bind>
<StgValue><ssdm name="empty_10"/></StgValue>
</bind>
</comp>

<comp id="106" class="1001" name="const_106">
<pin_list>
<pin id="107" dir="1" index="0" bw="1" slack="2147483647"/>
</pin_list>
<bind>
<StgValue><ssdm name="empty_9"/></StgValue>
</bind>
</comp>

<comp id="108" class="1001" name="const_108">
<pin_list>
<pin id="109" dir="1" index="0" bw="1" slack="2147483647"/>
</pin_list>
<bind>
<StgValue><ssdm name="packetizer_in_str"/></StgValue>
</bind>
</comp>

<comp id="110" class="1001" name="const_110">
<pin_list>
<pin id="111" dir="1" index="0" bw="1" slack="2147483647"/>
</pin_list>
<bind>
<StgValue><ssdm name=""/></StgValue>
</bind>
</comp>

<comp id="112" class="1001" name="const_112">
<pin_list>
<pin id="113" dir="1" index="0" bw="1" slack="2147483647"/>
</pin_list>
<bind>
<StgValue><ssdm name="empty_8"/></StgValue>
</bind>
</comp>

<comp id="114" class="1001" name="const_114">
<pin_list>
<pin id="115" dir="1" index="0" bw="1" slack="2147483647"/>
</pin_list>
<bind>
<StgValue><ssdm name="bram_stream_str"/></StgValue>
</bind>
</comp>

<comp id="116" class="1001" name="const_116">
<pin_list>
<pin id="117" dir="1" index="0" bw="1" slack="2147483647"/>
</pin_list>
<bind>
<StgValue><ssdm name="_ssdm_op_SpecAXISSideChannel"/></StgValue>
</bind>
</comp>

<comp id="118" class="1001" name="const_118">
<pin_list>
<pin id="119" dir="1" index="0" bw="1" slack="2147483647"/>
</pin_list>
<bind>
<StgValue><ssdm name=""/></StgValue>
</bind>
</comp>

<comp id="120" class="1001" name="const_120">
<pin_list>
<pin id="121" dir="1" index="0" bw="1" slack="2147483647"/>
</pin_list>
<bind>
<StgValue><ssdm name="empty_7"/></StgValue>
</bind>
</comp>

<comp id="122" class="1004" name="payload_words_c1_fu_122">
<pin_list>
<pin id="123" dir="0" index="0" bw="1" slack="0"/>
<pin id="124" dir="1" index="1" bw="16" slack="1"/>
</pin_list>
<bind>
<opcode="alloca(26) " fcode="alloca"/>
<opset="payload_words_c1/1 "/>
</bind>
</comp>

<comp id="126" class="1004" name="payload_words_c_fu_126">
<pin_list>
<pin id="127" dir="0" index="0" bw="1" slack="0"/>
<pin id="128" dir="1" index="1" bw="16" slack="1"/>
</pin_list>
<bind>
<opcode="alloca(26) " fcode="alloca"/>
<opset="payload_words_c/1 "/>
</bind>
</comp>

<comp id="130" class="1004" name="pps_c_fu_130">
<pin_list>
<pin id="131" dir="0" index="0" bw="1" slack="0"/>
<pin id="132" dir="1" index="1" bw="1" slack="2"/>
</pin_list>
<bind>
<opcode="alloca(26) " fcode="alloca"/>
<opset="pps_c/1 "/>
</bind>
</comp>

<comp id="134" class="1004" name="complex_data_c_fu_134">
<pin_list>
<pin id="135" dir="0" index="0" bw="1" slack="0"/>
<pin id="136" dir="1" index="1" bw="1" slack="2"/>
</pin_list>
<bind>
<opcode="alloca(26) " fcode="alloca"/>
<opset="complex_data_c/1 "/>
</bind>
</comp>

<comp id="138" class="1004" name="bits_per_sample_c_fu_138">
<pin_list>
<pin id="139" dir="0" index="0" bw="1" slack="0"/>
<pin id="140" dir="1" index="1" bw="5" slack="1"/>
</pin_list>
<bind>
<opcode="alloca(26) " fcode="alloca"/>
<opset="bits_per_sample_c/1 "/>
</bind>
</comp>

<comp id="142" class="1004" name="thread_id_c_fu_142">
<pin_list>
<pin id="143" dir="0" index="0" bw="1" slack="0"/>
<pin id="144" dir="1" index="1" bw="10" slack="2"/>
</pin_list>
<bind>
<opcode="alloca(26) " fcode="alloca"/>
<opset="thread_id_c/1 "/>
</bind>
</comp>

<comp id="146" class="1004" name="station_id_c_fu_146">
<pin_list>
<pin id="147" dir="0" index="0" bw="1" slack="0"/>
<pin id="148" dir="1" index="1" bw="16" slack="2"/>
</pin_list>
<bind>
<opcode="alloca(26) " fcode="alloca"/>
<opset="station_id_c/1 "/>
</bind>
</comp>

<comp id="150" class="1004" name="epoch_c_fu_150">
<pin_list>
<pin id="151" dir="0" index="0" bw="1" slack="0"/>
<pin id="152" dir="1" index="1" bw="6" slack="2"/>
</pin_list>
<bind>
<opcode="alloca(26) " fcode="alloca"/>
<opset="epoch_c/1 "/>
</bind>
</comp>

<comp id="154" class="1004" name="packetizer_in_fu_154">
<pin_list>
<pin id="155" dir="0" index="0" bw="1" slack="0"/>
<pin id="156" dir="1" index="1" bw="32" slack="1"/>
</pin_list>
<bind>
<opcode="alloca(26) " fcode="alloca"/>
<opset="packetizer_in/1 "/>
</bind>
</comp>

<comp id="158" class="1004" name="bram_stream_fu_158">
<pin_list>
<pin id="159" dir="0" index="0" bw="1" slack="0"/>
<pin id="160" dir="1" index="1" bw="32" slack="1"/>
</pin_list>
<bind>
<opcode="alloca(26) " fcode="alloca"/>
<opset="bram_stream/1 "/>
</bind>
</comp>

<comp id="162" class="1004" name="payload_words_read_read_fu_162">
<pin_list>
<pin id="163" dir="0" index="0" bw="16" slack="0"/>
<pin id="164" dir="0" index="1" bw="16" slack="0"/>
<pin id="165" dir="1" index="2" bw="16" slack="0"/>
</pin_list>
<bind>
<opcode="read(1150) " fcode="read"/>
<opset="payload_words_read/2 "/>
</bind>
</comp>

<comp id="168" class="1004" name="bits_per_sample_read_read_fu_168">
<pin_list>
<pin id="169" dir="0" index="0" bw="5" slack="0"/>
<pin id="170" dir="0" index="1" bw="5" slack="0"/>
<pin id="171" dir="1" index="2" bw="5" slack="0"/>
</pin_list>
<bind>
<opcode="read(1150) " fcode="read"/>
<opset="bits_per_sample_read/2 "/>
</bind>
</comp>

<comp id="174" class="1004" name="pps_read_read_fu_174">
<pin_list>
<pin id="175" dir="0" index="0" bw="1" slack="0"/>
<pin id="176" dir="0" index="1" bw="1" slack="0"/>
<pin id="177" dir="1" index="2" bw="1" slack="0"/>
</pin_list>
<bind>
<opcode="read(1150) " fcode="read"/>
<opset="pps_read/3 "/>
</bind>
</comp>

<comp id="180" class="1004" name="complex_data_read_read_fu_180">
<pin_list>
<pin id="181" dir="0" index="0" bw="1" slack="0"/>
<pin id="182" dir="0" index="1" bw="1" slack="0"/>
<pin id="183" dir="1" index="2" bw="1" slack="0"/>
</pin_list>
<bind>
<opcode="read(1150) " fcode="read"/>
<opset="complex_data_read/3 "/>
</bind>
</comp>

<comp id="186" class="1004" name="thread_id_read_read_fu_186">
<pin_list>
<pin id="187" dir="0" index="0" bw="10" slack="0"/>
<pin id="188" dir="0" index="1" bw="10" slack="0"/>
<pin id="189" dir="1" index="2" bw="10" slack="0"/>
</pin_list>
<bind>
<opcode="read(1150) " fcode="read"/>
<opset="thread_id_read/3 "/>
</bind>
</comp>

<comp id="192" class="1004" name="station_id_read_read_fu_192">
<pin_list>
<pin id="193" dir="0" index="0" bw="16" slack="0"/>
<pin id="194" dir="0" index="1" bw="16" slack="0"/>
<pin id="195" dir="1" index="2" bw="16" slack="0"/>
</pin_list>
<bind>
<opcode="read(1150) " fcode="read"/>
<opset="station_id_read/3 "/>
</bind>
</comp>

<comp id="198" class="1004" name="epoch_read_read_fu_198">
<pin_list>
<pin id="199" dir="0" index="0" bw="6" slack="0"/>
<pin id="200" dir="0" index="1" bw="6" slack="0"/>
<pin id="201" dir="1" index="2" bw="6" slack="0"/>
</pin_list>
<bind>
<opcode="read(1150) " fcode="read"/>
<opset="epoch_read/3 "/>
</bind>
</comp>

<comp id="204" class="1004" name="grp_Loop_VITIS_LOOP_79_1_proc_fu_204">
<pin_list>
<pin id="205" dir="0" index="0" bw="0" slack="0"/>
<pin id="206" dir="0" index="1" bw="16" slack="0"/>
<pin id="207" dir="0" index="2" bw="8" slack="0"/>
<pin id="208" dir="0" index="3" bw="5" slack="0"/>
<pin id="209" dir="0" index="4" bw="32" slack="1"/>
<pin id="210" dir="0" index="5" bw="32" slack="1"/>
<pin id="211" dir="0" index="6" bw="5" slack="1"/>
<pin id="212" dir="0" index="7" bw="16" slack="1"/>
<pin id="213" dir="0" index="8" bw="16" slack="1"/>
<pin id="214" dir="1" index="9" bw="0" slack="2147483647"/>
</pin_list>
<bind>
<opcode="call(48) " fcode="call"/>
<opset="call_ln69/2 "/>
</bind>
</comp>

<comp id="219" class="1004" name="call_ln57_entry_proc7_fu_219">
<pin_list>
<pin id="220" dir="0" index="0" bw="0" slack="0"/>
<pin id="221" dir="0" index="1" bw="6" slack="0"/>
<pin id="222" dir="0" index="2" bw="6" slack="2"/>
<pin id="223" dir="0" index="3" bw="16" slack="0"/>
<pin id="224" dir="0" index="4" bw="16" slack="2"/>
<pin id="225" dir="0" index="5" bw="10" slack="0"/>
<pin id="226" dir="0" index="6" bw="10" slack="2"/>
<pin id="227" dir="0" index="7" bw="1" slack="0"/>
<pin id="228" dir="0" index="8" bw="1" slack="2"/>
<pin id="229" dir="0" index="9" bw="1" slack="0"/>
<pin id="230" dir="0" index="10" bw="1" slack="2"/>
<pin id="231" dir="1" index="11" bw="0" slack="2147483647"/>
</pin_list>
<bind>
<opcode="call(48) " fcode="call"/>
<opset="call_ln57/3 "/>
</bind>
</comp>

<comp id="238" class="1004" name="grp_packetizer_fu_238">
<pin_list>
<pin id="239" dir="0" index="0" bw="0" slack="0"/>
<pin id="240" dir="0" index="1" bw="32" slack="3"/>
<pin id="241" dir="0" index="2" bw="32" slack="0"/>
<pin id="242" dir="0" index="3" bw="4" slack="0"/>
<pin id="243" dir="0" index="4" bw="4" slack="0"/>
<pin id="244" dir="0" index="5" bw="1" slack="0"/>
<pin id="245" dir="0" index="6" bw="6" slack="3"/>
<pin id="246" dir="0" index="7" bw="16" slack="3"/>
<pin id="247" dir="0" index="8" bw="10" slack="3"/>
<pin id="248" dir="0" index="9" bw="5" slack="3"/>
<pin id="249" dir="0" index="10" bw="1" slack="3"/>
<pin id="250" dir="0" index="11" bw="1" slack="3"/>
<pin id="251" dir="0" index="12" bw="16" slack="3"/>
<pin id="252" dir="0" index="13" bw="30" slack="0"/>
<pin id="253" dir="0" index="14" bw="24" slack="0"/>
<pin id="254" dir="0" index="15" bw="1" slack="0"/>
<pin id="255" dir="1" index="16" bw="0" slack="2147483647"/>
</pin_list>
<bind>
<opcode="call(48) " fcode="call"/>
<opset="call_ln102/4 "/>
</bind>
</comp>

<comp id="264" class="1004" name="grp_axis_bram_writer_fu_264">
<pin_list>
<pin id="265" dir="0" index="0" bw="0" slack="0"/>
<pin id="266" dir="0" index="1" bw="32" slack="3"/>
<pin id="267" dir="0" index="2" bw="16" slack="3"/>
<pin id="268" dir="1" index="3" bw="0" slack="2147483647"/>
</pin_list>
<bind>
<opcode="call(48) " fcode="call"/>
<opset="call_ln76/4 "/>
</bind>
</comp>

<comp id="270" class="1005" name="payload_words_c1_reg_270">
<pin_list>
<pin id="271" dir="0" index="0" bw="16" slack="1"/>
<pin id="272" dir="1" index="1" bw="16" slack="1"/>
</pin_list>
<bind>
<opset="payload_words_c1 "/>
</bind>
</comp>

<comp id="276" class="1005" name="payload_words_c_reg_276">
<pin_list>
<pin id="277" dir="0" index="0" bw="16" slack="1"/>
<pin id="278" dir="1" index="1" bw="16" slack="1"/>
</pin_list>
<bind>
<opset="payload_words_c "/>
</bind>
</comp>

<comp id="282" class="1005" name="pps_c_reg_282">
<pin_list>
<pin id="283" dir="0" index="0" bw="1" slack="2"/>
<pin id="284" dir="1" index="1" bw="1" slack="2"/>
</pin_list>
<bind>
<opset="pps_c "/>
</bind>
</comp>

<comp id="288" class="1005" name="complex_data_c_reg_288">
<pin_list>
<pin id="289" dir="0" index="0" bw="1" slack="2"/>
<pin id="290" dir="1" index="1" bw="1" slack="2"/>
</pin_list>
<bind>
<opset="complex_data_c "/>
</bind>
</comp>

<comp id="294" class="1005" name="bits_per_sample_c_reg_294">
<pin_list>
<pin id="295" dir="0" index="0" bw="5" slack="1"/>
<pin id="296" dir="1" index="1" bw="5" slack="1"/>
</pin_list>
<bind>
<opset="bits_per_sample_c "/>
</bind>
</comp>

<comp id="300" class="1005" name="thread_id_c_reg_300">
<pin_list>
<pin id="301" dir="0" index="0" bw="10" slack="2"/>
<pin id="302" dir="1" index="1" bw="10" slack="2"/>
</pin_list>
<bind>
<opset="thread_id_c "/>
</bind>
</comp>

<comp id="306" class="1005" name="station_id_c_reg_306">
<pin_list>
<pin id="307" dir="0" index="0" bw="16" slack="2"/>
<pin id="308" dir="1" index="1" bw="16" slack="2"/>
</pin_list>
<bind>
<opset="station_id_c "/>
</bind>
</comp>

<comp id="312" class="1005" name="epoch_c_reg_312">
<pin_list>
<pin id="313" dir="0" index="0" bw="6" slack="2"/>
<pin id="314" dir="1" index="1" bw="6" slack="2"/>
</pin_list>
<bind>
<opset="epoch_c "/>
</bind>
</comp>

<comp id="318" class="1005" name="packetizer_in_reg_318">
<pin_list>
<pin id="319" dir="0" index="0" bw="32" slack="1"/>
<pin id="320" dir="1" index="1" bw="32" slack="1"/>
</pin_list>
<bind>
<opset="packetizer_in "/>
</bind>
</comp>

<comp id="324" class="1005" name="bram_stream_reg_324">
<pin_list>
<pin id="325" dir="0" index="0" bw="32" slack="1"/>
<pin id="326" dir="1" index="1" bw="32" slack="1"/>
</pin_list>
<bind>
<opset="bram_stream "/>
</bind>
</comp>

<comp id="330" class="1005" name="payload_words_read_reg_330">
<pin_list>
<pin id="331" dir="0" index="0" bw="16" slack="1"/>
<pin id="332" dir="1" index="1" bw="16" slack="1"/>
</pin_list>
<bind>
<opset="payload_words_read "/>
</bind>
</comp>

<comp id="335" class="1005" name="bits_per_sample_read_reg_335">
<pin_list>
<pin id="336" dir="0" index="0" bw="5" slack="1"/>
<pin id="337" dir="1" index="1" bw="5" slack="1"/>
</pin_list>
<bind>
<opset="bits_per_sample_read "/>
</bind>
</comp>

</comp_list>

<net_list>
<net id="125"><net_src comp="30" pin="0"/><net_sink comp="122" pin=0"/></net>

<net id="129"><net_src comp="30" pin="0"/><net_sink comp="126" pin=0"/></net>

<net id="133"><net_src comp="30" pin="0"/><net_sink comp="130" pin=0"/></net>

<net id="137"><net_src comp="30" pin="0"/><net_sink comp="134" pin=0"/></net>

<net id="141"><net_src comp="30" pin="0"/><net_sink comp="138" pin=0"/></net>

<net id="145"><net_src comp="30" pin="0"/><net_sink comp="142" pin=0"/></net>

<net id="149"><net_src comp="30" pin="0"/><net_sink comp="146" pin=0"/></net>

<net id="153"><net_src comp="30" pin="0"/><net_sink comp="150" pin=0"/></net>

<net id="157"><net_src comp="30" pin="0"/><net_sink comp="154" pin=0"/></net>

<net id="161"><net_src comp="30" pin="0"/><net_sink comp="158" pin=0"/></net>

<net id="166"><net_src comp="32" pin="0"/><net_sink comp="162" pin=0"/></net>

<net id="167"><net_src comp="22" pin="0"/><net_sink comp="162" pin=1"/></net>

<net id="172"><net_src comp="34" pin="0"/><net_sink comp="168" pin=0"/></net>

<net id="173"><net_src comp="16" pin="0"/><net_sink comp="168" pin=1"/></net>

<net id="178"><net_src comp="38" pin="0"/><net_sink comp="174" pin=0"/></net>

<net id="179"><net_src comp="20" pin="0"/><net_sink comp="174" pin=1"/></net>

<net id="184"><net_src comp="38" pin="0"/><net_sink comp="180" pin=0"/></net>

<net id="185"><net_src comp="18" pin="0"/><net_sink comp="180" pin=1"/></net>

<net id="190"><net_src comp="40" pin="0"/><net_sink comp="186" pin=0"/></net>

<net id="191"><net_src comp="14" pin="0"/><net_sink comp="186" pin=1"/></net>

<net id="196"><net_src comp="42" pin="0"/><net_sink comp="192" pin=0"/></net>

<net id="197"><net_src comp="12" pin="0"/><net_sink comp="192" pin=1"/></net>

<net id="202"><net_src comp="44" pin="0"/><net_sink comp="198" pin=0"/></net>

<net id="203"><net_src comp="10" pin="0"/><net_sink comp="198" pin=1"/></net>

<net id="215"><net_src comp="36" pin="0"/><net_sink comp="204" pin=0"/></net>

<net id="216"><net_src comp="162" pin="2"/><net_sink comp="204" pin=1"/></net>

<net id="217"><net_src comp="0" pin="0"/><net_sink comp="204" pin=2"/></net>

<net id="218"><net_src comp="168" pin="2"/><net_sink comp="204" pin=3"/></net>

<net id="232"><net_src comp="46" pin="0"/><net_sink comp="219" pin=0"/></net>

<net id="233"><net_src comp="198" pin="2"/><net_sink comp="219" pin=1"/></net>

<net id="234"><net_src comp="192" pin="2"/><net_sink comp="219" pin=3"/></net>

<net id="235"><net_src comp="186" pin="2"/><net_sink comp="219" pin=5"/></net>

<net id="236"><net_src comp="180" pin="2"/><net_sink comp="219" pin=7"/></net>

<net id="237"><net_src comp="174" pin="2"/><net_sink comp="219" pin=9"/></net>

<net id="256"><net_src comp="48" pin="0"/><net_sink comp="238" pin=0"/></net>

<net id="257"><net_src comp="2" pin="0"/><net_sink comp="238" pin=2"/></net>

<net id="258"><net_src comp="4" pin="0"/><net_sink comp="238" pin=3"/></net>

<net id="259"><net_src comp="6" pin="0"/><net_sink comp="238" pin=4"/></net>

<net id="260"><net_src comp="8" pin="0"/><net_sink comp="238" pin=5"/></net>

<net id="261"><net_src comp="24" pin="0"/><net_sink comp="238" pin=13"/></net>

<net id="262"><net_src comp="26" pin="0"/><net_sink comp="238" pin=14"/></net>

<net id="263"><net_src comp="28" pin="0"/><net_sink comp="238" pin=15"/></net>

<net id="269"><net_src comp="50" pin="0"/><net_sink comp="264" pin=0"/></net>

<net id="273"><net_src comp="122" pin="1"/><net_sink comp="270" pin=0"/></net>

<net id="274"><net_src comp="270" pin="1"/><net_sink comp="204" pin=8"/></net>

<net id="275"><net_src comp="270" pin="1"/><net_sink comp="238" pin=12"/></net>

<net id="279"><net_src comp="126" pin="1"/><net_sink comp="276" pin=0"/></net>

<net id="280"><net_src comp="276" pin="1"/><net_sink comp="204" pin=7"/></net>

<net id="281"><net_src comp="276" pin="1"/><net_sink comp="264" pin=2"/></net>

<net id="285"><net_src comp="130" pin="1"/><net_sink comp="282" pin=0"/></net>

<net id="286"><net_src comp="282" pin="1"/><net_sink comp="219" pin=10"/></net>

<net id="287"><net_src comp="282" pin="1"/><net_sink comp="238" pin=11"/></net>

<net id="291"><net_src comp="134" pin="1"/><net_sink comp="288" pin=0"/></net>

<net id="292"><net_src comp="288" pin="1"/><net_sink comp="219" pin=8"/></net>

<net id="293"><net_src comp="288" pin="1"/><net_sink comp="238" pin=10"/></net>

<net id="297"><net_src comp="138" pin="1"/><net_sink comp="294" pin=0"/></net>

<net id="298"><net_src comp="294" pin="1"/><net_sink comp="204" pin=6"/></net>

<net id="299"><net_src comp="294" pin="1"/><net_sink comp="238" pin=9"/></net>

<net id="303"><net_src comp="142" pin="1"/><net_sink comp="300" pin=0"/></net>

<net id="304"><net_src comp="300" pin="1"/><net_sink comp="219" pin=6"/></net>

<net id="305"><net_src comp="300" pin="1"/><net_sink comp="238" pin=8"/></net>

<net id="309"><net_src comp="146" pin="1"/><net_sink comp="306" pin=0"/></net>

<net id="310"><net_src comp="306" pin="1"/><net_sink comp="219" pin=4"/></net>

<net id="311"><net_src comp="306" pin="1"/><net_sink comp="238" pin=7"/></net>

<net id="315"><net_src comp="150" pin="1"/><net_sink comp="312" pin=0"/></net>

<net id="316"><net_src comp="312" pin="1"/><net_sink comp="219" pin=2"/></net>

<net id="317"><net_src comp="312" pin="1"/><net_sink comp="238" pin=6"/></net>

<net id="321"><net_src comp="154" pin="1"/><net_sink comp="318" pin=0"/></net>

<net id="322"><net_src comp="318" pin="1"/><net_sink comp="204" pin=4"/></net>

<net id="323"><net_src comp="318" pin="1"/><net_sink comp="238" pin=1"/></net>

<net id="327"><net_src comp="158" pin="1"/><net_sink comp="324" pin=0"/></net>

<net id="328"><net_src comp="324" pin="1"/><net_sink comp="204" pin=5"/></net>

<net id="329"><net_src comp="324" pin="1"/><net_sink comp="264" pin=1"/></net>

<net id="333"><net_src comp="162" pin="2"/><net_sink comp="330" pin=0"/></net>

<net id="334"><net_src comp="330" pin="1"/><net_sink comp="204" pin=1"/></net>

<net id="338"><net_src comp="168" pin="2"/><net_sink comp="335" pin=0"/></net>

<net id="339"><net_src comp="335" pin="1"/><net_sink comp="204" pin=3"/></net>

</net_list>

</model> 
---------------- Datapath Model END ------------------

* FSMD analyzer results:
  - Output states:
	Port: out_stream_V_data_V | {4 5 }
	Port: out_stream_V_keep_V | {4 5 }
	Port: out_stream_V_strb_V | {4 5 }
	Port: out_stream_V_last_V | {4 5 }
	Port: second_counter | {4 5 }
	Port: frame_counter | {4 5 }
	Port: fsm_state | {4 5 }
 - Input state : 
	Port: vdif_chain : adc_in | {2 3 }
	Port: vdif_chain : epoch | {3 }
	Port: vdif_chain : station_id | {3 }
	Port: vdif_chain : thread_id | {3 }
	Port: vdif_chain : bits_per_sample | {2 }
	Port: vdif_chain : complex_data | {3 }
	Port: vdif_chain : pps | {3 }
	Port: vdif_chain : payload_words | {2 }
	Port: vdif_chain : second_counter | {4 5 }
	Port: vdif_chain : frame_counter | {4 5 }
	Port: vdif_chain : fsm_state | {4 5 }
  - Chain level:
	State 1
	State 2
	State 3
	State 4
	State 5
	State 6


============================================================
+ Verbose Summary: Datapath Resource usage 
============================================================

* Functional unit list:
|----------|--------------------------------------|---------|---------|---------|---------|---------|
| Operation|            Functional Unit           |   BRAM  |  Delay  |    FF   |   LUT   |   URAM  |
|----------|--------------------------------------|---------|---------|---------|---------|---------|
|          | grp_Loop_VITIS_LOOP_79_1_proc_fu_204 |    0    | 1.64243 |   288   |   241   |    0    |
|   call   |     call_ln57_entry_proc7_fu_219     |    0    |    0    |    0    |    0    |    0    |
|          |         grp_packetizer_fu_238        |    0    | 14.7494 |   566   |   469   |    0    |
|          |      grp_axis_bram_writer_fu_264     |    0    |    0    |    32   |    46   |    0    |
|----------|--------------------------------------|---------|---------|---------|---------|---------|
|          |    payload_words_read_read_fu_162    |    0    |    0    |    0    |    0    |    0    |
|          |   bits_per_sample_read_read_fu_168   |    0    |    0    |    0    |    0    |    0    |
|          |         pps_read_read_fu_174         |    0    |    0    |    0    |    0    |    0    |
|   read   |     complex_data_read_read_fu_180    |    0    |    0    |    0    |    0    |    0    |
|          |      thread_id_read_read_fu_186      |    0    |    0    |    0    |    0    |    0    |
|          |      station_id_read_read_fu_192     |    0    |    0    |    0    |    0    |    0    |
|          |        epoch_read_read_fu_198        |    0    |    0    |    0    |    0    |    0    |
|----------|--------------------------------------|---------|---------|---------|---------|---------|
|   Total  |                                      |    0    | 16.3919 |   886   |   756   |    0    |
|----------|--------------------------------------|---------|---------|---------|---------|---------|

Memories:
N/A

* Register list:
+----------------------------+--------+
|                            |   FF   |
+----------------------------+--------+
|  bits_per_sample_c_reg_294 |    5   |
|bits_per_sample_read_reg_335|    5   |
|     bram_stream_reg_324    |   32   |
|   complex_data_c_reg_288   |    1   |
|       epoch_c_reg_312      |    6   |
|    packetizer_in_reg_318   |   32   |
|  payload_words_c1_reg_270  |   16   |
|   payload_words_c_reg_276  |   16   |
| payload_words_read_reg_330 |   16   |
|        pps_c_reg_282       |    1   |
|    station_id_c_reg_306    |   16   |
|     thread_id_c_reg_300    |   10   |
+----------------------------+--------+
|            Total           |   156  |
+----------------------------+--------+

* Multiplexer (MUX) list: 
|--------------------------------------|------|------|------|--------||---------||---------||---------|
|                 Comp                 |  Pin | Size |  BW  | S x BW ||  Delay  ||    FF   ||   LUT   |
|--------------------------------------|------|------|------|--------||---------||---------||---------|
| grp_Loop_VITIS_LOOP_79_1_proc_fu_204 |  p1  |   2  |  16  |   32   ||    0    ||    9    |
| grp_Loop_VITIS_LOOP_79_1_proc_fu_204 |  p3  |   2  |   5  |   10   ||    0    ||    9    |
|--------------------------------------|------|------|------|--------||---------||---------||---------|
|                 Total                |      |      |      |   42   ||   3.22  ||    0    ||    18   |
|--------------------------------------|------|------|------|--------||---------||---------||---------|



* Summary:
+-----------+--------+--------+--------+--------+--------+
|           |  BRAM  |  Delay |   FF   |   LUT  |  URAM  |
+-----------+--------+--------+--------+--------+--------+
|  Function |    0   |   16   |   886  |   756  |    0   |
|   Memory  |    -   |    -   |    -   |    -   |    -   |
|Multiplexer|    -   |    3   |    0   |   18   |    -   |
|  Register |    -   |    -   |   156  |    -   |    -   |
+-----------+--------+--------+--------+--------+--------+
|   Total   |    0   |   19   |  1042  |   774  |    0   |
+-----------+--------+--------+--------+--------+--------+
