

================================================================
== Vitis HLS Report for 'vdif_chain_Pipeline_VITIS_LOOP_33_2'
================================================================
* Date:           Thu Jun 11 15:34:03 2026

* Version:        2025.2 (Build 6295257 on Nov 14 2025)
* Project:        vdif_chain
* Solution:       hls (Vivado IP Flow Target)
* Product family: artix7
* Target device:  xc7a12t-cpg238-1


================================================================
== Performance Estimates
================================================================
+ Timing: 
    * Summary: 
    +--------+----------+----------+------------+
    |  Clock |  Target  | Estimated| Uncertainty|
    +--------+----------+----------+------------+
    |ap_clk  |  10.00 ns|  4.997 ns|     2.70 ns|
    +--------+----------+----------+------------+

+ Latency: 
    * Summary: 
    +---------+---------+----------+----------+-----+-----+-------------------+
    |  Latency (cycles) |  Latency (absolute) |  Interval |      Pipeline     |
    |   min   |   max   |    min   |    max   | min | max |        Type       |
    +---------+---------+----------+----------+-----+-----+-------------------+
    |       10|       10|  0.100 us|  0.100 us|    0|    0|  loop pipeline stp|
    +---------+---------+----------+----------+-----+-----+-------------------+

    + Detail: 
        * Instance: 
        N/A

        * Loop: 
        +-------------------+---------+---------+----------+-----------+-----------+------+----------+
        |                   |  Latency (cycles) | Iteration|  Initiation Interval  | Trip |          |
        |     Loop Name     |   min   |   max   |  Latency |  achieved |   target  | Count| Pipelined|
        +-------------------+---------+---------+----------+-----------+-----------+------+----------+
        |- VITIS_LOOP_33_2  |        8|        8|         2|          1|          1|     8|       yes|
        +-------------------+---------+---------+----------+-----------+-----------+------+----------+

============================================================
+ Verbose Summary: Synthesis Manager
============================================================
InlineROM: 1
ExposeGlobal: 0
============================================================
+ Verbose Summary: CDFG Model
============================================================
IsTopModel: 0
ResetActiveHigh: 1
IsCombinational: 0
IsDatapathOnly: 0
HasWiredReturn: 1
HasMFsm: 2
HasVarLatency: 1
IsPipeline: 0
IsRtlPipelined: 0
IsInstanceOverlapped: 0
IsDontTouch: 0
HasImplIP: 0
IsGatedGlobalClock: 0

+ Individual pipeline summary: 
  * Pipeline-0: initiation interval (II) = 1, depth = 2


============================================================
+ Verbose Summary: Schedule
============================================================
* Number of FSM states : 2
* Pipeline : 1
  Pipeline-0 : II = 1, D = 2, States = { 1 2 }
* Dataflow Pipeline: 0

* FSM state transitions: 
1 --> 2 
2 --> 

* FSM state operations: 

State 1 <SV = 0> <Delay = 4.99>
ST_1 : Operation 5 [1/1] (0.00ns)   --->   "%word = alloca i32 1" [../src/sample_packer/sample_packer.cpp:16->../src/vdif_chain.cpp:71]   --->   Operation 5 'alloca' 'word' <Predicate = true> <Delay = 0.00>
ST_1 : Operation 6 [1/1] (0.00ns)   --->   "%i = alloca i32 1" [../src/sample_packer/sample_packer.cpp:33->../src/vdif_chain.cpp:71]   --->   Operation 6 'alloca' 'i' <Predicate = true> <Delay = 0.00>
ST_1 : Operation 7 [1/1] (0.00ns)   --->   "%specinterface_ln0 = specinterface void @_ssdm_op_SpecInterface, i8 %adc_in, void @empty, i32 0, i32 0, void @empty_0, i32 0, i32 0, void @empty_1, void @empty_1, void @empty_1, i32 0, i32 0, i32 0, i32 0, void @empty_1, void @empty_1, i32 4294967295, i32 0, i32 0, i32 0"   --->   Operation 7 'specinterface' 'specinterface_ln0' <Predicate = true> <Delay = 0.00>
ST_1 : Operation 8 [1/1] (1.61ns)   --->   "%store_ln33 = store i4 0, i4 %i" [../src/sample_packer/sample_packer.cpp:33->../src/vdif_chain.cpp:71]   --->   Operation 8 'store' 'store_ln33' <Predicate = true> <Delay = 1.61>
ST_1 : Operation 9 [1/1] (1.61ns)   --->   "%store_ln16 = store i32 0, i32 %word" [../src/sample_packer/sample_packer.cpp:16->../src/vdif_chain.cpp:71]   --->   Operation 9 'store' 'store_ln16' <Predicate = true> <Delay = 1.61>
ST_1 : Operation 10 [1/1] (0.00ns)   --->   "%br_ln33 = br void %for.inc18.i" [../src/sample_packer/sample_packer.cpp:33->../src/vdif_chain.cpp:71]   --->   Operation 10 'br' 'br_ln33' <Predicate = true> <Delay = 0.00>
ST_1 : Operation 11 [1/1] (0.00ns)   --->   "%i_3 = load i4 %i" [../src/sample_packer/sample_packer.cpp:33->../src/vdif_chain.cpp:71]   --->   Operation 11 'load' 'i_3' <Predicate = true> <Delay = 0.00>
ST_1 : Operation 12 [1/1] (1.77ns)   --->   "%icmp_ln33 = icmp_eq  i4 %i_3, i4 8" [../src/sample_packer/sample_packer.cpp:33->../src/vdif_chain.cpp:71]   --->   Operation 12 'icmp' 'icmp_ln33' <Predicate = true> <Delay = 1.77> <CoreInst = "Cmp">   --->   Core 9 'Cmp' <Latency = 0> <II = 1> <Delay = 1.77> <FuncUnit> <Opcode : 'seteq' 'setne' 'setle' 'setge' 'setlt' 'setgt'> <InPorts = 2> <OutPorts = 1>
ST_1 : Operation 13 [1/1] (1.77ns)   --->   "%i_4 = add i4 %i_3, i4 1" [../src/sample_packer/sample_packer.cpp:33->../src/vdif_chain.cpp:71]   --->   Operation 13 'add' 'i_4' <Predicate = true> <Delay = 1.77> <CoreInst = "Adder">   --->   Core 1 'Adder' <Latency = 0> <II = 1> <Delay = 1.77> <FuncUnit> <Opcode : 'add' 'sub'> <InPorts = 2> <OutPorts = 1>
ST_1 : Operation 14 [1/1] (0.00ns)   --->   "%br_ln33 = br i1 %icmp_ln33, void %for.inc18.i.split, void %for.end20.i.exitStub" [../src/sample_packer/sample_packer.cpp:33->../src/vdif_chain.cpp:71]   --->   Operation 14 'br' 'br_ln33' <Predicate = true> <Delay = 0.00>
ST_1 : Operation 15 [1/1] (0.00ns)   --->   "%trunc_ln38 = trunc i4 %i_3" [../src/sample_packer/sample_packer.cpp:38->../src/vdif_chain.cpp:71]   --->   Operation 15 'trunc' 'trunc_ln38' <Predicate = (!icmp_ln33)> <Delay = 0.00>
ST_1 : Operation 16 [1/1] (1.61ns)   --->   "%store_ln33 = store i4 %i_4, i4 %i" [../src/sample_packer/sample_packer.cpp:33->../src/vdif_chain.cpp:71]   --->   Operation 16 'store' 'store_ln33' <Predicate = (!icmp_ln33)> <Delay = 1.61>
ST_1 : Operation 27 [1/1] (0.00ns)   --->   "%word_load = load i32 %word"   --->   Operation 27 'load' 'word_load' <Predicate = (icmp_ln33)> <Delay = 0.00>
ST_1 : Operation 28 [1/1] (0.00ns)   --->   "%write_ln0 = write void @_ssdm_op_Write.ap_auto.i32P0A, i32 %word_2_out, i32 %word_load"   --->   Operation 28 'write' 'write_ln0' <Predicate = (icmp_ln33)> <Delay = 0.00>
ST_1 : Operation 29 [1/1] (1.61ns)   --->   "%ret_ln0 = ret"   --->   Operation 29 'ret' 'ret_ln0' <Predicate = (icmp_ln33)> <Delay = 1.61>

State 2 <SV = 1> <Delay = 3.28>
ST_2 : Operation 17 [1/1] (0.00ns)   --->   "%word_load_2 = load i32 %word" [../src/sample_packer/sample_packer.cpp:38->../src/vdif_chain.cpp:71]   --->   Operation 17 'load' 'word_load_2' <Predicate = true> <Delay = 0.00>
ST_2 : Operation 18 [1/1] (0.00ns)   --->   "%specpipeline_ln35 = specpipeline void @_ssdm_op_SpecPipeline, i32 1, i32 0, i32 0, i32 0, i32 4294967295, void @empty_1" [../src/sample_packer/sample_packer.cpp:35->../src/vdif_chain.cpp:71]   --->   Operation 18 'specpipeline' 'specpipeline_ln35' <Predicate = true> <Delay = 0.00>
ST_2 : Operation 19 [1/1] (0.00ns)   --->   "%speclooptripcount_ln16 = speclooptripcount void @_ssdm_op_SpecLoopTripCount, i64 8, i64 8, i64 8" [../src/sample_packer/sample_packer.cpp:16->../src/vdif_chain.cpp:71]   --->   Operation 19 'speclooptripcount' 'speclooptripcount_ln16' <Predicate = true> <Delay = 0.00>
ST_2 : Operation 20 [1/1] (0.00ns)   --->   "%specloopname_ln33 = specloopname void @_ssdm_op_SpecLoopName, void @empty_9" [../src/sample_packer/sample_packer.cpp:33->../src/vdif_chain.cpp:71]   --->   Operation 20 'specloopname' 'specloopname_ln33' <Predicate = true> <Delay = 0.00>
ST_2 : Operation 21 [1/1] ( I:0.51ns O:0.51ns )   --->   "%adc_in_read = read i8 @_ssdm_op_Read.axis.volatile.i8P128A, i8 %adc_in" [../src/sample_packer/sample_packer.cpp:37->../src/vdif_chain.cpp:71]   --->   Operation 21 'read' 'adc_in_read' <Predicate = true> <Delay = 0.51> <CoreInst = "regslice">   --->   Core 135 'regslice' <Latency = 0> <II = 1> <Delay = 1.75> <Adapter> <Opcode : 'read' 'write'>
ST_2 : Operation 22 [1/1] (0.00ns)   --->   "%sample = trunc i8 %adc_in_read" [../src/sample_packer/sample_packer.cpp:37->../src/vdif_chain.cpp:71]   --->   Operation 22 'trunc' 'sample' <Predicate = true> <Delay = 0.00>
ST_2 : Operation 23 [1/1] (0.00ns)   --->   "%shl_ln1 = bitconcatenate i5 @_ssdm_op_BitConcatenate.i5.i3.i2, i3 %trunc_ln38, i2 0" [../src/sample_packer/sample_packer.cpp:38->../src/vdif_chain.cpp:71]   --->   Operation 23 'bitconcatenate' 'shl_ln1' <Predicate = true> <Delay = 0.00>
ST_2 : Operation 24 [1/1] (1.15ns)   --->   "%word_2 = partset i32 @_ssdm_op_PartSet.i32.i32.i4.i5, i32 %word_load_2, i4 %sample, i5 %shl_ln1" [../src/sample_packer/sample_packer.cpp:38->../src/vdif_chain.cpp:71]   --->   Operation 24 'partset' 'word_2' <Predicate = true> <Delay = 1.15> <CoreInst = "PartSet">   --->   Core 144 'PartSet' <Latency = 0> <II = 1> <Delay = 1.15> <FuncUnit> <Opcode : 'partset'> <InPorts = 3> <OutPorts = 1>
ST_2 : Operation 25 [1/1] (1.61ns)   --->   "%store_ln16 = store i32 %word_2, i32 %word" [../src/sample_packer/sample_packer.cpp:16->../src/vdif_chain.cpp:71]   --->   Operation 25 'store' 'store_ln16' <Predicate = true> <Delay = 1.61>
ST_2 : Operation 26 [1/1] (0.00ns)   --->   "%br_ln33 = br void %for.inc18.i" [../src/sample_packer/sample_packer.cpp:33->../src/vdif_chain.cpp:71]   --->   Operation 26 'br' 'br_ln33' <Predicate = true> <Delay = 0.00>


============================================================
+ Verbose Summary: Timing violations
============================================================
Target clock period: 10.000ns, clock uncertainty: 2.700ns.

 <State 1>: 4.997ns
The critical path consists of the following:
	'store' operation ('store_ln33', ../src/sample_packer/sample_packer.cpp:33->../src/vdif_chain.cpp:71) of constant 0 4 bit on local variable 'i', ../src/sample_packer/sample_packer.cpp:33->../src/vdif_chain.cpp:71 [6]  (1.610 ns)
	'load' operation 4 bit ('i', ../src/sample_packer/sample_packer.cpp:33->../src/vdif_chain.cpp:71) on local variable 'i', ../src/sample_packer/sample_packer.cpp:33->../src/vdif_chain.cpp:71 [10]  (0.000 ns)
	'add' operation 4 bit ('i', ../src/sample_packer/sample_packer.cpp:33->../src/vdif_chain.cpp:71) [12]  (1.777 ns)
	'store' operation ('store_ln33', ../src/sample_packer/sample_packer.cpp:33->../src/vdif_chain.cpp:71) of variable 'i', ../src/sample_packer/sample_packer.cpp:33->../src/vdif_chain.cpp:71 4 bit on local variable 'i', ../src/sample_packer/sample_packer.cpp:33->../src/vdif_chain.cpp:71 [24]  (1.610 ns)

 <State 2>: 3.283ns
The critical path consists of the following:
	axis read operation ('adc_in_read', ../src/sample_packer/sample_packer.cpp:37->../src/vdif_chain.cpp:71) on port 'adc_in' (../src/sample_packer/sample_packer.cpp:37->../src/vdif_chain.cpp:71) [19]  (0.518 ns)
	'store' operation ('store_ln16', ../src/sample_packer/sample_packer.cpp:16->../src/vdif_chain.cpp:71) of variable 'word', ../src/sample_packer/sample_packer.cpp:38->../src/vdif_chain.cpp:71 32 bit on local variable 'word', ../src/sample_packer/sample_packer.cpp:16->../src/vdif_chain.cpp:71 [25]  (1.610 ns)
	blocking operation 1.155 ns on control path)


============================================================
+ Verbose Summary: Binding
============================================================
N/A
* FSMD analyzer results:
  - Output states:
 - Input state : 
  - Chain level:
	State 1
	State 2


============================================================
+ Verbose Summary: Datapath Resource usage 
============================================================
N/A
