

================================================================
== Vitis HLS Report for 'write_header'
================================================================
* Date:           Wed Jun 24 16:57:19 2026

* Version:        2025.2 (Build 6295257 on Nov 14 2025)
* Project:        vdif_chain
* Solution:       hls (Vivado IP Flow Target)
* Product family: artix7
* Target device:  xc7a12t-cpg238-1


================================================================
== Performance Estimates
================================================================
+ Timing: 
    * Summary: 
    +--------+----------+----------+------------+
    |  Clock |  Target  | Estimated| Uncertainty|
    +--------+----------+----------+------------+
    |ap_clk  |  10.00 ns|  4.997 ns|     2.70 ns|
    +--------+----------+----------+------------+

+ Latency: 
    * Summary: 
    +---------+---------+----------+----------+-----+-----+-------------------+
    |  Latency (cycles) |  Latency (absolute) |  Interval |      Pipeline     |
    |   min   |   max   |    min   |    max   | min | max |        Type       |
    +---------+---------+----------+----------+-----+-----+-------------------+
    |       10|       10|  0.100 us|  0.100 us|    0|    0|  loop pipeline stp|
    +---------+---------+----------+----------+-----+-----+-------------------+

    + Detail: 
        * Instance: 
        N/A

        * Loop: 
        +-------------------+---------+---------+----------+-----------+-----------+------+----------+
        |                   |  Latency (cycles) | Iteration|  Initiation Interval  | Trip |          |
        |     Loop Name     |   min   |   max   |  Latency |  achieved |   target  | Count| Pipelined|
        +-------------------+---------+---------+----------+-----------+-----------+------+----------+
        |- VITIS_LOOP_15_1  |        8|        8|         2|          1|          1|     8|       yes|
        +-------------------+---------+---------+----------+-----------+-----------+------+----------+

============================================================
+ Verbose Summary: Synthesis Manager
============================================================
InlineROM: 1
ExposeGlobal: 0
============================================================
+ Verbose Summary: CDFG Model
============================================================
IsTopModel: 0
ResetActiveHigh: 1
IsCombinational: 0
IsDatapathOnly: 0
HasWiredReturn: 1
HasMFsm: 2
HasVarLatency: 1
IsPipeline: 0
IsRtlPipelined: 0
IsInstanceOverlapped: 0
IsDontTouch: 0
HasImplIP: 0
IsGatedGlobalClock: 0

+ Individual pipeline summary: 
  * Pipeline-0: initiation interval (II) = 1, depth = 2


============================================================
+ Verbose Summary: Schedule
============================================================
* Number of FSM states : 2
* Pipeline : 1
  Pipeline-0 : II = 1, D = 2, States = { 1 2 }
* Dataflow Pipeline: 0

* FSM state transitions: 
1 --> 2 
2 --> 

* FSM state operations: 

State 1 <SV = 0> <Delay = 4.99>
ST_1 : Operation 5 [1/1] (0.00ns)   --->   "%i = alloca i32 1" [../src/write_header.cpp:15]   --->   Operation 5 'alloca' 'i' <Predicate = true> <Delay = 0.00>
ST_1 : Operation 6 [1/1] (0.00ns)   --->   "%specaxissidechannel_ln0 = specaxissidechannel void @_ssdm_op_SpecAXISSideChannel, i32 %out_stream_V_data_V, i4 %out_stream_V_keep_V, i4 %out_stream_V_strb_V, i1 0, i1 %out_stream_V_last_V, i1 0, i1 0, void @empty_7"   --->   Operation 6 'specaxissidechannel' 'specaxissidechannel_ln0' <Predicate = true> <Delay = 0.00>
ST_1 : Operation 7 [1/1] (0.00ns)   --->   "%specinterface_ln0 = specinterface void @_ssdm_op_SpecInterface, i1 %out_stream_V_last_V, void @empty_13, i32 0, i32 0, void @empty_12, i32 0, i32 0, void @empty_11, void @empty_11, void @empty_11, i32 0, i32 0, i32 0, i32 0, void @empty_11, void @empty_11, i32 4294967295, i32 0, i32 0, i32 0"   --->   Operation 7 'specinterface' 'specinterface_ln0' <Predicate = true> <Delay = 0.00>
ST_1 : Operation 8 [1/1] (0.00ns)   --->   "%specinterface_ln0 = specinterface void @_ssdm_op_SpecInterface, i4 %out_stream_V_strb_V, void @empty_13, i32 0, i32 0, void @empty_12, i32 0, i32 0, void @empty_11, void @empty_11, void @empty_11, i32 0, i32 0, i32 0, i32 0, void @empty_11, void @empty_11, i32 4294967295, i32 0, i32 0, i32 0"   --->   Operation 8 'specinterface' 'specinterface_ln0' <Predicate = true> <Delay = 0.00>
ST_1 : Operation 9 [1/1] (0.00ns)   --->   "%specinterface_ln0 = specinterface void @_ssdm_op_SpecInterface, i4 %out_stream_V_keep_V, void @empty_13, i32 0, i32 0, void @empty_12, i32 0, i32 0, void @empty_11, void @empty_11, void @empty_11, i32 0, i32 0, i32 0, i32 0, void @empty_11, void @empty_11, i32 4294967295, i32 0, i32 0, i32 0"   --->   Operation 9 'specinterface' 'specinterface_ln0' <Predicate = true> <Delay = 0.00>
ST_1 : Operation 10 [1/1] (0.00ns)   --->   "%specinterface_ln0 = specinterface void @_ssdm_op_SpecInterface, i32 %out_stream_V_data_V, void @empty_13, i32 0, i32 0, void @empty_12, i32 0, i32 0, void @empty_11, void @empty_11, void @empty_11, i32 0, i32 0, i32 0, i32 0, void @empty_11, void @empty_11, i32 4294967295, i32 0, i32 0, i32 0"   --->   Operation 10 'specinterface' 'specinterface_ln0' <Predicate = true> <Delay = 0.00>
ST_1 : Operation 11 [1/1] (1.61ns)   --->   "%store_ln15 = store i4 0, i4 %i" [../src/write_header.cpp:15]   --->   Operation 11 'store' 'store_ln15' <Predicate = true> <Delay = 1.61>
ST_1 : Operation 12 [1/1] (0.00ns)   --->   "%br_ln15 = br void %for.inc" [../src/write_header.cpp:15]   --->   Operation 12 'br' 'br_ln15' <Predicate = true> <Delay = 0.00>
ST_1 : Operation 13 [1/1] (0.00ns)   --->   "%i_3 = load i4 %i" [../src/write_header.cpp:15]   --->   Operation 13 'load' 'i_3' <Predicate = true> <Delay = 0.00>
ST_1 : Operation 14 [1/1] (1.77ns)   --->   "%icmp_ln15 = icmp_eq  i4 %i_3, i4 8" [../src/write_header.cpp:15]   --->   Operation 14 'icmp' 'icmp_ln15' <Predicate = true> <Delay = 1.77> <CoreInst = "Cmp">   --->   Core 9 'Cmp' <Latency = 0> <II = 1> <Delay = 1.77> <FuncUnit> <Opcode : 'seteq' 'setne' 'setle' 'setge' 'setlt' 'setgt'> <InPorts = 2> <OutPorts = 1>
ST_1 : Operation 15 [1/1] (1.77ns)   --->   "%add_ln15 = add i4 %i_3, i4 1" [../src/write_header.cpp:15]   --->   Operation 15 'add' 'add_ln15' <Predicate = true> <Delay = 1.77> <CoreInst = "Adder">   --->   Core 1 'Adder' <Latency = 0> <II = 1> <Delay = 1.77> <FuncUnit> <Opcode : 'add' 'sub'> <InPorts = 2> <OutPorts = 1>
ST_1 : Operation 16 [1/1] (0.00ns)   --->   "%br_ln15 = br i1 %icmp_ln15, void %for.inc.split, void %for.cond.cleanup" [../src/write_header.cpp:15]   --->   Operation 16 'br' 'br_ln15' <Predicate = true> <Delay = 0.00>
ST_1 : Operation 17 [1/1] (0.00ns)   --->   "%zext_ln15 = zext i4 %i_3" [../src/write_header.cpp:15]   --->   Operation 17 'zext' 'zext_ln15' <Predicate = (!icmp_ln15)> <Delay = 0.00>
ST_1 : Operation 18 [1/1] (0.00ns)   --->   "%header_addr = getelementptr i32 %header, i64 0, i64 %zext_ln15" [../src/write_header.cpp:19]   --->   Operation 18 'getelementptr' 'header_addr' <Predicate = (!icmp_ln15)> <Delay = 0.00>
ST_1 : Operation 19 [2/2] (2.15ns)   --->   "%header_load = load i3 %header_addr" [../src/write_header.cpp:19]   --->   Operation 19 'load' 'header_load' <Predicate = (!icmp_ln15)> <Delay = 2.15> <CoreInst = "RAM">   --->   Core 81 'RAM' <Latency = 1> <II = 1> <Delay = 2.15> <Storage> <Opcode : 'load' 'store'> <Ports = 2> <Width = 32> <Depth = 8> <RAM>
ST_1 : Operation 20 [1/1] (1.61ns)   --->   "%store_ln15 = store i4 %add_ln15, i4 %i" [../src/write_header.cpp:15]   --->   Operation 20 'store' 'store_ln15' <Predicate = (!icmp_ln15)> <Delay = 1.61>
ST_1 : Operation 27 [1/1] (1.61ns)   --->   "%ret_ln24 = ret" [../src/write_header.cpp:24]   --->   Operation 27 'ret' 'ret_ln24' <Predicate = (icmp_ln15)> <Delay = 1.61>

State 2 <SV = 1> <Delay = 3.47>
ST_2 : Operation 21 [1/1] (0.00ns)   --->   "%specpipeline_ln17 = specpipeline void @_ssdm_op_SpecPipeline, i32 1, i32 0, i32 0, i32 0, i32 4294967295, void @empty_11" [../src/write_header.cpp:17]   --->   Operation 21 'specpipeline' 'specpipeline_ln17' <Predicate = true> <Delay = 0.00>
ST_2 : Operation 22 [1/1] (0.00ns)   --->   "%speclooptripcount_ln15 = speclooptripcount void @_ssdm_op_SpecLoopTripCount, i64 8, i64 8, i64 8" [../src/write_header.cpp:15]   --->   Operation 22 'speclooptripcount' 'speclooptripcount_ln15' <Predicate = true> <Delay = 0.00>
ST_2 : Operation 23 [1/1] (0.00ns)   --->   "%specloopname_ln15 = specloopname void @_ssdm_op_SpecLoopName, void @empty_2" [../src/write_header.cpp:15]   --->   Operation 23 'specloopname' 'specloopname_ln15' <Predicate = true> <Delay = 0.00>
ST_2 : Operation 24 [1/2] ( I:2.15ns O:2.15ns )   --->   "%header_load = load i3 %header_addr" [../src/write_header.cpp:19]   --->   Operation 24 'load' 'header_load' <Predicate = true> <Delay = 2.15> <CoreInst = "RAM">   --->   Core 81 'RAM' <Latency = 1> <II = 1> <Delay = 2.15> <Storage> <Opcode : 'load' 'store'> <Ports = 2> <Width = 32> <Depth = 8> <RAM>
ST_2 : Operation 25 [1/1] ( I:1.31ns O:1.31ns )   --->   "%write_ln22 = write void @_ssdm_op_Write.axis.volatile.i32P0A.i4P0A.i4P0A.i1P0A, i32 %out_stream_V_data_V, i4 %out_stream_V_keep_V, i4 %out_stream_V_strb_V, i1 %out_stream_V_last_V, i32 %header_load, i4 15, i4 15, i1 0" [../src/write_header.cpp:22]   --->   Operation 25 'write' 'write_ln22' <Predicate = true> <Delay = 1.31> <CoreInst = "regslice">   --->   Core 135 'regslice' <Latency = 0> <II = 1> <Delay = 2.05> <Adapter> <Opcode : 'read' 'write'>
ST_2 : Operation 26 [1/1] (0.00ns)   --->   "%br_ln15 = br void %for.inc" [../src/write_header.cpp:15]   --->   Operation 26 'br' 'br_ln15' <Predicate = true> <Delay = 0.00>


============================================================
+ Verbose Summary: Timing violations
============================================================
Target clock period: 10.000ns, clock uncertainty: 2.700ns.

 <State 1>: 4.997ns
The critical path consists of the following:
	'store' operation ('store_ln15', ../src/write_header.cpp:15) of constant 0 4 bit on local variable 'i', ../src/write_header.cpp:15 [12]  (1.610 ns)
	'load' operation 4 bit ('i', ../src/write_header.cpp:15) on local variable 'i', ../src/write_header.cpp:15 [15]  (0.000 ns)
	'icmp' operation 1 bit ('icmp_ln15', ../src/write_header.cpp:15) [16]  (1.777 ns)
	'store' operation ('store_ln15', ../src/write_header.cpp:15) of variable 'add_ln15', ../src/write_header.cpp:15 4 bit on local variable 'i', ../src/write_header.cpp:15 [27]  (1.610 ns)

 <State 2>: 3.470ns
The critical path consists of the following:
	'load' operation 32 bit ('header_load', ../src/write_header.cpp:19) on array 'header' [25]  (2.152 ns)
	axis write operation ('write_ln22', ../src/write_header.cpp:22) on port 'out_stream_V_data_V' (../src/write_header.cpp:22) [26]  (1.318 ns)


============================================================
+ Verbose Summary: Binding
============================================================
N/A
* FSMD analyzer results:
  - Output states:
 - Input state : 
  - Chain level:
	State 1
	State 2


============================================================
+ Verbose Summary: Datapath Resource usage 
============================================================
N/A
