

================================================================
== Vitis HLS Report for 'write_payload'
================================================================
* Date:           Wed Jun 24 16:57:19 2026

* Version:        2025.2 (Build 6295257 on Nov 14 2025)
* Project:        vdif_chain
* Solution:       hls (Vivado IP Flow Target)
* Product family: artix7
* Target device:  xc7a12t-cpg238-1


================================================================
== Performance Estimates
================================================================
+ Timing: 
    * Summary: 
    +--------+----------+----------+------------+
    |  Clock |  Target  | Estimated| Uncertainty|
    +--------+----------+----------+------------+
    |ap_clk  |  10.00 ns|  5.902 ns|     2.70 ns|
    +--------+----------+----------+------------+

+ Latency: 
    * Summary: 
    +---------+---------+-----------+----------+-----+-------+---------+
    |  Latency (cycles) |  Latency (absolute)  |   Interval  | Pipeline|
    |   min   |   max   |    min    |    max   | min |  max  |   Type  |
    +---------+---------+-----------+----------+-----+-------+---------+
    |        3|    65538|  30.000 ns|  0.655 ms|    3|  65538|       no|
    +---------+---------+-----------+----------+-----+-------+---------+

    + Detail: 
        * Instance: 
        +--------------------------------------------------+----------------------------------------+---------+---------+-----------+----------+-----+-----+-------------------+
        |                                                  |                                        |  Latency (cycles) |  Latency (absolute)  |  Interval |      Pipeline     |
        |                     Instance                     |                 Module                 |   min   |   max   |    min    |    max   | min | max |        Type       |
        +--------------------------------------------------+----------------------------------------+---------+---------+-----------+----------+-----+-----+-------------------+
        |grp_write_payload_Pipeline_VITIS_LOOP_16_1_fu_44  |write_payload_Pipeline_VITIS_LOOP_16_1  |        2|    65537|  20.000 ns|  0.655 ms|    0|    0|  loop pipeline stp|
        +--------------------------------------------------+----------------------------------------+---------+---------+-----------+----------+-----+-----+-------------------+

        * Loop: 
        N/A

============================================================
+ Verbose Summary: Synthesis Manager
============================================================
InlineROM: 1
ExposeGlobal: 0
============================================================
+ Verbose Summary: CDFG Model
============================================================
IsTopModel: 0
ResetActiveHigh: 1
IsCombinational: 0
IsDatapathOnly: 0
HasWiredReturn: 1
HasMFsm: 0
HasVarLatency: 1
IsPipeline: 0
IsRtlPipelined: 0
IsInstanceOverlapped: 0
IsDontTouch: 0
HasImplIP: 0
IsGatedGlobalClock: 0


============================================================
+ Verbose Summary: Schedule
============================================================
* Number of FSM states : 2
* Pipeline : 0
* Dataflow Pipeline: 0

* FSM state transitions: 
1 --> 2 
2 --> 

* FSM state operations: 

State 1 <SV = 0> <Delay = 5.90>
ST_1 : Operation 3 [1/1] (0.00ns)   --->   "%payload_words_read = read i16 @_ssdm_op_Read.ap_auto.i16, i16 %payload_words" [../src/write_payload.cpp:10]   --->   Operation 3 'read' 'payload_words_read' <Predicate = true> <Delay = 0.00>
ST_1 : Operation 4 [1/1] (0.00ns)   --->   "%zext_ln22 = zext i16 %payload_words_read" [../src/write_payload.cpp:22]   --->   Operation 4 'zext' 'zext_ln22' <Predicate = true> <Delay = 0.00>
ST_1 : Operation 5 [1/1] (2.14ns)   --->   "%add_ln22 = add i17 %zext_ln22, i17 131071" [../src/write_payload.cpp:22]   --->   Operation 5 'add' 'add_ln22' <Predicate = true> <Delay = 2.14> <CoreInst = "Adder">   --->   Core 1 'Adder' <Latency = 0> <II = 1> <Delay = 2.14> <FuncUnit> <Opcode : 'add' 'sub'> <InPorts = 2> <OutPorts = 1>
ST_1 : Operation 6 [2/2] (3.75ns)   --->   "%call_ln10 = call void @write_payload_Pipeline_VITIS_LOOP_16_1, i16 %payload_words_read, i32 %fifo, i17 %add_ln22, i32 %out_stream_V_data_V, i4 %out_stream_V_keep_V, i4 %out_stream_V_strb_V, i1 %out_stream_V_last_V" [../src/write_payload.cpp:10]   --->   Operation 6 'call' 'call_ln10' <Predicate = true> <Delay = 3.75> <CoreType = "Generic">   --->   Generic Core

State 2 <SV = 1> <Delay = 5.36>
ST_2 : Operation 7 [1/1] (0.00ns)   --->   "%specaxissidechannel_ln0 = specaxissidechannel void @_ssdm_op_SpecAXISSideChannel, i32 %out_stream_V_data_V, i4 %out_stream_V_keep_V, i4 %out_stream_V_strb_V, i1 0, i1 %out_stream_V_last_V, i1 0, i1 0, void @empty_7"   --->   Operation 7 'specaxissidechannel' 'specaxissidechannel_ln0' <Predicate = true> <Delay = 0.00>
ST_2 : Operation 8 [1/1] (0.00ns)   --->   "%specinterface_ln0 = specinterface void @_ssdm_op_SpecInterface, i1 %out_stream_V_last_V, void @empty_13, i32 0, i32 0, void @empty_12, i32 0, i32 0, void @empty_11, void @empty_11, void @empty_11, i32 0, i32 0, i32 0, i32 0, void @empty_11, void @empty_11, i32 4294967295, i32 0, i32 0, i32 0"   --->   Operation 8 'specinterface' 'specinterface_ln0' <Predicate = true> <Delay = 0.00>
ST_2 : Operation 9 [1/1] (0.00ns)   --->   "%specinterface_ln0 = specinterface void @_ssdm_op_SpecInterface, i4 %out_stream_V_strb_V, void @empty_13, i32 0, i32 0, void @empty_12, i32 0, i32 0, void @empty_11, void @empty_11, void @empty_11, i32 0, i32 0, i32 0, i32 0, void @empty_11, void @empty_11, i32 4294967295, i32 0, i32 0, i32 0"   --->   Operation 9 'specinterface' 'specinterface_ln0' <Predicate = true> <Delay = 0.00>
ST_2 : Operation 10 [1/1] (0.00ns)   --->   "%specinterface_ln0 = specinterface void @_ssdm_op_SpecInterface, i4 %out_stream_V_keep_V, void @empty_13, i32 0, i32 0, void @empty_12, i32 0, i32 0, void @empty_11, void @empty_11, void @empty_11, i32 0, i32 0, i32 0, i32 0, void @empty_11, void @empty_11, i32 4294967295, i32 0, i32 0, i32 0"   --->   Operation 10 'specinterface' 'specinterface_ln0' <Predicate = true> <Delay = 0.00>
ST_2 : Operation 11 [1/1] (0.00ns)   --->   "%specinterface_ln0 = specinterface void @_ssdm_op_SpecInterface, i32 %out_stream_V_data_V, void @empty_13, i32 0, i32 0, void @empty_12, i32 0, i32 0, void @empty_11, void @empty_11, void @empty_11, i32 0, i32 0, i32 0, i32 0, void @empty_11, void @empty_11, i32 4294967295, i32 0, i32 0, i32 0"   --->   Operation 11 'specinterface' 'specinterface_ln0' <Predicate = true> <Delay = 0.00>
ST_2 : Operation 12 [1/1] (0.00ns)   --->   "%specinterface_ln0 = specinterface void @_ssdm_op_SpecInterface, i32 %fifo, void @empty_8, i32 0, i32 0, void @empty_11, i32 0, i32 0, void @empty_11, void @empty_11, void @empty_11, i32 0, i32 0, i32 0, i32 0, void @empty_11, void @empty_11, i32 4294967295, i32 0, i32 0, i32 0"   --->   Operation 12 'specinterface' 'specinterface_ln0' <Predicate = true> <Delay = 0.00>
ST_2 : Operation 13 [1/2] (5.36ns)   --->   "%call_ln10 = call void @write_payload_Pipeline_VITIS_LOOP_16_1, i16 %payload_words_read, i32 %fifo, i17 %add_ln22, i32 %out_stream_V_data_V, i4 %out_stream_V_keep_V, i4 %out_stream_V_strb_V, i1 %out_stream_V_last_V" [../src/write_payload.cpp:10]   --->   Operation 13 'call' 'call_ln10' <Predicate = true> <Delay = 5.36> <CoreType = "Generic">   --->   Generic Core
ST_2 : Operation 14 [1/1] (0.00ns)   --->   "%ret_ln29 = ret" [../src/write_payload.cpp:29]   --->   Operation 14 'ret' 'ret_ln29' <Predicate = true> <Delay = 0.00>


============================================================
+ Verbose Summary: Binding
============================================================
STG Binding: 
---------------- STG Properties BEGIN ----------------
- Is combinational: 0
- Is one-state seq: 0
- Is datapath-only: 0
- Is pipelined: 0
- Is top level: 0
Port [ Return ] is wired: 1; IO mode=ap_ctrl_hs:ce=0
Port [ fifo]:  wired=1; compound=1; hidden=0; nouse=0; global=0; static=0; extern=0; dir=0; type=3; pingpong=0; private_global=0; IO mode=ap_fifo:ce=0
Port [ out_stream_V_data_V]:  wired=1; compound=1; hidden=0; nouse=0; global=0; static=0; extern=0; dir=1; type=0; pingpong=0; private_global=0; IO mode=axis:ce=0
Port [ out_stream_V_keep_V]:  wired=1; compound=1; hidden=0; nouse=0; global=0; static=0; extern=0; dir=1; type=0; pingpong=0; private_global=0; IO mode=axis:ce=0
Port [ out_stream_V_strb_V]:  wired=1; compound=1; hidden=0; nouse=0; global=0; static=0; extern=0; dir=1; type=0; pingpong=0; private_global=0; IO mode=axis:ce=0
Port [ out_stream_V_last_V]:  wired=1; compound=1; hidden=0; nouse=0; global=0; static=0; extern=0; dir=1; type=0; pingpong=0; private_global=0; IO mode=axis:ce=0
Port [ payload_words]:  wired=1; compound=0; hidden=0; nouse=0; global=0; static=0; extern=0; dir=0; type=0; pingpong=0; private_global=0; IO mode=ap_none:ce=0
---------------- STG Properties END ------------------

---------------- Datapath Model BEGIN ----------------

<LifeTime>
<method=bitvector/>
payload_words_read      (read               ) [ 001]
zext_ln22               (zext               ) [ 000]
add_ln22                (add                ) [ 001]
specaxissidechannel_ln0 (specaxissidechannel) [ 000]
specinterface_ln0       (specinterface      ) [ 000]
specinterface_ln0       (specinterface      ) [ 000]
specinterface_ln0       (specinterface      ) [ 000]
specinterface_ln0       (specinterface      ) [ 000]
specinterface_ln0       (specinterface      ) [ 000]
call_ln10               (call               ) [ 000]
ret_ln29                (ret                ) [ 000]
</LifeTime>

<model>

<comp_list>
<comp id="0" class="1000" name="fifo">
<pin_list>
<pin id="1" dir="1" index="0" bw="1" slack="0"/>
</pin_list>
<bind>
<StgValue><ssdm name="fifo"/></StgValue>
</bind>
</comp>

<comp id="2" class="1000" name="out_stream_V_data_V">
<pin_list>
<pin id="3" dir="1" index="0" bw="1" slack="0"/>
</pin_list>
<bind>
<StgValue><ssdm name="out_stream_V_data_V"/></StgValue>
</bind>
</comp>

<comp id="4" class="1000" name="out_stream_V_keep_V">
<pin_list>
<pin id="5" dir="1" index="0" bw="1" slack="0"/>
</pin_list>
<bind>
<StgValue><ssdm name="out_stream_V_keep_V"/></StgValue>
</bind>
</comp>

<comp id="6" class="1000" name="out_stream_V_strb_V">
<pin_list>
<pin id="7" dir="1" index="0" bw="1" slack="0"/>
</pin_list>
<bind>
<StgValue><ssdm name="out_stream_V_strb_V"/></StgValue>
</bind>
</comp>

<comp id="8" class="1000" name="out_stream_V_last_V">
<pin_list>
<pin id="9" dir="1" index="0" bw="1" slack="0"/>
</pin_list>
<bind>
<StgValue><ssdm name="out_stream_V_last_V"/></StgValue>
</bind>
</comp>

<comp id="10" class="1000" name="payload_words">
<pin_list>
<pin id="11" dir="1" index="0" bw="1" slack="0"/>
</pin_list>
<bind>
<StgValue><ssdm name="payload_words"/></StgValue>
</bind>
</comp>

<comp id="12" class="1001" name="const_12">
<pin_list>
<pin id="13" dir="1" index="0" bw="1" slack="0"/>
</pin_list>
<bind>
<StgValue><ssdm name="_ssdm_op_Read.ap_auto.i16"/></StgValue>
</bind>
</comp>

<comp id="14" class="1001" name="const_14">
<pin_list>
<pin id="15" dir="1" index="0" bw="1" slack="0"/>
</pin_list>
<bind>
<StgValue><ssdm name=""/></StgValue>
</bind>
</comp>

<comp id="16" class="1001" name="const_16">
<pin_list>
<pin id="17" dir="1" index="0" bw="1" slack="0"/>
</pin_list>
<bind>
<StgValue><ssdm name="write_payload_Pipeline_VITIS_LOOP_16_1"/></StgValue>
</bind>
</comp>

<comp id="18" class="1001" name="const_18">
<pin_list>
<pin id="19" dir="1" index="0" bw="1" slack="2147483647"/>
</pin_list>
<bind>
<StgValue><ssdm name="_ssdm_op_SpecAXISSideChannel"/></StgValue>
</bind>
</comp>

<comp id="20" class="1001" name="const_20">
<pin_list>
<pin id="21" dir="1" index="0" bw="1" slack="2147483647"/>
</pin_list>
<bind>
<StgValue><ssdm name=""/></StgValue>
</bind>
</comp>

<comp id="22" class="1001" name="const_22">
<pin_list>
<pin id="23" dir="1" index="0" bw="1" slack="2147483647"/>
</pin_list>
<bind>
<StgValue><ssdm name="empty_7"/></StgValue>
</bind>
</comp>

<comp id="24" class="1001" name="const_24">
<pin_list>
<pin id="25" dir="1" index="0" bw="1" slack="2147483647"/>
</pin_list>
<bind>
<StgValue><ssdm name="_ssdm_op_SpecInterface"/></StgValue>
</bind>
</comp>

<comp id="26" class="1001" name="const_26">
<pin_list>
<pin id="27" dir="1" index="0" bw="1" slack="2147483647"/>
</pin_list>
<bind>
<StgValue><ssdm name="empty_13"/></StgValue>
</bind>
</comp>

<comp id="28" class="1001" name="const_28">
<pin_list>
<pin id="29" dir="1" index="0" bw="1" slack="2147483647"/>
</pin_list>
<bind>
<StgValue><ssdm name=""/></StgValue>
</bind>
</comp>

<comp id="30" class="1001" name="const_30">
<pin_list>
<pin id="31" dir="1" index="0" bw="1" slack="2147483647"/>
</pin_list>
<bind>
<StgValue><ssdm name="empty_12"/></StgValue>
</bind>
</comp>

<comp id="32" class="1001" name="const_32">
<pin_list>
<pin id="33" dir="1" index="0" bw="1" slack="2147483647"/>
</pin_list>
<bind>
<StgValue><ssdm name="empty_11"/></StgValue>
</bind>
</comp>

<comp id="34" class="1001" name="const_34">
<pin_list>
<pin id="35" dir="1" index="0" bw="1" slack="2147483647"/>
</pin_list>
<bind>
<StgValue><ssdm name=""/></StgValue>
</bind>
</comp>

<comp id="36" class="1001" name="const_36">
<pin_list>
<pin id="37" dir="1" index="0" bw="1" slack="2147483647"/>
</pin_list>
<bind>
<StgValue><ssdm name="empty_8"/></StgValue>
</bind>
</comp>

<comp id="38" class="1004" name="payload_words_read_read_fu_38">
<pin_list>
<pin id="39" dir="0" index="0" bw="16" slack="0"/>
<pin id="40" dir="0" index="1" bw="16" slack="0"/>
<pin id="41" dir="1" index="2" bw="16" slack="0"/>
</pin_list>
<bind>
<opcode="read(1150) " fcode="read"/>
<opset="payload_words_read/1 "/>
</bind>
</comp>

<comp id="44" class="1004" name="grp_write_payload_Pipeline_VITIS_LOOP_16_1_fu_44">
<pin_list>
<pin id="45" dir="0" index="0" bw="0" slack="0"/>
<pin id="46" dir="0" index="1" bw="16" slack="0"/>
<pin id="47" dir="0" index="2" bw="32" slack="0"/>
<pin id="48" dir="0" index="3" bw="17" slack="0"/>
<pin id="49" dir="0" index="4" bw="32" slack="0"/>
<pin id="50" dir="0" index="5" bw="4" slack="0"/>
<pin id="51" dir="0" index="6" bw="4" slack="0"/>
<pin id="52" dir="0" index="7" bw="1" slack="0"/>
<pin id="53" dir="1" index="8" bw="0" slack="2147483647"/>
</pin_list>
<bind>
<opcode="call(48) " fcode="call"/>
<opset="call_ln10/1 "/>
</bind>
</comp>

<comp id="61" class="1004" name="zext_ln22_fu_61">
<pin_list>
<pin id="62" dir="0" index="0" bw="16" slack="0"/>
<pin id="63" dir="1" index="1" bw="17" slack="0"/>
</pin_list>
<bind>
<opcode="zext(34) " fcode="zext"/>
<opset="zext_ln22/1 "/>
</bind>
</comp>

<comp id="65" class="1004" name="add_ln22_fu_65">
<pin_list>
<pin id="66" dir="0" index="0" bw="16" slack="0"/>
<pin id="67" dir="0" index="1" bw="1" slack="0"/>
<pin id="68" dir="1" index="2" bw="17" slack="0"/>
</pin_list>
<bind>
<opcode="add(8) " fcode="add"/>
<opset="add_ln22/1 "/>
</bind>
</comp>

<comp id="72" class="1005" name="payload_words_read_reg_72">
<pin_list>
<pin id="73" dir="0" index="0" bw="16" slack="1"/>
<pin id="74" dir="1" index="1" bw="16" slack="1"/>
</pin_list>
<bind>
<opset="payload_words_read "/>
</bind>
</comp>

<comp id="77" class="1005" name="add_ln22_reg_77">
<pin_list>
<pin id="78" dir="0" index="0" bw="17" slack="1"/>
<pin id="79" dir="1" index="1" bw="17" slack="1"/>
</pin_list>
<bind>
<opset="add_ln22 "/>
</bind>
</comp>

</comp_list>

<net_list>
<net id="42"><net_src comp="12" pin="0"/><net_sink comp="38" pin=0"/></net>

<net id="43"><net_src comp="10" pin="0"/><net_sink comp="38" pin=1"/></net>

<net id="54"><net_src comp="16" pin="0"/><net_sink comp="44" pin=0"/></net>

<net id="55"><net_src comp="38" pin="2"/><net_sink comp="44" pin=1"/></net>

<net id="56"><net_src comp="0" pin="0"/><net_sink comp="44" pin=2"/></net>

<net id="57"><net_src comp="2" pin="0"/><net_sink comp="44" pin=4"/></net>

<net id="58"><net_src comp="4" pin="0"/><net_sink comp="44" pin=5"/></net>

<net id="59"><net_src comp="6" pin="0"/><net_sink comp="44" pin=6"/></net>

<net id="60"><net_src comp="8" pin="0"/><net_sink comp="44" pin=7"/></net>

<net id="64"><net_src comp="38" pin="2"/><net_sink comp="61" pin=0"/></net>

<net id="69"><net_src comp="61" pin="1"/><net_sink comp="65" pin=0"/></net>

<net id="70"><net_src comp="14" pin="0"/><net_sink comp="65" pin=1"/></net>

<net id="71"><net_src comp="65" pin="2"/><net_sink comp="44" pin=3"/></net>

<net id="75"><net_src comp="38" pin="2"/><net_sink comp="72" pin=0"/></net>

<net id="76"><net_src comp="72" pin="1"/><net_sink comp="44" pin=1"/></net>

<net id="80"><net_src comp="65" pin="2"/><net_sink comp="77" pin=0"/></net>

<net id="81"><net_src comp="77" pin="1"/><net_sink comp="44" pin=3"/></net>

</net_list>

</model> 
---------------- Datapath Model END ------------------

* FSMD analyzer results:
  - Output states:
	Port: out_stream_V_data_V | {1 2 }
	Port: out_stream_V_keep_V | {1 2 }
	Port: out_stream_V_strb_V | {1 2 }
	Port: out_stream_V_last_V | {1 2 }
 - Input state : 
	Port: write_payload : fifo | {1 2 }
	Port: write_payload : payload_words | {1 }
  - Chain level:
	State 1
		add_ln22 : 1
		call_ln10 : 2
	State 2


============================================================
+ Verbose Summary: Datapath Resource usage 
============================================================

* Functional unit list:
|----------|--------------------------------------------------|---------|---------|
| Operation|                  Functional Unit                 |    FF   |   LUT   |
|----------|--------------------------------------------------|---------|---------|
|   call   | grp_write_payload_Pipeline_VITIS_LOOP_16_1_fu_44 |    17   |    70   |
|----------|--------------------------------------------------|---------|---------|
|    add   |                  add_ln22_fu_65                  |    0    |    23   |
|----------|--------------------------------------------------|---------|---------|
|   read   |           payload_words_read_read_fu_38          |    0    |    0    |
|----------|--------------------------------------------------|---------|---------|
|   zext   |                  zext_ln22_fu_61                 |    0    |    0    |
|----------|--------------------------------------------------|---------|---------|
|   Total  |                                                  |    17   |    93   |
|----------|--------------------------------------------------|---------|---------|

Memories:
N/A

* Register list:
+-------------------------+--------+
|                         |   FF   |
+-------------------------+--------+
|     add_ln22_reg_77     |   17   |
|payload_words_read_reg_72|   16   |
+-------------------------+--------+
|          Total          |   33   |
+-------------------------+--------+

* Multiplexer (MUX) list: 
|--------------------------------------------------|------|------|------|--------||---------||---------||---------|
|                       Comp                       |  Pin | Size |  BW  | S x BW ||  Delay  ||    FF   ||   LUT   |
|--------------------------------------------------|------|------|------|--------||---------||---------||---------|
| grp_write_payload_Pipeline_VITIS_LOOP_16_1_fu_44 |  p1  |   2  |  16  |   32   ||    0    ||    9    |
| grp_write_payload_Pipeline_VITIS_LOOP_16_1_fu_44 |  p3  |   2  |  17  |   34   ||    0    ||    9    |
|--------------------------------------------------|------|------|------|--------||---------||---------||---------|
|                       Total                      |      |      |      |   66   ||   3.22  ||    0    ||    18   |
|--------------------------------------------------|------|------|------|--------||---------||---------||---------|



* Summary:
+-----------+--------+--------+--------+
|           |  Delay |   FF   |   LUT  |
+-----------+--------+--------+--------+
|  Function |    -   |   17   |   93   |
|   Memory  |    -   |    -   |    -   |
|Multiplexer|    3   |    0   |   18   |
|  Register |    -   |   33   |    -   |
+-----------+--------+--------+--------+
|   Total   |    3   |   50   |   111  |
+-----------+--------+--------+--------+
