

================================================================
== Synthesis Summary Report of 'vdif_chain'
================================================================
+ General Information: 
    * Date:           Wed Jun 24 16:57:31 2026
    * Version:        2025.2 (Build 6295257 on Nov 14 2025)
    * Project:        vdif_chain
    * Solution:       hls (Vivado IP Flow Target)
    * Product family: artix7
    * Target device:  xc7a12t-cpg238-1
    

* Performance & Resource Estimates: 
+--------------------------------------------------------+--------+---------------+----------+---------+-------+----------+---------+-----------+-------+----------+----+------------+------------+-----+
|                         Modules                        |  Issue |               | Iteration|         |  Trip |          |       Latency       |       |          |    |            |            |     |
|                         & Loops                        |  Type  | Violation Type|  Latency | Interval| Count | Pipelined| (cycles)|    (ns)   | Slack |   BRAM   | DSP|     FF     |     LUT    | URAM|
+--------------------------------------------------------+--------+---------------+----------+---------+-------+----------+---------+-----------+-------+----------+----+------------+------------+-----+
|+ vdif_chain*                                           |  Timing|              -|         -|  1507307|      -|  dataflow|  1507306|  1.507e+07|  -0.11|  28 (70%)|   -|  3162 (19%)|  3545 (44%)|    -|
| + Loop_VITIS_LOOP_79_1_proc                            |       -|              -|         -|  1507306|      -|        no|  1507306|  1.507e+07|   0.01|   4 (10%)|   -|    340 (2%)|    666 (8%)|    -|
|  o VITIS_LOOP_79_1                                     |       -|              -|        23|        -|  65535|        no|  1507305|  1.507e+07|   7.30|         -|   -|           -|           -|    -|
|   + sample_packer                                      |       -|              -|         -|       20|      -|        no|       20|    200.000|   2.16|         -|   -|   133 (~0%)|    423 (5%)|    -|
|    + sample_packer_Pipeline_VITIS_LOOP_47_3            |       -|              -|         -|        -|      -|       yes|        6|     60.000|   2.40|         -|   -|    40 (~0%)|    118 (1%)|    -|
|     o VITIS_LOOP_47_3                                  |       -|              -|         2|        1|      4|       yes|        4|     40.000|   7.30|         -|   -|           -|           -|    -|
|    + sample_packer_Pipeline_VITIS_LOOP_34_2            |       -|              -|         -|        -|      -|       yes|       10|    100.000|   2.30|         -|   -|    42 (~0%)|    120 (1%)|    -|
|     o VITIS_LOOP_34_2                                  |       -|              -|         2|        1|      8|       yes|        8|     80.000|   7.30|         -|   -|           -|           -|    -|
|    + sample_packer_Pipeline_VITIS_LOOP_21_1            |       -|              -|         -|        -|      -|       yes|       18|    180.000|   2.22|         -|   -|    45 (~0%)|    121 (1%)|    -|
|     o VITIS_LOOP_21_1                                  |       -|              -|         2|        1|     16|       yes|       16|    160.000|   7.30|         -|   -|           -|           -|    -|
| + entry_proc7                                          |       -|              -|         -|        0|      -|        no|        0|      0.000|   3.65|         -|   -|     3 (~0%)|    65 (~0%)|    -|
| + packetizer*                                          |  Timing|              -|         -|    65553|      -|  dataflow|    65558|  6.556e+05|  -0.11|  16 (40%)|   -|  1659 (10%)|  1942 (24%)|    -|
|  + entry_proc                                          |       -|              -|         -|        0|      -|        no|        0|      0.000|   0.00|         -|   -|    18 (~0%)|    128 (1%)|    -|
|  + timestamp_engine                                    |       -|              -|         -|        1|      -|        no|        1|     10.000|   2.04|         -|   -|   111 (~0%)|    119 (1%)|    -|
|  + read_payload                                        |  Timing|              -|         -|    65536|      -|    rewind|    65537|  6.554e+05|  -0.11|         -|   -|    19 (~0%)|    110 (1%)|    -|
|   o VITIS_LOOP_11_1                                    |       -|              -|         2|        1|  65535|       yes|    65535|  6.554e+05|   7.30|         -|   -|           -|           -|    -|
|  + header_generator                                    |       -|              -|         -|        3|      -|        no|        3|     30.000|   1.49|         -|   -|    68 (~0%)|    264 (3%)|    -|
|  + packetizer_Block_entry_out_stream_V_data_V_wr_proc  |       -|              -|         -|    65552|      -|        no|    65552|  6.555e+05|   1.40|         -|   -|   153 (~0%)|    423 (5%)|    -|
|   + write_header                                       |       -|              -|         -|        -|      -|       yes|       10|    100.000|   2.30|         -|   -|     7 (~0%)|    75 (~0%)|    -|
|    o VITIS_LOOP_15_1                                   |       -|              -|         2|        1|      8|       yes|        8|     80.000|   7.30|         -|   -|           -|           -|    -|
|   + write_payload                                      |       -|              -|         -|    65538|      -|        no|    65538|  6.554e+05|   1.40|         -|   -|    81 (~0%)|    207 (2%)|    -|
|    + write_payload_Pipeline_VITIS_LOOP_16_1            |       -|              -|         -|        -|      -|       yes|    65537|  6.554e+05|   1.93|         -|   -|    20 (~0%)|    132 (1%)|    -|
|     o VITIS_LOOP_16_1                                  |       -|              -|         2|        1|  65535|       yes|    65535|  6.554e+05|   7.30|         -|   -|           -|           -|    -|
|  + packetizer_Block_entry_fsm_state_fb_proc            |       -|              -|         -|        0|      -|        no|        0|      0.000|   2.44|         -|   -|     3 (~0%)|    42 (~0%)|    -|
|   + packet_fsm_1                                       |       -|              -|         -|        0|      -|        no|        0|      0.000|   5.69|         -|   -|           -|     9 (~0%)|    -|
|   + packet_fsm_2                                       |       -|              -|         -|        0|      -|        no|        0|      0.000|   5.69|         -|   -|           -|     9 (~0%)|    -|
|   + packet_fsm                                         |       -|              -|         -|        0|      -|        no|        0|      0.000|   5.66|         -|   -|           -|    13 (~0%)|    -|
| + axis_bram_writer                                     |       -|              -|         -|    65539|      -|        no|    65539|  6.554e+05|   1.93|         -|   -|    40 (~0%)|    132 (1%)|    -|
|  + axis_bram_writer_Pipeline_VITIS_LOOP_15_1           |       -|              -|         -|        -|      -|       yes|    65537|  6.554e+05|   1.93|         -|   -|    19 (~0%)|     95 (1%)|    -|
|   o VITIS_LOOP_15_1                                    |       -|              -|         2|        1|  65535|       yes|    65535|  6.554e+05|   7.30|         -|   -|           -|           -|    -|
+--------------------------------------------------------+--------+---------------+----------+---------+-------+----------+---------+-----------+-------+----------+----+------------+------------+-----+
    Name Prefix: '+' for module, 'o' for loop, '*' for dataflow


================================================================
== HW Interfaces
================================================================
* AXIS
+------------+-----------+---------------+-------+-------+-------+--------+-------+--------+
| Interface  | Direction | Register Mode | TDATA | TKEEP | TLAST | TREADY | TSTRB | TVALID |
+------------+-----------+---------------+-------+-------+-------+--------+-------+--------+
| adc_in     | in        | both          | 8     |       |       | 1      |       | 1      |
| out_stream | out       | both          | 32    | 4     | 1     | 1      | 4     | 1      |
+------------+-----------+---------------+-------+-------+-------+--------+-------+--------+

* Other Ports
+-----------------+---------+-----------+----------+
| Port            | Mode    | Direction | Bitwidth |
+-----------------+---------+-----------+----------+
| bits_per_sample | ap_none | in        | 5        |
| complex_data    | ap_none | in        | 1        |
| epoch           | ap_none | in        | 6        |
| payload_words   | ap_none | in        | 16       |
| pps             | ap_none | in        | 1        |
| station_id      | ap_none | in        | 16       |
| thread_id       | ap_none | in        | 10       |
+-----------------+---------+-----------+----------+

* TOP LEVEL CONTROL
+-----------+------------+-----------------------------------+
| Interface | Type       | Ports                             |
+-----------+------------+-----------------------------------+
| ap_clk    | clock      | ap_clk                            |
| ap_rst_n  | reset      | ap_rst_n                          |
| ap_ctrl   | ap_ctrl_hs | ap_done ap_idle ap_ready ap_start |
+-----------+------------+-----------------------------------+


================================================================
== SW I/O Information
================================================================
* Top Function Arguments
+-----------------+-----------+------------------------------------------------------------------------------+
| Argument        | Direction | Datatype                                                                     |
+-----------------+-----------+------------------------------------------------------------------------------+
| adc_in          | in        | stream<ap_uint<8>, 0>&                                                       |
| out_stream      | out       | stream<hls::axis<ap_uint<32>, 0UL, 0UL, 0UL, (unsigned char)'8', false>, 0>& |
| epoch           | in        | ap_uint<6>                                                                   |
| station_id      | in        | ap_uint<16>                                                                  |
| thread_id       | in        | ap_uint<10>                                                                  |
| bits_per_sample | in        | ap_uint<5>                                                                   |
| complex_data    | in        | ap_uint<1>                                                                   |
| pps             | in        | ap_uint<1>                                                                   |
| payload_words   | in        | ap_uint<16>                                                                  |
+-----------------+-----------+------------------------------------------------------------------------------+

* SW-to-HW Mapping
+-----------------+-----------------+-----------+
| Argument        | HW Interface    | HW Type   |
+-----------------+-----------------+-----------+
| adc_in          | adc_in          | interface |
| out_stream      | out_stream      | interface |
| epoch           | epoch           | port      |
| station_id      | station_id      | port      |
| thread_id       | thread_id       | port      |
| bits_per_sample | bits_per_sample | port      |
| complex_data    | complex_data    | port      |
| pps             | pps             | port      |
| payload_words   | payload_words   | port      |
+-----------------+-----------------+-----------+


================================================================
== Bind Op Report
================================================================
+--------------------------------------------------------+-----+--------+-------------------------+-----------+-------------------------+---------+
| Name                                                   | DSP | Pragma | Variable                | Op        | Impl                    | Latency |
+--------------------------------------------------------+-----+--------+-------------------------+-----------+-------------------------+---------+
| + vdif_chain                                           | 0   |        |                         |           |                         |         |
|  + Loop_VITIS_LOOP_79_1_proc                           | 0   |        |                         |           |                         |         |
|    icmp_ln79_fu_163_p2                                 |     |        | icmp_ln79               | seteq     | auto                    | 0       |
|    i_12_fu_168_p2                                      |     |        | i_12                    | add       | fabric                  | 0       |
|   + sample_packer                                      | 0   |        |                         |           |                         |         |
|    + sample_packer_Pipeline_VITIS_LOOP_47_3            | 0   |        |                         |           |                         |         |
|      icmp_ln47_fu_76_p2                                |     |        | icmp_ln47               | seteq     | auto                    | 0       |
|      i_5_fu_82_p2                                      |     |        | i_5                     | add       | fabric                  | 0       |
|      partset_32ns_32ns_8ns_5ns_32_1_1_U11              |     |        | word_1                  | partset   | auto                    | 0       |
|    + sample_packer_Pipeline_VITIS_LOOP_34_2            | 0   |        |                         |           |                         |         |
|      icmp_ln34_fu_78_p2                                |     |        | icmp_ln34               | seteq     | auto                    | 0       |
|      i_6_fu_84_p2                                      |     |        | i_6                     | add       | fabric                  | 0       |
|      partset_32ns_32ns_4ns_5ns_32_1_1_U15              |     |        | word_2                  | partset   | auto                    | 0       |
|    + sample_packer_Pipeline_VITIS_LOOP_21_1            | 0   |        |                         |           |                         |         |
|      icmp_ln21_fu_74_p2                                |     |        | icmp_ln21               | seteq     | auto                    | 0       |
|      i_8_fu_80_p2                                      |     |        | i_8                     | add       | fabric                  | 0       |
|      partset_32ns_32ns_2ns_5ns_32_1_1_U19              |     |        | word_1                  | partset   | auto                    | 0       |
|  + packetizer                                          | 0   |        |                         |           |                         |         |
|   + timestamp_engine                                   | 0   |        |                         |           |                         |         |
|     add_ln16_fu_66_p2                                  |     |        | add_ln16                | add       | fabric                  | 0       |
|     add_ln23_fu_78_p2                                  |     |        | add_ln23                | add       | fabric                  | 0       |
|   + read_payload                                       | 0   |        |                         |           |                         |         |
|     icmp_ln11_fu_74_p2                                 |     |        | icmp_ln11               | seteq     | auto                    | 0       |
|     i_fu_80_p2                                         |     |        | i                       | add       | fabric                  | 0       |
|   + header_generator                                   | 0   |        |                         |           |                         |         |
|     frame_length_fu_264_p2                             |     |        | frame_length            | add       | fabric                  | 0       |
|     add_ln37_fu_305_p2                                 |     |        | add_ln37                | add       | fabric                  | 0       |
|     or_ln37_fu_329_p2                                  |     |        | or_ln37                 | or        | auto                    | 0       |
|   + packetizer_Block_entry_out_stream_V_data_V_wr_proc | 0   |        |                         |           |                         |         |
|    + write_header                                      | 0   |        |                         |           |                         |         |
|      icmp_ln15_fu_99_p2                                |     |        | icmp_ln15               | seteq     | auto                    | 0       |
|      add_ln15_fu_105_p2                                |     |        | add_ln15                | add       | fabric                  | 0       |
|    + write_payload                                     | 0   |        |                         |           |                         |         |
|      add_ln22_fu_65_p2                                 |     |        | add_ln22                | add       | fabric                  | 0       |
|     + write_payload_Pipeline_VITIS_LOOP_16_1           | 0   |        |                         |           |                         |         |
|       icmp_ln16_fu_113_p2                              |     |        | icmp_ln16               | seteq     | auto                    | 0       |
|       i_2_fu_119_p2                                    |     |        | i_2                     | add       | fabric                  | 0       |
|       icmp_ln22_fu_129_p2                              |     |        | icmp_ln22               | seteq     | auto                    | 0       |
|   + packetizer_Block_entry_fsm_state_fb_proc           | 0   |        |                         |           |                         |         |
|    + packet_fsm_1                                      | 0   |        |                         |           |                         |         |
|      sparsemux_5_2_1_1_1_U50                           |     |        | next_state_write_assign | sparsemux | compactencoding_realdef | 0       |
|    + packet_fsm_2                                      | 0   |        |                         |           |                         |         |
|      sparsemux_5_2_2_1_1_U53                           |     |        | next_state_write_assign | sparsemux | compactencoding_realdef | 0       |
|    + packet_fsm                                        | 0   |        |                         |           |                         |         |
|      sparsemux_7_2_1_1_1_U56                           |     |        | next_state_write_assign | sparsemux | compactencoding_realdef | 0       |
|  + axis_bram_writer                                    | 0   |        |                         |           |                         |         |
|   + axis_bram_writer_Pipeline_VITIS_LOOP_15_1          | 0   |        |                         |           |                         |         |
|     icmp_ln15_fu_62_p2                                 |     |        | icmp_ln15               | seteq     | auto                    | 0       |
|     add_ln15_fu_68_p2                                  |     |        | add_ln15                | add       | fabric                  | 0       |
+--------------------------------------------------------+-----+--------+-------------------------+-----------+-------------------------+---------+


================================================================
== Storage Report
================================================================
+------------------------------+-----------------+-------------+------+------+--------+-------------------------+--------+---------+------------------+
| Name                         | Usage           | Type        | BRAM | URAM | Pragma | Variable                | Impl   | Latency | Bitwidth, Depth, |
|                              |                 |             |      |      |        |                         |        |         | Banks            |
+------------------------------+-----------------+-------------+------+------+--------+-------------------------+--------+---------+------------------+
| + vdif_chain                 |                 |             | 28   | 0    |        |                         |        |         |                  |
|   epoch_c_U                  | fifo channel    | scalar prop |      |      |        | epoch_c                 | srl    | 0       | 6, 3, 1          |
|   station_id_c_U             | fifo channel    | scalar prop |      |      |        | station_id_c            | srl    | 0       | 16, 3, 1         |
|   thread_id_c_U              | fifo channel    | scalar prop |      |      |        | thread_id_c             | srl    | 0       | 10, 3, 1         |
|   complex_data_c_U           | fifo channel    | scalar prop |      |      |        | complex_data_c          | srl    | 0       | 1, 3, 1          |
|   pps_c_U                    | fifo channel    | scalar prop |      |      |        | pps_c                   | srl    | 0       | 1, 3, 1          |
|   packetizer_in_U            | fifo channel    | stream      | 4    |      |        | packetizer_in           | memory | 0       | 32, 2048, 1      |
|   bram_stream_U              | fifo channel    | stream      | 4    |      |        | bram_stream             | memory | 0       | 32, 2048, 1      |
|   bits_per_sample_c_U        | fifo channel    | scalar prop |      |      |        | bits_per_sample_c       | srl    | 0       | 5, 2, 1          |
|   payload_words_c_U          | fifo channel    | scalar prop |      |      |        | payload_words_c         | srl    | 0       | 16, 2, 1         |
|   payload_words_c1_U         | fifo channel    | scalar prop |      |      |        | payload_words_c1        | srl    | 0       | 16, 2, 1         |
|  + Loop_VITIS_LOOP_79_1_proc |                 |             | 4    | 0    |        |                         |        |         |                  |
|    packed_stream_fifo_U      | fifo array      |             | 4    |      |        | packed_stream           | memory | 0       | 32, 2048, 1      |
|  + packetizer                |                 |             | 16   | 0    |        |                         |        |         |                  |
|    p_channel_U               | fifo channel    | task level  |      |      |        | p_channel               | srl    | 0       | 16, 2, 1         |
|    epoch_c_U                 | fifo channel    | scalar prop |      |      |        | epoch_c                 | srl    | 0       | 6, 3, 1          |
|    station_id_c_U            | fifo channel    | scalar prop |      |      |        | station_id_c            | srl    | 0       | 16, 3, 1         |
|    thread_id_c_U             | fifo channel    | scalar prop |      |      |        | thread_id_c             | srl    | 0       | 10, 3, 1         |
|    bits_per_sample_c_U       | fifo channel    | scalar prop |      |      |        | bits_per_sample_c       | srl    | 0       | 5, 3, 1          |
|    complex_data_c_U          | fifo channel    | scalar prop |      |      |        | complex_data_c          | srl    | 0       | 1, 3, 1          |
|    payload_words_c1_U        | fifo channel    | scalar prop |      |      |        | payload_words_c1        | srl    | 0       | 16, 3, 1         |
|    seconds_from_epoch_U      | fifo channel    | task level  |      |      |        | seconds_from_epoch      | srl    | 0       | 30, 2, 1         |
|    frame_no_U                | fifo channel    | task level  |      |      |        | frame_no                | srl    | 0       | 24, 2, 1         |
|    header_U                  | ram_t2p channel | pipo        |      |      |        | header                  | auto   | 1       | 32, 8, 2         |
|    payload_words_c_channel_U | fifo channel    | task level  |      |      |        | payload_words_c_channel | srl    | 0       | 16, 2, 1         |
|    fifo_U                    | fifo channel    | stream      | 16   |      |        | fifo                    | memory | 0       | 32, 8192, 1      |
+------------------------------+-----------------+-------------+------+------+--------+-------------------------+--------+---------+------------------+


================================================================
== Pragma Report
================================================================
* Pragmas with Warnings
+----------+---------+------------------------------------------+-----------------------------------------------------------------------------------------------------------------------------------------------------------------------------------------------------------------+
| Type     | Options | Location                                 | Messages                                                                                                                                                                                                        |
+----------+---------+------------------------------------------+-----------------------------------------------------------------------------------------------------------------------------------------------------------------------------------------------------------------+
| DATAFLOW |         | in vdif_chain (../src/vdif_chain.cpp:57) | Since the only kind of statements allowed in a canonical dataflow region are variable declarations and function calls, the compiler may not be able to correctly handle the region                              |
|          |         |                                          | Since the only kind of statements allowed in a canonical dataflow region are variable declarations and function calls, the compiler may not be able to correctly handle the region (../src/vdif_chain.cpp:57:9) |
+----------+---------+------------------------------------------+-----------------------------------------------------------------------------------------------------------------------------------------------------------------------------------------------------------------+

* Valid Pragma Syntax
+----------------+-------------------------------------+--------------------------------------------------------------+
| Type           | Options                             | Location                                                     |
+----------------+-------------------------------------+--------------------------------------------------------------+
| INLINE         | off                                 | in header_generator (../src/header_generator.cpp:18)         |
| INLINE         | off                                 | in packet_fsm (../src/packet_fsm.cpp:18)                     |
| DATAFLOW       |                                     | in packetizer (../src/packetizer2.cpp:62)                    |
| INTERFACE      | ap_fifo port=in_stream              | in packetizer (../src/packetizer2.cpp:63)                    |
| INTERFACE      | axis port=out_stream                | in packetizer (../src/packetizer2.cpp:64)                    |
| INTERFACE      | ap_none port=epoch                  | in packetizer (../src/packetizer2.cpp:66)                    |
| INTERFACE      | ap_none port=station_id             | in packetizer (../src/packetizer2.cpp:67)                    |
| INTERFACE      | ap_none port=thread_id              | in packetizer (../src/packetizer2.cpp:68)                    |
| INTERFACE      | ap_none port=bits_per_sample        | in packetizer (../src/packetizer2.cpp:69)                    |
| INTERFACE      | ap_none port=complex_data           | in packetizer (../src/packetizer2.cpp:70)                    |
| INTERFACE      | ap_none port=pps                    | in packetizer (../src/packetizer2.cpp:71)                    |
| INTERFACE      | ap_ctrl_hs port=return              | in packetizer (../src/packetizer2.cpp:73)                    |
| STREAM         | variable=fifo depth=8192            | in packetizer (../src/packetizer2.cpp:75)                    |
| INLINE         | off                                 | in read_payload (../src/read_payload.cpp:10)                 |
| PIPELINE       | ii=1                                | in read_payload (../src/read_payload.cpp:14)                 |
| LOOP_TRIPCOUNT | min=1024 max=65536                  | in read_payload (../src/read_payload.cpp:15)                 |
| INLINE         | off                                 | in sample_packer (../src/sample_packer/sample_packer.cpp:10) |
| INTERFACE      | axis port=adc_in                    | in sample_packer (../src/sample_packer/sample_packer.cpp:11) |
| INTERFACE      | axis port=packed_out                | in sample_packer (../src/sample_packer/sample_packer.cpp:12) |
| INTERFACE      | ap_none port=bits_per_sample        | in sample_packer (../src/sample_packer/sample_packer.cpp:14) |
| INTERFACE      | ap_ctrl_none port=return            | in sample_packer (../src/sample_packer/sample_packer.cpp:15) |
| PIPELINE       | ii=1                                | in sample_packer (../src/sample_packer/sample_packer.cpp:23) |
| PIPELINE       | ii=1                                | in sample_packer (../src/sample_packer/sample_packer.cpp:36) |
| PIPELINE       | ii=1                                | in sample_packer (../src/sample_packer/sample_packer.cpp:49) |
| INLINE         | off                                 | in timestamp_engine (../src/timestamp_engine.cpp:9)          |
| INTERFACE      | axis port=adc_in                    | in vdif_chain (../src/vdif_chain.cpp:55)                     |
| INTERFACE      | axis port=out_stream                | in vdif_chain (../src/vdif_chain.cpp:56)                     |
| INTERFACE      | ap_none port=epoch                  | in vdif_chain (../src/vdif_chain.cpp:59)                     |
| INTERFACE      | ap_none port=station_id             | in vdif_chain (../src/vdif_chain.cpp:60)                     |
| INTERFACE      | ap_none port=thread_id              | in vdif_chain (../src/vdif_chain.cpp:61)                     |
| INTERFACE      | ap_none port=bits_per_sample        | in vdif_chain (../src/vdif_chain.cpp:62)                     |
| INTERFACE      | ap_none port=complex_data           | in vdif_chain (../src/vdif_chain.cpp:63)                     |
| INTERFACE      | ap_none port=pps                    | in vdif_chain (../src/vdif_chain.cpp:64)                     |
| INTERFACE      | ap_ctrl_hs port=return              | in vdif_chain (../src/vdif_chain.cpp:66)                     |
| STREAM         | variable=packed_stream depth=2048   | in vdif_chain (../src/vdif_chain.cpp:69)                     |
| STREAM         | variable=packetizer_in depth=2048   | in vdif_chain (../src/vdif_chain.cpp:72)                     |
| STREAM         | variable=bram_stream depth=2048     | in vdif_chain (../src/vdif_chain.cpp:74)                     |
| BIND_STORAGE   | variable=bram type=ram_1p impl=bram | in vdif_chain (../src/vdif_chain.cpp:76)                     |
| INLINE         | off                                 | in write_header (../src/write_header.cpp:12)                 |
| PIPELINE       | ii=1                                | in write_header (../src/write_header.cpp:17)                 |
| INLINE         | off                                 | in write_payload (../src/write_payload.cpp:13)               |
| PIPELINE       | ii=1                                | in write_payload (../src/write_payload.cpp:18)               |
| INTERFACE      | ap_fifo port=in_stream              | in axis_bram_writer (axis_bram_writer.cpp:10)                |
| INTERFACE      | bram port=bram                      | in axis_bram_writer (axis_bram_writer.cpp:11)                |
| INTERFACE      | ap_none port=payload_words          | in axis_bram_writer (axis_bram_writer.cpp:12)                |
| INTERFACE      | ap_ctrl_none port=return            | in axis_bram_writer (axis_bram_writer.cpp:13)                |
| PIPELINE       | ii=1                                | in axis_bram_writer (axis_bram_writer.cpp:17)                |
+----------------+-------------------------------------+--------------------------------------------------------------+


