

================================================================
== Synthesis Summary Report of 'packetizer'
================================================================
+ General Information: 
    * Date:           Thu Jun  4 18:12:15 2026
    * Version:        2025.2 (Build 6295257 on Nov 14 2025)
    * Project:        packetizer
    * Solution:       hls (Vivado IP Flow Target)
    * Product family: artix7
    * Target device:  xc7a12t-cpg238-1
    

* Performance & Resource Estimates: 
+----------------------------------------+------+---------------+----------+---------+------+----------+---------+--------+------+------+----+----------+----------+-----+
|                 Modules                | Issue|               | Iteration|         | Trip |          |      Latency     |      |      |    |          |          |     |
|                 & Loops                | Type | Violation Type|  Latency | Interval| Count| Pipelined| (cycles)|  (ns)  | Slack| BRAM | DSP|    FF    |    LUT   | URAM|
+----------------------------------------+------+---------------+----------+---------+------+----------+---------+--------+------+------+----+----------+----------+-----+
|+ packetizer                            |     -|              -|         -|       10|     -|        no|        9|  90.000|  2.50|     -|   -|  59 (~0%)|  192 (2%)|    -|
| + packetizer_Pipeline_VITIS_LOOP_38_1  |     -|              -|         -|        -|     -|       yes|        5|  50.000|  2.50|     -|   -|   4 (~0%)|  67 (~0%)|    -|
|  o VITIS_LOOP_38_1                     |     -|              -|         1|        1|     4|       yes|        3|  30.000|  7.30|     -|   -|         -|         -|    -|
+----------------------------------------+------+---------------+----------+---------+------+----------+---------+--------+------+------+----+----------+----------+-----+
    Name Prefix: '+' for module, 'o' for loop, '*' for dataflow


================================================================
== HW Interfaces
================================================================
* AXIS
+------------+-----------+---------------+-------+-------+-------+--------+-------+--------+
| Interface  | Direction | Register Mode | TDATA | TKEEP | TLAST | TREADY | TSTRB | TVALID |
+------------+-----------+---------------+-------+-------+-------+--------+-------+--------+
| in_stream  | in        | both          | 32    | 4     | 1     | 1      | 4     | 1      |
| out_stream | out       | both          | 32    | 4     | 1     | 1      | 4     | 1      |
+------------+-----------+---------------+-------+-------+-------+--------+-------+--------+

* TOP LEVEL CONTROL
+-----------+--------------+----------+
| Interface | Type         | Ports    |
+-----------+--------------+----------+
| ap_clk    | clock        | ap_clk   |
| ap_rst_n  | reset        | ap_rst_n |
| ap_ctrl   | ap_ctrl_none |          |
+-----------+--------------+----------+


================================================================
== SW I/O Information
================================================================
* Top Function Arguments
+------------+-----------+------------------------------------------------------------------------------+
| Argument   | Direction | Datatype                                                                     |
+------------+-----------+------------------------------------------------------------------------------+
| in_stream  | in        | stream<hls::axis<ap_uint<32>, 0UL, 0UL, 0UL, (unsigned char)'8', false>, 0>& |
| out_stream | out       | stream<hls::axis<ap_uint<32>, 0UL, 0UL, 0UL, (unsigned char)'8', false>, 0>& |
+------------+-----------+------------------------------------------------------------------------------+

* SW-to-HW Mapping
+------------+--------------+-----------+
| Argument   | HW Interface | HW Type   |
+------------+--------------+-----------+
| in_stream  | in_stream    | interface |
| out_stream | out_stream   | interface |
+------------+--------------+-----------+


================================================================
== Bind Op Report
================================================================
+----------------------------------------+-----+--------+-----------+-------+--------+---------+
| Name                                   | DSP | Pragma | Variable  | Op    | Impl   | Latency |
+----------------------------------------+-----+--------+-----------+-------+--------+---------+
| + packetizer                           | 0   |        |           |       |        |         |
|   add_ln51_fu_122_p2                   |     |        | add_ln51  | add   | fabric | 0       |
|  + packetizer_Pipeline_VITIS_LOOP_38_1 | 0   |        |           |       |        |         |
|    out_stream_TLAST                    |     |        | icmp_ln42 | seteq | auto   | 0       |
|    i_3_fu_120_p2                       |     |        | i_3       | add   | fabric | 0       |
+----------------------------------------+-----+--------+-----------+-------+--------+---------+


================================================================
== Storage Report
================================================================
  No bind storage info in design

================================================================
== Pragma Report
================================================================
* Inferred Pragmas
+----------+---------+-------------------------------------------------------------------------------------+-------------------------------+
| Type     | Options | Location                                                                            | Inferred From                 |
+----------+---------+-------------------------------------------------------------------------------------+-------------------------------+
| PIPELINE |         | loop VITIS_LOOP_38_1 (../packetizer.cpp:38:18) in packetizer (../packetizer.cpp:38) | syn.compile.pipeline_loops=64 |
+----------+---------+-------------------------------------------------------------------------------------+-------------------------------+

* Valid Pragma Syntax
+-----------+--------------------------+--------------------------------------+
| Type      | Options                  | Location                             |
+-----------+--------------------------+--------------------------------------+
| INTERFACE | axis port=in_stream      | in packetizer (../packetizer.cpp:12) |
| INTERFACE | axis port=out_stream     | in packetizer (../packetizer.cpp:13) |
| INTERFACE | ap_ctrl_none port=return | in packetizer (../packetizer.cpp:14) |
+-----------+--------------------------+--------------------------------------+


